手の監査 段2: 容疑者12点／8局・世界6・選択肢上限3・sims=160
  seed 506007@83 ドン付与: 飽和 （選択肢3）
  seed 506000@97 展開: regret +0.000 （選択肢3）
  seed 506004@38 攻撃: regret +0.000 （選択肢3）
  seed 506002@133 ターン終了: regret +0.000 （選択肢3）
  seed 506002@185 起動メイン: 飽和 （選択肢3）
  seed 506001@32 展開: 飽和 （選択肢3）
  seed 506006@35 攻撃: regret +0.000 （選択肢3）
  seed 506006@101 起動メイン: regret +0.333 （選択肢3）
  seed 506006@121 ドン付与: 飽和 （選択肢3）
  seed 506005@47 ターン終了: regret +0.000 （選択肢3）
  seed 506003@1 マリガン: regret +0.000 （選択肢2）
  seed 506003@113 効果選択: 飽和 （選択肢3）

カテゴリ別の平均 regret（n / 飽和 / 未測定）:
  起動メイン      regret=0.3334  n=1  飽和=1  未測定=0
  ドン付与       regret=None  n=0  飽和=2  未測定=0
  展開         regret=0.0  n=1  飽和=1  未測定=0
  攻撃         regret=0.0  n=2  飽和=0  未測定=0
  ターン終了      regret=0.0  n=2  飽和=0  未測定=0
  マリガン       regret=0.0  n=1  飽和=0  未測定=0
  効果選択       regret=None  n=0  飽和=1  未測定=0

regret 上位（段3の裁定候補）:
  +0.333 seed 506006@101 起動メイン 打={'action_type': 'ACTIVATE_MAIN', 'card': 'OP14-001'} 最良={'action_type': 'PLAY', 'card': 'OP14-010'}

結果 -> /tmp/move_audit_shard6/regret.jsonl（seed ごとに逐次書き出し済み）
MOVE_REGRET_DONE {"measured": 12, "saturated": 5}
