DRIVER: relaunching arena_shard (lines=40/350)
消化済み 40/350 ペア・残り 310
今回 40 ペア（268s）・累計 80/350
DRIVER: batch exit rc=0
DRIVER: relaunching arena_shard (lines=80/350)
消化済み 80/350 ペア・残り 270
今回 40 ペア（268s）・累計 120/350
DRIVER: batch exit rc=0
DRIVER: relaunching arena_shard (lines=120/350)
消化済み 120/350 ペア・残り 230
今回 40 ペア（263s）・累計 160/350
DRIVER: batch exit rc=0
DRIVER: relaunching arena_shard (lines=160/350)
消化済み 160/350 ペア・残り 190
今回 40 ペア（267s）・累計 200/350
DRIVER: batch exit rc=0
DRIVER: relaunching arena_shard (lines=200/350)
消化済み 200/350 ペア・残り 150
今回 40 ペア（276s）・累計 240/350
DRIVER: batch exit rc=0
DRIVER: relaunching arena_shard (lines=240/350)
消化済み 240/350 ペア・残り 110
今回 40 ペア（290s）・累計 280/350
DRIVER: batch exit rc=0
DRIVER: relaunching arena_shard (lines=280/350)
消化済み 280/350 ペア・残り 70
今回 40 ペア（284s）・累計 320/350
DRIVER: batch exit rc=0
DRIVER: relaunching arena_shard (lines=320/350)
消化済み 320/350 ペア・残り 30
今回 30 ペア（231s）・累計 350/350
ARENA_RESUME_FINAL {"pairs": 350, "games": 700, "void": 0, "wins": 325.0, "wr": 0.4643, "ci95": [0.4235, 0.505], "elo": -24.9, "promoted": false, "candidate": "/root/nrel_r7.npz"}
DRIVER: batch exit rc=0
DRIVER_DONE lines=350
