=== iter 1 (done=0/350) 2026-09-13T07:16:13Z ===
消化済み 0/350 ペア・残り 350
今回 40 ペア（449s）・累計 40/350
=== iter 1 exit=0 ===
=== iter 2 (done=40/350) 2026-09-13T07:23:42Z ===
消化済み 40/350 ペア・残り 310
今回 40 ペア（383s）・累計 80/350
=== iter 2 exit=0 ===
=== iter 3 (done=80/350) 2026-09-13T07:30:06Z ===
消化済み 80/350 ペア・残り 270
今回 40 ペア（396s）・累計 120/350
=== iter 3 exit=0 ===
=== iter 4 (done=120/350) 2026-09-13T07:36:41Z ===
消化済み 120/350 ペア・残り 230
今回 40 ペア（383s）・累計 160/350
=== iter 4 exit=0 ===
=== iter 5 (done=160/350) 2026-09-13T07:43:04Z ===
消化済み 160/350 ペア・残り 190
今回 40 ペア（462s）・累計 200/350
=== iter 5 exit=0 ===
=== iter 6 (done=200/350) 2026-09-13T07:50:46Z ===
消化済み 200/350 ペア・残り 150
今回 40 ペア（415s）・累計 240/350
=== iter 6 exit=0 ===
=== iter 7 (done=240/350) 2026-09-13T07:57:41Z ===
消化済み 240/350 ペア・残り 110
今回 40 ペア（401s）・累計 280/350
=== iter 7 exit=0 ===
=== iter 8 (done=280/350) 2026-09-13T08:04:23Z ===
消化済み 280/350 ペア・残り 70
今回 40 ペア（435s）・累計 320/350
=== iter 8 exit=0 ===
=== iter 9 (done=320/350) 2026-09-13T08:11:38Z ===
消化済み 320/350 ペア・残り 30
今回 30 ペア（310s）・累計 350/350
ARENA_RESUME_FINAL {"pairs": 350, "games": 700, "void": 0, "wins": 344.0, "wr": 0.4914, "ci95": [0.4502, 0.5326], "elo": -6.0, "promoted": false, "candidate": "/root/nrel_r7.npz"}
=== iter 9 exit=0 ===
=== iter 10 (done=350/350) 2026-09-13T08:16:48Z ===
reached 350, stopping
LOOP_DONE final_count=350
