消化済み 0/350 ペア・残り 350
今回 40 ペア（330s）・累計 40/350
=== resuming: 40/350 done, launching next batch ===
消化済み 40/350 ペア・残り 310
今回 40 ペア（281s）・累計 80/350
=== resuming: 80/350 done, launching next batch ===
消化済み 80/350 ペア・残り 270
今回 40 ペア（243s）・累計 120/350
=== resuming: 120/350 done, launching next batch ===
消化済み 120/350 ペア・残り 230
今回 40 ペア（276s）・累計 160/350
=== resuming: 160/350 done, launching next batch ===
消化済み 160/350 ペア・残り 190
今回 40 ペア（274s）・累計 200/350
=== resuming: 200/350 done, launching next batch ===
消化済み 200/350 ペア・残り 150
今回 40 ペア（249s）・累計 240/350
=== resuming: 240/350 done, launching next batch ===
消化済み 240/350 ペア・残り 110
今回 40 ペア（237s）・累計 280/350
=== resuming: 280/350 done, launching next batch ===
消化済み 280/350 ペア・残り 70
今回 40 ペア（246s）・累計 320/350
=== resuming: 320/350 done, launching next batch ===
消化済み 320/350 ペア・残り 30
今回 30 ペア（172s）・累計 350/350
ARENA_RESUME_FINAL {"pairs": 350, "games": 700, "void": 0, "wins": 365.0, "wr": 0.5214, "ci95": [0.4813, 0.5615], "elo": 14.9, "promoted": false, "candidate": "/root/nrel_r7.npz"}
DONE: 350/350 pairs
