holdout 行 139382（seed%7==0・15s）
  nrel_r3.npz
    all                          mse 0.5327 sign 0.804 n 139382
    turn1-4                      mse 0.7723 sign 0.707 n  17646
    turn5-8                      mse 0.6427 sign 0.763 n  43438
    turn9-99                     mse 0.4074 sign 0.853 n  76380
    injected:KO:ACTIVATE_MAIN:c0-2 mse 0.4205 sign 0.856 n   2276
    injected:KO:ACTIVATE_MAIN:c3-5 mse 0.5288 sign 0.802 n   5427
    injected:KO:ACTIVATE_MAIN:c6+ mse 0.4741 sign 0.839 n   2779
    injected:KO:COUNTER:c0-2     mse 0.2663 sign 0.896 n   1707
    injected:KO:COUNTER:c3-5     mse 0.2983 sign 0.888 n   1107
    injected:KO:EVENT:c0-2       mse 0.6047 sign 0.781 n   8643
    injected:KO:EVENT:c3-5       mse 0.5536 sign 0.792 n  14451
    injected:KO:EVENT:c6+        mse 0.4835 sign 0.828 n   2633
    injected:KO:ON_ATTACK:c0-2   mse 0.6769 sign 0.727 n   1845
    injected:KO:ON_ATTACK:c3-5   mse 0.5356 sign 0.805 n  10262
    injected:KO:ON_ATTACK:c6+    mse 0.3911 sign 0.868 n   1495
    injected:KO:ON_PLAY:c3-5     mse 0.6113 sign 0.772 n   9928
    injected:KO:ON_PLAY:c6+      mse 0.5624 sign 0.785 n   1331
    injected:KO:OTHER:c3-5       mse 0.4261 sign 0.850 n   2209
    injected:KO:TRIGGER:c0-2     mse 0.4986 sign 0.818 n  11800
    injected:KO:TRIGGER:c3-5     mse 0.4864 sign 0.820 n  11216
    injected:KO:TRIGGER:c6+      mse 0.2747 sign 0.917 n   1504
    injected:bounce:COUNTER:c0-2 mse 0.4311 sign 0.864 n    686
    injected:bounce:EVENT:c0-2   mse 0.3731 sign 0.867 n   1363
    injected:bounce:EVENT:c3-5   mse 0.5046 sign 0.817 n   4068
    injected:bounce:ON_ATTACK:c0-2 mse 0.6089 sign 0.775 n   2583
    injected:bounce:ON_ATTACK:c3-5 mse 0.5124 sign 0.812 n   3518
    injected:bounce:ON_PLAY:c0-2 mse 0.7634 sign 0.709 n   1243
    injected:bounce:ON_PLAY:c3-5 mse 0.5066 sign 0.818 n   4569
    injected:bounce:ON_PLAY:c6+  mse 0.3084 sign 0.914 n   1623
    injected:bounce:OTHER:c0-2   mse 0.6588 sign 0.703 n    411
    injected:bounce:OTHER:c3-5   mse 0.4889 sign 0.817 n   3401
    injected:bounce:TRIGGER:c0-2 mse 0.5928 sign 0.799 n   1072
    injected:deck:ACTIVATE_MAIN:c3-5 mse 0.3912 sign 0.884 n    525
    injected:deck:COUNTER:c0-2   mse 0.8809 sign 0.624 n    647
    injected:deck:EVENT:c0-2     mse 0.5272 sign 0.806 n   6225
    injected:deck:EVENT:c3-5     mse 0.5602 sign 0.798 n   5921
    injected:deck:ON_ATTACK:c0-2 mse 0.5207 sign 0.806 n   2442
    injected:deck:ON_ATTACK:c3-5 mse 0.5104 sign 0.805 n   1490
    injected:deck:ON_PLAY:c0-2   mse 0.4034 sign 0.859 n   1386
    injected:deck:ON_PLAY:c3-5   mse 0.5122 sign 0.804 n   5851
    injected:deck:ON_PLAY:c6+    mse 0.5200 sign 0.814 n   2998
    injected:deck:OTHER:c3-5     mse 0.5235 sign 0.800 n    710
    injected:deck:OTHER:c6+      mse 0.4092 sign 0.834 n    692
    injected:deck:TRIGGER:c3-5   mse 0.6773 sign 0.764 n   3088
    injected:deck:TRIGGER:c6+    mse 0.3622 sign 0.897 n    780
    injected:lock:ACTIVATE_MAIN:c0-2 mse 0.6162 sign 0.770 n   2215
    injected:lock:ACTIVATE_MAIN:c3-5 mse 0.5979 sign 0.780 n  12186
    injected:lock:ACTIVATE_MAIN:c6+ mse 0.6306 sign 0.757 n   3816
    injected:lock:COUNTER:c0-2   mse 0.7698 sign 0.719 n   1729
    injected:lock:COUNTER:c3-5   mse 0.4707 sign 0.799 n    379
    injected:lock:EVENT:c0-2     mse 0.5041 sign 0.819 n  10647
    injected:lock:EVENT:c3-5     mse 0.5881 sign 0.790 n   4857
    injected:lock:ON_ATTACK:c0-2 mse 0.4263 sign 0.854 n   1736
    injected:lock:ON_ATTACK:c3-5 mse 0.5360 sign 0.806 n   7807
    injected:lock:ON_ATTACK:c6+  mse 0.4977 sign 0.807 n    326
    injected:lock:ON_PLAY:c0-2   mse 0.6037 sign 0.752 n    894
    injected:lock:ON_PLAY:c3-5   mse 0.5743 sign 0.791 n  10085
    injected:lock:ON_PLAY:c6+    mse 0.5435 sign 0.800 n   5540
    injected:lock:OTHER:c0-2     mse 0.5724 sign 0.714 n    441
    injected:lock:OTHER:c3-5     mse 0.6373 sign 0.768 n   2166
    injected:lock:OTHER:c6+      mse 0.5987 sign 0.749 n    894
    injected:lock:TRIGGER:c0-2   mse 0.6111 sign 0.773 n   5834
    injected:lock:TRIGGER:c3-5   mse 0.5893 sign 0.792 n   5685
    injected:lock:TRIGGER:c6+    mse 0.6228 sign 0.785 n   1577
    injected:reduce:ACTIVATE_MAIN:c0-2 mse 0.4261 sign 0.847 n   9622
    injected:reduce:ACTIVATE_MAIN:c3-5 mse 0.5444 sign 0.810 n   5037
    injected:reduce:ACTIVATE_MAIN:c6+ mse 0.5379 sign 0.776 n    763
    injected:reduce:COUNTER:c0-2 mse 0.5650 sign 0.794 n   4468
    injected:reduce:COUNTER:c3-5 mse 0.4501 sign 0.818 n   1932
    injected:reduce:EVENT:c0-2   mse 0.5018 sign 0.819 n  14696
    injected:reduce:EVENT:c3-5   mse 0.4780 sign 0.814 n   3872
    injected:reduce:EVENT:c6+    mse 0.3253 sign 0.900 n   1034
    injected:reduce:ON_ATTACK:c0-2 mse 0.6650 sign 0.745 n   5034
    injected:reduce:ON_ATTACK:c3-5 mse 0.5627 sign 0.795 n  10332
    injected:reduce:ON_ATTACK:c6+ mse 0.5020 sign 0.829 n   3986
    injected:reduce:ON_PLAY:c0-2 mse 0.4475 sign 0.831 n   2290
    injected:reduce:ON_PLAY:c3-5 mse 0.5479 sign 0.796 n   2540
    injected:reduce:ON_PLAY:c6+  mse 0.6230 sign 0.791 n    870
    injected:reduce:OTHER:c0-2   mse 0.6508 sign 0.782 n   1438
    injected:reduce:OTHER:c6+    mse 0.6045 sign 0.774 n   1418
    injected:reduce:TRIGGER:c0-2 mse 0.4926 sign 0.824 n   4598
    injected:reduce:TRIGGER:c3-5 mse 0.5237 sign 0.813 n   1789
    injected:reduce:TRIGGER:c6+  mse 0.1350 sign 0.960 n    325
    injected:trash:ACTIVATE_MAIN:c3-5 mse 0.7033 sign 0.684 n    561
    injected:trash:ACTIVATE_MAIN:c6+ mse 0.5368 sign 0.818 n   2390
    injected:trash:ON_ATTACK:c3-5 mse 0.6954 sign 0.742 n   3048
    injected:trash:ON_PLAY:c6+   mse 0.7606 sign 0.714 n   1981
    colors:BLACK                 mse 0.5448 sign 0.803 n  32999
    colors:BLUE                  mse 0.4997 sign 0.818 n  38348
    colors:GREEN                 mse 0.5821 sign 0.784 n  33255
    colors:PURPLE                mse 0.5292 sign 0.808 n  32312
    colors:RED                   mse 0.5140 sign 0.809 n  39943
    colors:YELLOW                mse 0.5829 sign 0.781 n  29181
    after_removal                mse 0.6244 sign 0.770 n   3806
    not_removal                  mse 0.5301 sign 0.805 n 135576
  nrel_r4_L0.npz
    all                          mse 0.5415 sign 0.804 n 139382
    turn1-4                      mse 0.7654 sign 0.714 n  17646
    turn5-8                      mse 0.6512 sign 0.764 n  43438
    turn9-99                     mse 0.4202 sign 0.850 n  76380
    injected:KO:ACTIVATE_MAIN:c0-2 mse 0.5163 sign 0.833 n   2276
    injected:KO:ACTIVATE_MAIN:c3-5 mse 0.5596 sign 0.792 n   5427
    injected:KO:ACTIVATE_MAIN:c6+ mse 0.5724 sign 0.793 n   2779
    injected:KO:COUNTER:c0-2     mse 0.3318 sign 0.864 n   1707
    injected:KO:COUNTER:c3-5     mse 0.3627 sign 0.874 n   1107
    injected:KO:EVENT:c0-2       mse 0.5997 sign 0.786 n   8643
    injected:KO:EVENT:c3-5       mse 0.5506 sign 0.793 n  14451
    injected:KO:EVENT:c6+        mse 0.4484 sign 0.820 n   2633
    injected:KO:ON_ATTACK:c0-2   mse 0.7358 sign 0.725 n   1845
    injected:KO:ON_ATTACK:c3-5   mse 0.5432 sign 0.804 n  10262
    injected:KO:ON_ATTACK:c6+    mse 0.4467 sign 0.827 n   1495
    injected:KO:ON_PLAY:c3-5     mse 0.5950 sign 0.781 n   9928
    injected:KO:ON_PLAY:c6+      mse 0.5356 sign 0.782 n   1331
    injected:KO:OTHER:c3-5       mse 0.3868 sign 0.859 n   2209
    injected:KO:TRIGGER:c0-2     mse 0.4838 sign 0.825 n  11800
    injected:KO:TRIGGER:c3-5     mse 0.4872 sign 0.818 n  11216
    injected:KO:TRIGGER:c6+      mse 0.2720 sign 0.910 n   1504
    injected:bounce:COUNTER:c0-2 mse 0.5454 sign 0.808 n    686
    injected:bounce:EVENT:c0-2   mse 0.3227 sign 0.889 n   1363
    injected:bounce:EVENT:c3-5   mse 0.5247 sign 0.801 n   4068
    injected:bounce:ON_ATTACK:c0-2 mse 0.5840 sign 0.786 n   2583
    injected:bounce:ON_ATTACK:c3-5 mse 0.5357 sign 0.814 n   3518
    injected:bounce:ON_PLAY:c0-2 mse 0.8084 sign 0.693 n   1243
    injected:bounce:ON_PLAY:c3-5 mse 0.4921 sign 0.817 n   4569
    injected:bounce:ON_PLAY:c6+  mse 0.2906 sign 0.916 n   1623
    injected:bounce:OTHER:c0-2   mse 0.4257 sign 0.842 n    411
    injected:bounce:OTHER:c3-5   mse 0.5556 sign 0.794 n   3401
    injected:bounce:TRIGGER:c0-2 mse 0.5089 sign 0.814 n   1072
    injected:deck:ACTIVATE_MAIN:c3-5 mse 0.5215 sign 0.825 n    525
    injected:deck:COUNTER:c0-2   mse 0.7688 sign 0.714 n    647
    injected:deck:EVENT:c0-2     mse 0.4898 sign 0.823 n   6225
    injected:deck:EVENT:c3-5     mse 0.5107 sign 0.809 n   5921
    injected:deck:ON_ATTACK:c0-2 mse 0.6012 sign 0.784 n   2442
    injected:deck:ON_ATTACK:c3-5 mse 0.5895 sign 0.796 n   1490
    injected:deck:ON_PLAY:c0-2   mse 0.3810 sign 0.864 n   1386
    injected:deck:ON_PLAY:c3-5   mse 0.5500 sign 0.798 n   5851
    injected:deck:ON_PLAY:c6+    mse 0.4414 sign 0.848 n   2998
    injected:deck:OTHER:c3-5     mse 0.3630 sign 0.852 n    710
    injected:deck:OTHER:c6+      mse 0.3754 sign 0.860 n    692
    injected:deck:TRIGGER:c3-5   mse 0.5584 sign 0.793 n   3088
    injected:deck:TRIGGER:c6+    mse 0.3589 sign 0.890 n    780
    injected:lock:ACTIVATE_MAIN:c0-2 mse 0.5784 sign 0.784 n   2215
    injected:lock:ACTIVATE_MAIN:c3-5 mse 0.6471 sign 0.768 n  12186
    injected:lock:ACTIVATE_MAIN:c6+ mse 0.5336 sign 0.806 n   3816
    injected:lock:COUNTER:c0-2   mse 0.7566 sign 0.729 n   1729
    injected:lock:COUNTER:c3-5   mse 0.6896 sign 0.741 n    379
    injected:lock:EVENT:c0-2     mse 0.5182 sign 0.819 n  10647
    injected:lock:EVENT:c3-5     mse 0.6120 sign 0.775 n   4857
    injected:lock:ON_ATTACK:c0-2 mse 0.5320 sign 0.781 n   1736
    injected:lock:ON_ATTACK:c3-5 mse 0.5142 sign 0.813 n   7807
    injected:lock:ON_ATTACK:c6+  mse 0.4998 sign 0.813 n    326
    injected:lock:ON_PLAY:c0-2   mse 0.7325 sign 0.727 n    894
    injected:lock:ON_PLAY:c3-5   mse 0.5823 sign 0.795 n  10085
    injected:lock:ON_PLAY:c6+    mse 0.5298 sign 0.798 n   5540
    injected:lock:OTHER:c0-2     mse 0.5669 sign 0.751 n    441
    injected:lock:OTHER:c3-5     mse 0.6806 sign 0.754 n   2166
    injected:lock:OTHER:c6+      mse 0.6622 sign 0.742 n    894
    injected:lock:TRIGGER:c0-2   mse 0.6401 sign 0.764 n   5834
    injected:lock:TRIGGER:c3-5   mse 0.5906 sign 0.787 n   5685
    injected:lock:TRIGGER:c6+    mse 0.6333 sign 0.781 n   1577
    injected:reduce:ACTIVATE_MAIN:c0-2 mse 0.4399 sign 0.841 n   9622
    injected:reduce:ACTIVATE_MAIN:c3-5 mse 0.5339 sign 0.809 n   5037
    injected:reduce:ACTIVATE_MAIN:c6+ mse 0.4762 sign 0.811 n    763
    injected:reduce:COUNTER:c0-2 mse 0.5547 sign 0.789 n   4468
    injected:reduce:COUNTER:c3-5 mse 0.3962 sign 0.847 n   1932
    injected:reduce:EVENT:c0-2   mse 0.4953 sign 0.816 n  14696
    injected:reduce:EVENT:c3-5   mse 0.4449 sign 0.832 n   3872
    injected:reduce:EVENT:c6+    mse 0.3672 sign 0.856 n   1034
    injected:reduce:ON_ATTACK:c0-2 mse 0.6483 sign 0.762 n   5034
    injected:reduce:ON_ATTACK:c3-5 mse 0.5986 sign 0.787 n  10332
    injected:reduce:ON_ATTACK:c6+ mse 0.5788 sign 0.798 n   3986
    injected:reduce:ON_PLAY:c0-2 mse 0.4565 sign 0.832 n   2290
    injected:reduce:ON_PLAY:c3-5 mse 0.5596 sign 0.806 n   2540
    injected:reduce:ON_PLAY:c6+  mse 0.6721 sign 0.757 n    870
    injected:reduce:OTHER:c0-2   mse 0.6192 sign 0.798 n   1438
    injected:reduce:OTHER:c6+    mse 0.6994 sign 0.744 n   1418
    injected:reduce:TRIGGER:c0-2 mse 0.5517 sign 0.788 n   4598
    injected:reduce:TRIGGER:c3-5 mse 0.5623 sign 0.807 n   1789
    injected:reduce:TRIGGER:c6+  mse 0.1501 sign 0.948 n    325
    injected:trash:ACTIVATE_MAIN:c3-5 mse 0.5877 sign 0.774 n    561
    injected:trash:ACTIVATE_MAIN:c6+ mse 0.6095 sign 0.796 n   2390
    injected:trash:ON_ATTACK:c3-5 mse 0.7267 sign 0.732 n   3048
    injected:trash:ON_PLAY:c6+   mse 0.6868 sign 0.736 n   1981
    colors:BLACK                 mse 0.5414 sign 0.805 n  32999
    colors:BLUE                  mse 0.5101 sign 0.816 n  38348
    colors:GREEN                 mse 0.6006 sign 0.779 n  33255
    colors:PURPLE                mse 0.5324 sign 0.806 n  32312
    colors:RED                   mse 0.5296 sign 0.805 n  39943
    colors:YELLOW                mse 0.5943 sign 0.786 n  29181
    after_removal                mse 0.6378 sign 0.772 n   3806
    not_removal                  mse 0.5388 sign 0.804 n 135576
  nrel_r4_LR2.npz
    all                          mse 0.5249 sign 0.809 n 139382 | aux 0.4058 life 0.221 atk 0.244 tok_atk 0.196 tok_ab 0.159 (n 97587)
    turn1-4                      mse 0.7553 sign 0.716 n  17646 | aux 0.2941 life 0.122 atk 0.152 tok_atk 0.139 tok_ab 0.110 (n 17646)
    turn5-8                      mse 0.6311 sign 0.772 n  43438 | aux 0.4165 life 0.229 atk 0.247 tok_atk 0.189 tok_ab 0.166 (n 41764)
    turn9-99                     mse 0.4040 sign 0.855 n  76380 | aux 0.4591 life 0.271 atk 0.296 tok_atk 0.232 tok_ab 0.180 (n 36259)
    injected:KO:ACTIVATE_MAIN:c0-2 mse 0.4786 sign 0.841 n   2276 | aux 0.3816 life 0.211 atk 0.253 tok_atk 0.203 tok_ab 0.195 (n 1525)
    injected:KO:ACTIVATE_MAIN:c3-5 mse 0.5440 sign 0.797 n   5427 | aux 0.3973 life 0.222 atk 0.241 tok_atk 0.208 tok_ab 0.151 (n 3836)
    injected:KO:ACTIVATE_MAIN:c6+ mse 0.5168 sign 0.819 n   2779 | aux 0.3847 life 0.228 atk 0.224 tok_atk 0.190 tok_ab 0.201 (n 1932)
    injected:KO:COUNTER:c0-2     mse 0.3102 sign 0.874 n   1707 | aux 0.5194 life 0.203 atk 0.266 tok_atk 0.200 tok_ab 0.158 (n 1222)
    injected:KO:COUNTER:c3-5     mse 0.3418 sign 0.886 n   1107 | aux 0.3413 life 0.236 atk 0.217 tok_atk 0.197 tok_ab 0.166 (n 797)
    injected:KO:EVENT:c0-2       mse 0.5746 sign 0.794 n   8643 | aux 0.3905 life 0.222 atk 0.241 tok_atk 0.198 tok_ab 0.153 (n 6138)
    injected:KO:EVENT:c3-5       mse 0.5316 sign 0.797 n  14451 | aux 0.3891 life 0.214 atk 0.224 tok_atk 0.205 tok_ab 0.150 (n 10290)
    injected:KO:EVENT:c6+        mse 0.4489 sign 0.816 n   2633 | aux 0.3499 life 0.184 atk 0.205 tok_atk 0.196 tok_ab 0.112 (n 1802)
    injected:KO:ON_ATTACK:c0-2   mse 0.7185 sign 0.724 n   1845 | aux 0.3881 life 0.188 atk 0.222 tok_atk 0.190 tok_ab 0.181 (n 1218)
    injected:KO:ON_ATTACK:c3-5   mse 0.5370 sign 0.800 n  10262 | aux 0.4123 life 0.204 atk 0.243 tok_atk 0.183 tok_ab 0.164 (n 6984)
    injected:KO:ON_ATTACK:c6+    mse 0.4419 sign 0.830 n   1495 | aux 0.3949 life 0.182 atk 0.245 tok_atk 0.189 tok_ab 0.155 (n 1014)
    injected:KO:ON_PLAY:c3-5     mse 0.5793 sign 0.788 n   9928 | aux 0.3818 life 0.200 atk 0.249 tok_atk 0.188 tok_ab 0.147 (n 6653)
    injected:KO:ON_PLAY:c6+      mse 0.5127 sign 0.793 n   1331 | aux 0.3674 life 0.185 atk 0.289 tok_atk 0.229 tok_ab 0.120 (n 939)
    injected:KO:OTHER:c3-5       mse 0.3926 sign 0.855 n   2209 | aux 0.3834 life 0.191 atk 0.198 tok_atk 0.155 tok_ab 0.159 (n 1584)
    injected:KO:TRIGGER:c0-2     mse 0.4754 sign 0.827 n  11800 | aux 0.4180 life 0.220 atk 0.236 tok_atk 0.196 tok_ab 0.147 (n 8326)
    injected:KO:TRIGGER:c3-5     mse 0.4758 sign 0.824 n  11216 | aux 0.3839 life 0.225 atk 0.234 tok_atk 0.207 tok_ab 0.151 (n 8074)
    injected:KO:TRIGGER:c6+      mse 0.2865 sign 0.904 n   1504 | aux 0.3465 life 0.199 atk 0.223 tok_atk 0.195 tok_ab 0.108 (n 995)
    injected:bounce:COUNTER:c0-2 mse 0.5352 sign 0.803 n    686 | aux 0.3411 life 0.236 atk 0.286 tok_atk 0.211 tok_ab 0.188 (n 502)
    injected:bounce:EVENT:c0-2   mse 0.3028 sign 0.902 n   1363 | aux 0.5088 life 0.161 atk 0.186 tok_atk 0.155 tok_ab 0.208 (n 987)
    injected:bounce:EVENT:c3-5   mse 0.5128 sign 0.811 n   4068 | aux 0.4013 life 0.222 atk 0.239 tok_atk 0.199 tok_ab 0.166 (n 2994)
    injected:bounce:ON_ATTACK:c0-2 mse 0.5806 sign 0.781 n   2583 | aux 0.4439 life 0.229 atk 0.266 tok_atk 0.211 tok_ab 0.167 (n 1837)
    injected:bounce:ON_ATTACK:c3-5 mse 0.5400 sign 0.808 n   3518 | aux 0.3849 life 0.219 atk 0.247 tok_atk 0.195 tok_ab 0.155 (n 2507)
    injected:bounce:ON_PLAY:c0-2 mse 0.7776 sign 0.705 n   1243 | aux 0.4013 life 0.236 atk 0.262 tok_atk 0.211 tok_ab 0.160 (n 886)
    injected:bounce:ON_PLAY:c3-5 mse 0.4959 sign 0.820 n   4569 | aux 0.3743 life 0.215 atk 0.234 tok_atk 0.189 tok_ab 0.129 (n 3189)
    injected:bounce:ON_PLAY:c6+  mse 0.3312 sign 0.905 n   1623 | aux 0.4119 life 0.252 atk 0.252 tok_atk 0.214 tok_ab 0.151 (n 1193)
    injected:bounce:OTHER:c0-2   mse 0.4314 sign 0.856 n    411 | aux 0.6200 life 0.248 atk 0.224 tok_atk 0.177 tok_ab 0.308 (n 322)
    injected:bounce:OTHER:c3-5   mse 0.5303 sign 0.809 n   3401 | aux 0.4169 life 0.225 atk 0.248 tok_atk 0.198 tok_ab 0.145 (n 2408)
    injected:bounce:TRIGGER:c0-2 mse 0.5271 sign 0.809 n   1072 | aux 0.3957 life 0.223 atk 0.261 tok_atk 0.178 tok_ab 0.167 (n 834)
    injected:deck:ACTIVATE_MAIN:c3-5 mse 0.4259 sign 0.869 n    525 | aux 0.4420 life 0.300 atk 0.270 tok_atk 0.190 tok_ab 0.135 (n 358)
    injected:deck:COUNTER:c0-2   mse 0.8193 sign 0.697 n    647 | aux 0.4448 life 0.219 atk 0.279 tok_atk 0.239 tok_ab 0.156 (n 485)
    injected:deck:EVENT:c0-2     mse 0.4606 sign 0.834 n   6225 | aux 0.4187 life 0.234 atk 0.245 tok_atk 0.194 tok_ab 0.168 (n 4443)
    injected:deck:EVENT:c3-5     mse 0.4980 sign 0.820 n   5921 | aux 0.4215 life 0.221 atk 0.228 tok_atk 0.183 tok_ab 0.170 (n 4286)
    injected:deck:ON_ATTACK:c0-2 mse 0.5559 sign 0.798 n   2442 | aux 0.3894 life 0.199 atk 0.231 tok_atk 0.188 tok_ab 0.187 (n 1752)
    injected:deck:ON_ATTACK:c3-5 mse 0.5854 sign 0.791 n   1490 | aux 0.4250 life 0.229 atk 0.243 tok_atk 0.202 tok_ab 0.150 (n 1052)
    injected:deck:ON_PLAY:c0-2   mse 0.3325 sign 0.898 n   1386 | aux 0.3995 life 0.223 atk 0.302 tok_atk 0.204 tok_ab 0.133 (n 985)
    injected:deck:ON_PLAY:c3-5   mse 0.5240 sign 0.801 n   5851 | aux 0.3596 life 0.212 atk 0.244 tok_atk 0.195 tok_ab 0.158 (n 4184)
    injected:deck:ON_PLAY:c6+    mse 0.4819 sign 0.830 n   2998 | aux 0.4429 life 0.212 atk 0.224 tok_atk 0.179 tok_ab 0.169 (n 2086)
    injected:deck:OTHER:c3-5     mse 0.3605 sign 0.865 n    710 | aux 0.4031 life 0.170 atk 0.220 tok_atk 0.185 tok_ab 0.151 (n 458)
    injected:deck:OTHER:c6+      mse 0.3616 sign 0.873 n    692 | aux 0.3388 life 0.214 atk 0.199 tok_atk 0.182 tok_ab 0.208 (n 549)
    injected:deck:TRIGGER:c3-5   mse 0.5751 sign 0.790 n   3088 | aux 0.4275 life 0.204 atk 0.230 tok_atk 0.189 tok_ab 0.163 (n 2172)
    injected:deck:TRIGGER:c6+    mse 0.3725 sign 0.892 n    780 | aux 0.3728 life 0.205 atk 0.328 tok_atk 0.271 tok_ab 0.234 (n 554)
    injected:lock:ACTIVATE_MAIN:c0-2 mse 0.5889 sign 0.773 n   2215 | aux 0.4080 life 0.249 atk 0.255 tok_atk 0.211 tok_ab 0.189 (n 1459)
    injected:lock:ACTIVATE_MAIN:c3-5 mse 0.6250 sign 0.770 n  12186 | aux 0.3914 life 0.233 atk 0.255 tok_atk 0.202 tok_ab 0.160 (n 8560)
    injected:lock:ACTIVATE_MAIN:c6+ mse 0.5554 sign 0.790 n   3816 | aux 0.4262 life 0.286 atk 0.251 tok_atk 0.185 tok_ab 0.126 (n 2692)
    injected:lock:COUNTER:c0-2   mse 0.7217 sign 0.724 n   1729 | aux 0.3842 life 0.206 atk 0.276 tok_atk 0.204 tok_ab 0.177 (n 1230)
    injected:lock:COUNTER:c3-5   mse 0.6418 sign 0.757 n    379 | aux 0.3464 life 0.256 atk 0.259 tok_atk 0.207 tok_ab 0.166 (n 270)
    injected:lock:EVENT:c0-2     mse 0.4987 sign 0.826 n  10647 | aux 0.4362 life 0.225 atk 0.248 tok_atk 0.204 tok_ab 0.157 (n 7545)
    injected:lock:EVENT:c3-5     mse 0.5940 sign 0.785 n   4857 | aux 0.3972 life 0.243 atk 0.251 tok_atk 0.202 tok_ab 0.149 (n 3414)
    injected:lock:ON_ATTACK:c0-2 mse 0.5088 sign 0.797 n   1736 | aux 0.4439 life 0.181 atk 0.262 tok_atk 0.174 tok_ab 0.129 (n 1202)
    injected:lock:ON_ATTACK:c3-5 mse 0.4937 sign 0.823 n   7807 | aux 0.4048 life 0.224 atk 0.241 tok_atk 0.183 tok_ab 0.159 (n 5493)
    injected:lock:ON_ATTACK:c6+  mse 0.4408 sign 0.859 n    326 | aux 0.3441 life 0.245 atk 0.291 tok_atk 0.142 tok_ab 0.113 (n 210)
    injected:lock:ON_PLAY:c0-2   mse 0.6685 sign 0.718 n    894 | aux 0.4755 life 0.188 atk 0.199 tok_atk 0.172 tok_ab 0.144 (n 629)
    injected:lock:ON_PLAY:c3-5   mse 0.5687 sign 0.800 n  10085 | aux 0.4403 life 0.221 atk 0.243 tok_atk 0.200 tok_ab 0.143 (n 7082)
    injected:lock:ON_PLAY:c6+    mse 0.5022 sign 0.813 n   5540 | aux 0.4146 life 0.198 atk 0.247 tok_atk 0.202 tok_ab 0.144 (n 3907)
    injected:lock:OTHER:c0-2     mse 0.5304 sign 0.766 n    441 | aux 0.3359 life 0.178 atk 0.190 tok_atk 0.199 tok_ab 0.160 (n 309)
    injected:lock:OTHER:c3-5     mse 0.6622 sign 0.758 n   2166 | aux 0.3667 life 0.198 atk 0.225 tok_atk 0.181 tok_ab 0.150 (n 1445)
    injected:lock:OTHER:c6+      mse 0.6351 sign 0.755 n    894 | aux 0.3561 life 0.221 atk 0.234 tok_atk 0.175 tok_ab 0.094 (n 588)
    injected:lock:TRIGGER:c0-2   mse 0.6185 sign 0.769 n   5834 | aux 0.4143 life 0.213 atk 0.250 tok_atk 0.209 tok_ab 0.152 (n 4128)
    injected:lock:TRIGGER:c3-5   mse 0.5770 sign 0.798 n   5685 | aux 0.3804 life 0.234 atk 0.266 tok_atk 0.210 tok_ab 0.155 (n 4007)
    injected:lock:TRIGGER:c6+    mse 0.5788 sign 0.801 n   1577 | aux 0.3983 life 0.231 atk 0.297 tok_atk 0.245 tok_ab 0.164 (n 1069)
    injected:reduce:ACTIVATE_MAIN:c0-2 mse 0.4229 sign 0.848 n   9622 | aux 0.3988 life 0.222 atk 0.249 tok_atk 0.204 tok_ab 0.159 (n 6884)
    injected:reduce:ACTIVATE_MAIN:c3-5 mse 0.5196 sign 0.826 n   5037 | aux 0.3761 life 0.196 atk 0.229 tok_atk 0.203 tok_ab 0.163 (n 3546)
    injected:reduce:ACTIVATE_MAIN:c6+ mse 0.4242 sign 0.828 n    763 | aux 0.4705 life 0.213 atk 0.260 tok_atk 0.170 tok_ab 0.185 (n 522)
    injected:reduce:COUNTER:c0-2 mse 0.5315 sign 0.800 n   4468 | aux 0.4037 life 0.197 atk 0.247 tok_atk 0.175 tok_ab 0.155 (n 3124)
    injected:reduce:COUNTER:c3-5 mse 0.4040 sign 0.845 n   1932 | aux 0.3577 life 0.188 atk 0.248 tok_atk 0.190 tok_ab 0.119 (n 1412)
    injected:reduce:EVENT:c0-2   mse 0.4756 sign 0.827 n  14696 | aux 0.4194 life 0.205 atk 0.226 tok_atk 0.190 tok_ab 0.155 (n 10242)
    injected:reduce:EVENT:c3-5   mse 0.4323 sign 0.830 n   3872 | aux 0.3784 life 0.214 atk 0.226 tok_atk 0.204 tok_ab 0.140 (n 2901)
    injected:reduce:EVENT:c6+    mse 0.3788 sign 0.853 n   1034 | aux 0.3411 life 0.165 atk 0.171 tok_atk 0.175 tok_ab 0.091 (n 733)
    injected:reduce:ON_ATTACK:c0-2 mse 0.6453 sign 0.753 n   5034 | aux 0.3857 life 0.220 atk 0.226 tok_atk 0.188 tok_ab 0.149 (n 3538)
    injected:reduce:ON_ATTACK:c3-5 mse 0.5885 sign 0.786 n  10332 | aux 0.4332 life 0.223 atk 0.231 tok_atk 0.196 tok_ab 0.161 (n 7261)
    injected:reduce:ON_ATTACK:c6+ mse 0.5458 sign 0.807 n   3986 | aux 0.4147 life 0.222 atk 0.245 tok_atk 0.201 tok_ab 0.150 (n 2730)
    injected:reduce:ON_PLAY:c0-2 mse 0.4375 sign 0.837 n   2290 | aux 0.3825 life 0.186 atk 0.268 tok_atk 0.219 tok_ab 0.150 (n 1603)
    injected:reduce:ON_PLAY:c3-5 mse 0.5581 sign 0.806 n   2540 | aux 0.4318 life 0.187 atk 0.277 tok_atk 0.215 tok_ab 0.162 (n 1769)
    injected:reduce:ON_PLAY:c6+  mse 0.6228 sign 0.780 n    870 | aux 0.4044 life 0.260 atk 0.299 tok_atk 0.200 tok_ab 0.104 (n 625)
    injected:reduce:OTHER:c0-2   mse 0.6139 sign 0.794 n   1438 | aux 0.4719 life 0.289 atk 0.261 tok_atk 0.188 tok_ab 0.115 (n 961)
    injected:reduce:OTHER:c6+    mse 0.6733 sign 0.754 n   1418 | aux 0.4087 life 0.224 atk 0.223 tok_atk 0.197 tok_ab 0.161 (n 977)
    injected:reduce:TRIGGER:c0-2 mse 0.5345 sign 0.799 n   4598 | aux 0.3481 life 0.202 atk 0.224 tok_atk 0.184 tok_ab 0.148 (n 3103)
    injected:reduce:TRIGGER:c3-5 mse 0.5526 sign 0.810 n   1789 | aux 0.3591 life 0.212 atk 0.261 tok_atk 0.201 tok_ab 0.153 (n 1249)
    injected:reduce:TRIGGER:c6+  mse 0.1546 sign 0.951 n    325 | aux 0.3614 life 0.221 atk 0.172 tok_atk 0.159 tok_ab 0.123 (n 245)
    injected:trash:ACTIVATE_MAIN:c3-5 mse 0.6068 sign 0.754 n    561 | aux 0.4620 life 0.216 atk 0.352 tok_atk 0.215 tok_ab 0.160 (n 402)
    injected:trash:ACTIVATE_MAIN:c6+ mse 0.5929 sign 0.793 n   2390 | aux 0.5276 life 0.190 atk 0.217 tok_atk 0.201 tok_ab 0.165 (n 1668)
    injected:trash:ON_ATTACK:c3-5 mse 0.7025 sign 0.732 n   3048 | aux 0.4731 life 0.232 atk 0.219 tok_atk 0.193 tok_ab 0.161 (n 2182)
    injected:trash:ON_PLAY:c6+   mse 0.6839 sign 0.728 n   1981 | aux 0.4744 life 0.228 atk 0.224 tok_atk 0.194 tok_ab 0.143 (n 1456)
    colors:BLACK                 mse 0.5363 sign 0.805 n  32999 | aux 0.4597 life 0.226 atk 0.227 tok_atk 0.194 tok_ab 0.160 (n 23273)
    colors:BLUE                  mse 0.4941 sign 0.821 n  38348 | aux 0.4076 life 0.219 atk 0.243 tok_atk 0.190 tok_ab 0.161 (n 27276)
    colors:GREEN                 mse 0.5774 sign 0.789 n  33255 | aux 0.4335 life 0.217 atk 0.240 tok_atk 0.199 tok_ab 0.154 (n 23063)
    colors:PURPLE                mse 0.5139 sign 0.813 n  32312 | aux 0.3979 life 0.219 atk 0.240 tok_atk 0.190 tok_ab 0.161 (n 22654)
    colors:RED                   mse 0.5139 sign 0.810 n  39943 | aux 0.3670 life 0.206 atk 0.228 tok_atk 0.195 tok_ab 0.156 (n 28089)
    colors:YELLOW                mse 0.5716 sign 0.793 n  29181 | aux 0.3858 life 0.228 atk 0.270 tok_atk 0.208 tok_ab 0.160 (n 20415)
    after_removal                mse 0.6197 sign 0.773 n   3806 | aux 0.4428 life 0.241 atk 0.271 tok_atk 0.238 tok_ab 0.157 (n 3130)
    not_removal                  mse 0.5222 sign 0.810 n 135576 | aux 0.4045 life 0.220 atk 0.243 tok_atk 0.195 tok_ab 0.159 (n 94457)
  nrel_r4_L0LR2.npz
    all                          mse 0.5242 sign 0.809 n 139382
    turn1-4                      mse 0.7554 sign 0.715 n  17646
    turn5-8                      mse 0.6302 sign 0.771 n  43438
    turn9-99                     mse 0.4031 sign 0.855 n  76380
    injected:KO:ACTIVATE_MAIN:c0-2 mse 0.4694 sign 0.842 n   2276
    injected:KO:ACTIVATE_MAIN:c3-5 mse 0.5458 sign 0.797 n   5427
    injected:KO:ACTIVATE_MAIN:c6+ mse 0.5188 sign 0.823 n   2779
    injected:KO:COUNTER:c0-2     mse 0.3153 sign 0.872 n   1707
    injected:KO:COUNTER:c3-5     mse 0.3339 sign 0.891 n   1107
    injected:KO:EVENT:c0-2       mse 0.5769 sign 0.793 n   8643
    injected:KO:EVENT:c3-5       mse 0.5296 sign 0.800 n  14451
    injected:KO:EVENT:c6+        mse 0.4496 sign 0.813 n   2633
    injected:KO:ON_ATTACK:c0-2   mse 0.7225 sign 0.721 n   1845
    injected:KO:ON_ATTACK:c3-5   mse 0.5373 sign 0.799 n  10262
    injected:KO:ON_ATTACK:c6+    mse 0.4394 sign 0.827 n   1495
    injected:KO:ON_PLAY:c3-5     mse 0.5764 sign 0.788 n   9928
    injected:KO:ON_PLAY:c6+      mse 0.5192 sign 0.784 n   1331
    injected:KO:OTHER:c3-5       mse 0.3983 sign 0.855 n   2209
    injected:KO:TRIGGER:c0-2     mse 0.4785 sign 0.825 n  11800
    injected:KO:TRIGGER:c3-5     mse 0.4726 sign 0.826 n  11216
    injected:KO:TRIGGER:c6+      mse 0.2842 sign 0.904 n   1504
    injected:bounce:COUNTER:c0-2 mse 0.5185 sign 0.822 n    686
    injected:bounce:EVENT:c0-2   mse 0.3044 sign 0.899 n   1363
    injected:bounce:EVENT:c3-5   mse 0.5131 sign 0.812 n   4068
    injected:bounce:ON_ATTACK:c0-2 mse 0.5775 sign 0.782 n   2583
    injected:bounce:ON_ATTACK:c3-5 mse 0.5455 sign 0.803 n   3518
    injected:bounce:ON_PLAY:c0-2 mse 0.7906 sign 0.699 n   1243
    injected:bounce:ON_PLAY:c3-5 mse 0.4911 sign 0.820 n   4569
    injected:bounce:ON_PLAY:c6+  mse 0.3184 sign 0.913 n   1623
    injected:bounce:OTHER:c0-2   mse 0.4077 sign 0.866 n    411
    injected:bounce:OTHER:c3-5   mse 0.5297 sign 0.811 n   3401
    injected:bounce:TRIGGER:c0-2 mse 0.5226 sign 0.812 n   1072
    injected:deck:ACTIVATE_MAIN:c3-5 mse 0.4334 sign 0.863 n    525
    injected:deck:COUNTER:c0-2   mse 0.7815 sign 0.726 n    647
    injected:deck:EVENT:c0-2     mse 0.4610 sign 0.833 n   6225
    injected:deck:EVENT:c3-5     mse 0.5060 sign 0.814 n   5921
    injected:deck:ON_ATTACK:c0-2 mse 0.5488 sign 0.801 n   2442
    injected:deck:ON_ATTACK:c3-5 mse 0.5684 sign 0.801 n   1490
    injected:deck:ON_PLAY:c0-2   mse 0.3379 sign 0.893 n   1386
    injected:deck:ON_PLAY:c3-5   mse 0.5269 sign 0.804 n   5851
    injected:deck:ON_PLAY:c6+    mse 0.4790 sign 0.833 n   2998
    injected:deck:OTHER:c3-5     mse 0.3589 sign 0.861 n    710
    injected:deck:OTHER:c6+      mse 0.3556 sign 0.877 n    692
    injected:deck:TRIGGER:c3-5   mse 0.5872 sign 0.784 n   3088
    injected:deck:TRIGGER:c6+    mse 0.3750 sign 0.885 n    780
    injected:lock:ACTIVATE_MAIN:c0-2 mse 0.5970 sign 0.772 n   2215
    injected:lock:ACTIVATE_MAIN:c3-5 mse 0.6242 sign 0.768 n  12186
    injected:lock:ACTIVATE_MAIN:c6+ mse 0.5554 sign 0.796 n   3816
    injected:lock:COUNTER:c0-2   mse 0.7193 sign 0.735 n   1729
    injected:lock:COUNTER:c3-5   mse 0.6260 sign 0.770 n    379
    injected:lock:EVENT:c0-2     mse 0.5006 sign 0.825 n  10647
    injected:lock:EVENT:c3-5     mse 0.5843 sign 0.791 n   4857
    injected:lock:ON_ATTACK:c0-2 mse 0.5030 sign 0.799 n   1736
    injected:lock:ON_ATTACK:c3-5 mse 0.4922 sign 0.821 n   7807
    injected:lock:ON_ATTACK:c6+  mse 0.4150 sign 0.871 n    326
    injected:lock:ON_PLAY:c0-2   mse 0.6793 sign 0.719 n    894
    injected:lock:ON_PLAY:c3-5   mse 0.5682 sign 0.800 n  10085
    injected:lock:ON_PLAY:c6+    mse 0.5052 sign 0.811 n   5540
    injected:lock:OTHER:c0-2     mse 0.5066 sign 0.782 n    441
    injected:lock:OTHER:c3-5     mse 0.6456 sign 0.767 n   2166
    injected:lock:OTHER:c6+      mse 0.6343 sign 0.747 n    894
    injected:lock:TRIGGER:c0-2   mse 0.6124 sign 0.773 n   5834
    injected:lock:TRIGGER:c3-5   mse 0.5727 sign 0.802 n   5685
    injected:lock:TRIGGER:c6+    mse 0.5920 sign 0.797 n   1577
    injected:reduce:ACTIVATE_MAIN:c0-2 mse 0.4218 sign 0.849 n   9622
    injected:reduce:ACTIVATE_MAIN:c3-5 mse 0.5270 sign 0.813 n   5037
    injected:reduce:ACTIVATE_MAIN:c6+ mse 0.4364 sign 0.830 n    763
    injected:reduce:COUNTER:c0-2 mse 0.5336 sign 0.796 n   4468
    injected:reduce:COUNTER:c3-5 mse 0.4007 sign 0.842 n   1932
    injected:reduce:EVENT:c0-2   mse 0.4803 sign 0.824 n  14696
    injected:reduce:EVENT:c3-5   mse 0.4301 sign 0.830 n   3872
    injected:reduce:EVENT:c6+    mse 0.3740 sign 0.848 n   1034
    injected:reduce:ON_ATTACK:c0-2 mse 0.6410 sign 0.755 n   5034
    injected:reduce:ON_ATTACK:c3-5 mse 0.5865 sign 0.786 n  10332
    injected:reduce:ON_ATTACK:c6+ mse 0.5423 sign 0.807 n   3986
    injected:reduce:ON_PLAY:c0-2 mse 0.4341 sign 0.838 n   2290
    injected:reduce:ON_PLAY:c3-5 mse 0.5558 sign 0.807 n   2540
    injected:reduce:ON_PLAY:c6+  mse 0.6343 sign 0.774 n    870
    injected:reduce:OTHER:c0-2   mse 0.6122 sign 0.792 n   1438
    injected:reduce:OTHER:c6+    mse 0.6606 sign 0.752 n   1418
    injected:reduce:TRIGGER:c0-2 mse 0.5381 sign 0.792 n   4598
    injected:reduce:TRIGGER:c3-5 mse 0.5593 sign 0.805 n   1789
    injected:reduce:TRIGGER:c6+  mse 0.1632 sign 0.948 n    325
    injected:trash:ACTIVATE_MAIN:c3-5 mse 0.5996 sign 0.765 n    561
    injected:trash:ACTIVATE_MAIN:c6+ mse 0.5940 sign 0.787 n   2390
    injected:trash:ON_ATTACK:c3-5 mse 0.6993 sign 0.732 n   3048
    injected:trash:ON_PLAY:c6+   mse 0.6811 sign 0.729 n   1981
    colors:BLACK                 mse 0.5367 sign 0.805 n  32999
    colors:BLUE                  mse 0.4919 sign 0.821 n  38348
    colors:GREEN                 mse 0.5745 sign 0.790 n  33255
    colors:PURPLE                mse 0.5146 sign 0.811 n  32312
    colors:RED                   mse 0.5149 sign 0.809 n  39943
    colors:YELLOW                mse 0.5703 sign 0.792 n  29181
    after_removal                mse 0.6202 sign 0.772 n   3806
    not_removal                  mse 0.5215 sign 0.810 n 135576
  498s
  → /root/band_r4_ablate.json
N_REL_BAND {"rows": 139382, "src": ["/root/n29_wave/w*/n_records/n29_w*"], "out": "/root/band_r4_ablate.json", "buckets": 95, "nets": {"nrel_r3.npz": {"v_mse": 0.532666184792196, "v_sign": 0.8042358410698656, "n": 139382}, "nrel_r4_L0.npz": {"v_mse": 0.5415485384778372, "v_sign": 0.8035973081172605, "n": 139382}, "nrel_r4_LR2.npz": {"v_mse": 0.5248992105122793, "v_sign": 0.8087916660687894, "n": 139382, "aux": {"opp_turn_my_life_lost": 0.22072914242744446, "opp_turn_attacks": 0.24357260763645172, "opp_turn_effects": 1.0343765020370483, "my_turn_opp_life_lost": 0.264413982629776, "my_turn_attacks": 0.31517893075942993, "my_turn_effects": 1.2933865785598755, "next_my_board_power": 0.07136096805334091, "next_opp_board_power": 0.09625733643770218, "next_my_board_n": 0.2516705393791199, "next_opp_board_n": 0.26661285758018494, "tok_attacked": 0.19620683789253235, "tok_life_pushed": 0.030476361513137817, "tok_ability": 0.15906685590744019, "n": 97587}}, "nrel_r4_L0LR2.npz": {"v_mse": 0.524162909627024, "v_sign": 0.8085979538247406, "n": 139382}}}
