holdout 行 139382（seed%7==0・5s）
  nrel_r3.npz
    all                          mse 0.5327 sign 0.804 n 139382
    turn1-4                      mse 0.7723 sign 0.707 n  17646
    turn5-8                      mse 0.6427 sign 0.763 n  43438
    turn9-99                     mse 0.4074 sign 0.853 n  76380
    injected:KO:ACTIVATE_MAIN:c0-2 mse 0.4205 sign 0.856 n   2276
    injected:KO:ACTIVATE_MAIN:c3-5 mse 0.5288 sign 0.802 n   5427
    injected:KO:ACTIVATE_MAIN:c6+ mse 0.4741 sign 0.839 n   2779
    injected:KO:COUNTER:c0-2     mse 0.2663 sign 0.896 n   1707
    injected:KO:COUNTER:c3-5     mse 0.2983 sign 0.888 n   1107
    injected:KO:EVENT:c0-2       mse 0.6047 sign 0.781 n   8643
    injected:KO:EVENT:c3-5       mse 0.5536 sign 0.792 n  14451
    injected:KO:EVENT:c6+        mse 0.4835 sign 0.828 n   2633
    injected:KO:ON_ATTACK:c0-2   mse 0.6769 sign 0.727 n   1845
    injected:KO:ON_ATTACK:c3-5   mse 0.5356 sign 0.805 n  10262
    injected:KO:ON_ATTACK:c6+    mse 0.3911 sign 0.868 n   1495
    injected:KO:ON_PLAY:c3-5     mse 0.6113 sign 0.772 n   9928
    injected:KO:ON_PLAY:c6+      mse 0.5624 sign 0.785 n   1331
    injected:KO:OTHER:c3-5       mse 0.4261 sign 0.850 n   2209
    injected:KO:TRIGGER:c0-2     mse 0.4986 sign 0.818 n  11800
    injected:KO:TRIGGER:c3-5     mse 0.4864 sign 0.820 n  11216
    injected:KO:TRIGGER:c6+      mse 0.2747 sign 0.917 n   1504
    injected:bounce:COUNTER:c0-2 mse 0.4311 sign 0.864 n    686
    injected:bounce:EVENT:c0-2   mse 0.3731 sign 0.867 n   1363
    injected:bounce:EVENT:c3-5   mse 0.5046 sign 0.817 n   4068
    injected:bounce:ON_ATTACK:c0-2 mse 0.6089 sign 0.775 n   2583
    injected:bounce:ON_ATTACK:c3-5 mse 0.5124 sign 0.812 n   3518
    injected:bounce:ON_PLAY:c0-2 mse 0.7634 sign 0.709 n   1243
    injected:bounce:ON_PLAY:c3-5 mse 0.5066 sign 0.818 n   4569
    injected:bounce:ON_PLAY:c6+  mse 0.3084 sign 0.914 n   1623
    injected:bounce:OTHER:c0-2   mse 0.6588 sign 0.703 n    411
    injected:bounce:OTHER:c3-5   mse 0.4889 sign 0.817 n   3401
    injected:bounce:TRIGGER:c0-2 mse 0.5928 sign 0.799 n   1072
    injected:deck:ACTIVATE_MAIN:c3-5 mse 0.3912 sign 0.884 n    525
    injected:deck:COUNTER:c0-2   mse 0.8809 sign 0.624 n    647
    injected:deck:EVENT:c0-2     mse 0.5272 sign 0.806 n   6225
    injected:deck:EVENT:c3-5     mse 0.5602 sign 0.798 n   5921
    injected:deck:ON_ATTACK:c0-2 mse 0.5207 sign 0.806 n   2442
    injected:deck:ON_ATTACK:c3-5 mse 0.5104 sign 0.805 n   1490
    injected:deck:ON_PLAY:c0-2   mse 0.4034 sign 0.859 n   1386
    injected:deck:ON_PLAY:c3-5   mse 0.5122 sign 0.804 n   5851
    injected:deck:ON_PLAY:c6+    mse 0.5200 sign 0.814 n   2998
    injected:deck:OTHER:c3-5     mse 0.5235 sign 0.800 n    710
    injected:deck:OTHER:c6+      mse 0.4092 sign 0.834 n    692
    injected:deck:TRIGGER:c3-5   mse 0.6773 sign 0.764 n   3088
    injected:deck:TRIGGER:c6+    mse 0.3622 sign 0.897 n    780
    injected:lock:ACTIVATE_MAIN:c0-2 mse 0.6162 sign 0.770 n   2215
    injected:lock:ACTIVATE_MAIN:c3-5 mse 0.5979 sign 0.780 n  12186
    injected:lock:ACTIVATE_MAIN:c6+ mse 0.6306 sign 0.757 n   3816
    injected:lock:COUNTER:c0-2   mse 0.7698 sign 0.719 n   1729
    injected:lock:COUNTER:c3-5   mse 0.4707 sign 0.799 n    379
    injected:lock:EVENT:c0-2     mse 0.5041 sign 0.819 n  10647
    injected:lock:EVENT:c3-5     mse 0.5881 sign 0.790 n   4857
    injected:lock:ON_ATTACK:c0-2 mse 0.4263 sign 0.854 n   1736
    injected:lock:ON_ATTACK:c3-5 mse 0.5360 sign 0.806 n   7807
    injected:lock:ON_ATTACK:c6+  mse 0.4977 sign 0.807 n    326
    injected:lock:ON_PLAY:c0-2   mse 0.6037 sign 0.752 n    894
    injected:lock:ON_PLAY:c3-5   mse 0.5743 sign 0.791 n  10085
    injected:lock:ON_PLAY:c6+    mse 0.5435 sign 0.800 n   5540
    injected:lock:OTHER:c0-2     mse 0.5724 sign 0.714 n    441
    injected:lock:OTHER:c3-5     mse 0.6373 sign 0.768 n   2166
    injected:lock:OTHER:c6+      mse 0.5987 sign 0.749 n    894
    injected:lock:TRIGGER:c0-2   mse 0.6111 sign 0.773 n   5834
    injected:lock:TRIGGER:c3-5   mse 0.5893 sign 0.792 n   5685
    injected:lock:TRIGGER:c6+    mse 0.6228 sign 0.785 n   1577
    injected:reduce:ACTIVATE_MAIN:c0-2 mse 0.4261 sign 0.847 n   9622
    injected:reduce:ACTIVATE_MAIN:c3-5 mse 0.5444 sign 0.810 n   5037
    injected:reduce:ACTIVATE_MAIN:c6+ mse 0.5379 sign 0.776 n    763
    injected:reduce:COUNTER:c0-2 mse 0.5650 sign 0.794 n   4468
    injected:reduce:COUNTER:c3-5 mse 0.4501 sign 0.818 n   1932
    injected:reduce:EVENT:c0-2   mse 0.5018 sign 0.819 n  14696
    injected:reduce:EVENT:c3-5   mse 0.4780 sign 0.814 n   3872
    injected:reduce:EVENT:c6+    mse 0.3253 sign 0.900 n   1034
    injected:reduce:ON_ATTACK:c0-2 mse 0.6650 sign 0.745 n   5034
    injected:reduce:ON_ATTACK:c3-5 mse 0.5627 sign 0.795 n  10332
    injected:reduce:ON_ATTACK:c6+ mse 0.5020 sign 0.829 n   3986
    injected:reduce:ON_PLAY:c0-2 mse 0.4475 sign 0.831 n   2290
    injected:reduce:ON_PLAY:c3-5 mse 0.5479 sign 0.796 n   2540
    injected:reduce:ON_PLAY:c6+  mse 0.6230 sign 0.791 n    870
    injected:reduce:OTHER:c0-2   mse 0.6508 sign 0.782 n   1438
    injected:reduce:OTHER:c6+    mse 0.6045 sign 0.774 n   1418
    injected:reduce:TRIGGER:c0-2 mse 0.4926 sign 0.824 n   4598
    injected:reduce:TRIGGER:c3-5 mse 0.5237 sign 0.813 n   1789
    injected:reduce:TRIGGER:c6+  mse 0.1350 sign 0.960 n    325
    injected:trash:ACTIVATE_MAIN:c3-5 mse 0.7033 sign 0.684 n    561
    injected:trash:ACTIVATE_MAIN:c6+ mse 0.5368 sign 0.818 n   2390
    injected:trash:ON_ATTACK:c3-5 mse 0.6954 sign 0.742 n   3048
    injected:trash:ON_PLAY:c6+   mse 0.7606 sign 0.714 n   1981
    colors:BLACK                 mse 0.5448 sign 0.803 n  32999
    colors:BLUE                  mse 0.4997 sign 0.818 n  38348
    colors:GREEN                 mse 0.5821 sign 0.784 n  33255
    colors:PURPLE                mse 0.5292 sign 0.808 n  32312
    colors:RED                   mse 0.5140 sign 0.809 n  39943
    colors:YELLOW                mse 0.5829 sign 0.781 n  29181
    after_removal                mse 0.6244 sign 0.770 n   3806
    not_removal                  mse 0.5301 sign 0.805 n 135576
  nrel_r4a.npz
    all                          mse 0.5244 sign 0.809 n 139382 | aux 0.4055 life 0.221 atk 0.243 tok_atk 0.196 tok_ab 0.159 (n 97587)
    turn1-4                      mse 0.7562 sign 0.714 n  17646 | aux 0.2940 life 0.122 atk 0.152 tok_atk 0.139 tok_ab 0.110 (n 17646)
    turn5-8                      mse 0.6307 sign 0.772 n  43438 | aux 0.4160 life 0.229 atk 0.246 tok_atk 0.188 tok_ab 0.165 (n 41764)
    turn9-99                     mse 0.4032 sign 0.855 n  76380 | aux 0.4590 life 0.270 atk 0.296 tok_atk 0.232 tok_ab 0.180 (n 36259)
    injected:KO:ACTIVATE_MAIN:c0-2 mse 0.4701 sign 0.841 n   2276 | aux 0.3807 life 0.211 atk 0.252 tok_atk 0.203 tok_ab 0.194 (n 1525)
    injected:KO:ACTIVATE_MAIN:c3-5 mse 0.5420 sign 0.795 n   5427 | aux 0.3975 life 0.223 atk 0.242 tok_atk 0.208 tok_ab 0.150 (n 3836)
    injected:KO:ACTIVATE_MAIN:c6+ mse 0.5194 sign 0.820 n   2779 | aux 0.3846 life 0.228 atk 0.224 tok_atk 0.190 tok_ab 0.201 (n 1932)
    injected:KO:COUNTER:c0-2     mse 0.3149 sign 0.876 n   1707 | aux 0.5199 life 0.206 atk 0.268 tok_atk 0.200 tok_ab 0.158 (n 1222)
    injected:KO:COUNTER:c3-5     mse 0.3440 sign 0.883 n   1107 | aux 0.3404 life 0.237 atk 0.217 tok_atk 0.199 tok_ab 0.166 (n 797)
    injected:KO:EVENT:c0-2       mse 0.5758 sign 0.793 n   8643 | aux 0.3908 life 0.221 atk 0.242 tok_atk 0.198 tok_ab 0.153 (n 6138)
    injected:KO:EVENT:c3-5       mse 0.5278 sign 0.798 n  14451 | aux 0.3889 life 0.214 atk 0.223 tok_atk 0.205 tok_ab 0.149 (n 10290)
    injected:KO:EVENT:c6+        mse 0.4508 sign 0.816 n   2633 | aux 0.3490 life 0.184 atk 0.206 tok_atk 0.197 tok_ab 0.112 (n 1802)
    injected:KO:ON_ATTACK:c0-2   mse 0.7241 sign 0.719 n   1845 | aux 0.3873 life 0.188 atk 0.219 tok_atk 0.189 tok_ab 0.180 (n 1218)
    injected:KO:ON_ATTACK:c3-5   mse 0.5414 sign 0.798 n  10262 | aux 0.4118 life 0.204 atk 0.241 tok_atk 0.183 tok_ab 0.163 (n 6984)
    injected:KO:ON_ATTACK:c6+    mse 0.4424 sign 0.831 n   1495 | aux 0.3950 life 0.183 atk 0.247 tok_atk 0.190 tok_ab 0.155 (n 1014)
    injected:KO:ON_PLAY:c3-5     mse 0.5786 sign 0.787 n   9928 | aux 0.3814 life 0.200 atk 0.248 tok_atk 0.188 tok_ab 0.147 (n 6653)
    injected:KO:ON_PLAY:c6+      mse 0.5121 sign 0.799 n   1331 | aux 0.3677 life 0.186 atk 0.289 tok_atk 0.230 tok_ab 0.120 (n 939)
    injected:KO:OTHER:c3-5       mse 0.3976 sign 0.853 n   2209 | aux 0.3828 life 0.194 atk 0.198 tok_atk 0.155 tok_ab 0.159 (n 1584)
    injected:KO:TRIGGER:c0-2     mse 0.4792 sign 0.825 n  11800 | aux 0.4179 life 0.220 atk 0.237 tok_atk 0.196 tok_ab 0.147 (n 8326)
    injected:KO:TRIGGER:c3-5     mse 0.4713 sign 0.826 n  11216 | aux 0.3839 life 0.226 atk 0.234 tok_atk 0.208 tok_ab 0.150 (n 8074)
    injected:KO:TRIGGER:c6+      mse 0.2892 sign 0.900 n   1504 | aux 0.3456 life 0.199 atk 0.221 tok_atk 0.195 tok_ab 0.108 (n 995)
    injected:bounce:COUNTER:c0-2 mse 0.5338 sign 0.810 n    686 | aux 0.3407 life 0.235 atk 0.287 tok_atk 0.210 tok_ab 0.187 (n 502)
    injected:bounce:EVENT:c0-2   mse 0.3012 sign 0.903 n   1363 | aux 0.5093 life 0.161 atk 0.186 tok_atk 0.155 tok_ab 0.207 (n 987)
    injected:bounce:EVENT:c3-5   mse 0.5120 sign 0.816 n   4068 | aux 0.4008 life 0.221 atk 0.239 tok_atk 0.199 tok_ab 0.165 (n 2994)
    injected:bounce:ON_ATTACK:c0-2 mse 0.5839 sign 0.779 n   2583 | aux 0.4431 life 0.228 atk 0.263 tok_atk 0.210 tok_ab 0.166 (n 1837)
    injected:bounce:ON_ATTACK:c3-5 mse 0.5375 sign 0.808 n   3518 | aux 0.3842 life 0.219 atk 0.246 tok_atk 0.195 tok_ab 0.155 (n 2507)
    injected:bounce:ON_PLAY:c0-2 mse 0.7887 sign 0.699 n   1243 | aux 0.4003 life 0.236 atk 0.257 tok_atk 0.211 tok_ab 0.160 (n 886)
    injected:bounce:ON_PLAY:c3-5 mse 0.4910 sign 0.822 n   4569 | aux 0.3738 life 0.215 atk 0.232 tok_atk 0.189 tok_ab 0.128 (n 3189)
    injected:bounce:ON_PLAY:c6+  mse 0.3335 sign 0.901 n   1623 | aux 0.4116 life 0.252 atk 0.250 tok_atk 0.214 tok_ab 0.150 (n 1193)
    injected:bounce:OTHER:c0-2   mse 0.4406 sign 0.844 n    411 | aux 0.6184 life 0.246 atk 0.218 tok_atk 0.179 tok_ab 0.309 (n 322)
    injected:bounce:OTHER:c3-5   mse 0.5282 sign 0.808 n   3401 | aux 0.4159 life 0.225 atk 0.245 tok_atk 0.198 tok_ab 0.145 (n 2408)
    injected:bounce:TRIGGER:c0-2 mse 0.5254 sign 0.809 n   1072 | aux 0.3956 life 0.223 atk 0.256 tok_atk 0.179 tok_ab 0.167 (n 834)
    injected:deck:ACTIVATE_MAIN:c3-5 mse 0.4180 sign 0.869 n    525 | aux 0.4420 life 0.299 atk 0.270 tok_atk 0.189 tok_ab 0.135 (n 358)
    injected:deck:COUNTER:c0-2   mse 0.8090 sign 0.705 n    647 | aux 0.4454 life 0.217 atk 0.274 tok_atk 0.239 tok_ab 0.155 (n 485)
    injected:deck:EVENT:c0-2     mse 0.4594 sign 0.836 n   6225 | aux 0.4187 life 0.235 atk 0.246 tok_atk 0.194 tok_ab 0.167 (n 4443)
    injected:deck:EVENT:c3-5     mse 0.5007 sign 0.820 n   5921 | aux 0.4209 life 0.221 atk 0.227 tok_atk 0.183 tok_ab 0.170 (n 4286)
    injected:deck:ON_ATTACK:c0-2 mse 0.5568 sign 0.796 n   2442 | aux 0.3894 life 0.200 atk 0.231 tok_atk 0.188 tok_ab 0.187 (n 1752)
    injected:deck:ON_ATTACK:c3-5 mse 0.5812 sign 0.794 n   1490 | aux 0.4243 life 0.228 atk 0.239 tok_atk 0.202 tok_ab 0.150 (n 1052)
    injected:deck:ON_PLAY:c0-2   mse 0.3399 sign 0.894 n   1386 | aux 0.3981 life 0.222 atk 0.303 tok_atk 0.204 tok_ab 0.133 (n 985)
    injected:deck:ON_PLAY:c3-5   mse 0.5232 sign 0.804 n   5851 | aux 0.3596 life 0.213 atk 0.245 tok_atk 0.195 tok_ab 0.158 (n 4184)
    injected:deck:ON_PLAY:c6+    mse 0.4806 sign 0.833 n   2998 | aux 0.4427 life 0.212 atk 0.224 tok_atk 0.179 tok_ab 0.169 (n 2086)
    injected:deck:OTHER:c3-5     mse 0.3656 sign 0.861 n    710 | aux 0.4055 life 0.173 atk 0.225 tok_atk 0.185 tok_ab 0.149 (n 458)
    injected:deck:OTHER:c6+      mse 0.3483 sign 0.880 n    692 | aux 0.3389 life 0.217 atk 0.203 tok_atk 0.182 tok_ab 0.208 (n 549)
    injected:deck:TRIGGER:c3-5   mse 0.5840 sign 0.789 n   3088 | aux 0.4262 life 0.204 atk 0.230 tok_atk 0.189 tok_ab 0.163 (n 2172)
    injected:deck:TRIGGER:c6+    mse 0.3788 sign 0.881 n    780 | aux 0.3726 life 0.208 atk 0.332 tok_atk 0.270 tok_ab 0.233 (n 554)
    injected:lock:ACTIVATE_MAIN:c0-2 mse 0.5946 sign 0.777 n   2215 | aux 0.4081 life 0.248 atk 0.256 tok_atk 0.211 tok_ab 0.188 (n 1459)
    injected:lock:ACTIVATE_MAIN:c3-5 mse 0.6249 sign 0.771 n  12186 | aux 0.3909 life 0.233 atk 0.255 tok_atk 0.202 tok_ab 0.160 (n 8560)
    injected:lock:ACTIVATE_MAIN:c6+ mse 0.5531 sign 0.794 n   3816 | aux 0.4257 life 0.285 atk 0.250 tok_atk 0.185 tok_ab 0.126 (n 2692)
    injected:lock:COUNTER:c0-2   mse 0.7153 sign 0.729 n   1729 | aux 0.3831 life 0.206 atk 0.277 tok_atk 0.204 tok_ab 0.176 (n 1230)
    injected:lock:COUNTER:c3-5   mse 0.6452 sign 0.755 n    379 | aux 0.3468 life 0.259 atk 0.257 tok_atk 0.210 tok_ab 0.166 (n 270)
    injected:lock:EVENT:c0-2     mse 0.4954 sign 0.826 n  10647 | aux 0.4355 life 0.224 atk 0.248 tok_atk 0.204 tok_ab 0.157 (n 7545)
    injected:lock:EVENT:c3-5     mse 0.5889 sign 0.786 n   4857 | aux 0.3973 life 0.243 atk 0.251 tok_atk 0.202 tok_ab 0.148 (n 3414)
    injected:lock:ON_ATTACK:c0-2 mse 0.5065 sign 0.794 n   1736 | aux 0.4435 life 0.182 atk 0.265 tok_atk 0.175 tok_ab 0.129 (n 1202)
    injected:lock:ON_ATTACK:c3-5 mse 0.4915 sign 0.823 n   7807 | aux 0.4043 life 0.223 atk 0.242 tok_atk 0.182 tok_ab 0.159 (n 5493)
    injected:lock:ON_ATTACK:c6+  mse 0.4216 sign 0.859 n    326 | aux 0.3441 life 0.243 atk 0.291 tok_atk 0.142 tok_ab 0.113 (n 210)
    injected:lock:ON_PLAY:c0-2   mse 0.6744 sign 0.717 n    894 | aux 0.4744 life 0.189 atk 0.192 tok_atk 0.172 tok_ab 0.144 (n 629)
    injected:lock:ON_PLAY:c3-5   mse 0.5701 sign 0.800 n  10085 | aux 0.4405 life 0.221 atk 0.245 tok_atk 0.200 tok_ab 0.143 (n 7082)
    injected:lock:ON_PLAY:c6+    mse 0.5039 sign 0.815 n   5540 | aux 0.4138 life 0.198 atk 0.247 tok_atk 0.203 tok_ab 0.144 (n 3907)
    injected:lock:OTHER:c0-2     mse 0.5257 sign 0.778 n    441 | aux 0.3353 life 0.177 atk 0.187 tok_atk 0.199 tok_ab 0.160 (n 309)
    injected:lock:OTHER:c3-5     mse 0.6598 sign 0.763 n   2166 | aux 0.3665 life 0.199 atk 0.223 tok_atk 0.182 tok_ab 0.149 (n 1445)
    injected:lock:OTHER:c6+      mse 0.6441 sign 0.751 n    894 | aux 0.3557 life 0.220 atk 0.235 tok_atk 0.175 tok_ab 0.094 (n 588)
    injected:lock:TRIGGER:c0-2   mse 0.6127 sign 0.772 n   5834 | aux 0.4134 life 0.213 atk 0.249 tok_atk 0.209 tok_ab 0.152 (n 4128)
    injected:lock:TRIGGER:c3-5   mse 0.5776 sign 0.798 n   5685 | aux 0.3803 life 0.233 atk 0.268 tok_atk 0.210 tok_ab 0.154 (n 4007)
    injected:lock:TRIGGER:c6+    mse 0.5751 sign 0.803 n   1577 | aux 0.3992 life 0.229 atk 0.297 tok_atk 0.245 tok_ab 0.164 (n 1069)
    injected:reduce:ACTIVATE_MAIN:c0-2 mse 0.4203 sign 0.849 n   9622 | aux 0.3988 life 0.222 atk 0.249 tok_atk 0.203 tok_ab 0.159 (n 6884)
    injected:reduce:ACTIVATE_MAIN:c3-5 mse 0.5269 sign 0.819 n   5037 | aux 0.3760 life 0.196 atk 0.229 tok_atk 0.203 tok_ab 0.162 (n 3546)
    injected:reduce:ACTIVATE_MAIN:c6+ mse 0.4225 sign 0.828 n    763 | aux 0.4692 life 0.213 atk 0.256 tok_atk 0.170 tok_ab 0.184 (n 522)
    injected:reduce:COUNTER:c0-2 mse 0.5345 sign 0.795 n   4468 | aux 0.4039 life 0.198 atk 0.248 tok_atk 0.175 tok_ab 0.154 (n 3124)
    injected:reduce:COUNTER:c3-5 mse 0.4021 sign 0.849 n   1932 | aux 0.3573 life 0.188 atk 0.245 tok_atk 0.191 tok_ab 0.119 (n 1412)
    injected:reduce:EVENT:c0-2   mse 0.4747 sign 0.827 n  14696 | aux 0.4192 life 0.205 atk 0.226 tok_atk 0.190 tok_ab 0.154 (n 10242)
    injected:reduce:EVENT:c3-5   mse 0.4267 sign 0.837 n   3872 | aux 0.3776 life 0.214 atk 0.223 tok_atk 0.204 tok_ab 0.140 (n 2901)
    injected:reduce:EVENT:c6+    mse 0.3690 sign 0.855 n   1034 | aux 0.3410 life 0.166 atk 0.172 tok_atk 0.175 tok_ab 0.090 (n 733)
    injected:reduce:ON_ATTACK:c0-2 mse 0.6425 sign 0.751 n   5034 | aux 0.3858 life 0.220 atk 0.225 tok_atk 0.188 tok_ab 0.149 (n 3538)
    injected:reduce:ON_ATTACK:c3-5 mse 0.5894 sign 0.785 n  10332 | aux 0.4332 life 0.222 atk 0.231 tok_atk 0.196 tok_ab 0.161 (n 7261)
    injected:reduce:ON_ATTACK:c6+ mse 0.5432 sign 0.809 n   3986 | aux 0.4144 life 0.222 atk 0.243 tok_atk 0.202 tok_ab 0.150 (n 2730)
    injected:reduce:ON_PLAY:c0-2 mse 0.4438 sign 0.831 n   2290 | aux 0.3819 life 0.186 atk 0.268 tok_atk 0.220 tok_ab 0.150 (n 1603)
    injected:reduce:ON_PLAY:c3-5 mse 0.5575 sign 0.805 n   2540 | aux 0.4306 life 0.186 atk 0.273 tok_atk 0.215 tok_ab 0.161 (n 1769)
    injected:reduce:ON_PLAY:c6+  mse 0.6205 sign 0.785 n    870 | aux 0.4041 life 0.261 atk 0.300 tok_atk 0.200 tok_ab 0.104 (n 625)
    injected:reduce:OTHER:c0-2   mse 0.6292 sign 0.791 n   1438 | aux 0.4722 life 0.288 atk 0.260 tok_atk 0.188 tok_ab 0.114 (n 961)
    injected:reduce:OTHER:c6+    mse 0.6718 sign 0.751 n   1418 | aux 0.4090 life 0.224 atk 0.224 tok_atk 0.197 tok_ab 0.161 (n 977)
    injected:reduce:TRIGGER:c0-2 mse 0.5355 sign 0.797 n   4598 | aux 0.3477 life 0.203 atk 0.225 tok_atk 0.184 tok_ab 0.148 (n 3103)
    injected:reduce:TRIGGER:c3-5 mse 0.5618 sign 0.806 n   1789 | aux 0.3595 life 0.212 atk 0.264 tok_atk 0.201 tok_ab 0.152 (n 1249)
    injected:reduce:TRIGGER:c6+  mse 0.1569 sign 0.948 n    325 | aux 0.3623 life 0.220 atk 0.174 tok_atk 0.158 tok_ab 0.123 (n 245)
    injected:trash:ACTIVATE_MAIN:c3-5 mse 0.5766 sign 0.761 n    561 | aux 0.4608 life 0.214 atk 0.345 tok_atk 0.216 tok_ab 0.160 (n 402)
    injected:trash:ACTIVATE_MAIN:c6+ mse 0.5938 sign 0.790 n   2390 | aux 0.5282 life 0.191 atk 0.217 tok_atk 0.201 tok_ab 0.165 (n 1668)
    injected:trash:ON_ATTACK:c3-5 mse 0.7011 sign 0.733 n   3048 | aux 0.4730 life 0.231 atk 0.219 tok_atk 0.192 tok_ab 0.161 (n 2182)
    injected:trash:ON_PLAY:c6+   mse 0.6800 sign 0.733 n   1981 | aux 0.4741 life 0.227 atk 0.221 tok_atk 0.193 tok_ab 0.143 (n 1456)
    colors:BLACK                 mse 0.5361 sign 0.805 n  32999 | aux 0.4593 life 0.226 atk 0.226 tok_atk 0.194 tok_ab 0.160 (n 23273)
    colors:BLUE                  mse 0.4933 sign 0.822 n  38348 | aux 0.4073 life 0.220 atk 0.243 tok_atk 0.190 tok_ab 0.160 (n 27276)
    colors:GREEN                 mse 0.5752 sign 0.790 n  33255 | aux 0.4333 life 0.217 atk 0.240 tok_atk 0.199 tok_ab 0.153 (n 23063)
    colors:PURPLE                mse 0.5140 sign 0.812 n  32312 | aux 0.3974 life 0.219 atk 0.239 tok_atk 0.190 tok_ab 0.161 (n 22654)
    colors:RED                   mse 0.5146 sign 0.809 n  39943 | aux 0.3671 life 0.206 atk 0.227 tok_atk 0.195 tok_ab 0.156 (n 28089)
    colors:YELLOW                mse 0.5710 sign 0.792 n  29181 | aux 0.3855 life 0.227 atk 0.270 tok_atk 0.208 tok_ab 0.159 (n 20415)
    after_removal                mse 0.6196 sign 0.772 n   3806 | aux 0.4427 life 0.241 atk 0.272 tok_atk 0.237 tok_ab 0.157 (n 3130)
    not_removal                  mse 0.5218 sign 0.810 n 135576 | aux 0.4042 life 0.220 atk 0.242 tok_atk 0.195 tok_ab 0.159 (n 94457)
  nrel_r4b.npz
    all                          mse 0.5198 sign 0.811 n 139382 | aux 0.3863 life 0.213 atk 0.215 tok_atk 0.170 tok_ab 0.133 (n 97587)
    turn1-4                      mse 0.7599 sign 0.715 n  17646 | aux 0.2808 life 0.118 atk 0.139 tok_atk 0.119 tok_ab 0.091 (n 17646)
    turn5-8                      mse 0.6271 sign 0.771 n  43438 | aux 0.3979 life 0.223 atk 0.219 tok_atk 0.162 tok_ab 0.138 (n 41764)
    turn9-99                     mse 0.3959 sign 0.858 n  76380 | aux 0.4350 life 0.260 atk 0.258 tok_atk 0.205 tok_ab 0.153 (n 36259)
    injected:KO:ACTIVATE_MAIN:c0-2 mse 0.4169 sign 0.856 n   2276 | aux 0.3590 life 0.199 atk 0.236 tok_atk 0.182 tok_ab 0.165 (n 1525)
    injected:KO:ACTIVATE_MAIN:c3-5 mse 0.5391 sign 0.796 n   5427 | aux 0.3809 life 0.215 atk 0.221 tok_atk 0.181 tok_ab 0.125 (n 3836)
    injected:KO:ACTIVATE_MAIN:c6+ mse 0.4611 sign 0.843 n   2779 | aux 0.3647 life 0.217 atk 0.198 tok_atk 0.170 tok_ab 0.179 (n 1932)
    injected:KO:COUNTER:c0-2     mse 0.2492 sign 0.916 n   1707 | aux 0.5057 life 0.202 atk 0.241 tok_atk 0.175 tok_ab 0.132 (n 1222)
    injected:KO:COUNTER:c3-5     mse 0.3361 sign 0.888 n   1107 | aux 0.3280 life 0.231 atk 0.198 tok_atk 0.171 tok_ab 0.150 (n 797)
    injected:KO:EVENT:c0-2       mse 0.5937 sign 0.784 n   8643 | aux 0.3755 life 0.216 atk 0.214 tok_atk 0.170 tok_ab 0.134 (n 6138)
    injected:KO:EVENT:c3-5       mse 0.5275 sign 0.803 n  14451 | aux 0.3712 life 0.207 atk 0.202 tok_atk 0.179 tok_ab 0.126 (n 10290)
    injected:KO:EVENT:c6+        mse 0.4345 sign 0.837 n   2633 | aux 0.3260 life 0.173 atk 0.183 tok_atk 0.169 tok_ab 0.093 (n 1802)
    injected:KO:ON_ATTACK:c0-2   mse 0.6492 sign 0.750 n   1845 | aux 0.3749 life 0.181 atk 0.198 tok_atk 0.160 tok_ab 0.150 (n 1218)
    injected:KO:ON_ATTACK:c3-5   mse 0.5240 sign 0.813 n  10262 | aux 0.3924 life 0.198 atk 0.218 tok_atk 0.159 tok_ab 0.135 (n 6984)
    injected:KO:ON_ATTACK:c6+    mse 0.3985 sign 0.850 n   1495 | aux 0.3764 life 0.179 atk 0.213 tok_atk 0.166 tok_ab 0.126 (n 1014)
    injected:KO:ON_PLAY:c3-5     mse 0.5800 sign 0.785 n   9928 | aux 0.3631 life 0.196 atk 0.213 tok_atk 0.160 tok_ab 0.123 (n 6653)
    injected:KO:ON_PLAY:c6+      mse 0.5278 sign 0.779 n   1331 | aux 0.3420 life 0.186 atk 0.242 tok_atk 0.203 tok_ab 0.092 (n 939)
    injected:KO:OTHER:c3-5       mse 0.3941 sign 0.857 n   2209 | aux 0.3662 life 0.187 atk 0.173 tok_atk 0.130 tok_ab 0.132 (n 1584)
    injected:KO:TRIGGER:c0-2     mse 0.4796 sign 0.827 n  11800 | aux 0.3986 life 0.212 atk 0.207 tok_atk 0.171 tok_ab 0.127 (n 8326)
    injected:KO:TRIGGER:c3-5     mse 0.4750 sign 0.825 n  11216 | aux 0.3684 life 0.217 atk 0.211 tok_atk 0.182 tok_ab 0.127 (n 8074)
    injected:KO:TRIGGER:c6+      mse 0.2808 sign 0.912 n   1504 | aux 0.3256 life 0.182 atk 0.182 tok_atk 0.168 tok_ab 0.090 (n 995)
    injected:bounce:COUNTER:c0-2 mse 0.4571 sign 0.851 n    686 | aux 0.3213 life 0.234 atk 0.262 tok_atk 0.196 tok_ab 0.162 (n 502)
    injected:bounce:EVENT:c0-2   mse 0.3018 sign 0.899 n   1363 | aux 0.4898 life 0.165 atk 0.162 tok_atk 0.130 tok_ab 0.167 (n 987)
    injected:bounce:EVENT:c3-5   mse 0.4957 sign 0.824 n   4068 | aux 0.3809 life 0.213 atk 0.212 tok_atk 0.176 tok_ab 0.140 (n 2994)
    injected:bounce:ON_ATTACK:c0-2 mse 0.5885 sign 0.775 n   2583 | aux 0.4223 life 0.216 atk 0.226 tok_atk 0.178 tok_ab 0.139 (n 1837)
    injected:bounce:ON_ATTACK:c3-5 mse 0.5458 sign 0.809 n   3518 | aux 0.3642 life 0.215 atk 0.210 tok_atk 0.166 tok_ab 0.126 (n 2507)
    injected:bounce:ON_PLAY:c0-2 mse 0.7853 sign 0.687 n   1243 | aux 0.3789 life 0.233 atk 0.214 tok_atk 0.176 tok_ab 0.127 (n 886)
    injected:bounce:ON_PLAY:c3-5 mse 0.4977 sign 0.819 n   4569 | aux 0.3566 life 0.210 atk 0.207 tok_atk 0.162 tok_ab 0.102 (n 3189)
    injected:bounce:ON_PLAY:c6+  mse 0.2673 sign 0.923 n   1623 | aux 0.3929 life 0.249 atk 0.231 tok_atk 0.187 tok_ab 0.118 (n 1193)
    injected:bounce:OTHER:c0-2   mse 0.5275 sign 0.779 n    411 | aux 0.5844 life 0.244 atk 0.209 tok_atk 0.159 tok_ab 0.227 (n 322)
    injected:bounce:OTHER:c3-5   mse 0.5119 sign 0.811 n   3401 | aux 0.3949 life 0.224 atk 0.223 tok_atk 0.171 tok_ab 0.114 (n 2408)
    injected:bounce:TRIGGER:c0-2 mse 0.5368 sign 0.805 n   1072 | aux 0.3769 life 0.225 atk 0.227 tok_atk 0.152 tok_ab 0.136 (n 834)
    injected:deck:ACTIVATE_MAIN:c3-5 mse 0.4128 sign 0.869 n    525 | aux 0.4165 life 0.276 atk 0.240 tok_atk 0.166 tok_ab 0.107 (n 358)
    injected:deck:COUNTER:c0-2   mse 0.8732 sign 0.646 n    647 | aux 0.4084 life 0.222 atk 0.255 tok_atk 0.210 tok_ab 0.118 (n 485)
    injected:deck:EVENT:c0-2     mse 0.4952 sign 0.823 n   6225 | aux 0.3969 life 0.227 atk 0.219 tok_atk 0.168 tok_ab 0.138 (n 4443)
    injected:deck:EVENT:c3-5     mse 0.5105 sign 0.821 n   5921 | aux 0.4004 life 0.211 atk 0.196 tok_atk 0.159 tok_ab 0.149 (n 4286)
    injected:deck:ON_ATTACK:c0-2 mse 0.5546 sign 0.799 n   2442 | aux 0.3716 life 0.192 atk 0.202 tok_atk 0.159 tok_ab 0.160 (n 1752)
    injected:deck:ON_ATTACK:c3-5 mse 0.5903 sign 0.772 n   1490 | aux 0.4067 life 0.219 atk 0.233 tok_atk 0.174 tok_ab 0.125 (n 1052)
    injected:deck:ON_PLAY:c0-2   mse 0.3681 sign 0.873 n   1386 | aux 0.3812 life 0.223 atk 0.273 tok_atk 0.189 tok_ab 0.115 (n 985)
    injected:deck:ON_PLAY:c3-5   mse 0.5086 sign 0.808 n   5851 | aux 0.3422 life 0.207 atk 0.218 tok_atk 0.171 tok_ab 0.133 (n 4184)
    injected:deck:ON_PLAY:c6+    mse 0.4516 sign 0.838 n   2998 | aux 0.4165 life 0.207 atk 0.195 tok_atk 0.154 tok_ab 0.136 (n 2086)
    injected:deck:OTHER:c3-5     mse 0.4390 sign 0.841 n    710 | aux 0.3917 life 0.178 atk 0.191 tok_atk 0.158 tok_ab 0.115 (n 458)
    injected:deck:OTHER:c6+      mse 0.3840 sign 0.848 n    692 | aux 0.3177 life 0.203 atk 0.167 tok_atk 0.152 tok_ab 0.205 (n 549)
    injected:deck:TRIGGER:c3-5   mse 0.5883 sign 0.794 n   3088 | aux 0.3997 life 0.187 atk 0.195 tok_atk 0.164 tok_ab 0.142 (n 2172)
    injected:deck:TRIGGER:c6+    mse 0.3287 sign 0.897 n    780 | aux 0.3643 life 0.200 atk 0.345 tok_atk 0.244 tok_ab 0.210 (n 554)
    injected:lock:ACTIVATE_MAIN:c0-2 mse 0.5770 sign 0.785 n   2215 | aux 0.3925 life 0.234 atk 0.230 tok_atk 0.190 tok_ab 0.163 (n 1459)
    injected:lock:ACTIVATE_MAIN:c3-5 mse 0.6206 sign 0.766 n  12186 | aux 0.3703 life 0.224 atk 0.218 tok_atk 0.178 tok_ab 0.137 (n 8560)
    injected:lock:ACTIVATE_MAIN:c6+ mse 0.5641 sign 0.778 n   3816 | aux 0.4044 life 0.276 atk 0.213 tok_atk 0.156 tok_ab 0.103 (n 2692)
    injected:lock:COUNTER:c0-2   mse 0.8144 sign 0.709 n   1729 | aux 0.3589 life 0.211 atk 0.244 tok_atk 0.175 tok_ab 0.146 (n 1230)
    injected:lock:COUNTER:c3-5   mse 0.6209 sign 0.773 n    379 | aux 0.3430 life 0.253 atk 0.266 tok_atk 0.180 tok_ab 0.157 (n 270)
    injected:lock:EVENT:c0-2     mse 0.5110 sign 0.816 n  10647 | aux 0.4158 life 0.218 atk 0.219 tok_atk 0.177 tok_ab 0.133 (n 7545)
    injected:lock:EVENT:c3-5     mse 0.5546 sign 0.805 n   4857 | aux 0.3763 life 0.228 atk 0.234 tok_atk 0.179 tok_ab 0.122 (n 3414)
    injected:lock:ON_ATTACK:c0-2 mse 0.4137 sign 0.840 n   1736 | aux 0.4256 life 0.177 atk 0.225 tok_atk 0.143 tok_ab 0.094 (n 1202)
    injected:lock:ON_ATTACK:c3-5 mse 0.4996 sign 0.816 n   7807 | aux 0.3838 life 0.217 atk 0.208 tok_atk 0.154 tok_ab 0.127 (n 5493)
    injected:lock:ON_ATTACK:c6+  mse 0.5143 sign 0.816 n    326 | aux 0.3068 life 0.237 atk 0.253 tok_atk 0.111 tok_ab 0.074 (n 210)
    injected:lock:ON_PLAY:c0-2   mse 0.6969 sign 0.740 n    894 | aux 0.4509 life 0.196 atk 0.182 tok_atk 0.144 tok_ab 0.131 (n 629)
    injected:lock:ON_PLAY:c3-5   mse 0.5637 sign 0.800 n  10085 | aux 0.4214 life 0.212 atk 0.214 tok_atk 0.175 tok_ab 0.119 (n 7082)
    injected:lock:ON_PLAY:c6+    mse 0.4918 sign 0.816 n   5540 | aux 0.3951 life 0.192 atk 0.216 tok_atk 0.179 tok_ab 0.117 (n 3907)
    injected:lock:OTHER:c0-2     mse 0.4831 sign 0.791 n    441 | aux 0.3185 life 0.188 atk 0.165 tok_atk 0.168 tok_ab 0.144 (n 309)
    injected:lock:OTHER:c3-5     mse 0.6512 sign 0.765 n   2166 | aux 0.3532 life 0.192 atk 0.185 tok_atk 0.157 tok_ab 0.129 (n 1445)
    injected:lock:OTHER:c6+      mse 0.6441 sign 0.754 n    894 | aux 0.3478 life 0.220 atk 0.196 tok_atk 0.151 tok_ab 0.069 (n 588)
    injected:lock:TRIGGER:c0-2   mse 0.6280 sign 0.765 n   5834 | aux 0.3940 life 0.203 atk 0.217 tok_atk 0.181 tok_ab 0.122 (n 4128)
    injected:lock:TRIGGER:c3-5   mse 0.5799 sign 0.792 n   5685 | aux 0.3609 life 0.224 atk 0.231 tok_atk 0.185 tok_ab 0.129 (n 4007)
    injected:lock:TRIGGER:c6+    mse 0.5909 sign 0.787 n   1577 | aux 0.3701 life 0.221 atk 0.255 tok_atk 0.223 tok_ab 0.133 (n 1069)
    injected:reduce:ACTIVATE_MAIN:c0-2 mse 0.4243 sign 0.847 n   9622 | aux 0.3809 life 0.214 atk 0.222 tok_atk 0.175 tok_ab 0.136 (n 6884)
    injected:reduce:ACTIVATE_MAIN:c3-5 mse 0.5304 sign 0.815 n   5037 | aux 0.3579 life 0.192 atk 0.204 tok_atk 0.171 tok_ab 0.135 (n 3546)
    injected:reduce:ACTIVATE_MAIN:c6+ mse 0.4863 sign 0.809 n    763 | aux 0.4448 life 0.212 atk 0.249 tok_atk 0.152 tok_ab 0.169 (n 522)
    injected:reduce:COUNTER:c0-2 mse 0.5422 sign 0.804 n   4468 | aux 0.3859 life 0.195 atk 0.203 tok_atk 0.148 tok_ab 0.132 (n 3124)
    injected:reduce:COUNTER:c3-5 mse 0.4093 sign 0.845 n   1932 | aux 0.3411 life 0.184 atk 0.241 tok_atk 0.164 tok_ab 0.094 (n 1412)
    injected:reduce:EVENT:c0-2   mse 0.4820 sign 0.827 n  14696 | aux 0.3991 life 0.199 atk 0.199 tok_atk 0.163 tok_ab 0.130 (n 10242)
    injected:reduce:EVENT:c3-5   mse 0.4419 sign 0.831 n   3872 | aux 0.3617 life 0.210 atk 0.222 tok_atk 0.178 tok_ab 0.119 (n 2901)
    injected:reduce:EVENT:c6+    mse 0.3170 sign 0.904 n   1034 | aux 0.3179 life 0.149 atk 0.147 tok_atk 0.148 tok_ab 0.071 (n 733)
    injected:reduce:ON_ATTACK:c0-2 mse 0.6333 sign 0.762 n   5034 | aux 0.3724 life 0.213 atk 0.196 tok_atk 0.162 tok_ab 0.126 (n 3538)
    injected:reduce:ON_ATTACK:c3-5 mse 0.5646 sign 0.796 n  10332 | aux 0.4149 life 0.214 atk 0.207 tok_atk 0.169 tok_ab 0.133 (n 7261)
    injected:reduce:ON_ATTACK:c6+ mse 0.5220 sign 0.807 n   3986 | aux 0.3947 life 0.208 atk 0.210 tok_atk 0.169 tok_ab 0.131 (n 2730)
    injected:reduce:ON_PLAY:c0-2 mse 0.4214 sign 0.834 n   2290 | aux 0.3652 life 0.180 atk 0.247 tok_atk 0.192 tok_ab 0.125 (n 1603)
    injected:reduce:ON_PLAY:c3-5 mse 0.5510 sign 0.804 n   2540 | aux 0.4088 life 0.177 atk 0.242 tok_atk 0.185 tok_ab 0.133 (n 1769)
    injected:reduce:ON_PLAY:c6+  mse 0.6916 sign 0.745 n    870 | aux 0.3943 life 0.250 atk 0.256 tok_atk 0.177 tok_ab 0.084 (n 625)
    injected:reduce:OTHER:c0-2   mse 0.6103 sign 0.784 n   1438 | aux 0.4508 life 0.280 atk 0.230 tok_atk 0.157 tok_ab 0.094 (n 961)
    injected:reduce:OTHER:c6+    mse 0.6106 sign 0.772 n   1418 | aux 0.3897 life 0.214 atk 0.182 tok_atk 0.165 tok_ab 0.149 (n 977)
    injected:reduce:TRIGGER:c0-2 mse 0.5201 sign 0.815 n   4598 | aux 0.3323 life 0.193 atk 0.202 tok_atk 0.159 tok_ab 0.120 (n 3103)
    injected:reduce:TRIGGER:c3-5 mse 0.5668 sign 0.802 n   1789 | aux 0.3473 life 0.205 atk 0.238 tok_atk 0.174 tok_ab 0.140 (n 1249)
    injected:reduce:TRIGGER:c6+  mse 0.1054 sign 0.982 n    325 | aux 0.3545 life 0.226 atk 0.171 tok_atk 0.137 tok_ab 0.112 (n 245)
    injected:trash:ACTIVATE_MAIN:c3-5 mse 0.6462 sign 0.747 n    561 | aux 0.4320 life 0.212 atk 0.300 tok_atk 0.182 tok_ab 0.128 (n 402)
    injected:trash:ACTIVATE_MAIN:c6+ mse 0.5725 sign 0.799 n   2390 | aux 0.5103 life 0.185 atk 0.192 tok_atk 0.177 tok_ab 0.140 (n 1668)
    injected:trash:ON_ATTACK:c3-5 mse 0.7283 sign 0.721 n   3048 | aux 0.4559 life 0.226 atk 0.192 tok_atk 0.166 tok_ab 0.135 (n 2182)
    injected:trash:ON_PLAY:c6+   mse 0.7291 sign 0.726 n   1981 | aux 0.4582 life 0.222 atk 0.199 tok_atk 0.168 tok_ab 0.120 (n 1456)
    colors:BLACK                 mse 0.5302 sign 0.806 n  32999 | aux 0.4394 life 0.219 atk 0.203 tok_atk 0.165 tok_ab 0.133 (n 23273)
    colors:BLUE                  mse 0.4791 sign 0.828 n  38348 | aux 0.3862 life 0.213 atk 0.212 tok_atk 0.164 tok_ab 0.135 (n 27276)
    colors:GREEN                 mse 0.5767 sign 0.786 n  33255 | aux 0.4144 life 0.209 atk 0.211 tok_atk 0.172 tok_ab 0.127 (n 23063)
    colors:PURPLE                mse 0.5149 sign 0.814 n  32312 | aux 0.3770 life 0.212 atk 0.213 tok_atk 0.164 tok_ab 0.136 (n 22654)
    colors:RED                   mse 0.5066 sign 0.816 n  39943 | aux 0.3502 life 0.198 atk 0.204 tok_atk 0.169 tok_ab 0.131 (n 28089)
    colors:YELLOW                mse 0.5745 sign 0.787 n  29181 | aux 0.3675 life 0.219 atk 0.240 tok_atk 0.184 tok_ab 0.135 (n 20415)
    after_removal                mse 0.6217 sign 0.777 n   3806 | aux 0.4262 life 0.233 atk 0.250 tok_atk 0.212 tok_ab 0.133 (n 3130)
    not_removal                  mse 0.5170 sign 0.812 n 135576 | aux 0.3849 life 0.213 atk 0.214 tok_atk 0.169 tok_ab 0.133 (n 94457)
  475s
  → /root/band_r4ab.json
N_REL_BAND {"rows": 139382, "src": ["/root/n29_wave/w01/n_records/n29_w01", "/root/n29_wave/w02/n_records/n29_w02", "/root/n29_wave/w03/n_records/n29_w03", "/root/n29_wave/w05/n_records/n29_w05", "/root/n29_wave/w06/n_records/n29_w06", "/root/n29_wave/w07/n_records/n29_w07", "/root/n29_wave/w08/n_records/n29_w08", "/root/n29_wave/w09/n_records/n29_w09", "/root/n29_wave/w10/n_records/n29_w10", "/root/n29_wave/w11/n_records/n29_w11", "/root/n29_wave/w12/n_records/n29_w12", "/root/n29_wave/w14/n_records/n29_w14", "/root/n29_wave/w15/n_records/n29_w15", "/root/n29_wave/w16/n_records/n29_w16"], "out": "/root/band_r4ab.json", "buckets": 95, "nets": {"nrel_r3.npz": {"v_mse": 0.532666184792196, "v_sign": 0.8042358410698656, "n": 139382}, "nrel_r4a.npz": {"v_mse": 0.5244384050857182, "v_sign": 0.808784491541232, "n": 139382, "aux": {"opp_turn_my_life_lost": 0.22068960964679718, "opp_turn_attacks": 0.243197500705719, "opp_turn_effects": 1.034102201461792, "my_turn_opp_life_lost": 0.26431018114089966, "my_turn_attacks": 0.31492316722869873, "my_turn_effects": 1.292881727218628, "next_my_board_power": 0.07076402753591537, "next_opp_board_power": 0.09584564715623856, "next_my_board_n": 0.25199925899505615, "next_opp_board_n": 0.26588860154151917, "tok_attacked": 0.19619156420230865, "tok_life_pushed": 0.030480507761240005, "tok_ability": 0.15868230164051056, "n": 97587}}, "nrel_r4b.npz": {"v_mse": 0.5198184109483005, "v_sign": 0.8105565998479, "n": 139382, "aux": {"opp_turn_my_life_lost": 0.21316087245941162, "opp_turn_attacks": 0.21507228910923004, "opp_turn_effects": 1.0143990516662598, "my_turn_opp_life_lost": 0.25715306401252747, "my_turn_attacks": 0.29192715883255005, "my_turn_effects": 1.2742027044296265, "next_my_board_power": 0.06423453241586685, "next_opp_board_power": 0.08442492038011551, "next_my_board_n": 0.22448447346687317, "next_opp_board_n": 0.22366753220558167, "tok_attacked": 0.17000766098499298, "tok_life_pushed": 0.030188653618097305, "tok_ability": 0.1333947479724884, "n": 97587}}}}
