holdout 行 139382（seed%7==0・16s）
  nrel_r3.npz
    all                          mse 0.5327 sign 0.804 n 139382
    turn1-4                      mse 0.7723 sign 0.707 n  17646
    turn5-8                      mse 0.6427 sign 0.763 n  43438
    turn9-99                     mse 0.4074 sign 0.853 n  76380
    injected:KO:ACTIVATE_MAIN:c0-2 mse 0.4205 sign 0.856 n   2276
    injected:KO:ACTIVATE_MAIN:c3-5 mse 0.5288 sign 0.802 n   5427
    injected:KO:ACTIVATE_MAIN:c6+ mse 0.4741 sign 0.839 n   2779
    injected:KO:COUNTER:c0-2     mse 0.2663 sign 0.896 n   1707
    injected:KO:COUNTER:c3-5     mse 0.2983 sign 0.888 n   1107
    injected:KO:EVENT:c0-2       mse 0.6047 sign 0.781 n   8643
    injected:KO:EVENT:c3-5       mse 0.5536 sign 0.792 n  14451
    injected:KO:EVENT:c6+        mse 0.4835 sign 0.828 n   2633
    injected:KO:ON_ATTACK:c0-2   mse 0.6769 sign 0.727 n   1845
    injected:KO:ON_ATTACK:c3-5   mse 0.5356 sign 0.805 n  10262
    injected:KO:ON_ATTACK:c6+    mse 0.3911 sign 0.868 n   1495
    injected:KO:ON_PLAY:c3-5     mse 0.6113 sign 0.772 n   9928
    injected:KO:ON_PLAY:c6+      mse 0.5624 sign 0.785 n   1331
    injected:KO:OTHER:c3-5       mse 0.4261 sign 0.850 n   2209
    injected:KO:TRIGGER:c0-2     mse 0.4986 sign 0.818 n  11800
    injected:KO:TRIGGER:c3-5     mse 0.4864 sign 0.820 n  11216
    injected:KO:TRIGGER:c6+      mse 0.2747 sign 0.917 n   1504
    injected:bounce:COUNTER:c0-2 mse 0.4311 sign 0.864 n    686
    injected:bounce:EVENT:c0-2   mse 0.3731 sign 0.867 n   1363
    injected:bounce:EVENT:c3-5   mse 0.5046 sign 0.817 n   4068
    injected:bounce:ON_ATTACK:c0-2 mse 0.6089 sign 0.775 n   2583
    injected:bounce:ON_ATTACK:c3-5 mse 0.5124 sign 0.812 n   3518
    injected:bounce:ON_PLAY:c0-2 mse 0.7634 sign 0.709 n   1243
    injected:bounce:ON_PLAY:c3-5 mse 0.5066 sign 0.818 n   4569
    injected:bounce:ON_PLAY:c6+  mse 0.3084 sign 0.914 n   1623
    injected:bounce:OTHER:c0-2   mse 0.6588 sign 0.703 n    411
    injected:bounce:OTHER:c3-5   mse 0.4889 sign 0.817 n   3401
    injected:bounce:TRIGGER:c0-2 mse 0.5928 sign 0.799 n   1072
    injected:deck:ACTIVATE_MAIN:c3-5 mse 0.3912 sign 0.884 n    525
    injected:deck:COUNTER:c0-2   mse 0.8809 sign 0.624 n    647
    injected:deck:EVENT:c0-2     mse 0.5272 sign 0.806 n   6225
    injected:deck:EVENT:c3-5     mse 0.5602 sign 0.798 n   5921
    injected:deck:ON_ATTACK:c0-2 mse 0.5207 sign 0.806 n   2442
    injected:deck:ON_ATTACK:c3-5 mse 0.5104 sign 0.805 n   1490
    injected:deck:ON_PLAY:c0-2   mse 0.4034 sign 0.859 n   1386
    injected:deck:ON_PLAY:c3-5   mse 0.5122 sign 0.804 n   5851
    injected:deck:ON_PLAY:c6+    mse 0.5200 sign 0.814 n   2998
    injected:deck:OTHER:c3-5     mse 0.5235 sign 0.800 n    710
    injected:deck:OTHER:c6+      mse 0.4092 sign 0.834 n    692
    injected:deck:TRIGGER:c3-5   mse 0.6773 sign 0.764 n   3088
    injected:deck:TRIGGER:c6+    mse 0.3622 sign 0.897 n    780
    injected:lock:ACTIVATE_MAIN:c0-2 mse 0.6162 sign 0.770 n   2215
    injected:lock:ACTIVATE_MAIN:c3-5 mse 0.5979 sign 0.780 n  12186
    injected:lock:ACTIVATE_MAIN:c6+ mse 0.6306 sign 0.757 n   3816
    injected:lock:COUNTER:c0-2   mse 0.7698 sign 0.719 n   1729
    injected:lock:COUNTER:c3-5   mse 0.4707 sign 0.799 n    379
    injected:lock:EVENT:c0-2     mse 0.5041 sign 0.819 n  10647
    injected:lock:EVENT:c3-5     mse 0.5881 sign 0.790 n   4857
    injected:lock:ON_ATTACK:c0-2 mse 0.4263 sign 0.854 n   1736
    injected:lock:ON_ATTACK:c3-5 mse 0.5360 sign 0.806 n   7807
    injected:lock:ON_ATTACK:c6+  mse 0.4977 sign 0.807 n    326
    injected:lock:ON_PLAY:c0-2   mse 0.6037 sign 0.752 n    894
    injected:lock:ON_PLAY:c3-5   mse 0.5743 sign 0.791 n  10085
    injected:lock:ON_PLAY:c6+    mse 0.5435 sign 0.800 n   5540
    injected:lock:OTHER:c0-2     mse 0.5724 sign 0.714 n    441
    injected:lock:OTHER:c3-5     mse 0.6373 sign 0.768 n   2166
    injected:lock:OTHER:c6+      mse 0.5987 sign 0.749 n    894
    injected:lock:TRIGGER:c0-2   mse 0.6111 sign 0.773 n   5834
    injected:lock:TRIGGER:c3-5   mse 0.5893 sign 0.792 n   5685
    injected:lock:TRIGGER:c6+    mse 0.6228 sign 0.785 n   1577
    injected:reduce:ACTIVATE_MAIN:c0-2 mse 0.4261 sign 0.847 n   9622
    injected:reduce:ACTIVATE_MAIN:c3-5 mse 0.5444 sign 0.810 n   5037
    injected:reduce:ACTIVATE_MAIN:c6+ mse 0.5379 sign 0.776 n    763
    injected:reduce:COUNTER:c0-2 mse 0.5650 sign 0.794 n   4468
    injected:reduce:COUNTER:c3-5 mse 0.4501 sign 0.818 n   1932
    injected:reduce:EVENT:c0-2   mse 0.5018 sign 0.819 n  14696
    injected:reduce:EVENT:c3-5   mse 0.4780 sign 0.814 n   3872
    injected:reduce:EVENT:c6+    mse 0.3253 sign 0.900 n   1034
    injected:reduce:ON_ATTACK:c0-2 mse 0.6650 sign 0.745 n   5034
    injected:reduce:ON_ATTACK:c3-5 mse 0.5627 sign 0.795 n  10332
    injected:reduce:ON_ATTACK:c6+ mse 0.5020 sign 0.829 n   3986
    injected:reduce:ON_PLAY:c0-2 mse 0.4475 sign 0.831 n   2290
    injected:reduce:ON_PLAY:c3-5 mse 0.5479 sign 0.796 n   2540
    injected:reduce:ON_PLAY:c6+  mse 0.6230 sign 0.791 n    870
    injected:reduce:OTHER:c0-2   mse 0.6508 sign 0.782 n   1438
    injected:reduce:OTHER:c6+    mse 0.6045 sign 0.774 n   1418
    injected:reduce:TRIGGER:c0-2 mse 0.4926 sign 0.824 n   4598
    injected:reduce:TRIGGER:c3-5 mse 0.5237 sign 0.813 n   1789
    injected:reduce:TRIGGER:c6+  mse 0.1350 sign 0.960 n    325
    injected:trash:ACTIVATE_MAIN:c3-5 mse 0.7033 sign 0.684 n    561
    injected:trash:ACTIVATE_MAIN:c6+ mse 0.5368 sign 0.818 n   2390
    injected:trash:ON_ATTACK:c3-5 mse 0.6954 sign 0.742 n   3048
    injected:trash:ON_PLAY:c6+   mse 0.7606 sign 0.714 n   1981
    colors:BLACK                 mse 0.5448 sign 0.803 n  32999
    colors:BLUE                  mse 0.4997 sign 0.818 n  38348
    colors:GREEN                 mse 0.5821 sign 0.784 n  33255
    colors:PURPLE                mse 0.5292 sign 0.808 n  32312
    colors:RED                   mse 0.5140 sign 0.809 n  39943
    colors:YELLOW                mse 0.5829 sign 0.781 n  29181
    after_removal                mse 0.6244 sign 0.770 n   3806
    not_removal                  mse 0.5301 sign 0.805 n 135576
  nrel_r4z.npz
    all                          mse 0.5419 sign 0.803 n 139382 | aux 0.3938 life 0.218 atk 0.228 tok_atk 0.172 tok_ab 0.135 (n 97587)
    turn1-4                      mse 0.7666 sign 0.712 n  17646 | aux 0.2862 life 0.122 atk 0.143 tok_atk 0.119 tok_ab 0.092 (n 17646)
    turn5-8                      mse 0.6498 sign 0.765 n  43438 | aux 0.4048 life 0.228 atk 0.230 tok_atk 0.163 tok_ab 0.139 (n 41764)
    turn9-99                     mse 0.4215 sign 0.848 n  76380 | aux 0.4444 life 0.263 atk 0.278 tok_atk 0.209 tok_ab 0.156 (n 36259)
    injected:KO:ACTIVATE_MAIN:c0-2 mse 0.5266 sign 0.828 n   2276 | aux 0.3632 life 0.204 atk 0.242 tok_atk 0.184 tok_ab 0.170 (n 1525)
    injected:KO:ACTIVATE_MAIN:c3-5 mse 0.5446 sign 0.799 n   5427 | aux 0.3844 life 0.218 atk 0.240 tok_atk 0.184 tok_ab 0.128 (n 3836)
    injected:KO:ACTIVATE_MAIN:c6+ mse 0.5641 sign 0.796 n   2779 | aux 0.3736 life 0.226 atk 0.202 tok_atk 0.168 tok_ab 0.177 (n 1932)
    injected:KO:COUNTER:c0-2     mse 0.3400 sign 0.856 n   1707 | aux 0.5106 life 0.212 atk 0.269 tok_atk 0.175 tok_ab 0.133 (n 1222)
    injected:KO:COUNTER:c3-5     mse 0.3953 sign 0.867 n   1107 | aux 0.3334 life 0.238 atk 0.201 tok_atk 0.172 tok_ab 0.156 (n 797)
    injected:KO:EVENT:c0-2       mse 0.5927 sign 0.791 n   8643 | aux 0.3795 life 0.219 atk 0.230 tok_atk 0.174 tok_ab 0.134 (n 6138)
    injected:KO:EVENT:c3-5       mse 0.5508 sign 0.793 n  14451 | aux 0.3794 life 0.212 atk 0.218 tok_atk 0.180 tok_ab 0.128 (n 10290)
    injected:KO:EVENT:c6+        mse 0.4077 sign 0.839 n   2633 | aux 0.3380 life 0.179 atk 0.207 tok_atk 0.167 tok_ab 0.095 (n 1802)
    injected:KO:ON_ATTACK:c0-2   mse 0.7265 sign 0.719 n   1845 | aux 0.3781 life 0.186 atk 0.191 tok_atk 0.163 tok_ab 0.157 (n 1218)
    injected:KO:ON_ATTACK:c3-5   mse 0.5531 sign 0.794 n  10262 | aux 0.4018 life 0.199 atk 0.231 tok_atk 0.164 tok_ab 0.138 (n 6984)
    injected:KO:ON_ATTACK:c6+    mse 0.4317 sign 0.837 n   1495 | aux 0.3857 life 0.182 atk 0.227 tok_atk 0.171 tok_ab 0.131 (n 1014)
    injected:KO:ON_PLAY:c3-5     mse 0.5913 sign 0.784 n   9928 | aux 0.3700 life 0.196 atk 0.224 tok_atk 0.163 tok_ab 0.124 (n 6653)
    injected:KO:ON_PLAY:c6+      mse 0.5262 sign 0.790 n   1331 | aux 0.3590 life 0.195 atk 0.287 tok_atk 0.207 tok_ab 0.097 (n 939)
    injected:KO:OTHER:c3-5       mse 0.3717 sign 0.862 n   2209 | aux 0.3753 life 0.193 atk 0.183 tok_atk 0.132 tok_ab 0.137 (n 1584)
    injected:KO:TRIGGER:c0-2     mse 0.4833 sign 0.824 n  11800 | aux 0.4084 life 0.218 atk 0.231 tok_atk 0.173 tok_ab 0.126 (n 8326)
    injected:KO:TRIGGER:c3-5     mse 0.4806 sign 0.825 n  11216 | aux 0.3720 life 0.223 atk 0.221 tok_atk 0.184 tok_ab 0.128 (n 8074)
    injected:KO:TRIGGER:c6+      mse 0.2624 sign 0.912 n   1504 | aux 0.3354 life 0.190 atk 0.213 tok_atk 0.168 tok_ab 0.088 (n 995)
    injected:bounce:COUNTER:c0-2 mse 0.5420 sign 0.808 n    686 | aux 0.3299 life 0.246 atk 0.293 tok_atk 0.188 tok_ab 0.164 (n 502)
    injected:bounce:EVENT:c0-2   mse 0.3102 sign 0.894 n   1363 | aux 0.4938 life 0.161 atk 0.172 tok_atk 0.130 tok_ab 0.181 (n 987)
    injected:bounce:EVENT:c3-5   mse 0.5060 sign 0.817 n   4068 | aux 0.3899 life 0.220 atk 0.238 tok_atk 0.173 tok_ab 0.142 (n 2994)
    injected:bounce:ON_ATTACK:c0-2 mse 0.5747 sign 0.791 n   2583 | aux 0.4288 life 0.222 atk 0.230 tok_atk 0.184 tok_ab 0.140 (n 1837)
    injected:bounce:ON_ATTACK:c3-5 mse 0.5506 sign 0.800 n   3518 | aux 0.3740 life 0.214 atk 0.221 tok_atk 0.172 tok_ab 0.134 (n 2507)
    injected:bounce:ON_PLAY:c0-2 mse 0.7907 sign 0.692 n   1243 | aux 0.3828 life 0.230 atk 0.202 tok_atk 0.179 tok_ab 0.130 (n 886)
    injected:bounce:ON_PLAY:c3-5 mse 0.4904 sign 0.824 n   4569 | aux 0.3654 life 0.211 atk 0.208 tok_atk 0.166 tok_ab 0.107 (n 3189)
    injected:bounce:ON_PLAY:c6+  mse 0.3020 sign 0.913 n   1623 | aux 0.4000 life 0.252 atk 0.242 tok_atk 0.182 tok_ab 0.126 (n 1193)
    injected:bounce:OTHER:c0-2   mse 0.4954 sign 0.818 n    411 | aux 0.5775 life 0.255 atk 0.230 tok_atk 0.168 tok_ab 0.233 (n 322)
    injected:bounce:OTHER:c3-5   mse 0.5533 sign 0.795 n   3401 | aux 0.4007 life 0.225 atk 0.216 tok_atk 0.175 tok_ab 0.118 (n 2408)
    injected:bounce:TRIGGER:c0-2 mse 0.5103 sign 0.819 n   1072 | aux 0.3836 life 0.228 atk 0.242 tok_atk 0.160 tok_ab 0.142 (n 834)
    injected:deck:ACTIVATE_MAIN:c3-5 mse 0.5136 sign 0.829 n    525 | aux 0.4228 life 0.286 atk 0.214 tok_atk 0.165 tok_ab 0.108 (n 358)
    injected:deck:COUNTER:c0-2   mse 0.8695 sign 0.655 n    647 | aux 0.4305 life 0.228 atk 0.246 tok_atk 0.217 tok_ab 0.129 (n 485)
    injected:deck:EVENT:c0-2     mse 0.4921 sign 0.822 n   6225 | aux 0.4068 life 0.233 atk 0.234 tok_atk 0.171 tok_ab 0.140 (n 4443)
    injected:deck:EVENT:c3-5     mse 0.5198 sign 0.801 n   5921 | aux 0.4074 life 0.215 atk 0.213 tok_atk 0.160 tok_ab 0.149 (n 4286)
    injected:deck:ON_ATTACK:c0-2 mse 0.5960 sign 0.786 n   2442 | aux 0.3817 life 0.197 atk 0.217 tok_atk 0.163 tok_ab 0.167 (n 1752)
    injected:deck:ON_ATTACK:c3-5 mse 0.6060 sign 0.787 n   1490 | aux 0.4171 life 0.220 atk 0.202 tok_atk 0.181 tok_ab 0.130 (n 1052)
    injected:deck:ON_PLAY:c0-2   mse 0.4080 sign 0.847 n   1386 | aux 0.3945 life 0.234 atk 0.306 tok_atk 0.190 tok_ab 0.123 (n 985)
    injected:deck:ON_PLAY:c3-5   mse 0.5595 sign 0.795 n   5851 | aux 0.3538 life 0.217 atk 0.246 tok_atk 0.170 tok_ab 0.133 (n 4184)
    injected:deck:ON_PLAY:c6+    mse 0.4661 sign 0.835 n   2998 | aux 0.4329 life 0.212 atk 0.235 tok_atk 0.154 tok_ab 0.144 (n 2086)
    injected:deck:OTHER:c3-5     mse 0.3788 sign 0.855 n    710 | aux 0.3881 life 0.170 atk 0.214 tok_atk 0.163 tok_ab 0.126 (n 458)
    injected:deck:OTHER:c6+      mse 0.3928 sign 0.844 n    692 | aux 0.3298 life 0.223 atk 0.197 tok_atk 0.160 tok_ab 0.207 (n 549)
    injected:deck:TRIGGER:c3-5   mse 0.5670 sign 0.786 n   3088 | aux 0.4104 life 0.195 atk 0.226 tok_atk 0.166 tok_ab 0.141 (n 2172)
    injected:deck:TRIGGER:c6+    mse 0.3670 sign 0.891 n    780 | aux 0.3683 life 0.208 atk 0.356 tok_atk 0.249 tok_ab 0.195 (n 554)
    injected:lock:ACTIVATE_MAIN:c0-2 mse 0.5750 sign 0.779 n   2215 | aux 0.3966 life 0.239 atk 0.253 tok_atk 0.190 tok_ab 0.159 (n 1459)
    injected:lock:ACTIVATE_MAIN:c3-5 mse 0.6489 sign 0.762 n  12186 | aux 0.3791 life 0.231 atk 0.236 tok_atk 0.180 tok_ab 0.140 (n 8560)
    injected:lock:ACTIVATE_MAIN:c6+ mse 0.5551 sign 0.787 n   3816 | aux 0.4148 life 0.279 atk 0.240 tok_atk 0.160 tok_ab 0.104 (n 2692)
    injected:lock:COUNTER:c0-2   mse 0.7531 sign 0.730 n   1729 | aux 0.3625 life 0.201 atk 0.243 tok_atk 0.180 tok_ab 0.145 (n 1230)
    injected:lock:COUNTER:c3-5   mse 0.7593 sign 0.715 n    379 | aux 0.3401 life 0.243 atk 0.248 tok_atk 0.183 tok_ab 0.166 (n 270)
    injected:lock:EVENT:c0-2     mse 0.5280 sign 0.820 n  10647 | aux 0.4223 life 0.222 atk 0.229 tok_atk 0.180 tok_ab 0.135 (n 7545)
    injected:lock:EVENT:c3-5     mse 0.6186 sign 0.773 n   4857 | aux 0.3886 life 0.236 atk 0.252 tok_atk 0.180 tok_ab 0.128 (n 3414)
    injected:lock:ON_ATTACK:c0-2 mse 0.5803 sign 0.768 n   1736 | aux 0.4329 life 0.183 atk 0.253 tok_atk 0.143 tok_ab 0.098 (n 1202)
    injected:lock:ON_ATTACK:c3-5 mse 0.5180 sign 0.812 n   7807 | aux 0.3901 life 0.216 atk 0.224 tok_atk 0.157 tok_ab 0.129 (n 5493)
    injected:lock:ON_ATTACK:c6+  mse 0.4695 sign 0.828 n    326 | aux 0.3040 life 0.240 atk 0.215 tok_atk 0.119 tok_ab 0.085 (n 210)
    injected:lock:ON_PLAY:c0-2   mse 0.7364 sign 0.718 n    894 | aux 0.4673 life 0.185 atk 0.222 tok_atk 0.151 tok_ab 0.126 (n 629)
    injected:lock:ON_PLAY:c3-5   mse 0.5863 sign 0.794 n  10085 | aux 0.4300 life 0.219 atk 0.237 tok_atk 0.176 tok_ab 0.122 (n 7082)
    injected:lock:ON_PLAY:c6+    mse 0.5309 sign 0.802 n   5540 | aux 0.4035 life 0.197 atk 0.240 tok_atk 0.176 tok_ab 0.117 (n 3907)
    injected:lock:OTHER:c0-2     mse 0.5780 sign 0.748 n    441 | aux 0.3207 life 0.178 atk 0.168 tok_atk 0.179 tok_ab 0.147 (n 309)
    injected:lock:OTHER:c3-5     mse 0.6904 sign 0.752 n   2166 | aux 0.3574 life 0.198 atk 0.204 tok_atk 0.159 tok_ab 0.127 (n 1445)
    injected:lock:OTHER:c6+      mse 0.6827 sign 0.747 n    894 | aux 0.3499 life 0.213 atk 0.230 tok_atk 0.156 tok_ab 0.071 (n 588)
    injected:lock:TRIGGER:c0-2   mse 0.6588 sign 0.762 n   5834 | aux 0.4025 life 0.208 atk 0.228 tok_atk 0.184 tok_ab 0.127 (n 4128)
    injected:lock:TRIGGER:c3-5   mse 0.5898 sign 0.789 n   5685 | aux 0.3672 life 0.233 atk 0.241 tok_atk 0.186 tok_ab 0.132 (n 4007)
    injected:lock:TRIGGER:c6+    mse 0.6121 sign 0.784 n   1577 | aux 0.3844 life 0.219 atk 0.289 tok_atk 0.222 tok_ab 0.143 (n 1069)
    injected:reduce:ACTIVATE_MAIN:c0-2 mse 0.4322 sign 0.843 n   9622 | aux 0.3871 life 0.221 atk 0.238 tok_atk 0.176 tok_ab 0.133 (n 6884)
    injected:reduce:ACTIVATE_MAIN:c3-5 mse 0.5235 sign 0.816 n   5037 | aux 0.3646 life 0.194 atk 0.215 tok_atk 0.172 tok_ab 0.138 (n 3546)
    injected:reduce:ACTIVATE_MAIN:c6+ mse 0.4627 sign 0.823 n    763 | aux 0.4528 life 0.213 atk 0.252 tok_atk 0.150 tok_ab 0.173 (n 522)
    injected:reduce:COUNTER:c0-2 mse 0.5581 sign 0.785 n   4468 | aux 0.3923 life 0.194 atk 0.207 tok_atk 0.149 tok_ab 0.136 (n 3124)
    injected:reduce:COUNTER:c3-5 mse 0.3805 sign 0.856 n   1932 | aux 0.3476 life 0.192 atk 0.216 tok_atk 0.166 tok_ab 0.093 (n 1412)
    injected:reduce:EVENT:c0-2   mse 0.4907 sign 0.818 n  14696 | aux 0.4075 life 0.203 atk 0.217 tok_atk 0.165 tok_ab 0.133 (n 10242)
    injected:reduce:EVENT:c3-5   mse 0.4225 sign 0.840 n   3872 | aux 0.3697 life 0.216 atk 0.210 tok_atk 0.180 tok_ab 0.119 (n 2901)
    injected:reduce:EVENT:c6+    mse 0.3110 sign 0.894 n   1034 | aux 0.3308 life 0.157 atk 0.161 tok_atk 0.148 tok_ab 0.069 (n 733)
    injected:reduce:ON_ATTACK:c0-2 mse 0.6545 sign 0.755 n   5034 | aux 0.3754 life 0.217 atk 0.215 tok_atk 0.166 tok_ab 0.127 (n 3538)
    injected:reduce:ON_ATTACK:c3-5 mse 0.6074 sign 0.780 n  10332 | aux 0.4211 life 0.218 atk 0.207 tok_atk 0.171 tok_ab 0.133 (n 7261)
    injected:reduce:ON_ATTACK:c6+ mse 0.5790 sign 0.797 n   3986 | aux 0.4027 life 0.214 atk 0.212 tok_atk 0.177 tok_ab 0.134 (n 2730)
    injected:reduce:ON_PLAY:c0-2 mse 0.4614 sign 0.823 n   2290 | aux 0.3748 life 0.188 atk 0.265 tok_atk 0.195 tok_ab 0.129 (n 1603)
    injected:reduce:ON_PLAY:c3-5 mse 0.5560 sign 0.804 n   2540 | aux 0.4182 life 0.188 atk 0.241 tok_atk 0.190 tok_ab 0.134 (n 1769)
    injected:reduce:ON_PLAY:c6+  mse 0.6637 sign 0.761 n    870 | aux 0.3960 life 0.265 atk 0.282 tok_atk 0.182 tok_ab 0.088 (n 625)
    injected:reduce:OTHER:c0-2   mse 0.6226 sign 0.790 n   1438 | aux 0.4600 life 0.275 atk 0.232 tok_atk 0.162 tok_ab 0.096 (n 961)
    injected:reduce:OTHER:c6+    mse 0.6843 sign 0.757 n   1418 | aux 0.4010 life 0.223 atk 0.202 tok_atk 0.168 tok_ab 0.153 (n 977)
    injected:reduce:TRIGGER:c0-2 mse 0.5463 sign 0.792 n   4598 | aux 0.3361 life 0.202 atk 0.206 tok_atk 0.159 tok_ab 0.122 (n 3103)
    injected:reduce:TRIGGER:c3-5 mse 0.5562 sign 0.813 n   1789 | aux 0.3481 life 0.213 atk 0.252 tok_atk 0.173 tok_ab 0.139 (n 1249)
    injected:reduce:TRIGGER:c6+  mse 0.1722 sign 0.932 n    325 | aux 0.3567 life 0.244 atk 0.205 tok_atk 0.139 tok_ab 0.102 (n 245)
    injected:trash:ACTIVATE_MAIN:c3-5 mse 0.5785 sign 0.777 n    561 | aux 0.4419 life 0.214 atk 0.299 tok_atk 0.195 tok_ab 0.132 (n 402)
    injected:trash:ACTIVATE_MAIN:c6+ mse 0.5972 sign 0.798 n   2390 | aux 0.5165 life 0.191 atk 0.197 tok_atk 0.182 tok_ab 0.139 (n 1668)
    injected:trash:ON_ATTACK:c3-5 mse 0.7396 sign 0.728 n   3048 | aux 0.4583 life 0.223 atk 0.195 tok_atk 0.176 tok_ab 0.134 (n 2182)
    injected:trash:ON_PLAY:c6+   mse 0.7063 sign 0.726 n   1981 | aux 0.4589 life 0.215 atk 0.193 tok_atk 0.177 tok_ab 0.121 (n 1456)
    colors:BLACK                 mse 0.5428 sign 0.804 n  32999 | aux 0.4469 life 0.223 atk 0.211 tok_atk 0.169 tok_ab 0.136 (n 23273)
    colors:BLUE                  mse 0.5088 sign 0.816 n  38348 | aux 0.3957 life 0.218 atk 0.229 tok_atk 0.166 tok_ab 0.138 (n 27276)
    colors:GREEN                 mse 0.6092 sign 0.777 n  33255 | aux 0.4227 life 0.214 atk 0.232 tok_atk 0.173 tok_ab 0.130 (n 23063)
    colors:PURPLE                mse 0.5298 sign 0.805 n  32312 | aux 0.3844 life 0.215 atk 0.227 tok_atk 0.166 tok_ab 0.138 (n 22654)
    colors:RED                   mse 0.5284 sign 0.804 n  39943 | aux 0.3577 life 0.206 atk 0.213 tok_atk 0.171 tok_ab 0.132 (n 28089)
    colors:YELLOW                mse 0.5925 sign 0.787 n  29181 | aux 0.3745 life 0.224 atk 0.250 tok_atk 0.186 tok_ab 0.137 (n 20415)
    after_removal                mse 0.6404 sign 0.767 n   3806 | aux 0.4334 life 0.236 atk 0.263 tok_atk 0.216 tok_ab 0.136 (n 3130)
    not_removal                  mse 0.5392 sign 0.804 n 135576 | aux 0.3924 life 0.217 atk 0.227 tok_atk 0.171 tok_ab 0.135 (n 94457)
  281s
  → /root/band_r4z.json
N_REL_BAND {"rows": 139382, "src": ["/root/n29_wave/w*/n_records/n29_w*"], "out": "/root/band_r4z.json", "buckets": 95, "nets": {"nrel_r3.npz": {"v_mse": 0.532666184792196, "v_sign": 0.8042358410698656, "n": 139382}, "nrel_r4z.npz": {"v_mse": 0.5419303239422799, "v_sign": 0.8028009355583935, "n": 139382, "aux": {"opp_turn_my_life_lost": 0.21776233613491058, "opp_turn_attacks": 0.22776208817958832, "opp_turn_effects": 1.023098111152649, "my_turn_opp_life_lost": 0.2603570818901062, "my_turn_attacks": 0.30255547165870667, "my_turn_effects": 1.2745559215545654, "next_my_board_power": 0.06700464338064194, "next_opp_board_power": 0.08851427584886551, "next_my_board_n": 0.23691479861736298, "next_opp_board_n": 0.23905612528324127, "tok_attacked": 0.17238247394561768, "tok_life_pushed": 0.030250243842601776, "tok_ability": 0.13508054614067078, "n": 97587}}}}
EXIT=0
