{
 "params": {
  "games": 40,
  "seed_base": 9101000,
  "sims": 160,
  "net": "default",
  "leaders": "random",
  "decks": "synth_roles",
  "all_kinds": false
 },
 "run": {
  "games": 40,
  "aborted": 0,
  "decides": 5517,
  "skipped": 2911,
  "sec_b": 397.6
 },
 "all": {
  "n": 2606,
  "errors": 0,
  "k_a_mean": 8.02,
  "k_b_mean": 8.02,
  "coverage_mean": 1.0,
  "coverage_min": 1.0,
  "coverage_p05": 1.0,
  "missing_any": 0.0,
  "missing_mean": 0.0,
  "extra_any": 0.0,
  "best_not_in_a": 0.0,
  "best_checked": 2606,
  "exhausted_a_any": 0.0,
  "don_rows": 1763,
  "don_coverage_mean": 1.0,
  "don_missing_any": 0.0
 },
 "T<=4": {
  "n": 534,
  "errors": 0,
  "k_a_mean": 3.75,
  "k_b_mean": 3.75,
  "coverage_mean": 1.0,
  "coverage_min": 1.0,
  "coverage_p05": 1.0,
  "missing_any": 0.0,
  "missing_mean": 0.0,
  "extra_any": 0.0,
  "best_not_in_a": 0.0,
  "best_checked": 534,
  "exhausted_a_any": 0.0,
  "don_rows": 193,
  "don_coverage_mean": 1.0,
  "don_missing_any": 0.0
 },
 "T5-8": {
  "n": 847,
  "errors": 0,
  "k_a_mean": 7.66,
  "k_b_mean": 7.66,
  "coverage_mean": 1.0,
  "coverage_min": 1.0,
  "coverage_p05": 1.0,
  "missing_any": 0.0,
  "missing_mean": 0.0,
  "extra_any": 0.0,
  "best_not_in_a": 0.0,
  "best_checked": 847,
  "exhausted_a_any": 0.0,
  "don_rows": 620,
  "don_coverage_mean": 1.0,
  "don_missing_any": 0.0
 },
 "T9+": {
  "n": 1225,
  "errors": 0,
  "k_a_mean": 10.14,
  "k_b_mean": 10.14,
  "coverage_mean": 1.0,
  "coverage_min": 1.0,
  "coverage_p05": 1.0,
  "missing_any": 0.0,
  "missing_mean": 0.0,
  "extra_any": 0.0,
  "best_not_in_a": 0.0,
  "best_checked": 1225,
  "exhausted_a_any": 0.0,
  "don_rows": 950,
  "don_coverage_mean": 1.0,
  "don_missing_any": 0.0
 },
 "seconds": 800.9
}
