  10/640局 行1352（main 869） 棄却0 498s
  20/640局 行2693（main 1736） 棄却0 1001s
  30/640局 行4099（main 2605） 棄却0 1515s
  40/640局 行5542（main 3490） 棄却0 1915s
  50/640局 行6973（main 4378） 棄却0 2397s
  60/640局 行8425（main 5277） 棄却0 2881s
  70/640局 行9940（main 6218） 棄却0 3615s
  80/640局 行11301（main 7055） 棄却0 4003s
  90/640局 行12748（main 7991） 棄却0 4464s
  100/640局 行14112（main 8852） 棄却0 4873s
  110/640局 行15514（main 9690） 棄却0 5364s
  120/640局 行16886（main 10549） 棄却0 5750s
  130/640局 行18369（main 11483） 棄却0 6191s
  140/640局 行19792（main 12364） 棄却0 6682s
  150/640局 行21258（main 13251） 棄却0 7213s
  160/640局 行22502（main 14048） 棄却0 7702s
Process SpawnPoolWorker-4:
Traceback (most recent call last):
  File "/usr/lib/python3.11/multiprocessing/pool.py", line 131, in worker
    put((job, i, result))
  File "/usr/lib/python3.11/multiprocessing/queues.py", line 377, in put
    self._writer.send_bytes(obj)
  File "/usr/lib/python3.11/multiprocessing/connection.py", line 200, in send_bytes
    self._send_bytes(m[offset:offset + size])
  File "/usr/lib/python3.11/multiprocessing/connection.py", line 420, in _send_bytes
    self._send(header)
  File "/usr/lib/python3.11/multiprocessing/connection.py", line 384, in _send
    n = write(self._handle, buf)
        ^^^^^^^^^^^^^^^^^^^^^^^^
BrokenPipeError: [Errno 32] Broken pipe

During handling of the above exception, another exception occurred:

Traceback (most recent call last):
  File "/usr/lib/python3.11/multiprocessing/process.py", line 314, in _bootstrap
    self.run()
  File "/usr/lib/python3.11/multiprocessing/process.py", line 108, in run
    self._target(*self._args, **self._kwargs)
  File "/usr/lib/python3.11/multiprocessing/pool.py", line 136, in worker
    put((job, i, (False, wrapped)))
  File "/usr/lib/python3.11/multiprocessing/queues.py", line 377, in put
    self._writer.send_bytes(obj)
  File "/usr/lib/python3.11/multiprocessing/connection.py", line 200, in send_bytes
    self._send_bytes(m[offset:offset + size])
  File "/usr/lib/python3.11/multiprocessing/connection.py", line 420, in _send_bytes
    self._send(header)
  File "/usr/lib/python3.11/multiprocessing/connection.py", line 384, in _send
    n = write(self._handle, buf)
        ^^^^^^^^^^^^^^^^^^^^^^^^
BrokenPipeError: [Errno 32] Broken pipe
