対局 3013・自席ターン 38643・相手ターン 31070
攻め: agree 0.398  gap 0.036  gap>0.1 0.099  wr agree/disagree 0.586/0.488
  argmax {'face': 0.357, 'board': 0.294, 'mixed': 0.349}  played {'face': 0.474, 'board': 0.155, 'mixed': 0.371}
  calib face: n15289 v 0.211 z 0.200  board: n5000 v -0.200 z -0.228  mixed: n11942 v -0.011 z -0.016
  lethal_only  n   2091  V_face−V_board 0.018  argmax_face 0.743  played_face 0.684  agree 0.607  gap 0.014  wr 0.894
  threat_only  n   7247  V_face−V_board -0.011  argmax_face 0.288  played_face 0.266  agree 0.337  gap 0.031  wr 0.293
  both_lethal  n   4466  V_face−V_board 0.199  argmax_face 0.818  played_face 0.615  agree 0.589  gap 0.069  wr 0.704
  opp_hand h0-1  n   2089  V_face−V_board 0.022  argmax_face 0.376  played_face 0.459
  opp_hand h2-3  n   6077  V_face−V_board 0.032  argmax_face 0.367  played_face 0.415
  opp_hand h4+   n  30477  V_face−V_board 0.056  argmax_face 0.371  played_face 0.490
守り: agree 0.441  gap 0.031  argmax_guard 0.786  played_guard 0.398
  life1  n   2502  V_guard−V_take -0.022  argmax_guard 0.538  played_guard 0.386  wr 0.281
  life2  n   3941  V_guard−V_take 0.040  argmax_guard 0.785  played_guard 0.294  wr 0.427
  life3  n   6630  V_guard−V_take 0.051  argmax_guard 0.866  played_guard 0.343  wr 0.488
  life4  n  10048  V_guard−V_take 0.038  argmax_guard 0.812  played_guard 0.426  wr 0.498
  life5  n   6208  V_guard−V_take 0.011  argmax_guard 0.643  played_guard 0.437  wr 0.578
--- 層別（リーダー／デッキ・meta_games の seed 20603・sidecar 無しの dir 9）---
by_leader_life（5 群）
  leaderlife2            n   211 peak L4 span 0.009 | L1:-0.010  L2:0.003  L3:0.002  L4:0.011  L5:-0.008 | 両方の圏 n16 Vf-Vb 0.034 amf 0.438 pf 0.429
  leaderlife3            n   524 peak L2 span 0.026 | L1:0.048  L2:0.074  L3:0.058 | 両方の圏 n84 Vf-Vb 0.240 amf 0.893 pf 0.726
  leaderlife4            n 13137 peak L3 span 0.075 | L1:-0.020  L2:0.044  L3:0.056  L4:0.039  L5:0.041 | 両方の圏 n1878 Vf-Vb 0.220 amf 0.843 pf 0.613
  leaderlife5            n 16042 peak L3 span 0.079 | L1:-0.032  L2:0.034  L3:0.046  L4:0.038  L5:0.010 | 両方の圏 n2338 Vf-Vb 0.179 amf 0.796 pf 0.609
  leaderlife6            n   402 peak L3 span 0.030 | L1:0.017  L2:0.033  L3:0.047  L4:0.032  L5:0.025 | 両方の圏 n51 Vf-Vb 0.268 amf 0.941 pf 0.706
by_leader_n_colors（2 群）
  1color                 n 15682 peak L3 span 0.080 | L1:-0.032  L2:0.035  L3:0.048  L4:0.041  L5:0.014 | 両方の圏 n2277 Vf-Vb 0.184 amf 0.805 pf 0.615
  2color                 n 14634 peak L3 span 0.068 | L1:-0.015  L2:0.044  L3:0.053  L4:0.036  L5:-0.015 | 両方の圏 n2090 Vf-Vb 0.214 amf 0.834 pf 0.612
by_leader_colors（21 群）
  BLACK                  n  2440 peak L3 span 0.067 | L1:-0.015  L2:0.048  L3:0.053  L4:0.051  L5:0.017 | 両方の圏 n358 Vf-Vb 0.195 amf 0.804 pf 0.626
  BLACK+BLUE             n   877 peak L3 span 0.111 | L1:0.002  L2:0.025  L3:0.053  L4:0.047  L5:-0.058 | 両方の圏 n137 Vf-Vb 0.154 amf 0.701 pf 0.438
  BLACK+GREEN            n   650 peak L3 span 0.057 | L1:-0.001  L2:0.038  L3:0.057  L4:0.032 | 両方の圏 n90 Vf-Vb 0.245 amf 0.811 pf 0.589
  BLACK+PURPLE           n   573 peak L2 span 0.096 | L1:-0.033  L2:0.064  L3:0.056  L4:0.061  L5:0.036 | 両方の圏 n88 Vf-Vb 0.212 amf 0.830 pf 0.580
  BLACK+RED              n   758 peak L3 span 0.067 | L1:-0.011  L2:0.045  L3:0.056  L4:0.039  L5:0.006 | 両方の圏 n104 Vf-Vb 0.183 amf 0.817 pf 0.548
  BLACK+YELLOW           n  1253 peak L3 span 0.104 | L1:-0.034  L2:0.061  L3:0.070  L4:0.054  L5:0.057 | 両方の圏 n184 Vf-Vb 0.215 amf 0.853 pf 0.621
  BLUE                   n  3221 peak L3 span 0.079 | L1:-0.034  L2:0.034  L3:0.045  L4:0.032  L5:0.007 | 両方の圏 n458 Vf-Vb 0.181 amf 0.766 pf 0.604
  BLUE+GREEN             n   744 peak L3 span 0.042 | L1:0.005  L2:0.034  L3:0.047  L4:0.032 | 両方の圏 n98 Vf-Vb 0.283 amf 0.898 pf 0.653
  BLUE+PURPLE            n  1361 peak L3 span 0.039 | L1:0.023  L2:0.059  L3:0.062  L4:0.043  L5:0.014 | 両方の圏 n190 Vf-Vb 0.203 amf 0.795 pf 0.651
  BLUE+RED               n  1464 peak L3 span 0.098 | L1:-0.000  L2:0.040  L3:0.046  L4:0.019  L5:-0.052 | 両方の圏 n195 Vf-Vb 0.191 amf 0.769 pf 0.588
  BLUE+YELLOW            n   815 peak L3 span 0.066 | L1:-0.006  L2:0.057  L3:0.060  L4:0.040  L5:0.047 | 両方の圏 n98 Vf-Vb 0.210 amf 0.867 pf 0.673
  GREEN                  n  2470 peak L3 span 0.092 | L1:-0.041  L2:0.017  L3:0.051  L4:0.045  L5:0.024 | 両方の圏 n358 Vf-Vb 0.207 amf 0.852 pf 0.662
  GREEN+PURPLE           n   657 peak L3 span 0.084 | L1:-0.032  L2:0.046  L3:0.051  L4:0.032 | 両方の圏 n87 Vf-Vb 0.248 amf 0.931 pf 0.640
  GREEN+RED              n  1629 peak L3 span 0.119 | L1:-0.065  L2:0.035  L3:0.054  L4:0.039  L5:0.016 | 両方の圏 n227 Vf-Vb 0.283 amf 0.872 pf 0.670
  GREEN+YELLOW           n   776 peak L3 span 0.143 | L1:-0.086  L2:0.024  L3:0.057  L4:0.036  L5:-0.037 | 両方の圏 n116 Vf-Vb 0.197 amf 0.819 pf 0.629
  PURPLE                 n  2565 peak L3 span 0.059 | L1:-0.014  L2:0.043  L3:0.045  L4:0.040  L5:0.008 | 両方の圏 n378 Vf-Vb 0.156 amf 0.741 pf 0.607
  PURPLE+RED             n  1583 peak L2 span 0.047 | L1:-0.006  L2:0.041  L3:0.035  L4:0.010  L5:0.006 | 両方の圏 n235 Vf-Vb 0.193 amf 0.860 pf 0.630
  PURPLE+YELLOW          n   884 peak L3 span 0.068 | L1:-0.003  L2:0.045  L3:0.065  L4:0.040  L5:0.033 | 両方の圏 n154 Vf-Vb 0.162 amf 0.818 pf 0.601
  RED                    n  2696 peak L3 span 0.097 | L1:-0.048  L2:0.031  L3:0.049  L4:0.037  L5:0.003 | 両方の圏 n329 Vf-Vb 0.241 amf 0.906 pf 0.647
  RED+YELLOW             n   610 peak L2 span 0.041 | L1:0.001  L2:0.042  L3:0.036  L4:0.020  L5:0.016 | 両方の圏 n87 Vf-Vb 0.267 amf 0.954 pf 0.621
  YELLOW                 n  2290 peak L4 span 0.086 | L1:-0.039  L2:0.038  L3:0.046  L4:0.047  L5:0.027 | 両方の圏 n396 Vf-Vb 0.137 amf 0.783 pf 0.558
by_deck_rate（4 群）
  rate0                  n  5230 peak L3 span 0.054 | L1:-0.005  L2:0.042  L3:0.049  L4:0.041  L5:0.012 | 両方の圏 n794 Vf-Vb 0.199 amf 0.843 pf 0.655
  rate1-9                n  5119 peak L3 span 0.090 | L1:-0.038  L2:0.042  L3:0.052  L4:0.038  L5:0.010 | 両方の圏 n774 Vf-Vb 0.193 amf 0.831 pf 0.636
  rate10-19              n 10413 peak L3 span 0.068 | L1:-0.017  L2:0.039  L3:0.051  L4:0.038  L5:0.012 | 両方の圏 n1505 Vf-Vb 0.192 amf 0.798 pf 0.590
  rate20+                n 10308 peak L3 span 0.081 | L1:-0.028  L2:0.040  L3:0.053  L4:0.038  L5:0.010 | 両方の圏 n1393 Vf-Vb 0.210 amf 0.819 pf 0.607
by_deck_template（9 群）
  reduce_then_ko         n  4324 peak L3 span 0.083 | L1:-0.030  L2:0.036  L3:0.053  L4:0.037  L5:0.004 | 両方の圏 n597 Vf-Vb 0.184 amf 0.816 pf 0.604
  lock_and_attack        n  4987 peak L3 span 0.076 | L1:-0.023  L2:0.043  L3:0.053  L4:0.045  L5:0.022 | 両方の圏 n741 Vf-Vb 0.214 amf 0.833 pf 0.643
  deck_out               n  3347 peak L3 span 0.066 | L1:-0.011  L2:0.051  L3:0.055  L4:0.035  L5:0.009 | 両方の圏 n494 Vf-Vb 0.181 amf 0.763 pf 0.597
  trigger_removal        n  4354 peak L3 span 0.088 | L1:-0.038  L2:0.034  L3:0.050  L4:0.036  L5:0.010 | 両方の圏 n578 Vf-Vb 0.216 amf 0.837 pf 0.611
  on_attack_removal      n  5473 peak L3 span 0.073 | L1:-0.023  L2:0.043  L3:0.051  L4:0.038  L5:0.012 | 両方の圏 n797 Vf-Vb 0.206 amf 0.831 pf 0.606
  activate_main_removal  n  5816 peak L3 span 0.087 | L1:-0.036  L2:0.043  L3:0.051  L4:0.038  L5:0.014 | 両方の圏 n842 Vf-Vb 0.197 amf 0.811 pf 0.573
  bounce                 n  2810 peak L3 span 0.056 | L1:-0.002  L2:0.036  L3:0.054  L4:0.031  L5:-0.002 | 両方の圏 n419 Vf-Vb 0.187 amf 0.771 pf 0.601
  trash                  n  1027 peak L3 span 0.088 | L1:-0.038  L2:0.048  L3:0.050  L4:0.049  L5:0.015 | 両方の圏 n151 Vf-Vb 0.183 amf 0.768 pf 0.636
  event_removal          n  6009 peak L3 span 0.076 | L1:-0.025  L2:0.038  L3:0.051  L4:0.036  L5:0.007 | 両方の圏 n786 Vf-Vb 0.205 amf 0.833 pf 0.611
by_leader（40 群）
  OP15-039               n   342 peak L2 span 0.091 | L1:0.015  L2:0.018  L3:0.007  L4:-0.033  L5:-0.073 | 両方の圏 n54 Vf-Vb 0.191 amf 0.611 pf 0.415
  OP04-001               n   322 peak L2 span 0.068 | L1:0.006  L2:0.016  L3:0.003  L4:-0.007  L5:-0.052 | 両方の圏 n40 Vf-Vb 0.066 amf 0.575 pf 0.410
  OP10-003               n   300 peak L3 span 0.037 | L1:0.035  L2:0.045  L3:0.069  L4:0.032 | 両方の圏 n56 Vf-Vb 0.176 amf 0.946 pf 0.625
  ST03-001               n   289 peak L3 span 0.057 | L1:-0.014  L2:0.055  L3:0.064  L4:0.035  L5:0.007 | 両方の圏 n35 Vf-Vb 0.198 amf 0.686 pf 0.800
  EB03-001               n   286 peak L2 span 0.026 | L1:-0.118  L2:0.037  L3:0.036  L4:0.012 | 両方の圏 n35 Vf-Vb 0.282 amf 0.914 pf 0.714
  P-086                  n   284 peak L3 span 0.024 | L1:-0.003  L2:0.007  L3:0.010  L4:-0.014 | 両方の圏 n20 Vf-Vb 0.250 amf 0.700 pf 0.600
  OP10-002               n   275 peak L3 span 0.055 | L1:0.051  L2:0.033  L3:0.088  L4:0.055 | 両方の圏 n45 Vf-Vb 0.182 amf 0.800 pf 0.622
  OP04-039               n   273 peak L4 span 0.072 | L1:0.006  L2:0.014  L3:0.003  L4:0.014  L5:-0.058 | 両方の圏 n38 Vf-Vb 0.074 amf 0.526 pf 0.421
  OP12-041               n   272 peak L2 span 0.067 | L1:-0.016  L2:0.051  L3:0.048  L4:0.044 | 両方の圏 n42 Vf-Vb 0.217 amf 0.738 pf 0.595
  OP17-020               n   268 peak L3 span 0.021 | L1:0.004  L2:0.052  L3:0.073  L4:0.063  L5:0.055 | 両方の圏 n56 Vf-Vb 0.214 amf 0.804 pf 0.536
  OP03-022               n   267 peak L3 span 0.030 | L1:-0.163  L2:0.028  L3:0.058  L4:0.053  L5:-0.017 | 両方の圏 n30 Vf-Vb 0.330 amf 0.867 pf 0.667
  EB01-021               n   267 peak L3 span 0.021 | L1:0.057  L2:0.071  L3:0.078  L4:0.058 | 両方の圏 n43 Vf-Vb 0.324 amf 0.907 pf 0.721
  OP08-098               n   267 peak L2 span 0.055 | L1:-0.045  L2:0.066  L3:0.052  L4:0.030  L5:0.011 | 両方の圏 n64 Vf-Vb 0.133 amf 0.781 pf 0.500
  OP01-003               n   260 peak L3 span 0.154 | L1:-0.104  L2:0.010  L3:0.050  L4:0.031 | 両方の圏 n25 Vf-Vb 0.221 amf 0.840 pf 0.560
  OP04-020               n   258 peak L3 span 0.066 | L1:0.005  L2:0.062  L3:0.070  L4:0.054 | 両方の圏 n47 Vf-Vb 0.275 amf 0.851 pf 0.638
  OP06-001               n   257 peak L3 span 0.041 | L1:0.016  L2:0.051  L3:0.060  L4:0.019 | 両方の圏 n39 Vf-Vb 0.174 amf 0.846 pf 0.538
  OP01-060               n   255 peak L3 span 0.054 | L1:0.003  L2:0.066  L3:0.056  L4:0.055  L5:0.003 | 両方の圏 n48 Vf-Vb 0.228 amf 0.771 pf 0.625
  OP11-062               n   253 peak L3 span 0.041 | L1:-0.086  L2:0.029  L3:0.049  L4:0.038  L5:0.008 | 両方の圏 n28 Vf-Vb 0.186 amf 0.857 pf 0.643
  OP07-001               n   252 peak L3 span 0.069 | L1:-0.051  L2:0.006  L3:0.041  L4:0.033  L5:-0.028 | 両方の圏 n37 Vf-Vb 0.302 amf 0.946 pf 0.676
  OP09-042               n   251 peak L3 span 0.029 | L1:-0.019  L2:0.044  L3:0.049  L4:0.041  L5:0.020 | 両方の圏 n42 Vf-Vb 0.199 amf 0.738 pf 0.667
  OP04-019               n   251 peak L3 span 0.030 | L1:-0.038  L2:0.049  L3:0.055  L4:0.025 | 両方の圏 n47 Vf-Vb 0.184 amf 0.936 pf 0.609
  OP12-040               n   249 peak L3 span 0.023 | L1:-0.082  L2:0.027  L3:0.051  L4:0.039  L5:0.027 | 両方の圏 n35 Vf-Vb 0.117 amf 0.857 pf 0.771
  OP05-041               n   248 peak L3 span 0.035 | L1:0.031  L2:0.042  L3:0.077  L4:0.067 | 両方の圏 n45 Vf-Vb 0.200 amf 0.844 pf 0.533
  OP04-040               n   247 peak L3 span 0.038 | L1:0.018  L2:0.082  L3:0.092  L4:0.054  L5:0.052 | 両方の圏 n26 Vf-Vb 0.093 amf 0.769 pf 0.654
  OP08-058               n   245 peak L3 span 0.113 | L1:-0.045  L2:0.038  L3:0.068  L4:0.036  L5:0.039 | 両方の圏 n50 Vf-Vb 0.112 amf 0.860 pf 0.531
  EB02-010               n   245 peak L3 span 0.089 | L1:-0.034  L2:0.048  L3:0.055  L4:0.048 | 両方の圏 n29 Vf-Vb 0.367 amf 0.897 pf 0.724
  OP03-040               n   244 peak L3 span 0.055 | L1:-0.080  L2:0.064  L3:0.046  L4:0.034  L5:-0.009 | 両方の圏 n30 Vf-Vb 0.085 amf 0.733 pf 0.433
  ST06-001               n   243 peak L4 span 0.016 | L1:0.056  L2:0.060  L3:0.046  L4:0.046  L5:0.031 | 両方の圏 n48 Vf-Vb 0.103 amf 0.729 pf 0.625
  OP14-079               n   242 peak L2 span 0.039 | L1:0.028  L2:0.059  L3:0.058  L4:0.036  L5:0.019 | 両方の圏 n26 Vf-Vb 0.363 amf 1.000 pf 0.577
  OP12-081               n   241 peak L3 span 0.104 | L1:-0.031  L2:0.059  L3:0.073  L4:0.054 | 両方の圏 n36 Vf-Vb 0.168 amf 0.806 pf 0.686
  OP03-058               n   241 peak L3 span 0.117 | L1:-0.000  L2:0.006  L3:0.007  L4:-0.055  L5:-0.110 | 両方の圏 n45 Vf-Vb 0.027 amf 0.467 pf 0.409
  ST05-001               n   239 peak L2 span 0.017 | L1:-0.081  L2:0.048  L3:0.046  L4:0.046  L5:0.031 | 両方の圏 n23 Vf-Vb 0.234 amf 0.957 pf 0.522
  OP01-001               n   238 peak L3 span 0.035 | L1:-0.155  L2:0.039  L3:0.056  L4:0.036  L5:0.021 | 両方の圏 n25 Vf-Vb 0.106 amf 0.880 pf 0.360
  ST29-001               n   237 peak L4 span 0.000 | L1:-0.037  L2:0.036  L3:0.065  L4:0.038  L5:0.038 | 両方の圏 n34 Vf-Vb 0.137 amf 0.941 pf 0.618
  OP01-031               n   236 peak L4 span 0.042 | L1:-0.080  L2:0.009  L3:0.044  L4:0.051  L5:0.012 | 両方の圏 n33 Vf-Vb 0.210 amf 0.727 pf 0.424
  OP12-061               n   236 peak L3 span 0.025 | L1:0.050  L2:0.045  L3:0.068  L4:0.043  L5:0.006 | 両方の圏 n38 Vf-Vb 0.139 amf 0.763 pf 0.579
  OP03-021               n   236 peak L4 span 0.035 | L1:-0.168  L2:-0.027  L3:0.042  L4:0.057  L5:0.022 | 両方の圏 n47 Vf-Vb 0.157 amf 0.766 pf 0.723
  ST01-001               n   235 peak L4 span 0.044 | L1:-0.070  L2:0.031  L3:0.054  L4:0.054  L5:0.010 | 両方の圏 n38 Vf-Vb 0.247 amf 0.842 pf 0.579
  OP07-059               n   234 peak L4 span 0.025 | L1:0.007  L2:0.064  L3:0.061  L4:0.066  L5:0.041 | 両方の圏 n35 Vf-Vb 0.177 amf 0.629 pf 0.629
  P-117                  n   232 peak L3 span 0.029 | L1:-0.029  L2:0.005  L3:0.022  L4:0.013  L5:-0.007 | 両方の圏 n21 Vf-Vb 0.066 amf 0.524 pf 0.429
peak_spread/by_leader: 群 40 peak の分布 {'2': 7, '3': 26, '4': 7} span 平均 0.050 最大 0.154
peak_spread/by_leader_life: 群 5 peak の分布 {'2': 1, '3': 3, '4': 1} span 平均 0.044 最大 0.079
peak_spread/by_leader_colors: 群 21 peak の分布 {'2': 3, '3': 17, '4': 1} span 平均 0.079 最大 0.143
peak_spread/by_deck_template: 群 9 peak の分布 {'3': 9} span 平均 0.077 最大 0.088
  87.0s
  → /root/pvm_strat2/pvm_strat_leaders.json
