対局 960・自席ターン 12214・相手ターン 9819
攻め: agree 0.391  gap 0.039  gap>0.1 0.106  wr agree/disagree 0.589/0.487
  argmax {'face': 0.349, 'board': 0.299, 'mixed': 0.352}  played {'face': 0.478, 'board': 0.155, 'mixed': 0.367}
  calib face: n4861 v 0.215 z 0.204  board: n1578 v -0.174 z -0.228  mixed: n3741 v -0.026 z -0.023
  lethal_only  n    610  V_face−V_board 0.020  argmax_face 0.736  played_face 0.691  agree 0.594  gap 0.014  wr 0.885
  threat_only  n   2263  V_face−V_board -0.016  argmax_face 0.280  played_face 0.256  agree 0.323  gap 0.035  wr 0.307
  both_lethal  n   1508  V_face−V_board 0.201  argmax_face 0.803  played_face 0.616  agree 0.587  gap 0.074  wr 0.696
  opp_hand h0-1  n    682  V_face−V_board 0.027  argmax_face 0.386  played_face 0.456
  opp_hand h2-3  n   1935  V_face−V_board 0.035  argmax_face 0.360  played_face 0.423
  opp_hand h4+   n   9597  V_face−V_board 0.057  argmax_face 0.364  played_face 0.493
守り: agree 0.437  gap 0.031  argmax_guard 0.783  played_guard 0.396
  life1  n    740  V_guard−V_take -0.029  argmax_guard 0.512  played_guard 0.386  wr 0.280
  life2  n   1234  V_guard−V_take 0.037  argmax_guard 0.783  played_guard 0.293  wr 0.428
  life3  n   2086  V_guard−V_take 0.053  argmax_guard 0.877  played_guard 0.339  wr 0.497
  life4  n   3266  V_guard−V_take 0.037  argmax_guard 0.811  played_guard 0.430  wr 0.498
  life5  n   1983  V_guard−V_take 0.008  argmax_guard 0.620  played_guard 0.426  wr 0.555
--- 層別（リーダー／デッキ・meta_games の seed 6720・sidecar 無しの dir 0）---
by_leader_life（4 群）
  leaderlife3            n   193 peak L3 span — | L1:0.031  L2:0.082  L3:0.065 | 両方の圏 n39 Vf-Vb 0.242 amf 0.872 pf 0.692
  leaderlife4            n  4154 peak L3 span 0.080 | L1:-0.024  L2:0.037  L3:0.056  L4:0.039  L5:0.036 | 両方の圏 n597 Vf-Vb 0.230 amf 0.846 pf 0.622
  leaderlife5            n  5294 peak L3 span 0.093 | L1:-0.044  L2:0.034  L3:0.049  L4:0.034  L5:0.007 | 両方の圏 n853 Vf-Vb 0.177 amf 0.770 pf 0.606
  leaderlife6            n   145 peak LNone span — | L1:0.035  L2:0.022  L3:0.041  L4:0.019  L5:0.027 | 両方の圏 n17 Vf-Vb 0.309 amf 0.882 pf 0.824
by_leader_n_colors（2 群）
  1color                 n  5118 peak L3 span 0.095 | L1:-0.043  L2:0.035  L3:0.052  L4:0.038  L5:0.010 | 両方の圏 n814 Vf-Vb 0.185 amf 0.783 pf 0.619
  2color                 n  4701 peak L3 span 0.073 | L1:-0.019  L2:0.039  L3:0.054  L4:0.036  L5:-0.012 | 両方の圏 n694 Vf-Vb 0.219 amf 0.827 pf 0.613
by_leader_colors（21 群）
  BLACK                  n   832 peak L3 span 0.040 | L1:-0.043  L2:0.043  L3:0.059  L4:0.049  L5:0.019 | 両方の圏 n135 Vf-Vb 0.196 amf 0.770 pf 0.644
  BLACK+BLUE             n   242 peak L3 span 0.007 | L1:0.003  L2:0.038  L3:0.056  L4:0.049  L5:-0.066 | 両方の圏 n37 Vf-Vb 0.253 amf 0.757 pf 0.514
  BLACK+GREEN            n   227 peak L4 span — | L1:0.024  L2:0.028  L3:0.045  L4:0.040 | 両方の圏 n38 Vf-Vb 0.270 amf 0.789 pf 0.605
  BLACK+PURPLE           n   147 peak L4 span — | L1:0.042  L2:0.089  L3:0.089  L4:0.062  L5:0.036 | 両方の圏 n19 Vf-Vb 0.366 amf 0.947 pf 0.632
  BLACK+RED              n   277 peak L3 span 0.021 | L1:-0.011  L2:0.055  L3:0.059  L4:0.038  L5:0.016 | 両方の圏 n42 Vf-Vb 0.199 amf 0.762 pf 0.476
  BLACK+YELLOW           n   377 peak L3 span 0.018 | L1:-0.010  L2:0.035  L3:0.082  L4:0.064  L5:0.049 | 両方の圏 n51 Vf-Vb 0.166 amf 0.882 pf 0.510
  BLUE                   n  1147 peak L3 span 0.094 | L1:-0.047  L2:0.028  L3:0.047  L4:0.028  L5:0.003 | 両方の圏 n186 Vf-Vb 0.169 amf 0.780 pf 0.613
  BLUE+GREEN             n   223 peak L3 span 0.014 | L1:0.017  L2:0.027  L3:0.044  L4:0.030 | 両方の圏 n31 Vf-Vb 0.271 amf 0.871 pf 0.677
  BLUE+PURPLE            n   485 peak L3 span 0.022 | L1:0.013  L2:0.051  L3:0.068  L4:0.046  L5:0.014 | 両方の圏 n74 Vf-Vb 0.171 amf 0.784 pf 0.685
  BLUE+RED               n   453 peak L3 span 0.025 | L1:-0.015  L2:0.038  L3:0.047  L4:0.022  L5:-0.045 | 両方の圏 n68 Vf-Vb 0.144 amf 0.706 pf 0.500
  BLUE+YELLOW            n   279 peak L3 span 0.022 | L1:-0.038  L2:0.048  L3:0.057  L4:0.035  L5:0.003 | 両方の圏 n32 Vf-Vb 0.187 amf 0.906 pf 0.594
  GREEN                  n   787 peak L3 span 0.038 | L1:-0.029  L2:0.018  L3:0.055  L4:0.040  L5:0.021 | 両方の圏 n130 Vf-Vb 0.215 amf 0.838 pf 0.669
  GREEN+PURPLE           n   240 peak L4 span — | L1:-0.033  L2:0.055  L3:0.049  L4:0.016 | 両方の圏 n35 Vf-Vb 0.203 amf 0.943 pf 0.686
  GREEN+RED              n   549 peak L3 span 0.032 | L1:-0.081  L2:0.022  L3:0.055  L4:0.039 | 両方の圏 n74 Vf-Vb 0.319 amf 0.838 pf 0.649
  GREEN+YELLOW           n   245 peak L3 span 0.016 | L1:-0.064  L2:0.012  L3:0.047  L4:0.031  L5:-0.014 | 両方の圏 n37 Vf-Vb 0.206 amf 0.730 pf 0.703
  PURPLE                 n   817 peak L3 span 0.047 | L1:-0.049  L2:0.041  L3:0.048  L4:0.038  L5:0.000 | 両方の圏 n140 Vf-Vb 0.172 amf 0.736 pf 0.626
  PURPLE+RED             n   470 peak L2 span 0.035 | L1:-0.047  L2:0.051  L3:0.034  L4:0.016  L5:-0.012 | 両方の圏 n76 Vf-Vb 0.223 amf 0.855 pf 0.671
  PURPLE+YELLOW          n   299 peak L3 span 0.030 | L1:0.012  L2:0.011  L3:0.057  L4:0.027  L5:0.032 | 両方の圏 n49 Vf-Vb 0.156 amf 0.837 pf 0.633
  RED                    n   870 peak L3 span 0.111 | L1:-0.061  L2:0.025  L3:0.050  L4:0.032  L5:0.000 | 両方の圏 n103 Vf-Vb 0.274 amf 0.893 pf 0.641
  RED+YELLOW             n   188 peak L4 span — | L1:-0.022  L2:0.043  L3:0.036  L4:0.018  L5:0.021 | 両方の圏 n31 Vf-Vb 0.287 amf 1.000 pf 0.677
  YELLOW                 n   665 peak L2 span 0.041 | L1:-0.020  L2:0.066  L3:0.057  L4:0.044  L5:0.025 | 両方の圏 n120 Vf-Vb 0.105 amf 0.700 pf 0.517
by_deck_rate（4 群）
  rate0                  n  1665 peak L3 span 0.058 | L1:-0.004  L2:0.037  L3:0.054  L4:0.042  L5:0.006 | 両方の圏 n288 Vf-Vb 0.212 amf 0.816 pf 0.645
  rate1-9                n  1687 peak L3 span 0.083 | L1:-0.032  L2:0.045  L3:0.050  L4:0.037  L5:0.004 | 両方の圏 n272 Vf-Vb 0.183 amf 0.824 pf 0.609
  rate10-19              n  3284 peak L3 span 0.080 | L1:-0.023  L2:0.036  L3:0.056  L4:0.037  L5:0.012 | 両方の圏 n490 Vf-Vb 0.191 amf 0.773 pf 0.598
  rate20+                n  3183 peak L3 span 0.099 | L1:-0.047  L2:0.035  L3:0.052  L4:0.035  L5:0.007 | 両方の圏 n458 Vf-Vb 0.215 amf 0.814 pf 0.622
by_deck_template（9 群）
  reduce_then_ko         n  1338 peak L3 span 0.117 | L1:-0.061  L2:0.034  L3:0.056  L4:0.042  L5:0.014 | 両方の圏 n189 Vf-Vb 0.187 amf 0.820 pf 0.617
  lock_and_attack        n  1523 peak L3 span 0.101 | L1:-0.049  L2:0.036  L3:0.052  L4:0.042  L5:0.021 | 両方の圏 n238 Vf-Vb 0.232 amf 0.773 pf 0.629
  deck_out               n  1100 peak L3 span 0.065 | L1:-0.007  L2:0.053  L3:0.058  L4:0.031  L5:0.003 | 両方の圏 n172 Vf-Vb 0.171 amf 0.744 pf 0.570
  trigger_removal        n  1323 peak L3 span 0.101 | L1:-0.053  L2:0.040  L3:0.048  L4:0.033  L5:0.005 | 両方の圏 n189 Vf-Vb 0.214 amf 0.820 pf 0.603
  on_attack_removal      n  1801 peak L3 span 0.075 | L1:-0.023  L2:0.040  L3:0.052  L4:0.037  L5:0.012 | 両方の圏 n269 Vf-Vb 0.191 amf 0.810 pf 0.625
  activate_main_removal  n  1809 peak L3 span 0.106 | L1:-0.050  L2:0.039  L3:0.057  L4:0.040  L5:0.011 | 両方の圏 n290 Vf-Vb 0.202 amf 0.824 pf 0.607
  bounce                 n   931 peak L3 span 0.065 | L1:0.003  L2:0.029  L3:0.055  L4:0.028  L5:-0.010 | 両方の圏 n151 Vf-Vb 0.164 amf 0.775 pf 0.603
  trash                  n   337 peak L3 span 0.049 | L1:-0.014  L2:0.041  L3:0.065  L4:0.049  L5:0.016 | 両方の圏 n47 Vf-Vb 0.198 amf 0.830 pf 0.681
  event_removal          n  1785 peak L3 span 0.085 | L1:-0.033  L2:0.035  L3:0.053  L4:0.030  L5:0.005 | 両方の圏 n248 Vf-Vb 0.203 amf 0.806 pf 0.625
by_leader（16 群）
  OP15-039               n   152 peak LNone span — | L1:0.019  L2:0.009  L3:0.011  L4:-0.041  L5:-0.096 | 両方の圏 n22 Vf-Vb 0.279 amf 0.682 pf 0.500
  OP04-019               n   126 peak L4 span — | L1:-0.069  L2:0.051  L3:0.050  L4:0.020 | 両方の圏 n23 Vf-Vb 0.144 amf 1.000 pf 0.696
  OP04-001               n   122 peak LNone span — | L1:-0.034  L2:0.011  L3:0.007  L4:0.002  L5:-0.045 | 両方の圏 n21 Vf-Vb 0.078 amf 0.476 pf 0.286
  ST10-003               n   109 peak LNone span — | L1:-0.029  L2:0.031  L3:0.011  L4:0.013  L5:-0.032 | 両方の圏 n13 Vf-Vb 0.256 amf 0.846 pf 0.923
  OP17-020               n   108 peak LNone span — | L1:-0.003  L2:0.061  L3:0.105  L4:0.064  L5:0.062 | 両方の圏 n27 Vf-Vb 0.192 amf 0.741 pf 0.519
  OP04-020               n   107 peak LNone span — | L1:-0.009  L2:0.069  L3:0.064  L4:0.051 | 両方の圏 n20 Vf-Vb 0.387 amf 0.900 pf 0.700
  OP16-041               n   103 peak LNone span — | L1:0.028  L2:-0.048  L3:0.032  L4:0.031  L5:0.006 | 両方の圏 n18 Vf-Vb 0.100 amf 0.778 pf 0.556
  EB01-021               n   101 peak LNone span — | L1:0.083  L2:0.072  L3:0.074  L4:0.054 | 両方の圏 n11 Vf-Vb 0.164 amf 0.909 pf 0.727
  OP12-041               n   101 peak LNone span — | L1:0.032  L2:0.057  L3:0.053  L4:0.047 | 両方の圏 n13 Vf-Vb 0.399 amf 0.923 pf 0.615
  OP01-060               n    99 peak LNone span — | L1:-0.060  L2:0.052  L3:0.073  L4:0.055  L5:0.010 | 両方の圏 n24 Vf-Vb 0.198 amf 0.833 pf 0.667
  OP07-059               n    98 peak LNone span — | L1:-0.061  L2:0.080  L3:0.063  L4:0.054  L5:0.029 | 両方の圏 n19 Vf-Vb 0.263 amf 0.632 pf 0.684
  OP03-021               n    98 peak LNone span — | L1:-0.140  L2:-0.086  L3:0.046  L4:0.052  L5:0.020 | 両方の圏 n21 Vf-Vb 0.221 amf 0.762 pf 0.810
  OP12-040               n    96 peak LNone span — | L1:-0.387  L2:0.052  L3:0.084  L4:0.048  L5:0.028 | 両方の圏 n14 Vf-Vb 0.057 amf 0.786 pf 0.643
  OP03-099               n    95 peak LNone span — | L1:-0.138  L2:-0.003  L3:0.022  L4:0.040  L5:0.043 | 両方の圏 n14 Vf-Vb 0.107 amf 0.857 pf 0.643
  OP09-062               n    95 peak LNone span — | L1:0.044  L2:0.036  L3:0.071  L4:0.019 | 両方の圏 n15 Vf-Vb 0.343 amf 1.000 pf 0.800
  OP01-062               n    93 peak LNone span — | L1:-0.014  L2:-0.057  L3:0.090  L4:0.044  L5:0.014 | 両方の圏 n15 Vf-Vb 0.102 amf 0.733 pf 0.571
peak_spread/by_leader: 群 16 peak の分布 {'4': 1} span 平均 — 最大 —
peak_spread/by_leader_life: 群 4 peak の分布 {'3': 3} span 平均 0.087 最大 0.093
peak_spread/by_leader_colors: 群 21 peak の分布 {'2': 2, '3': 15, '4': 4} span 平均 0.036 最大 0.111
peak_spread/by_deck_template: 群 9 peak の分布 {'3': 9} span 平均 0.085 最大 0.117
  42.3s
  → /root/pvm_strat/pvm_strat_w32.json
