holdout 行 19467（seed%7==0・2s）
  [policy] start.npz top1_visits 0.625 ce_visits 1.755 top1_q_improved 0.496 ce_q_improved 1.742 | gate mass 0.262 argmax 0.269 data 0.272 (n 2568)
  [policy] nrel_r7.npz top1_visits 0.626 ce_visits 1.755 top1_q_improved 0.498 ce_q_improved 1.733 | gate mass 0.262 argmax 0.273 data 0.272 (n 2568)
  [policy] nrel_r9.npz top1_visits 0.630 ce_visits 1.753 top1_q_improved 0.507 ce_q_improved 1.728 | gate mass 0.261 argmax 0.272 data 0.272 (n 2568)
  [policy] nrel_r9h.npz top1_visits 0.620 ce_visits 1.760 top1_q_improved 0.493 ce_q_improved 1.741 | gate mass 0.264 argmax 0.286 data 0.272 (n 2568)
  [policy] 12s
  start.npz
    all                          mse 0.5155 sign 0.814 n  19467 | aux 0.3698 life 0.197 atk 0.189 tok_atk 0.150 tok_ab 0.119 (n 13345)
    turn1-4                      mse 0.7704 sign 0.692 n   2583 | aux 0.2900 life 0.114 atk 0.118 tok_atk 0.108 tok_ab 0.089 (n 2583)
    turn5-8                      mse 0.6512 sign 0.762 n   6240 | aux 0.3731 life 0.213 atk 0.205 tok_atk 0.146 tok_ab 0.127 (n 5899)
    turn9-99                     mse 0.3624 sign 0.880 n  10370 | aux 0.4224 life 0.236 atk 0.218 tok_atk 0.182 tok_ab 0.130 (n 4589)
    injected:KO:ACTIVATE_MAIN:c0-2 mse 0.6339 sign 0.765 n    476 | aux 0.3683 life 0.252 atk 0.210 tok_atk 0.175 tok_ab 0.120 (n 309)
    injected:KO:ACTIVATE_MAIN:c3-5 mse 0.5576 sign 0.808 n    595 | aux 0.4029 life 0.215 atk 0.140 tok_atk 0.105 tok_ab 0.120 (n 395)
    injected:KO:ACTIVATE_MAIN:c6+ mse 0.5479 sign 0.820 n    189 | aux 0.2476 life 0.151 atk 0.103 tok_atk 0.070 tok_ab 0.100 (n 127)
    injected:KO:COUNTER:c0-2     mse 0.5814 sign 0.810 n    153 | aux 0.2464 life 0.096 atk 0.113 tok_atk 0.056 tok_ab 0.138 (n 103)
    injected:KO:COUNTER:c3-5     mse 0.3034 sign 0.903 n    216 | aux 0.3081 life 0.076 atk 0.171 tok_atk 0.134 tok_ab 0.101 (n 138)
    injected:KO:EVENT:c0-2       mse 0.6091 sign 0.796 n   1237 | aux 0.3373 life 0.171 atk 0.265 tok_atk 0.166 tok_ab 0.086 (n 921)
    injected:KO:EVENT:c3-5       mse 0.4560 sign 0.854 n   1973 | aux 0.3444 life 0.197 atk 0.202 tok_atk 0.136 tok_ab 0.080 (n 1347)
    injected:KO:EVENT:c6+        mse 0.6541 sign 0.767 n    442 | aux 0.4089 life 0.184 atk 0.146 tok_atk 0.159 tok_ab 0.108 (n 313)
    injected:KO:ON_ATTACK:c0-2   mse 0.3409 sign 0.899 n    356 | aux 0.3197 life 0.154 atk 0.206 tok_atk 0.157 tok_ab 0.088 (n 212)
    injected:KO:ON_ATTACK:c3-5   mse 0.3352 sign 0.878 n   1673 | aux 0.3205 life 0.165 atk 0.188 tok_atk 0.182 tok_ab 0.138 (n 1163)
    injected:KO:ON_ATTACK:c6+    mse 0.2438 sign 0.883 n    274 | aux 0.2678 life 0.155 atk 0.055 tok_atk 0.065 tok_ab 0.052 (n 188)
    injected:KO:ON_PLAY:c3-5     mse 0.5441 sign 0.787 n   1724 | aux 0.3790 life 0.180 atk 0.151 tok_atk 0.143 tok_ab 0.125 (n 1155)
    injected:KO:ON_PLAY:c6+      mse 0.3467 sign 0.901 n    283 | aux 0.2790 life 0.278 atk 0.244 tok_atk 0.151 tok_ab 0.139 (n 186)
    injected:KO:OTHER:c3-5       mse 0.4104 sign 0.854 n    390 | aux 0.3007 life 0.224 atk 0.082 tok_atk 0.115 tok_ab 0.137 (n 243)
    injected:KO:TRIGGER:c0-2     mse 0.6798 sign 0.768 n   1393 | aux 0.3885 life 0.194 atk 0.190 tok_atk 0.129 tok_ab 0.113 (n 1010)
    injected:KO:TRIGGER:c3-5     mse 0.5716 sign 0.799 n   1432 | aux 0.3888 life 0.170 atk 0.188 tok_atk 0.132 tok_ab 0.090 (n 971)
    injected:KO:TRIGGER:c6+      mse 0.2708 sign 0.921 n    277 | aux 0.3277 life 0.333 atk 0.289 tok_atk 0.171 tok_ab 0.083 (n 186)
    injected:bounce:COUNTER:c0-2 mse 0.0146 sign 1.000 n     48 | aux 0.1903 life 0.302 atk 0.149 tok_atk 0.068 tok_ab 0.270 (n 31)
    injected:bounce:EVENT:c0-2   mse 0.5162 sign 0.809 n    199 | aux 0.4201 life 0.100 atk 0.079 tok_atk 0.054 tok_ab 0.120 (n 142)
    injected:bounce:EVENT:c3-5   mse 0.1012 sign 0.996 n    265 | aux 0.3297 life 0.153 atk 0.144 tok_atk 0.115 tok_ab 0.126 (n 175)
    injected:bounce:ON_ATTACK:c0-2 mse 0.3657 sign 0.909 n    264 | aux 0.3168 life 0.167 atk 0.192 tok_atk 0.203 tok_ab 0.125 (n 200)
    injected:bounce:ON_ATTACK:c3-5 mse 0.8679 sign 0.645 n    386 | aux 0.3932 life 0.274 atk 0.204 tok_atk 0.132 tok_ab 0.082 (n 251)
    injected:bounce:ON_PLAY:c0-2 mse 0.2877 sign 0.895 n    751 | aux 0.3799 life 0.201 atk 0.216 tok_atk 0.177 tok_ab 0.145 (n 558)
    injected:bounce:ON_PLAY:c3-5 mse 0.3479 sign 0.882 n    492 | aux 0.3364 life 0.119 atk 0.141 tok_atk 0.132 tok_ab 0.090 (n 314)
    injected:bounce:ON_PLAY:c6+  mse 0.2783 sign 0.944 n    391 | aux 0.4168 life 0.111 atk 0.236 tok_atk 0.146 tok_ab 0.089 (n 266)
    injected:bounce:OTHER:c0-2   mse 0.3412 sign 0.859 n    142 | aux 0.3524 life 0.173 atk 0.055 tok_atk 0.101 tok_ab 0.121 (n 96)
    injected:bounce:OTHER:c3-5   mse 0.7699 sign 0.699 n    475 | aux 0.3084 life 0.197 atk 0.145 tok_atk 0.113 tok_ab 0.099 (n 299)
    injected:bounce:TRIGGER:c0-2 mse 0.2458 sign 0.952 n    186 | aux 0.4015 life 0.167 atk 0.233 tok_atk 0.151 tok_ab 0.176 (n 155)
    injected:deck:COUNTER:c0-2   mse 0.2002 sign 0.980 n     51 | aux 0.3280 life 0.661 atk 0.343 tok_atk 0.219 tok_ab 0.182 (n 31)
    injected:deck:EVENT:c0-2     mse 0.5833 sign 0.777 n    547 | aux 0.3582 life 0.225 atk 0.151 tok_atk 0.153 tok_ab 0.118 (n 396)
    injected:deck:EVENT:c3-5     mse 0.2787 sign 0.893 n    475 | aux 0.3147 life 0.139 atk 0.141 tok_atk 0.143 tok_ab 0.077 (n 332)
    injected:deck:ON_ATTACK:c0-2 mse 0.1475 sign 0.975 n    473 | aux 0.4453 life 0.130 atk 0.295 tok_atk 0.192 tok_ab 0.159 (n 354)
    injected:deck:ON_PLAY:c0-2   mse 0.1393 sign 0.963 n    214 | aux 0.4051 life 0.153 atk 0.090 tok_atk 0.120 tok_ab 0.124 (n 168)
    injected:deck:ON_PLAY:c3-5   mse 0.1992 sign 0.942 n    483 | aux 0.3340 life 0.170 atk 0.132 tok_atk 0.119 tok_ab 0.109 (n 300)
    injected:deck:ON_PLAY:c6+    mse 0.4961 sign 0.816 n    391 | aux 0.4244 life 0.106 atk 0.164 tok_atk 0.137 tok_ab 0.120 (n 273)
    injected:deck:TRIGGER:c3-5   mse 0.3031 sign 0.871 n    278 | aux 0.2950 life 0.167 atk 0.142 tok_atk 0.139 tok_ab 0.094 (n 204)
    injected:deck:TRIGGER:c6+    mse 0.1152 sign 0.948 n    116 | aux 0.3907 life 0.187 atk 0.144 tok_atk 0.142 tok_ab 0.092 (n 82)
    injected:lock:ACTIVATE_MAIN:c0-2 mse 0.4857 sign 0.786 n    215 | aux 0.5311 life 0.139 atk 0.164 tok_atk 0.107 tok_ab 0.177 (n 157)
    injected:lock:ACTIVATE_MAIN:c3-5 mse 0.5317 sign 0.790 n   2045 | aux 0.3713 life 0.204 atk 0.200 tok_atk 0.138 tok_ab 0.123 (n 1367)
    injected:lock:ACTIVATE_MAIN:c6+ mse 0.5740 sign 0.769 n    863 | aux 0.3607 life 0.223 atk 0.168 tok_atk 0.135 tok_ab 0.120 (n 596)
    injected:lock:COUNTER:c0-2   mse 0.7772 sign 0.725 n     80 | aux 0.2604 life 0.215 atk 0.209 tok_atk 0.112 tok_ab 0.012 (n 66)
    injected:lock:COUNTER:c3-5   mse 0.4405 sign 0.853 n    143 | aux 0.2301 life 0.075 atk 0.166 tok_atk 0.143 tok_ab 0.090 (n 94)
    injected:lock:EVENT:c0-2     mse 0.3721 sign 0.875 n   1425 | aux 0.3614 life 0.221 atk 0.212 tok_atk 0.175 tok_ab 0.099 (n 960)
    injected:lock:EVENT:c3-5     mse 0.7876 sign 0.717 n    630 | aux 0.3120 life 0.132 atk 0.129 tok_atk 0.114 tok_ab 0.095 (n 434)
    injected:lock:ON_ATTACK:c0-2 mse 0.8665 sign 0.702 n    309 | aux 0.3069 life 0.231 atk 0.135 tok_atk 0.142 tok_ab 0.088 (n 189)
    injected:lock:ON_ATTACK:c3-5 mse 0.4625 sign 0.860 n    951 | aux 0.3017 life 0.217 atk 0.220 tok_atk 0.154 tok_ab 0.098 (n 633)
    injected:lock:ON_ATTACK:c6+  mse 0.2788 sign 0.962 n     53 | aux 0.2655 life 0.414 atk 0.061 tok_atk 0.026 tok_ab 0.068 (n 35)
    injected:lock:ON_PLAY:c0-2   mse 0.9866 sign 0.676 n    244 | aux 0.3477 life 0.285 atk 0.242 tok_atk 0.206 tok_ab 0.165 (n 177)
    injected:lock:ON_PLAY:c3-5   mse 0.5186 sign 0.815 n    908 | aux 0.3218 life 0.230 atk 0.167 tok_atk 0.144 tok_ab 0.123 (n 610)
    injected:lock:ON_PLAY:c6+    mse 0.4215 sign 0.831 n    680 | aux 0.3453 life 0.235 atk 0.236 tok_atk 0.138 tok_ab 0.152 (n 417)
    injected:lock:OTHER:c0-2     mse 0.1854 sign 0.955 n     66 | aux 0.3444 life 0.068 atk 0.437 tok_atk 0.299 tok_ab 0.224 (n 33)
    injected:lock:OTHER:c3-5     mse 2.0593 sign 0.279 n     43 | aux 0.1999 life 0.400 atk 0.273 tok_atk 0.091 tok_ab 0.017 (n 19)
    injected:lock:OTHER:c6+      mse 0.6839 sign 0.751 n    209 | aux 0.3872 life 0.122 atk 0.384 tok_atk 0.284 tok_ab 0.169 (n 145)
    injected:lock:TRIGGER:c0-2   mse 0.6167 sign 0.763 n    868 | aux 0.3435 life 0.221 atk 0.226 tok_atk 0.177 tok_ab 0.078 (n 607)
    injected:lock:TRIGGER:c3-5   mse 1.1453 sign 0.673 n    309 | aux 0.3395 life 0.209 atk 0.124 tok_atk 0.076 tok_ab 0.089 (n 214)
    injected:lock:TRIGGER:c6+    mse 0.7241 sign 0.663 n    184 | aux 0.2908 life 0.128 atk 0.078 tok_atk 0.071 tok_ab 0.111 (n 128)
    injected:reduce:ACTIVATE_MAIN:c0-2 mse 0.5318 sign 0.797 n   1905 | aux 0.3704 life 0.215 atk 0.151 tok_atk 0.127 tok_ab 0.108 (n 1327)
    injected:reduce:ACTIVATE_MAIN:c3-5 mse 0.7645 sign 0.713 n    703 | aux 0.4190 life 0.241 atk 0.159 tok_atk 0.121 tok_ab 0.122 (n 480)
    injected:reduce:ACTIVATE_MAIN:c6+ mse 0.0913 sign 1.000 n     73 | aux 0.3872 life 0.356 atk 0.165 tok_atk 0.121 tok_ab 0.126 (n 47)
    injected:reduce:COUNTER:c0-2 mse 0.3291 sign 0.871 n    675 | aux 0.2692 life 0.171 atk 0.179 tok_atk 0.135 tok_ab 0.114 (n 464)
    injected:reduce:COUNTER:c3-5 mse 1.3215 sign 0.577 n    156 | aux 0.3746 life 0.145 atk 0.099 tok_atk 0.111 tok_ab 0.061 (n 112)
    injected:reduce:EVENT:c0-2   mse 0.4298 sign 0.857 n   2381 | aux 0.3495 life 0.181 atk 0.193 tok_atk 0.157 tok_ab 0.097 (n 1663)
    injected:reduce:EVENT:c3-5   mse 0.9489 sign 0.672 n    454 | aux 0.3464 life 0.227 atk 0.131 tok_atk 0.151 tok_ab 0.068 (n 326)
    injected:reduce:EVENT:c6+    mse 0.3303 sign 0.983 n    121 | aux 0.2202 life 0.178 atk 0.068 tok_atk 0.099 tok_ab 0.061 (n 95)
    injected:reduce:ON_ATTACK:c0-2 mse 0.3464 sign 0.879 n    692 | aux 0.3921 life 0.138 atk 0.184 tok_atk 0.158 tok_ab 0.158 (n 472)
    injected:reduce:ON_ATTACK:c3-5 mse 0.2708 sign 0.911 n   1084 | aux 0.3608 life 0.205 atk 0.199 tok_atk 0.172 tok_ab 0.130 (n 753)
    injected:reduce:ON_ATTACK:c6+ mse 0.6960 sign 0.737 n    570 | aux 0.3234 life 0.149 atk 0.143 tok_atk 0.096 tok_ab 0.108 (n 384)
    injected:reduce:ON_PLAY:c0-2 mse 0.5299 sign 0.777 n    341 | aux 0.3972 life 0.185 atk 0.178 tok_atk 0.118 tok_ab 0.178 (n 217)
    injected:reduce:ON_PLAY:c3-5 mse 0.6074 sign 0.722 n    324 | aux 0.3765 life 0.199 atk 0.252 tok_atk 0.193 tok_ab 0.197 (n 225)
    injected:reduce:ON_PLAY:c6+  mse 1.6975 sign 0.339 n    180 | aux 0.2960 life 0.232 atk 0.136 tok_atk 0.073 tok_ab 0.114 (n 119)
    injected:reduce:OTHER:c0-2   mse 1.8766 sign 0.048 n     62 | aux 0.3199 life 0.098 atk 0.034 tok_atk 0.029 tok_ab 0.213 (n 45)
    injected:reduce:OTHER:c6+    mse 0.3411 sign 0.883 n    360 | aux 0.3820 life 0.154 atk 0.236 tok_atk 0.148 tok_ab 0.149 (n 235)
    injected:reduce:TRIGGER:c0-2 mse 0.7023 sign 0.734 n    757 | aux 0.3223 life 0.165 atk 0.186 tok_atk 0.162 tok_ab 0.127 (n 538)
    injected:reduce:TRIGGER:c3-5 mse 0.2710 sign 0.908 n    391 | aux 0.3905 life 0.125 atk 0.122 tok_atk 0.111 tok_ab 0.070 (n 240)
    injected:trash:ACTIVATE_MAIN:c3-5 mse 0.7133 sign 0.695 n     82 | aux 0.4900 life 0.258 atk 0.518 tok_atk 0.407 tok_ab 0.298 (n 53)
    injected:trash:ACTIVATE_MAIN:c6+ mse 0.2429 sign 0.942 n    191 | aux 0.5949 life 0.147 atk 0.179 tok_atk 0.136 tok_ab 0.112 (n 121)
    injected:trash:ON_ATTACK:c3-5 mse 0.0713 sign 0.996 n    224 | aux 0.4721 life 0.103 atk 0.150 tok_atk 0.124 tok_ab 0.220 (n 153)
    injected:trash:ON_PLAY:c6+   mse 0.3456 sign 0.880 n    309 | aux 0.5949 life 0.137 atk 0.273 tok_atk 0.212 tok_ab 0.128 (n 179)
    colors:BLACK                 mse 0.5395 sign 0.809 n   4425 | aux 0.4002 life 0.203 atk 0.178 tok_atk 0.140 tok_ab 0.113 (n 3024)
    colors:BLUE                  mse 0.4112 sign 0.846 n   5705 | aux 0.3788 life 0.178 atk 0.196 tok_atk 0.155 tok_ab 0.134 (n 3968)
    colors:GREEN                 mse 0.6336 sign 0.775 n   5290 | aux 0.3694 life 0.207 atk 0.178 tok_atk 0.148 tok_ab 0.105 (n 3599)
    colors:PURPLE                mse 0.5025 sign 0.813 n   4352 | aux 0.3412 life 0.211 atk 0.188 tok_atk 0.154 tok_ab 0.120 (n 3023)
    colors:RED                   mse 0.5070 sign 0.819 n   4954 | aux 0.3302 life 0.181 atk 0.157 tok_atk 0.136 tok_ab 0.120 (n 3430)
    colors:YELLOW                mse 0.5922 sign 0.791 n   3432 | aux 0.3790 life 0.209 atk 0.184 tok_atk 0.137 tok_ab 0.109 (n 2269)
    after_removal                mse 0.5458 sign 0.806 n    578 | aux 0.4074 life 0.236 atk 0.241 tok_atk 0.194 tok_ab 0.134 (n 459)
    not_removal                  mse 0.5146 sign 0.815 n  18889 | aux 0.3684 life 0.196 atk 0.187 tok_atk 0.149 tok_ab 0.118 (n 12886)
  nrel_r7.npz
    all                          mse 0.5268 sign 0.811 n  19467 | aux 0.3468 life 0.194 atk 0.180 tok_atk 0.144 tok_ab 0.106 (n 13345)
    turn1-4                      mse 0.7903 sign 0.692 n   2583 | aux 0.2754 life 0.113 atk 0.115 tok_atk 0.104 tok_ab 0.083 (n 2583)
    turn5-8                      mse 0.6662 sign 0.762 n   6240 | aux 0.3507 life 0.209 atk 0.193 tok_atk 0.143 tok_ab 0.111 (n 5899)
    turn9-99                     mse 0.3700 sign 0.874 n  10370 | aux 0.3933 life 0.232 atk 0.211 tok_atk 0.174 tok_ab 0.115 (n 4589)
    injected:KO:ACTIVATE_MAIN:c0-2 mse 0.6441 sign 0.752 n    476 | aux 0.3627 life 0.250 atk 0.207 tok_atk 0.159 tok_ab 0.094 (n 309)
    injected:KO:ACTIVATE_MAIN:c3-5 mse 0.6783 sign 0.741 n    595 | aux 0.3826 life 0.210 atk 0.129 tok_atk 0.097 tok_ab 0.105 (n 395)
    injected:KO:ACTIVATE_MAIN:c6+ mse 0.6222 sign 0.762 n    189 | aux 0.2411 life 0.153 atk 0.091 tok_atk 0.071 tok_ab 0.077 (n 127)
    injected:KO:COUNTER:c0-2     mse 0.6454 sign 0.797 n    153 | aux 0.2526 life 0.106 atk 0.107 tok_atk 0.051 tok_ab 0.125 (n 103)
    injected:KO:COUNTER:c3-5     mse 0.2384 sign 0.912 n    216 | aux 0.3093 life 0.068 atk 0.164 tok_atk 0.117 tok_ab 0.098 (n 138)
    injected:KO:EVENT:c0-2       mse 0.5897 sign 0.798 n   1237 | aux 0.3362 life 0.170 atk 0.256 tok_atk 0.161 tok_ab 0.074 (n 921)
    injected:KO:EVENT:c3-5       mse 0.5025 sign 0.833 n   1973 | aux 0.3125 life 0.191 atk 0.198 tok_atk 0.129 tok_ab 0.073 (n 1347)
    injected:KO:EVENT:c6+        mse 0.6829 sign 0.695 n    442 | aux 0.3863 life 0.193 atk 0.156 tok_atk 0.158 tok_ab 0.116 (n 313)
    injected:KO:ON_ATTACK:c0-2   mse 0.4666 sign 0.848 n    356 | aux 0.3233 life 0.152 atk 0.165 tok_atk 0.154 tok_ab 0.070 (n 212)
    injected:KO:ON_ATTACK:c3-5   mse 0.3365 sign 0.864 n   1673 | aux 0.3274 life 0.177 atk 0.186 tok_atk 0.170 tok_ab 0.119 (n 1163)
    injected:KO:ON_ATTACK:c6+    mse 0.2216 sign 0.891 n    274 | aux 0.2757 life 0.169 atk 0.070 tok_atk 0.066 tok_ab 0.056 (n 188)
    injected:KO:ON_PLAY:c3-5     mse 0.5114 sign 0.810 n   1724 | aux 0.3586 life 0.172 atk 0.134 tok_atk 0.136 tok_ab 0.115 (n 1155)
    injected:KO:ON_PLAY:c6+      mse 0.2749 sign 0.912 n    283 | aux 0.2550 life 0.253 atk 0.225 tok_atk 0.148 tok_ab 0.119 (n 186)
    injected:KO:OTHER:c3-5       mse 0.3424 sign 0.895 n    390 | aux 0.3106 life 0.242 atk 0.097 tok_atk 0.111 tok_ab 0.115 (n 243)
    injected:KO:TRIGGER:c0-2     mse 0.7060 sign 0.757 n   1393 | aux 0.3648 life 0.187 atk 0.185 tok_atk 0.123 tok_ab 0.110 (n 1010)
    injected:KO:TRIGGER:c3-5     mse 0.6698 sign 0.767 n   1432 | aux 0.3669 life 0.166 atk 0.171 tok_atk 0.126 tok_ab 0.080 (n 971)
    injected:KO:TRIGGER:c6+      mse 0.3055 sign 0.906 n    277 | aux 0.2941 life 0.288 atk 0.263 tok_atk 0.180 tok_ab 0.084 (n 186)
    injected:bounce:COUNTER:c0-2 mse 0.0186 sign 1.000 n     48 | aux 0.2113 life 0.311 atk 0.149 tok_atk 0.075 tok_ab 0.191 (n 31)
    injected:bounce:EVENT:c0-2   mse 0.5632 sign 0.779 n    199 | aux 0.4006 life 0.103 atk 0.051 tok_atk 0.054 tok_ab 0.097 (n 142)
    injected:bounce:EVENT:c3-5   mse 0.1667 sign 0.970 n    265 | aux 0.3262 life 0.143 atk 0.129 tok_atk 0.114 tok_ab 0.101 (n 175)
    injected:bounce:ON_ATTACK:c0-2 mse 0.1915 sign 0.996 n    264 | aux 0.3061 life 0.188 atk 0.199 tok_atk 0.175 tok_ab 0.122 (n 200)
    injected:bounce:ON_ATTACK:c3-5 mse 0.8590 sign 0.645 n    386 | aux 0.3599 life 0.261 atk 0.176 tok_atk 0.128 tok_ab 0.076 (n 251)
    injected:bounce:ON_PLAY:c0-2 mse 0.2820 sign 0.917 n    751 | aux 0.3676 life 0.196 atk 0.201 tok_atk 0.161 tok_ab 0.128 (n 558)
    injected:bounce:ON_PLAY:c3-5 mse 0.3128 sign 0.909 n    492 | aux 0.3139 life 0.137 atk 0.136 tok_atk 0.122 tok_ab 0.077 (n 314)
    injected:bounce:ON_PLAY:c6+  mse 0.1823 sign 0.982 n    391 | aux 0.3821 life 0.107 atk 0.230 tok_atk 0.142 tok_ab 0.088 (n 266)
    injected:bounce:OTHER:c0-2   mse 0.2371 sign 0.979 n    142 | aux 0.3343 life 0.190 atk 0.079 tok_atk 0.095 tok_ab 0.103 (n 96)
    injected:bounce:OTHER:c3-5   mse 0.7617 sign 0.703 n    475 | aux 0.3061 life 0.178 atk 0.135 tok_atk 0.109 tok_ab 0.090 (n 299)
    injected:bounce:TRIGGER:c0-2 mse 0.1440 sign 0.995 n    186 | aux 0.4220 life 0.161 atk 0.268 tok_atk 0.137 tok_ab 0.181 (n 155)
    injected:deck:COUNTER:c0-2   mse 0.2507 sign 0.961 n     51 | aux 0.2938 life 0.612 atk 0.288 tok_atk 0.202 tok_ab 0.154 (n 31)
    injected:deck:EVENT:c0-2     mse 0.5808 sign 0.755 n    547 | aux 0.3579 life 0.216 atk 0.167 tok_atk 0.157 tok_ab 0.101 (n 396)
    injected:deck:EVENT:c3-5     mse 0.2690 sign 0.893 n    475 | aux 0.3009 life 0.126 atk 0.117 tok_atk 0.137 tok_ab 0.078 (n 332)
    injected:deck:ON_ATTACK:c0-2 mse 0.2330 sign 0.930 n    473 | aux 0.4550 life 0.126 atk 0.299 tok_atk 0.181 tok_ab 0.130 (n 354)
    injected:deck:ON_PLAY:c0-2   mse 0.1413 sign 0.944 n    214 | aux 0.3877 life 0.161 atk 0.068 tok_atk 0.121 tok_ab 0.101 (n 168)
    injected:deck:ON_PLAY:c3-5   mse 0.2012 sign 0.928 n    483 | aux 0.3326 life 0.181 atk 0.144 tok_atk 0.117 tok_ab 0.092 (n 300)
    injected:deck:ON_PLAY:c6+    mse 0.6184 sign 0.757 n    391 | aux 0.4225 life 0.112 atk 0.174 tok_atk 0.134 tok_ab 0.116 (n 273)
    injected:deck:TRIGGER:c3-5   mse 0.3265 sign 0.863 n    278 | aux 0.2865 life 0.141 atk 0.122 tok_atk 0.139 tok_ab 0.089 (n 204)
    injected:deck:TRIGGER:c6+    mse 0.1212 sign 0.940 n    116 | aux 0.3846 life 0.195 atk 0.143 tok_atk 0.141 tok_ab 0.109 (n 82)
    injected:lock:ACTIVATE_MAIN:c0-2 mse 0.4220 sign 0.874 n    215 | aux 0.4643 life 0.142 atk 0.092 tok_atk 0.109 tok_ab 0.161 (n 157)
    injected:lock:ACTIVATE_MAIN:c3-5 mse 0.5493 sign 0.792 n   2045 | aux 0.3468 life 0.199 atk 0.180 tok_atk 0.131 tok_ab 0.105 (n 1367)
    injected:lock:ACTIVATE_MAIN:c6+ mse 0.6920 sign 0.764 n    863 | aux 0.3458 life 0.222 atk 0.157 tok_atk 0.129 tok_ab 0.097 (n 596)
    injected:lock:COUNTER:c0-2   mse 0.8487 sign 0.675 n     80 | aux 0.2418 life 0.172 atk 0.215 tok_atk 0.128 tok_ab 0.012 (n 66)
    injected:lock:COUNTER:c3-5   mse 0.3415 sign 0.867 n    143 | aux 0.2374 life 0.067 atk 0.164 tok_atk 0.132 tok_ab 0.081 (n 94)
    injected:lock:EVENT:c0-2     mse 0.3720 sign 0.862 n   1425 | aux 0.3525 life 0.217 atk 0.207 tok_atk 0.172 tok_ab 0.091 (n 960)
    injected:lock:EVENT:c3-5     mse 0.7927 sign 0.725 n    630 | aux 0.2664 life 0.125 atk 0.126 tok_atk 0.107 tok_ab 0.101 (n 434)
    injected:lock:ON_ATTACK:c0-2 mse 1.0809 sign 0.618 n    309 | aux 0.3207 life 0.236 atk 0.131 tok_atk 0.131 tok_ab 0.064 (n 189)
    injected:lock:ON_ATTACK:c3-5 mse 0.6163 sign 0.799 n    951 | aux 0.3019 life 0.226 atk 0.202 tok_atk 0.140 tok_ab 0.083 (n 633)
    injected:lock:ON_ATTACK:c6+  mse 0.1947 sign 1.000 n     53 | aux 0.2541 life 0.366 atk 0.038 tok_atk 0.019 tok_ab 0.054 (n 35)
    injected:lock:ON_PLAY:c0-2   mse 0.9188 sign 0.709 n    244 | aux 0.3287 life 0.255 atk 0.232 tok_atk 0.188 tok_ab 0.171 (n 177)
    injected:lock:ON_PLAY:c3-5   mse 0.5784 sign 0.791 n    908 | aux 0.3192 life 0.217 atk 0.158 tok_atk 0.142 tok_ab 0.106 (n 610)
    injected:lock:ON_PLAY:c6+    mse 0.4788 sign 0.835 n    680 | aux 0.3190 life 0.232 atk 0.195 tok_atk 0.136 tok_ab 0.134 (n 417)
    injected:lock:OTHER:c0-2     mse 0.1364 sign 0.970 n     66 | aux 0.3630 life 0.087 atk 0.389 tok_atk 0.307 tok_ab 0.234 (n 33)
    injected:lock:OTHER:c3-5     mse 1.8900 sign 0.395 n     43 | aux 0.1805 life 0.410 atk 0.204 tok_atk 0.071 tok_ab 0.005 (n 19)
    injected:lock:OTHER:c6+      mse 0.6732 sign 0.775 n    209 | aux 0.3848 life 0.108 atk 0.374 tok_atk 0.271 tok_ab 0.163 (n 145)
    injected:lock:TRIGGER:c0-2   mse 0.7046 sign 0.726 n    868 | aux 0.3439 life 0.222 atk 0.267 tok_atk 0.175 tok_ab 0.068 (n 607)
    injected:lock:TRIGGER:c3-5   mse 1.1092 sign 0.693 n    309 | aux 0.2577 life 0.195 atk 0.096 tok_atk 0.079 tok_ab 0.112 (n 214)
    injected:lock:TRIGGER:c6+    mse 0.8144 sign 0.674 n    184 | aux 0.3038 life 0.153 atk 0.069 tok_atk 0.067 tok_ab 0.106 (n 128)
    injected:reduce:ACTIVATE_MAIN:c0-2 mse 0.5751 sign 0.790 n   1905 | aux 0.3478 life 0.209 atk 0.136 tok_atk 0.120 tok_ab 0.091 (n 1327)
    injected:reduce:ACTIVATE_MAIN:c3-5 mse 0.9313 sign 0.627 n    703 | aux 0.4081 life 0.236 atk 0.143 tok_atk 0.117 tok_ab 0.097 (n 480)
    injected:reduce:ACTIVATE_MAIN:c6+ mse 0.0869 sign 1.000 n     73 | aux 0.3704 life 0.346 atk 0.156 tok_atk 0.111 tok_ab 0.104 (n 47)
    injected:reduce:COUNTER:c0-2 mse 0.3734 sign 0.861 n    675 | aux 0.2638 life 0.167 atk 0.169 tok_atk 0.129 tok_ab 0.098 (n 464)
    injected:reduce:COUNTER:c3-5 mse 1.6915 sign 0.462 n    156 | aux 0.3769 life 0.163 atk 0.076 tok_atk 0.106 tok_ab 0.058 (n 112)
    injected:reduce:EVENT:c0-2   mse 0.4026 sign 0.858 n   2381 | aux 0.3218 life 0.177 atk 0.200 tok_atk 0.149 tok_ab 0.088 (n 1663)
    injected:reduce:EVENT:c3-5   mse 0.9317 sign 0.676 n    454 | aux 0.3449 life 0.236 atk 0.102 tok_atk 0.145 tok_ab 0.064 (n 326)
    injected:reduce:EVENT:c6+    mse 0.1824 sign 1.000 n    121 | aux 0.2027 life 0.198 atk 0.081 tok_atk 0.095 tok_ab 0.073 (n 95)
    injected:reduce:ON_ATTACK:c0-2 mse 0.3406 sign 0.876 n    692 | aux 0.3904 life 0.135 atk 0.176 tok_atk 0.149 tok_ab 0.137 (n 472)
    injected:reduce:ON_ATTACK:c3-5 mse 0.2535 sign 0.913 n   1084 | aux 0.3610 life 0.237 atk 0.195 tok_atk 0.163 tok_ab 0.117 (n 753)
    injected:reduce:ON_ATTACK:c6+ mse 0.8129 sign 0.688 n    570 | aux 0.3256 life 0.169 atk 0.133 tok_atk 0.096 tok_ab 0.097 (n 384)
    injected:reduce:ON_PLAY:c0-2 mse 0.3704 sign 0.877 n    341 | aux 0.3817 life 0.192 atk 0.179 tok_atk 0.107 tok_ab 0.157 (n 217)
    injected:reduce:ON_PLAY:c3-5 mse 0.6376 sign 0.735 n    324 | aux 0.3956 life 0.225 atk 0.248 tok_atk 0.173 tok_ab 0.201 (n 225)
    injected:reduce:ON_PLAY:c6+  mse 1.8037 sign 0.350 n    180 | aux 0.2896 life 0.244 atk 0.155 tok_atk 0.075 tok_ab 0.105 (n 119)
    injected:reduce:OTHER:c0-2   mse 2.1095 sign 0.081 n     62 | aux 0.3084 life 0.119 atk 0.018 tok_atk 0.030 tok_ab 0.201 (n 45)
    injected:reduce:OTHER:c6+    mse 0.5086 sign 0.797 n    360 | aux 0.3837 life 0.155 atk 0.210 tok_atk 0.140 tok_ab 0.144 (n 235)
    injected:reduce:TRIGGER:c0-2 mse 0.7324 sign 0.745 n    757 | aux 0.3218 life 0.153 atk 0.166 tok_atk 0.155 tok_ab 0.111 (n 538)
    injected:reduce:TRIGGER:c3-5 mse 0.2041 sign 0.934 n    391 | aux 0.3854 life 0.138 atk 0.126 tok_atk 0.108 tok_ab 0.075 (n 240)
    injected:trash:ACTIVATE_MAIN:c3-5 mse 0.6917 sign 0.732 n     82 | aux 0.5594 life 0.278 atk 0.521 tok_atk 0.336 tok_ab 0.293 (n 53)
    injected:trash:ACTIVATE_MAIN:c6+ mse 0.2162 sign 0.953 n    191 | aux 0.3015 life 0.177 atk 0.196 tok_atk 0.135 tok_ab 0.106 (n 121)
    injected:trash:ON_ATTACK:c3-5 mse 0.0747 sign 0.996 n    224 | aux 0.4262 life 0.108 atk 0.106 tok_atk 0.118 tok_ab 0.176 (n 153)
    injected:trash:ON_PLAY:c6+   mse 0.3221 sign 0.900 n    309 | aux 0.3996 life 0.143 atk 0.251 tok_atk 0.185 tok_ab 0.120 (n 179)
    colors:BLACK                 mse 0.5944 sign 0.800 n   4425 | aux 0.3588 life 0.201 atk 0.165 tok_atk 0.135 tok_ab 0.097 (n 3024)
    colors:BLUE                  mse 0.4004 sign 0.857 n   5705 | aux 0.3524 life 0.176 atk 0.194 tok_atk 0.146 tok_ab 0.117 (n 3968)
    colors:GREEN                 mse 0.6577 sign 0.764 n   5290 | aux 0.3297 life 0.206 atk 0.165 tok_atk 0.142 tok_ab 0.091 (n 3599)
    colors:PURPLE                mse 0.4852 sign 0.824 n   4352 | aux 0.3199 life 0.200 atk 0.173 tok_atk 0.150 tok_ab 0.107 (n 3023)
    colors:RED                   mse 0.5078 sign 0.813 n   4954 | aux 0.3256 life 0.180 atk 0.149 tok_atk 0.129 tok_ab 0.108 (n 3430)
    colors:YELLOW                mse 0.6102 sign 0.780 n   3432 | aux 0.3691 life 0.208 atk 0.188 tok_atk 0.134 tok_ab 0.102 (n 2269)
    after_removal                mse 0.5457 sign 0.817 n    578 | aux 0.3966 life 0.233 atk 0.233 tok_atk 0.185 tok_ab 0.119 (n 459)
    not_removal                  mse 0.5263 sign 0.811 n  18889 | aux 0.3450 life 0.193 atk 0.179 tok_atk 0.143 tok_ab 0.105 (n 12886)
  nrel_r9.npz
    all                          mse 0.5308 sign 0.810 n  19467 | aux 0.3501 life 0.197 atk 0.182 tok_atk 0.144 tok_ab 0.107 (n 13345)
    turn1-4                      mse 0.7958 sign 0.686 n   2583 | aux 0.2760 life 0.114 atk 0.114 tok_atk 0.103 tok_ab 0.083 (n 2583)
    turn5-8                      mse 0.6665 sign 0.760 n   6240 | aux 0.3532 life 0.212 atk 0.194 tok_atk 0.142 tok_ab 0.114 (n 5899)
    turn9-99                     mse 0.3754 sign 0.873 n  10370 | aux 0.3994 life 0.236 atk 0.216 tok_atk 0.175 tok_ab 0.117 (n 4589)
    injected:KO:ACTIVATE_MAIN:c0-2 mse 0.6890 sign 0.739 n    476 | aux 0.3635 life 0.258 atk 0.227 tok_atk 0.162 tok_ab 0.100 (n 309)
    injected:KO:ACTIVATE_MAIN:c3-5 mse 0.6662 sign 0.751 n    595 | aux 0.3857 life 0.214 atk 0.142 tok_atk 0.098 tok_ab 0.101 (n 395)
    injected:KO:ACTIVATE_MAIN:c6+ mse 0.6684 sign 0.783 n    189 | aux 0.2438 life 0.154 atk 0.082 tok_atk 0.071 tok_ab 0.072 (n 127)
    injected:KO:COUNTER:c0-2     mse 0.5460 sign 0.830 n    153 | aux 0.2622 life 0.109 atk 0.110 tok_atk 0.046 tok_ab 0.111 (n 103)
    injected:KO:COUNTER:c3-5     mse 0.2501 sign 0.907 n    216 | aux 0.3117 life 0.072 atk 0.175 tok_atk 0.121 tok_ab 0.096 (n 138)
    injected:KO:EVENT:c0-2       mse 0.6250 sign 0.777 n   1237 | aux 0.3357 life 0.178 atk 0.249 tok_atk 0.162 tok_ab 0.074 (n 921)
    injected:KO:EVENT:c3-5       mse 0.4783 sign 0.836 n   1973 | aux 0.3168 life 0.195 atk 0.196 tok_atk 0.128 tok_ab 0.076 (n 1347)
    injected:KO:EVENT:c6+        mse 0.6436 sign 0.701 n    442 | aux 0.3853 life 0.194 atk 0.145 tok_atk 0.150 tok_ab 0.119 (n 313)
    injected:KO:ON_ATTACK:c0-2   mse 0.3071 sign 0.921 n    356 | aux 0.3289 life 0.148 atk 0.197 tok_atk 0.150 tok_ab 0.078 (n 212)
    injected:KO:ON_ATTACK:c3-5   mse 0.3208 sign 0.874 n   1673 | aux 0.3233 life 0.184 atk 0.193 tok_atk 0.169 tok_ab 0.124 (n 1163)
    injected:KO:ON_ATTACK:c6+    mse 0.2548 sign 0.887 n    274 | aux 0.2648 life 0.170 atk 0.065 tok_atk 0.065 tok_ab 0.064 (n 188)
    injected:KO:ON_PLAY:c3-5     mse 0.5664 sign 0.786 n   1724 | aux 0.3639 life 0.180 atk 0.144 tok_atk 0.137 tok_ab 0.116 (n 1155)
    injected:KO:ON_PLAY:c6+      mse 0.3807 sign 0.852 n    283 | aux 0.2619 life 0.253 atk 0.218 tok_atk 0.141 tok_ab 0.132 (n 186)
    injected:KO:OTHER:c3-5       mse 0.3793 sign 0.885 n    390 | aux 0.3112 life 0.247 atk 0.095 tok_atk 0.110 tok_ab 0.123 (n 243)
    injected:KO:TRIGGER:c0-2     mse 0.7095 sign 0.764 n   1393 | aux 0.3700 life 0.188 atk 0.180 tok_atk 0.124 tok_ab 0.107 (n 1010)
    injected:KO:TRIGGER:c3-5     mse 0.6342 sign 0.772 n   1432 | aux 0.3622 life 0.170 atk 0.165 tok_atk 0.125 tok_ab 0.080 (n 971)
    injected:KO:TRIGGER:c6+      mse 0.2851 sign 0.917 n    277 | aux 0.2974 life 0.284 atk 0.244 tok_atk 0.181 tok_ab 0.082 (n 186)
    injected:bounce:COUNTER:c0-2 mse 0.0086 sign 1.000 n     48 | aux 0.2166 life 0.295 atk 0.159 tok_atk 0.070 tok_ab 0.197 (n 31)
    injected:bounce:EVENT:c0-2   mse 0.6080 sign 0.789 n    199 | aux 0.4007 life 0.114 atk 0.044 tok_atk 0.055 tok_ab 0.092 (n 142)
    injected:bounce:EVENT:c3-5   mse 0.1308 sign 0.989 n    265 | aux 0.3250 life 0.131 atk 0.112 tok_atk 0.117 tok_ab 0.100 (n 175)
    injected:bounce:ON_ATTACK:c0-2 mse 0.2356 sign 0.977 n    264 | aux 0.3082 life 0.196 atk 0.195 tok_atk 0.183 tok_ab 0.119 (n 200)
    injected:bounce:ON_ATTACK:c3-5 mse 0.9434 sign 0.668 n    386 | aux 0.3665 life 0.257 atk 0.183 tok_atk 0.130 tok_ab 0.076 (n 251)
    injected:bounce:ON_PLAY:c0-2 mse 0.2737 sign 0.921 n    751 | aux 0.3724 life 0.197 atk 0.200 tok_atk 0.167 tok_ab 0.128 (n 558)
    injected:bounce:ON_PLAY:c3-5 mse 0.3617 sign 0.888 n    492 | aux 0.3207 life 0.136 atk 0.140 tok_atk 0.129 tok_ab 0.079 (n 314)
    injected:bounce:ON_PLAY:c6+  mse 0.2343 sign 0.967 n    391 | aux 0.3983 life 0.120 atk 0.230 tok_atk 0.144 tok_ab 0.094 (n 266)
    injected:bounce:OTHER:c0-2   mse 0.2906 sign 0.930 n    142 | aux 0.3219 life 0.184 atk 0.065 tok_atk 0.103 tok_ab 0.106 (n 96)
    injected:bounce:OTHER:c3-5   mse 0.8193 sign 0.720 n    475 | aux 0.3089 life 0.178 atk 0.127 tok_atk 0.114 tok_ab 0.094 (n 299)
    injected:bounce:TRIGGER:c0-2 mse 0.1383 sign 0.995 n    186 | aux 0.3985 life 0.174 atk 0.213 tok_atk 0.132 tok_ab 0.164 (n 155)
    injected:deck:COUNTER:c0-2   mse 0.2809 sign 0.961 n     51 | aux 0.2781 life 0.588 atk 0.287 tok_atk 0.207 tok_ab 0.158 (n 31)
    injected:deck:EVENT:c0-2     mse 0.5930 sign 0.742 n    547 | aux 0.3576 life 0.219 atk 0.160 tok_atk 0.153 tok_ab 0.099 (n 396)
    injected:deck:EVENT:c3-5     mse 0.2773 sign 0.899 n    475 | aux 0.3034 life 0.123 atk 0.120 tok_atk 0.131 tok_ab 0.076 (n 332)
    injected:deck:ON_ATTACK:c0-2 mse 0.1472 sign 0.964 n    473 | aux 0.4541 life 0.122 atk 0.289 tok_atk 0.186 tok_ab 0.129 (n 354)
    injected:deck:ON_PLAY:c0-2   mse 0.0996 sign 0.963 n    214 | aux 0.3907 life 0.161 atk 0.075 tok_atk 0.120 tok_ab 0.099 (n 168)
    injected:deck:ON_PLAY:c3-5   mse 0.2063 sign 0.928 n    483 | aux 0.3376 life 0.178 atk 0.152 tok_atk 0.117 tok_ab 0.092 (n 300)
    injected:deck:ON_PLAY:c6+    mse 0.6013 sign 0.749 n    391 | aux 0.4150 life 0.112 atk 0.163 tok_atk 0.128 tok_ab 0.109 (n 273)
    injected:deck:TRIGGER:c3-5   mse 0.2704 sign 0.899 n    278 | aux 0.2867 life 0.143 atk 0.120 tok_atk 0.137 tok_ab 0.087 (n 204)
    injected:deck:TRIGGER:c6+    mse 0.0871 sign 0.966 n    116 | aux 0.4012 life 0.196 atk 0.151 tok_atk 0.141 tok_ab 0.103 (n 82)
    injected:lock:ACTIVATE_MAIN:c0-2 mse 0.4194 sign 0.856 n    215 | aux 0.4571 life 0.128 atk 0.123 tok_atk 0.110 tok_ab 0.166 (n 157)
    injected:lock:ACTIVATE_MAIN:c3-5 mse 0.5210 sign 0.801 n   2045 | aux 0.3511 life 0.201 atk 0.184 tok_atk 0.132 tok_ab 0.107 (n 1367)
    injected:lock:ACTIVATE_MAIN:c6+ mse 0.7046 sign 0.756 n    863 | aux 0.3439 life 0.215 atk 0.163 tok_atk 0.131 tok_ab 0.097 (n 596)
    injected:lock:COUNTER:c0-2   mse 0.8153 sign 0.713 n     80 | aux 0.2328 life 0.177 atk 0.172 tok_atk 0.120 tok_ab 0.011 (n 66)
    injected:lock:COUNTER:c3-5   mse 0.3569 sign 0.860 n    143 | aux 0.2411 life 0.071 atk 0.185 tok_atk 0.132 tok_ab 0.076 (n 94)
    injected:lock:EVENT:c0-2     mse 0.3554 sign 0.860 n   1425 | aux 0.3501 life 0.217 atk 0.197 tok_atk 0.170 tok_ab 0.094 (n 960)
    injected:lock:EVENT:c3-5     mse 0.8058 sign 0.735 n    630 | aux 0.2738 life 0.124 atk 0.116 tok_atk 0.102 tok_ab 0.095 (n 434)
    injected:lock:ON_ATTACK:c0-2 mse 0.8760 sign 0.709 n    309 | aux 0.3279 life 0.234 atk 0.159 tok_atk 0.130 tok_ab 0.073 (n 189)
    injected:lock:ON_ATTACK:c3-5 mse 0.5673 sign 0.815 n    951 | aux 0.3008 life 0.229 atk 0.205 tok_atk 0.141 tok_ab 0.086 (n 633)
    injected:lock:ON_ATTACK:c6+  mse 0.2504 sign 0.981 n     53 | aux 0.2505 life 0.339 atk 0.064 tok_atk 0.020 tok_ab 0.048 (n 35)
    injected:lock:ON_PLAY:c0-2   mse 1.0006 sign 0.676 n    244 | aux 0.3414 life 0.262 atk 0.242 tok_atk 0.189 tok_ab 0.166 (n 177)
    injected:lock:ON_PLAY:c3-5   mse 0.5786 sign 0.802 n    908 | aux 0.3184 life 0.217 atk 0.156 tok_atk 0.143 tok_ab 0.106 (n 610)
    injected:lock:ON_PLAY:c6+    mse 0.5294 sign 0.797 n    680 | aux 0.3260 life 0.228 atk 0.207 tok_atk 0.134 tok_ab 0.144 (n 417)
    injected:lock:OTHER:c0-2     mse 0.1315 sign 0.985 n     66 | aux 0.3437 life 0.074 atk 0.343 tok_atk 0.319 tok_ab 0.218 (n 33)
    injected:lock:OTHER:c3-5     mse 1.8006 sign 0.419 n     43 | aux 0.1846 life 0.385 atk 0.186 tok_atk 0.078 tok_ab 0.004 (n 19)
    injected:lock:OTHER:c6+      mse 0.7497 sign 0.742 n    209 | aux 0.3822 life 0.109 atk 0.365 tok_atk 0.277 tok_ab 0.165 (n 145)
    injected:lock:TRIGGER:c0-2   mse 0.6615 sign 0.751 n    868 | aux 0.3416 life 0.234 atk 0.271 tok_atk 0.170 tok_ab 0.072 (n 607)
    injected:lock:TRIGGER:c3-5   mse 1.1138 sign 0.702 n    309 | aux 0.2730 life 0.192 atk 0.088 tok_atk 0.075 tok_ab 0.106 (n 214)
    injected:lock:TRIGGER:c6+    mse 0.8223 sign 0.712 n    184 | aux 0.3038 life 0.168 atk 0.081 tok_atk 0.064 tok_ab 0.115 (n 128)
    injected:reduce:ACTIVATE_MAIN:c0-2 mse 0.5903 sign 0.788 n   1905 | aux 0.3517 life 0.212 atk 0.140 tok_atk 0.121 tok_ab 0.094 (n 1327)
    injected:reduce:ACTIVATE_MAIN:c3-5 mse 1.0415 sign 0.597 n    703 | aux 0.4044 life 0.250 atk 0.142 tok_atk 0.117 tok_ab 0.096 (n 480)
    injected:reduce:ACTIVATE_MAIN:c6+ mse 0.0612 sign 1.000 n     73 | aux 0.3760 life 0.343 atk 0.157 tok_atk 0.112 tok_ab 0.103 (n 47)
    injected:reduce:COUNTER:c0-2 mse 0.3326 sign 0.892 n    675 | aux 0.2660 life 0.179 atk 0.172 tok_atk 0.132 tok_ab 0.100 (n 464)
    injected:reduce:COUNTER:c3-5 mse 1.4289 sign 0.532 n    156 | aux 0.3486 life 0.170 atk 0.063 tok_atk 0.102 tok_ab 0.056 (n 112)
    injected:reduce:EVENT:c0-2   mse 0.4165 sign 0.852 n   2381 | aux 0.3267 life 0.181 atk 0.197 tok_atk 0.151 tok_ab 0.090 (n 1663)
    injected:reduce:EVENT:c3-5   mse 0.9174 sign 0.674 n    454 | aux 0.3430 life 0.267 atk 0.096 tok_atk 0.145 tok_ab 0.067 (n 326)
    injected:reduce:EVENT:c6+    mse 0.2656 sign 1.000 n    121 | aux 0.2200 life 0.194 atk 0.105 tok_atk 0.091 tok_ab 0.079 (n 95)
    injected:reduce:ON_ATTACK:c0-2 mse 0.3204 sign 0.874 n    692 | aux 0.3791 life 0.138 atk 0.176 tok_atk 0.147 tok_ab 0.144 (n 472)
    injected:reduce:ON_ATTACK:c3-5 mse 0.2385 sign 0.914 n   1084 | aux 0.3665 life 0.246 atk 0.199 tok_atk 0.165 tok_ab 0.120 (n 753)
    injected:reduce:ON_ATTACK:c6+ mse 0.7960 sign 0.709 n    570 | aux 0.3214 life 0.170 atk 0.138 tok_atk 0.097 tok_ab 0.099 (n 384)
    injected:reduce:ON_PLAY:c0-2 mse 0.4594 sign 0.830 n    341 | aux 0.3852 life 0.207 atk 0.183 tok_atk 0.108 tok_ab 0.150 (n 217)
    injected:reduce:ON_PLAY:c3-5 mse 0.5934 sign 0.775 n    324 | aux 0.3902 life 0.236 atk 0.260 tok_atk 0.175 tok_ab 0.196 (n 225)
    injected:reduce:ON_PLAY:c6+  mse 1.8177 sign 0.294 n    180 | aux 0.2857 life 0.256 atk 0.140 tok_atk 0.076 tok_ab 0.112 (n 119)
    injected:reduce:OTHER:c0-2   mse 2.1357 sign 0.177 n     62 | aux 0.3062 life 0.112 atk 0.015 tok_atk 0.027 tok_ab 0.225 (n 45)
    injected:reduce:OTHER:c6+    mse 0.4690 sign 0.839 n    360 | aux 0.3800 life 0.148 atk 0.213 tok_atk 0.145 tok_ab 0.144 (n 235)
    injected:reduce:TRIGGER:c0-2 mse 0.8137 sign 0.691 n    757 | aux 0.3163 life 0.164 atk 0.175 tok_atk 0.154 tok_ab 0.112 (n 538)
    injected:reduce:TRIGGER:c3-5 mse 0.2191 sign 0.936 n    391 | aux 0.3979 life 0.143 atk 0.133 tok_atk 0.111 tok_ab 0.073 (n 240)
    injected:trash:ACTIVATE_MAIN:c3-5 mse 0.5442 sign 0.780 n     82 | aux 0.5136 life 0.277 atk 0.504 tok_atk 0.346 tok_ab 0.286 (n 53)
    injected:trash:ACTIVATE_MAIN:c6+ mse 0.2721 sign 0.916 n    191 | aux 0.3433 life 0.198 atk 0.197 tok_atk 0.130 tok_ab 0.098 (n 121)
    injected:trash:ON_ATTACK:c3-5 mse 0.0929 sign 0.973 n    224 | aux 0.4360 life 0.103 atk 0.129 tok_atk 0.112 tok_ab 0.190 (n 153)
    injected:trash:ON_PLAY:c6+   mse 0.3211 sign 0.887 n    309 | aux 0.4213 life 0.144 atk 0.252 tok_atk 0.183 tok_ab 0.122 (n 179)
    colors:BLACK                 mse 0.5959 sign 0.794 n   4425 | aux 0.3649 life 0.203 atk 0.170 tok_atk 0.134 tok_ab 0.099 (n 3024)
    colors:BLUE                  mse 0.4169 sign 0.851 n   5705 | aux 0.3551 life 0.178 atk 0.192 tok_atk 0.147 tok_ab 0.117 (n 3968)
    colors:GREEN                 mse 0.6428 sign 0.767 n   5290 | aux 0.3385 life 0.207 atk 0.169 tok_atk 0.143 tok_ab 0.093 (n 3599)
    colors:PURPLE                mse 0.4919 sign 0.819 n   4352 | aux 0.3230 life 0.200 atk 0.173 tok_atk 0.149 tok_ab 0.110 (n 3023)
    colors:RED                   mse 0.5413 sign 0.804 n   4954 | aux 0.3255 life 0.184 atk 0.147 tok_atk 0.128 tok_ab 0.112 (n 3430)
    colors:YELLOW                mse 0.6012 sign 0.791 n   3432 | aux 0.3691 life 0.213 atk 0.191 tok_atk 0.132 tok_ab 0.101 (n 2269)
    after_removal                mse 0.5612 sign 0.787 n    578 | aux 0.4007 life 0.232 atk 0.244 tok_atk 0.184 tok_ab 0.122 (n 459)
    not_removal                  mse 0.5299 sign 0.810 n  18889 | aux 0.3483 life 0.196 atk 0.180 tok_atk 0.143 tok_ab 0.107 (n 12886)
  nrel_r9h.npz
    all                          mse 0.5150 sign 0.814 n  19467 | aux 0.3539 life 0.195 atk 0.183 tok_atk 0.146 tok_ab 0.109 (n 13345)
    turn1-4                      mse 0.7748 sign 0.695 n   2583 | aux 0.2762 life 0.113 atk 0.114 tok_atk 0.106 tok_ab 0.083 (n 2583)
    turn5-8                      mse 0.6450 sign 0.768 n   6240 | aux 0.3589 life 0.212 atk 0.198 tok_atk 0.143 tok_ab 0.115 (n 5899)
    turn9-99                     mse 0.3646 sign 0.875 n  10370 | aux 0.4028 life 0.231 atk 0.210 tok_atk 0.177 tok_ab 0.119 (n 4589)
    injected:KO:ACTIVATE_MAIN:c0-2 mse 0.6933 sign 0.735 n    476 | aux 0.3591 life 0.251 atk 0.193 tok_atk 0.161 tok_ab 0.094 (n 309)
    injected:KO:ACTIVATE_MAIN:c3-5 mse 0.6887 sign 0.719 n    595 | aux 0.3847 life 0.207 atk 0.123 tok_atk 0.099 tok_ab 0.102 (n 395)
    injected:KO:ACTIVATE_MAIN:c6+ mse 0.6514 sign 0.783 n    189 | aux 0.2392 life 0.159 atk 0.094 tok_atk 0.075 tok_ab 0.080 (n 127)
    injected:KO:COUNTER:c0-2     mse 0.6315 sign 0.817 n    153 | aux 0.2565 life 0.107 atk 0.104 tok_atk 0.052 tok_ab 0.125 (n 103)
    injected:KO:COUNTER:c3-5     mse 0.2140 sign 0.926 n    216 | aux 0.3028 life 0.078 atk 0.168 tok_atk 0.122 tok_ab 0.098 (n 138)
    injected:KO:EVENT:c0-2       mse 0.5932 sign 0.791 n   1237 | aux 0.3312 life 0.176 atk 0.258 tok_atk 0.164 tok_ab 0.077 (n 921)
    injected:KO:EVENT:c3-5       mse 0.4680 sign 0.837 n   1973 | aux 0.3246 life 0.197 atk 0.201 tok_atk 0.129 tok_ab 0.073 (n 1347)
    injected:KO:EVENT:c6+        mse 0.7196 sign 0.706 n    442 | aux 0.3961 life 0.187 atk 0.153 tok_atk 0.159 tok_ab 0.117 (n 313)
    injected:KO:ON_ATTACK:c0-2   mse 0.4441 sign 0.846 n    356 | aux 0.3159 life 0.147 atk 0.166 tok_atk 0.149 tok_ab 0.067 (n 212)
    injected:KO:ON_ATTACK:c3-5   mse 0.3240 sign 0.879 n   1673 | aux 0.3293 life 0.176 atk 0.188 tok_atk 0.174 tok_ab 0.123 (n 1163)
    injected:KO:ON_ATTACK:c6+    mse 0.2090 sign 0.887 n    274 | aux 0.2758 life 0.162 atk 0.059 tok_atk 0.068 tok_ab 0.060 (n 188)
    injected:KO:ON_PLAY:c3-5     mse 0.5429 sign 0.787 n   1724 | aux 0.3676 life 0.177 atk 0.137 tok_atk 0.137 tok_ab 0.117 (n 1155)
    injected:KO:ON_PLAY:c6+      mse 0.3743 sign 0.876 n    283 | aux 0.2646 life 0.264 atk 0.229 tok_atk 0.143 tok_ab 0.129 (n 186)
    injected:KO:OTHER:c3-5       mse 0.3478 sign 0.879 n    390 | aux 0.3080 life 0.237 atk 0.079 tok_atk 0.113 tok_ab 0.116 (n 243)
    injected:KO:TRIGGER:c0-2     mse 0.6705 sign 0.774 n   1393 | aux 0.3736 life 0.186 atk 0.183 tok_atk 0.126 tok_ab 0.107 (n 1010)
    injected:KO:TRIGGER:c3-5     mse 0.6465 sign 0.757 n   1432 | aux 0.3711 life 0.172 atk 0.176 tok_atk 0.127 tok_ab 0.080 (n 971)
    injected:KO:TRIGGER:c6+      mse 0.3198 sign 0.910 n    277 | aux 0.3001 life 0.282 atk 0.272 tok_atk 0.184 tok_ab 0.076 (n 186)
    injected:bounce:COUNTER:c0-2 mse 0.0121 sign 1.000 n     48 | aux 0.2085 life 0.313 atk 0.161 tok_atk 0.076 tok_ab 0.182 (n 31)
    injected:bounce:EVENT:c0-2   mse 0.5944 sign 0.784 n    199 | aux 0.3959 life 0.107 atk 0.054 tok_atk 0.055 tok_ab 0.095 (n 142)
    injected:bounce:EVENT:c3-5   mse 0.1471 sign 0.977 n    265 | aux 0.3329 life 0.137 atk 0.141 tok_atk 0.114 tok_ab 0.120 (n 175)
    injected:bounce:ON_ATTACK:c0-2 mse 0.3317 sign 0.932 n    264 | aux 0.3152 life 0.186 atk 0.196 tok_atk 0.184 tok_ab 0.132 (n 200)
    injected:bounce:ON_ATTACK:c3-5 mse 0.8210 sign 0.640 n    386 | aux 0.3624 life 0.262 atk 0.189 tok_atk 0.132 tok_ab 0.080 (n 251)
    injected:bounce:ON_PLAY:c0-2 mse 0.2850 sign 0.912 n    751 | aux 0.3735 life 0.194 atk 0.203 tok_atk 0.167 tok_ab 0.137 (n 558)
    injected:bounce:ON_PLAY:c3-5 mse 0.3640 sign 0.868 n    492 | aux 0.3242 life 0.136 atk 0.138 tok_atk 0.125 tok_ab 0.079 (n 314)
    injected:bounce:ON_PLAY:c6+  mse 0.3097 sign 0.921 n    391 | aux 0.3872 life 0.111 atk 0.239 tok_atk 0.143 tok_ab 0.092 (n 266)
    injected:bounce:OTHER:c0-2   mse 0.3111 sign 0.894 n    142 | aux 0.3362 life 0.190 atk 0.053 tok_atk 0.096 tok_ab 0.109 (n 96)
    injected:bounce:OTHER:c3-5   mse 0.7406 sign 0.699 n    475 | aux 0.3059 life 0.181 atk 0.145 tok_atk 0.112 tok_ab 0.096 (n 299)
    injected:bounce:TRIGGER:c0-2 mse 0.1504 sign 1.000 n    186 | aux 0.4238 life 0.160 atk 0.263 tok_atk 0.142 tok_ab 0.187 (n 155)
    injected:deck:COUNTER:c0-2   mse 0.2416 sign 0.980 n     51 | aux 0.2975 life 0.607 atk 0.262 tok_atk 0.195 tok_ab 0.158 (n 31)
    injected:deck:EVENT:c0-2     mse 0.5821 sign 0.751 n    547 | aux 0.3558 life 0.216 atk 0.162 tok_atk 0.160 tok_ab 0.102 (n 396)
    injected:deck:EVENT:c3-5     mse 0.2652 sign 0.895 n    475 | aux 0.3067 life 0.128 atk 0.126 tok_atk 0.130 tok_ab 0.076 (n 332)
    injected:deck:ON_ATTACK:c0-2 mse 0.1647 sign 0.966 n    473 | aux 0.4534 life 0.110 atk 0.299 tok_atk 0.183 tok_ab 0.137 (n 354)
    injected:deck:ON_PLAY:c0-2   mse 0.1308 sign 0.953 n    214 | aux 0.3941 life 0.160 atk 0.077 tok_atk 0.125 tok_ab 0.102 (n 168)
    injected:deck:ON_PLAY:c3-5   mse 0.1870 sign 0.944 n    483 | aux 0.3410 life 0.175 atk 0.141 tok_atk 0.120 tok_ab 0.090 (n 300)
    injected:deck:ON_PLAY:c6+    mse 0.5513 sign 0.767 n    391 | aux 0.4226 life 0.106 atk 0.168 tok_atk 0.131 tok_ab 0.114 (n 273)
    injected:deck:TRIGGER:c3-5   mse 0.2967 sign 0.874 n    278 | aux 0.2914 life 0.142 atk 0.135 tok_atk 0.136 tok_ab 0.086 (n 204)
    injected:deck:TRIGGER:c6+    mse 0.1145 sign 0.966 n    116 | aux 0.4122 life 0.197 atk 0.153 tok_atk 0.150 tok_ab 0.099 (n 82)
    injected:lock:ACTIVATE_MAIN:c0-2 mse 0.4050 sign 0.865 n    215 | aux 0.4861 life 0.120 atk 0.110 tok_atk 0.111 tok_ab 0.165 (n 157)
    injected:lock:ACTIVATE_MAIN:c3-5 mse 0.5092 sign 0.799 n   2045 | aux 0.3523 life 0.196 atk 0.185 tok_atk 0.135 tok_ab 0.107 (n 1367)
    injected:lock:ACTIVATE_MAIN:c6+ mse 0.6405 sign 0.765 n    863 | aux 0.3512 life 0.221 atk 0.157 tok_atk 0.134 tok_ab 0.096 (n 596)
    injected:lock:COUNTER:c0-2   mse 0.8224 sign 0.713 n     80 | aux 0.2430 life 0.185 atk 0.244 tok_atk 0.132 tok_ab 0.011 (n 66)
    injected:lock:COUNTER:c3-5   mse 0.3006 sign 0.888 n    143 | aux 0.2213 life 0.080 atk 0.167 tok_atk 0.136 tok_ab 0.082 (n 94)
    injected:lock:EVENT:c0-2     mse 0.3999 sign 0.858 n   1425 | aux 0.3525 life 0.221 atk 0.206 tok_atk 0.175 tok_ab 0.094 (n 960)
    injected:lock:EVENT:c3-5     mse 0.7785 sign 0.729 n    630 | aux 0.2747 life 0.127 atk 0.135 tok_atk 0.104 tok_ab 0.098 (n 434)
    injected:lock:ON_ATTACK:c0-2 mse 0.9865 sign 0.650 n    309 | aux 0.3037 life 0.233 atk 0.118 tok_atk 0.135 tok_ab 0.060 (n 189)
    injected:lock:ON_ATTACK:c3-5 mse 0.5376 sign 0.833 n    951 | aux 0.2986 life 0.227 atk 0.209 tok_atk 0.143 tok_ab 0.090 (n 633)
    injected:lock:ON_ATTACK:c6+  mse 0.2349 sign 0.981 n     53 | aux 0.2539 life 0.347 atk 0.042 tok_atk 0.024 tok_ab 0.059 (n 35)
    injected:lock:ON_PLAY:c0-2   mse 0.9363 sign 0.701 n    244 | aux 0.3358 life 0.257 atk 0.239 tok_atk 0.194 tok_ab 0.168 (n 177)
    injected:lock:ON_PLAY:c3-5   mse 0.5513 sign 0.808 n    908 | aux 0.3176 life 0.212 atk 0.162 tok_atk 0.142 tok_ab 0.111 (n 610)
    injected:lock:ON_PLAY:c6+    mse 0.4546 sign 0.835 n    680 | aux 0.3260 life 0.245 atk 0.209 tok_atk 0.135 tok_ab 0.139 (n 417)
    injected:lock:OTHER:c0-2     mse 0.2170 sign 0.939 n     66 | aux 0.3599 life 0.066 atk 0.414 tok_atk 0.310 tok_ab 0.233 (n 33)
    injected:lock:OTHER:c3-5     mse 2.0329 sign 0.349 n     43 | aux 0.1870 life 0.393 atk 0.206 tok_atk 0.070 tok_ab 0.009 (n 19)
    injected:lock:OTHER:c6+      mse 0.6736 sign 0.766 n    209 | aux 0.3826 life 0.105 atk 0.376 tok_atk 0.276 tok_ab 0.169 (n 145)
    injected:lock:TRIGGER:c0-2   mse 0.6460 sign 0.757 n    868 | aux 0.3319 life 0.221 atk 0.252 tok_atk 0.179 tok_ab 0.069 (n 607)
    injected:lock:TRIGGER:c3-5   mse 1.1290 sign 0.689 n    309 | aux 0.2798 life 0.191 atk 0.107 tok_atk 0.077 tok_ab 0.097 (n 214)
    injected:lock:TRIGGER:c6+    mse 0.8471 sign 0.690 n    184 | aux 0.2968 life 0.147 atk 0.065 tok_atk 0.078 tok_ab 0.123 (n 128)
    injected:reduce:ACTIVATE_MAIN:c0-2 mse 0.5173 sign 0.809 n   1905 | aux 0.3566 life 0.209 atk 0.139 tok_atk 0.124 tok_ab 0.094 (n 1327)
    injected:reduce:ACTIVATE_MAIN:c3-5 mse 0.8766 sign 0.626 n    703 | aux 0.4061 life 0.241 atk 0.144 tok_atk 0.123 tok_ab 0.098 (n 480)
    injected:reduce:ACTIVATE_MAIN:c6+ mse 0.0627 sign 1.000 n     73 | aux 0.3786 life 0.328 atk 0.170 tok_atk 0.118 tok_ab 0.111 (n 47)
    injected:reduce:COUNTER:c0-2 mse 0.3248 sign 0.880 n    675 | aux 0.2725 life 0.171 atk 0.174 tok_atk 0.130 tok_ab 0.098 (n 464)
    injected:reduce:COUNTER:c3-5 mse 1.3582 sign 0.538 n    156 | aux 0.3667 life 0.173 atk 0.074 tok_atk 0.104 tok_ab 0.054 (n 112)
    injected:reduce:EVENT:c0-2   mse 0.4168 sign 0.850 n   2381 | aux 0.3326 life 0.178 atk 0.195 tok_atk 0.151 tok_ab 0.088 (n 1663)
    injected:reduce:EVENT:c3-5   mse 0.9070 sign 0.670 n    454 | aux 0.3497 life 0.259 atk 0.113 tok_atk 0.146 tok_ab 0.063 (n 326)
    injected:reduce:EVENT:c6+    mse 0.3284 sign 0.983 n    121 | aux 0.2079 life 0.190 atk 0.076 tok_atk 0.095 tok_ab 0.071 (n 95)
    injected:reduce:ON_ATTACK:c0-2 mse 0.3600 sign 0.874 n    692 | aux 0.3952 life 0.138 atk 0.170 tok_atk 0.155 tok_ab 0.142 (n 472)
    injected:reduce:ON_ATTACK:c3-5 mse 0.2490 sign 0.910 n   1084 | aux 0.3657 life 0.242 atk 0.194 tok_atk 0.166 tok_ab 0.118 (n 753)
    injected:reduce:ON_ATTACK:c6+ mse 0.7052 sign 0.737 n    570 | aux 0.3210 life 0.159 atk 0.134 tok_atk 0.095 tok_ab 0.102 (n 384)
    injected:reduce:ON_PLAY:c0-2 mse 0.4673 sign 0.824 n    341 | aux 0.3837 life 0.191 atk 0.177 tok_atk 0.109 tok_ab 0.165 (n 217)
    injected:reduce:ON_PLAY:c3-5 mse 0.6828 sign 0.707 n    324 | aux 0.4012 life 0.224 atk 0.251 tok_atk 0.177 tok_ab 0.201 (n 225)
    injected:reduce:ON_PLAY:c6+  mse 1.7538 sign 0.378 n    180 | aux 0.2895 life 0.250 atk 0.149 tok_atk 0.076 tok_ab 0.110 (n 119)
    injected:reduce:OTHER:c0-2   mse 2.2296 sign 0.097 n     62 | aux 0.3046 life 0.103 atk 0.017 tok_atk 0.036 tok_ab 0.233 (n 45)
    injected:reduce:OTHER:c6+    mse 0.3345 sign 0.883 n    360 | aux 0.3813 life 0.145 atk 0.215 tok_atk 0.141 tok_ab 0.148 (n 235)
    injected:reduce:TRIGGER:c0-2 mse 0.7124 sign 0.731 n    757 | aux 0.3209 life 0.161 atk 0.171 tok_atk 0.159 tok_ab 0.113 (n 538)
    injected:reduce:TRIGGER:c3-5 mse 0.1972 sign 0.944 n    391 | aux 0.3979 life 0.135 atk 0.123 tok_atk 0.113 tok_ab 0.072 (n 240)
    injected:trash:ACTIVATE_MAIN:c3-5 mse 0.7727 sign 0.573 n     82 | aux 0.5502 life 0.293 atk 0.492 tok_atk 0.338 tok_ab 0.293 (n 53)
    injected:trash:ACTIVATE_MAIN:c6+ mse 0.1949 sign 0.990 n    191 | aux 0.4386 life 0.170 atk 0.207 tok_atk 0.131 tok_ab 0.103 (n 121)
    injected:trash:ON_ATTACK:c3-5 mse 0.0879 sign 0.991 n    224 | aux 0.4342 life 0.100 atk 0.109 tok_atk 0.115 tok_ab 0.204 (n 153)
    injected:trash:ON_PLAY:c6+   mse 0.3274 sign 0.880 n    309 | aux 0.4909 life 0.147 atk 0.252 tok_atk 0.185 tok_ab 0.124 (n 179)
    colors:BLACK                 mse 0.5693 sign 0.805 n   4425 | aux 0.3779 life 0.202 atk 0.169 tok_atk 0.136 tok_ab 0.101 (n 3024)
    colors:BLUE                  mse 0.3973 sign 0.858 n   5705 | aux 0.3586 life 0.174 atk 0.197 tok_atk 0.148 tok_ab 0.122 (n 3968)
    colors:GREEN                 mse 0.6411 sign 0.771 n   5290 | aux 0.3463 life 0.205 atk 0.169 tok_atk 0.146 tok_ab 0.093 (n 3599)
    colors:PURPLE                mse 0.4890 sign 0.819 n   4352 | aux 0.3244 life 0.204 atk 0.180 tok_atk 0.150 tok_ab 0.109 (n 3023)
    colors:RED                   mse 0.4879 sign 0.820 n   4954 | aux 0.3268 life 0.179 atk 0.151 tok_atk 0.132 tok_ab 0.112 (n 3430)
    colors:YELLOW                mse 0.6089 sign 0.777 n   3432 | aux 0.3679 life 0.208 atk 0.183 tok_atk 0.136 tok_ab 0.103 (n 2269)
    after_removal                mse 0.5343 sign 0.810 n    578 | aux 0.3973 life 0.236 atk 0.229 tok_atk 0.187 tok_ab 0.124 (n 459)
    not_removal                  mse 0.5144 sign 0.814 n  18889 | aux 0.3524 life 0.194 atk 0.181 tok_atk 0.145 tok_ab 0.108 (n 12886)
  79s
  → /root/band_r9/band_r9_w30.json
N_REL_BAND {"rows": 19467, "src": ["/root/n30_wave/w01/n_records/n30_w01", "/root/n30_wave/w02/n_records/n30_w02"], "out": "/root/band_r9/band_r9_w30.json", "buckets": 90, "nets": {"start.npz": {"v_mse": 0.5155001935078082, "v_sign": 0.81445523193096, "n": 19467, "aux": {"opp_turn_my_life_lost": 0.19732283055782318, "opp_turn_attacks": 0.18878184258937836, "opp_turn_effects": 0.9778234958648682, "my_turn_opp_life_lost": 0.252236932516098, "my_turn_attacks": 0.29214414954185486, "my_turn_effects": 1.2394593954086304, "next_my_board_power": 0.062313683331012726, "next_opp_board_power": 0.07457932829856873, "next_my_board_n": 0.20124685764312744, "next_opp_board_n": 0.21171186864376068, "tok_attacked": 0.1502702683210373, "tok_life_pushed": 0.029677048325538635, "tok_ability": 0.11882743239402771, "n": 13345}}, "nrel_r7.npz": {"v_mse": 0.5268451710850761, "v_sign": 0.811373092926491, "n": 19467, "aux": {"opp_turn_my_life_lost": 0.1943822056055069, "opp_turn_attacks": 0.18043123185634613, "opp_turn_effects": 0.90544193983078, "my_turn_opp_life_lost": 0.24858441948890686, "my_turn_attacks": 0.28539034724235535, "my_turn_effects": 1.1284812688827515, "next_my_board_power": 0.05970584601163864, "next_opp_board_power": 0.06987772136926651, "next_my_board_n": 0.19607752561569214, "next_opp_board_n": 0.19966921210289001, "tok_attacked": 0.14444926381111145, "tok_life_pushed": 0.029292654246091843, "tok_ability": 0.10551388561725616, "n": 13345}}, "nrel_r9.npz": {"v_mse": 0.5308035332088236, "v_sign": 0.8095751785072174, "n": 19467, "aux": {"opp_turn_my_life_lost": 0.19714929163455963, "opp_turn_attacks": 0.18218854069709778, "opp_turn_effects": 0.9071774482727051, "my_turn_opp_life_lost": 0.2481873631477356, "my_turn_attacks": 0.28402939438819885, "my_turn_effects": 1.147463321685791, "next_my_board_power": 0.06001066043972969, "next_opp_board_power": 0.06981763243675232, "next_my_board_n": 0.2030273824930191, "next_opp_board_n": 0.20234009623527527, "tok_attacked": 0.14420031011104584, "tok_life_pushed": 0.029242293909192085, "tok_ability": 0.10728726536035538, "n": 13345}}, "nrel_r9h.npz": {"v_mse": 0.5150182340274335, "v_sign": 0.8139929110802897, "n": 19467, "aux": {"opp_turn_my_life_lost": 0.19526724517345428, "opp_turn_attacks": 0.18255150318145752, "opp_turn_effects": 0.9255574941635132, "my_turn_opp_life_lost": 0.24711379408836365, "my_turn_attacks": 0.2859482169151306, "my_turn_effects": 1.175164818763733, "next_my_board_power": 0.05958914756774902, "next_opp_board_power": 0.07079717516899109, "next_my_board_n": 0.19585935771465302, "next_opp_board_n": 0.20163531601428986, "tok_attacked": 0.14617285132408142, "tok_life_pushed": 0.029415959492325783, "tok_ability": 0.10867340117692947, "n": 13345}}}, "policy": {"start.npz": {"points": 7783, "top1_visits": 0.6254657587048695, "ce_visits": 1.7550082039468533, "top1_q_improved": 0.49582423230116923, "ce_q_improved": 1.7423294363422535, "gate": {"rows": 2568, "p_mass_removal": 0.2620051608691853, "argmax_removal": 0.26869158878504673, "data_chose_removal": 0.2718068535825545}}, "nrel_r7.npz": {"points": 7783, "top1_visits": 0.6259796993447256, "ce_visits": 1.7550667766799937, "top1_q_improved": 0.4978799948605936, "ce_q_improved": 1.7333511495657603, "gate": {"rows": 2568, "p_mass_removal": 0.26213646294281234, "argmax_removal": 0.2733644859813084, "data_chose_removal": 0.2718068535825545}}, "nrel_r9.npz": {"points": 7783, "top1_visits": 0.6302197096235385, "ce_visits": 1.7529525217690751, "top1_q_improved": 0.5067454708981113, "ce_q_improved": 1.7277715360231485, "gate": {"rows": 2568, "p_mass_removal": 0.26103715443505593, "argmax_removal": 0.2718068535825545, "data_chose_removal": 0.2718068535825545}}, "nrel_r9h.npz": {"points": 7783, "top1_visits": 0.6198124116664525, "ce_visits": 1.7598082331540146, "top1_q_improved": 0.4927405884620326, "ce_q_improved": 1.7405067433064751, "gate": {"rows": 2568, "p_mass_removal": 0.2636521599262007, "argmax_removal": 0.28582554517133957, "data_chose_removal": 0.2718068535825545}}}}
