holdout 行 31926（seed%7==0・2s）
  [policy] start.npz top1_visits 0.577 ce_visits 1.749 top1_q_improved 0.578 ce_q_improved 1.725 | gate mass 0.215 argmax 0.198 data 0.212 (n 4902)
  [policy] nrel_r7.npz top1_visits 0.550 ce_visits 1.773 top1_q_improved 0.548 ce_q_improved 1.746 | gate mass 0.216 argmax 0.203 data 0.212 (n 4902)
  [policy] nrel_r9.npz top1_visits 0.551 ce_visits 1.769 top1_q_improved 0.549 ce_q_improved 1.741 | gate mass 0.214 argmax 0.199 data 0.212 (n 4902)
  [policy] nrel_r9h.npz top1_visits 0.545 ce_visits 1.777 top1_q_improved 0.541 ce_q_improved 1.753 | gate mass 0.215 argmax 0.198 data 0.212 (n 4902)
  [policy] 66s
  start.npz
    all                          mse 0.5716 sign 0.795 n  31926
    turn1-4                      mse 0.7652 sign 0.707 n   4114
    turn5-8                      mse 0.6511 sign 0.764 n  10001
    turn9-99                     mse 0.4744 sign 0.836 n  17375
    leader_color:BLACK           mse 0.5857 sign 0.798 n   2798
    leader_color:BLACK|BLUE      mse 0.5849 sign 0.757 n   1004
    leader_color:BLACK|GREEN     mse 0.3235 sign 0.881 n    452
    leader_color:BLACK|PURPLE    mse 0.5828 sign 0.781 n    416
    leader_color:BLACK|RED       mse 0.3741 sign 0.879 n    750
    leader_color:BLACK|YELLOW    mse 0.5685 sign 0.791 n   1844
    leader_color:BLUE            mse 0.6394 sign 0.776 n   3561
    leader_color:BLUE|GREEN      mse 0.8717 sign 0.698 n    675
    leader_color:BLUE|PURPLE     mse 0.7115 sign 0.708 n    884
    leader_color:BLUE|RED        mse 0.5058 sign 0.788 n   1513
    leader_color:BLUE|YELLOW     mse 0.5134 sign 0.804 n    767
    leader_color:GREEN           mse 0.4976 sign 0.823 n   3194
    leader_color:GREEN|PURPLE    mse 1.0342 sign 0.629 n    700
    leader_color:GREEN|RED       mse 0.5670 sign 0.799 n   1811
    leader_color:GREEN|YELLOW    mse 0.4837 sign 0.851 n    450
    leader_color:PURPLE          mse 0.4240 sign 0.851 n   2382
    leader_color:PURPLE|RED      mse 0.5141 sign 0.806 n   1046
    leader_color:PURPLE|YELLOW   mse 0.4815 sign 0.827 n    764
    leader_color:RED             mse 0.5118 sign 0.822 n   2757
    leader_color:RED|YELLOW      mse 0.6916 sign 0.731 n    725
    leader_color:YELLOW          mse 0.6600 sign 0.775 n   3433
    after_removal                mse 0.6353 sign 0.773 n    696
    not_removal                  mse 0.5702 sign 0.795 n  31230
  nrel_r7.npz
    all                          mse 0.5858 sign 0.791 n  31926
    turn1-4                      mse 0.7719 sign 0.708 n   4114
    turn5-8                      mse 0.6814 sign 0.751 n  10001
    turn9-99                     mse 0.4812 sign 0.835 n  17375
    leader_color:BLACK           mse 0.6452 sign 0.776 n   2798
    leader_color:BLACK|BLUE      mse 0.5642 sign 0.775 n   1004
    leader_color:BLACK|GREEN     mse 0.2955 sign 0.892 n    452
    leader_color:BLACK|PURPLE    mse 0.5618 sign 0.793 n    416
    leader_color:BLACK|RED       mse 0.4234 sign 0.852 n    750
    leader_color:BLACK|YELLOW    mse 0.5654 sign 0.791 n   1844
    leader_color:BLUE            mse 0.7105 sign 0.744 n   3561
    leader_color:BLUE|GREEN      mse 0.9239 sign 0.696 n    675
    leader_color:BLUE|PURPLE     mse 0.7153 sign 0.714 n    884
    leader_color:BLUE|RED        mse 0.4747 sign 0.826 n   1513
    leader_color:BLUE|YELLOW     mse 0.4961 sign 0.803 n    767
    leader_color:GREEN           mse 0.4420 sign 0.850 n   3194
    leader_color:GREEN|PURPLE    mse 1.1354 sign 0.584 n    700
    leader_color:GREEN|RED       mse 0.6308 sign 0.766 n   1811
    leader_color:GREEN|YELLOW    mse 0.6034 sign 0.804 n    450
    leader_color:PURPLE          mse 0.4372 sign 0.855 n   2382
    leader_color:PURPLE|RED      mse 0.5413 sign 0.796 n   1046
    leader_color:PURPLE|YELLOW   mse 0.5228 sign 0.806 n    764
    leader_color:RED             mse 0.4574 sign 0.842 n   2757
    leader_color:RED|YELLOW      mse 0.5194 sign 0.796 n    725
    leader_color:YELLOW          mse 0.7147 sign 0.754 n   3433
    after_removal                mse 0.6322 sign 0.763 n    696
    not_removal                  mse 0.5848 sign 0.791 n  31230
  nrel_r9.npz
    all                          mse 0.5916 sign 0.785 n  31926
    turn1-4                      mse 0.7846 sign 0.694 n   4114
    turn5-8                      mse 0.6776 sign 0.750 n  10001
    turn9-99                     mse 0.4908 sign 0.829 n  17375
    leader_color:BLACK           mse 0.6833 sign 0.759 n   2798
    leader_color:BLACK|BLUE      mse 0.6431 sign 0.738 n   1004
    leader_color:BLACK|GREEN     mse 0.3339 sign 0.881 n    452
    leader_color:BLACK|PURPLE    mse 0.5167 sign 0.825 n    416
    leader_color:BLACK|RED       mse 0.3893 sign 0.867 n    750
    leader_color:BLACK|YELLOW    mse 0.5495 sign 0.798 n   1844
    leader_color:BLUE            mse 0.6747 sign 0.757 n   3561
    leader_color:BLUE|GREEN      mse 0.9488 sign 0.671 n    675
    leader_color:BLUE|PURPLE     mse 0.7645 sign 0.686 n    884
    leader_color:BLUE|RED        mse 0.5039 sign 0.802 n   1513
    leader_color:BLUE|YELLOW     mse 0.4693 sign 0.824 n    767
    leader_color:GREEN           mse 0.4650 sign 0.836 n   3194
    leader_color:GREEN|PURPLE    mse 1.0692 sign 0.623 n    700
    leader_color:GREEN|RED       mse 0.6582 sign 0.757 n   1811
    leader_color:GREEN|YELLOW    mse 0.5450 sign 0.809 n    450
    leader_color:PURPLE          mse 0.4405 sign 0.840 n   2382
    leader_color:PURPLE|RED      mse 0.5699 sign 0.770 n   1046
    leader_color:PURPLE|YELLOW   mse 0.4967 sign 0.818 n    764
    leader_color:RED             mse 0.4655 sign 0.841 n   2757
    leader_color:RED|YELLOW      mse 0.6373 sign 0.754 n    725
    leader_color:YELLOW          mse 0.6917 sign 0.756 n   3433
    after_removal                mse 0.6544 sign 0.749 n    696
    not_removal                  mse 0.5902 sign 0.786 n  31230
  nrel_r9h.npz
    all                          mse 0.5827 sign 0.790 n  31926
    turn1-4                      mse 0.7847 sign 0.693 n   4114
    turn5-8                      mse 0.6627 sign 0.755 n  10001
    turn9-99                     mse 0.4832 sign 0.836 n  17375
    leader_color:BLACK           mse 0.6093 sign 0.787 n   2798
    leader_color:BLACK|BLUE      mse 0.5599 sign 0.764 n   1004
    leader_color:BLACK|GREEN     mse 0.3401 sign 0.867 n    452
    leader_color:BLACK|PURPLE    mse 0.6034 sign 0.786 n    416
    leader_color:BLACK|RED       mse 0.4339 sign 0.853 n    750
    leader_color:BLACK|YELLOW    mse 0.5551 sign 0.798 n   1844
    leader_color:BLUE            mse 0.6900 sign 0.752 n   3561
    leader_color:BLUE|GREEN      mse 0.9072 sign 0.692 n    675
    leader_color:BLUE|PURPLE     mse 0.7272 sign 0.699 n    884
    leader_color:BLUE|RED        mse 0.5069 sign 0.807 n   1513
    leader_color:BLUE|YELLOW     mse 0.4907 sign 0.797 n    767
    leader_color:GREEN           mse 0.4671 sign 0.836 n   3194
    leader_color:GREEN|PURPLE    mse 1.0930 sign 0.599 n    700
    leader_color:GREEN|RED       mse 0.6100 sign 0.784 n   1811
    leader_color:GREEN|YELLOW    mse 0.5451 sign 0.824 n    450
    leader_color:PURPLE          mse 0.4210 sign 0.860 n   2382
    leader_color:PURPLE|RED      mse 0.5791 sign 0.768 n   1046
    leader_color:PURPLE|YELLOW   mse 0.4994 sign 0.827 n    764
    leader_color:RED             mse 0.4617 sign 0.841 n   2757
    leader_color:RED|YELLOW      mse 0.6730 sign 0.720 n    725
    leader_color:YELLOW          mse 0.6904 sign 0.766 n   3433
    after_removal                mse 0.6397 sign 0.756 n    696
    not_removal                  mse 0.5815 sign 0.791 n  31230
  170s
  → /root/band_r9/band_r9_w28.json
N_REL_BAND {"rows": 31926, "src": ["/root/n28_wave/w01/n_records/n28_records", "/root/n28_wave/w02/n_records/n28_records"], "out": "/root/band_r9/band_r9_w28.json", "buckets": 27, "nets": {"start.npz": {"v_mse": 0.5715890996124696, "v_sign": 0.7945248386894694, "n": 31926}, "nrel_r7.npz": {"v_mse": 0.5858033665101913, "v_sign": 0.7905468896823905, "n": 31926}, "nrel_r9.npz": {"v_mse": 0.5915564768403389, "v_sign": 0.7849714965858547, "n": 31926}, "nrel_r9h.npz": {"v_mse": 0.5827383732762358, "v_sign": 0.7901396980517447, "n": 31926}}, "policy": {"start.npz": {"points": 18027, "top1_visits": 0.5770233538581018, "ce_visits": 1.7492213252116184, "top1_q_improved": 0.5781328007988018, "ce_q_improved": 1.7252859563261986, "gate": {"rows": 4902, "p_mass_removal": 0.21483670881284253, "argmax_removal": 0.19808241534067728, "data_chose_removal": 0.21215830273357814}}, "nrel_r7.npz": {"points": 18027, "top1_visits": 0.5497309591168802, "ce_visits": 1.7728864551615502, "top1_q_improved": 0.5479003716647252, "ce_q_improved": 1.746011815372915, "gate": {"rows": 4902, "p_mass_removal": 0.2155408859771182, "argmax_removal": 0.2029783761729906, "data_chose_removal": 0.21215830273357814}}, "nrel_r9.npz": {"points": 18027, "top1_visits": 0.5509513507516502, "ce_visits": 1.7694183026268973, "top1_q_improved": 0.5491207632994952, "ce_q_improved": 1.7405216968045654, "gate": {"rows": 4902, "p_mass_removal": 0.21401931328213347, "argmax_removal": 0.19869441044471645, "data_chose_removal": 0.21215830273357814}}, "nrel_r9h.npz": {"points": 18027, "top1_visits": 0.545015809618905, "ce_visits": 1.777169163111886, "top1_q_improved": 0.5409663282853497, "ce_q_improved": 1.7534137881786804, "gate": {"rows": 4902, "p_mass_removal": 0.2152593475792544, "argmax_removal": 0.19787841697266423, "data_chose_removal": 0.21215830273357814}}}}
