holdout 行 19375（seed%7==0・2s）
  [policy] start.npz top1_visits 0.573 ce_visits 1.845 top1_q_improved 0.461 ce_q_improved 1.879 | gate mass 0.237 argmax 0.239 data 0.247 (n 2352)
  [policy] nrel_r7.npz top1_visits 0.586 ce_visits 1.835 top1_q_improved 0.476 ce_q_improved 1.857 | gate mass 0.236 argmax 0.241 data 0.247 (n 2352)
  [policy] nrel_r9.npz top1_visits 0.589 ce_visits 1.832 top1_q_improved 0.476 ce_q_improved 1.850 | gate mass 0.235 argmax 0.232 data 0.247 (n 2352)
  [policy] nrel_r9h.npz top1_visits 0.582 ce_visits 1.837 top1_q_improved 0.471 ce_q_improved 1.863 | gate mass 0.238 argmax 0.239 data 0.247 (n 2352)
  [policy] 13s
  start.npz
    all                          mse 0.5263 sign 0.812 n  19375 | aux 0.3961 life 0.207 atk 0.196 tok_atk 0.166 tok_ab 0.117 (n 13213)
    turn1-4                      mse 0.8153 sign 0.696 n   2542 | aux 0.2749 life 0.120 atk 0.111 tok_atk 0.107 tok_ab 0.076 (n 2542)
    turn5-8                      mse 0.6341 sign 0.769 n   6044 | aux 0.3995 life 0.228 atk 0.202 tok_atk 0.161 tok_ab 0.114 (n 5876)
    turn9-99                     mse 0.3848 sign 0.868 n  10515 | aux 0.4731 life 0.242 atk 0.247 tok_atk 0.210 tok_ab 0.147 (n 4521)
    injected:KO:ACTIVATE_MAIN:c0-2 mse 0.2150 sign 0.973 n    292 | aux 0.3239 life 0.231 atk 0.103 tok_atk 0.112 tok_ab 0.096 (n 213)
    injected:KO:ACTIVATE_MAIN:c3-5 mse 0.5669 sign 0.812 n   1209 | aux 0.4164 life 0.203 atk 0.130 tok_atk 0.122 tok_ab 0.120 (n 836)
    injected:KO:ACTIVATE_MAIN:c6+ mse 0.1577 sign 0.946 n    349 | aux 0.3335 life 0.196 atk 0.168 tok_atk 0.159 tok_ab 0.081 (n 246)
    injected:KO:COUNTER:c0-2     mse 0.3714 sign 0.891 n    137 | aux 0.5549 life 0.154 atk 0.076 tok_atk 0.108 tok_ab 0.155 (n 92)
    injected:KO:COUNTER:c3-5     mse 0.5072 sign 0.774 n    106 | aux 0.2499 life 0.274 atk 0.271 tok_atk 0.143 tok_ab 0.078 (n 70)
    injected:KO:EVENT:c0-2       mse 0.3721 sign 0.886 n   1416 | aux 0.3681 life 0.215 atk 0.240 tok_atk 0.201 tok_ab 0.112 (n 951)
    injected:KO:EVENT:c3-5       mse 0.5319 sign 0.798 n   1794 | aux 0.3344 life 0.234 atk 0.143 tok_atk 0.125 tok_ab 0.112 (n 1190)
    injected:KO:EVENT:c6+        mse 0.3313 sign 0.900 n    331 | aux 0.2864 life 0.094 atk 0.125 tok_atk 0.068 tok_ab 0.093 (n 251)
    injected:KO:ON_ATTACK:c0-2   mse 0.7324 sign 0.714 n    206 | aux 0.5038 life 0.122 atk 0.236 tok_atk 0.194 tok_ab 0.052 (n 147)
    injected:KO:ON_ATTACK:c3-5   mse 0.3659 sign 0.886 n   1421 | aux 0.3357 life 0.211 atk 0.186 tok_atk 0.151 tok_ab 0.126 (n 969)
    injected:KO:ON_ATTACK:c6+    mse 0.6127 sign 0.818 n    137 | aux 0.2445 life 0.197 atk 0.114 tok_atk 0.098 tok_ab 0.082 (n 102)
    injected:KO:ON_PLAY:c3-5     mse 0.3738 sign 0.864 n   1618 | aux 0.3954 life 0.208 atk 0.170 tok_atk 0.161 tok_ab 0.093 (n 1092)
    injected:KO:ON_PLAY:c6+      mse 0.4428 sign 0.846 n    188 | aux 0.3574 life 0.136 atk 0.135 tok_atk 0.189 tok_ab 0.153 (n 138)
    injected:KO:OTHER:c3-5       mse 0.4435 sign 0.849 n    185 | aux 0.3347 life 0.275 atk 0.156 tok_atk 0.136 tok_ab 0.090 (n 143)
    injected:KO:TRIGGER:c0-2     mse 0.4920 sign 0.810 n   1578 | aux 0.3926 life 0.200 atk 0.170 tok_atk 0.144 tok_ab 0.111 (n 1036)
    injected:KO:TRIGGER:c3-5     mse 0.5677 sign 0.806 n   1488 | aux 0.4564 life 0.222 atk 0.188 tok_atk 0.137 tok_ab 0.136 (n 1028)
    injected:KO:TRIGGER:c6+      mse 0.2610 sign 0.923 n    299 | aux 0.2685 life 0.087 atk 0.099 tok_atk 0.078 tok_ab 0.086 (n 209)
    injected:bounce:EVENT:c0-2   mse 0.0309 sign 1.000 n    251 | aux 0.3577 life 0.152 atk 0.190 tok_atk 0.223 tok_ab 0.104 (n 167)
    injected:bounce:EVENT:c3-5   mse 0.3871 sign 0.834 n    409 | aux 0.3447 life 0.131 atk 0.168 tok_atk 0.184 tok_ab 0.090 (n 308)
    injected:bounce:ON_ATTACK:c0-2 mse 0.4182 sign 0.885 n    261 | aux 0.3217 life 0.178 atk 0.130 tok_atk 0.175 tok_ab 0.116 (n 173)
    injected:bounce:ON_ATTACK:c3-5 mse 0.2712 sign 0.933 n    463 | aux 0.3114 life 0.134 atk 0.103 tok_atk 0.128 tok_ab 0.055 (n 273)
    injected:bounce:ON_PLAY:c0-2 mse 0.4337 sign 0.903 n    196 | aux 0.3005 life 0.194 atk 0.190 tok_atk 0.153 tok_ab 0.145 (n 114)
    injected:bounce:ON_PLAY:c3-5 mse 0.4277 sign 0.839 n    828 | aux 0.3665 life 0.215 atk 0.194 tok_atk 0.149 tok_ab 0.077 (n 560)
    injected:bounce:ON_PLAY:c6+  mse 0.4416 sign 0.892 n    232 | aux 0.3756 life 0.118 atk 0.305 tok_atk 0.238 tok_ab 0.142 (n 186)
    injected:bounce:OTHER:c3-5   mse 0.2664 sign 0.942 n    586 | aux 0.3317 life 0.150 atk 0.164 tok_atk 0.169 tok_ab 0.086 (n 398)
    injected:bounce:TRIGGER:c0-2 mse 0.6583 sign 0.838 n    173 | aux 0.3306 life 0.137 atk 0.265 tok_atk 0.199 tok_ab 0.191 (n 133)
    injected:deck:ACTIVATE_MAIN:c3-5 mse 0.3325 sign 0.896 n    422 | aux 0.4032 life 0.146 atk 0.210 tok_atk 0.231 tok_ab 0.092 (n 284)
    injected:deck:COUNTER:c0-2   mse 0.1077 sign 0.981 n     54 | aux 0.3604 life 0.410 atk 0.040 tok_atk 0.160 tok_ab 0.095 (n 40)
    injected:deck:EVENT:c0-2     mse 0.3718 sign 0.866 n   1144 | aux 0.3485 life 0.204 atk 0.159 tok_atk 0.161 tok_ab 0.118 (n 909)
    injected:deck:EVENT:c3-5     mse 0.2753 sign 0.898 n   1079 | aux 0.3766 life 0.221 atk 0.173 tok_atk 0.150 tok_ab 0.115 (n 748)
    injected:deck:ON_ATTACK:c0-2 mse 0.4112 sign 0.790 n    224 | aux 0.3152 life 0.171 atk 0.169 tok_atk 0.098 tok_ab 0.099 (n 140)
    injected:deck:ON_ATTACK:c3-5 mse 0.0985 sign 0.982 n    171 | aux 0.4787 life 0.263 atk 0.153 tok_atk 0.069 tok_ab 0.174 (n 132)
    injected:deck:ON_PLAY:c0-2   mse 0.6736 sign 0.638 n     69 | aux 0.2077 life 0.098 atk 0.104 tok_atk 0.091 tok_ab 0.065 (n 36)
    injected:deck:ON_PLAY:c3-5   mse 0.7788 sign 0.701 n   1022 | aux 0.4511 life 0.286 atk 0.191 tok_atk 0.193 tok_ab 0.148 (n 723)
    injected:deck:ON_PLAY:c6+    mse 0.2334 sign 0.921 n    318 | aux 0.3963 life 0.224 atk 0.133 tok_atk 0.174 tok_ab 0.101 (n 253)
    injected:deck:OTHER:c3-5     mse 0.8989 sign 0.696 n    319 | aux 0.7695 life 0.448 atk 0.262 tok_atk 0.206 tok_ab 0.183 (n 233)
    injected:deck:TRIGGER:c3-5   mse 0.2794 sign 0.897 n    436 | aux 0.4143 life 0.264 atk 0.182 tok_atk 0.158 tok_ab 0.094 (n 343)
    injected:deck:TRIGGER:c6+    mse 0.0254 sign 1.000 n    166 | aux 0.4930 life 0.193 atk 0.303 tok_atk 0.179 tok_ab 0.202 (n 122)
    injected:lock:ACTIVATE_MAIN:c0-2 mse 0.8049 sign 0.740 n    407 | aux 0.3624 life 0.189 atk 0.220 tok_atk 0.167 tok_ab 0.095 (n 279)
    injected:lock:ACTIVATE_MAIN:c3-5 mse 0.6861 sign 0.741 n   1690 | aux 0.3884 life 0.162 atk 0.237 tok_atk 0.184 tok_ab 0.125 (n 1146)
    injected:lock:ACTIVATE_MAIN:c6+ mse 0.6568 sign 0.760 n    934 | aux 0.3469 life 0.238 atk 0.191 tok_atk 0.184 tok_ab 0.121 (n 655)
    injected:lock:COUNTER:c0-2   mse 1.0387 sign 0.627 n    217 | aux 0.3003 life 0.123 atk 0.201 tok_atk 0.107 tok_ab 0.079 (n 139)
    injected:lock:COUNTER:c3-5   mse 0.6485 sign 0.702 n     57 | aux 0.2088 life 0.299 atk 0.275 tok_atk 0.165 tok_ab 0.070 (n 36)
    injected:lock:EVENT:c0-2     mse 0.4550 sign 0.838 n   1731 | aux 0.3841 life 0.201 atk 0.176 tok_atk 0.152 tok_ab 0.120 (n 1225)
    injected:lock:EVENT:c3-5     mse 0.6074 sign 0.755 n    441 | aux 0.2616 life 0.205 atk 0.203 tok_atk 0.177 tok_ab 0.108 (n 264)
    injected:lock:ON_ATTACK:c0-2 mse 0.6727 sign 0.763 n    325 | aux 0.3846 life 0.197 atk 0.210 tok_atk 0.174 tok_ab 0.080 (n 215)
    injected:lock:ON_ATTACK:c3-5 mse 0.5722 sign 0.823 n    903 | aux 0.4289 life 0.244 atk 0.258 tok_atk 0.198 tok_ab 0.097 (n 591)
    injected:lock:ON_PLAY:c0-2   mse 0.0583 sign 1.000 n    117 | aux 0.3775 life 0.127 atk 0.189 tok_atk 0.135 tok_ab 0.139 (n 68)
    injected:lock:ON_PLAY:c3-5   mse 0.6741 sign 0.786 n    925 | aux 0.4230 life 0.158 atk 0.252 tok_atk 0.215 tok_ab 0.112 (n 612)
    injected:lock:ON_PLAY:c6+    mse 0.9179 sign 0.646 n    545 | aux 0.3785 life 0.182 atk 0.226 tok_atk 0.174 tok_ab 0.118 (n 373)
    injected:lock:OTHER:c0-2     mse 0.2982 sign 0.959 n     74 | aux 0.7039 life 0.441 atk 0.191 tok_atk 0.180 tok_ab 0.146 (n 58)
    injected:lock:OTHER:c3-5     mse 0.9725 sign 0.675 n    271 | aux 0.3430 life 0.167 atk 0.278 tok_atk 0.235 tok_ab 0.117 (n 196)
    injected:lock:OTHER:c6+      mse 0.4228 sign 0.839 n     62 | aux 0.2443 life 0.313 atk 0.124 tok_atk 0.157 tok_ab 0.106 (n 31)
    injected:lock:TRIGGER:c0-2   mse 0.6209 sign 0.799 n    867 | aux 0.3570 life 0.235 atk 0.160 tok_atk 0.128 tok_ab 0.151 (n 647)
    injected:lock:TRIGGER:c3-5   mse 0.5988 sign 0.750 n    664 | aux 0.3293 life 0.212 atk 0.155 tok_atk 0.178 tok_ab 0.113 (n 446)
    injected:lock:TRIGGER:c6+    mse 0.8516 sign 0.675 n     77 | aux 0.2600 life 0.116 atk 0.037 tok_atk 0.075 tok_ab 0.101 (n 50)
    injected:reduce:ACTIVATE_MAIN:c0-2 mse 0.3069 sign 0.898 n    959 | aux 0.3755 life 0.195 atk 0.195 tok_atk 0.154 tok_ab 0.135 (n 617)
    injected:reduce:ACTIVATE_MAIN:c3-5 mse 0.2037 sign 0.957 n    822 | aux 0.4542 life 0.205 atk 0.131 tok_atk 0.120 tok_ab 0.108 (n 525)
    injected:reduce:ACTIVATE_MAIN:c6+ mse 0.2637 sign 0.951 n    122 | aux 0.2287 life 0.408 atk 0.065 tok_atk 0.074 tok_ab 0.089 (n 63)
    injected:reduce:COUNTER:c0-2 mse 0.1285 sign 0.967 n    725 | aux 0.3602 life 0.202 atk 0.180 tok_atk 0.166 tok_ab 0.077 (n 487)
    injected:reduce:EVENT:c0-2   mse 0.4039 sign 0.847 n   2367 | aux 0.4214 life 0.203 atk 0.170 tok_atk 0.145 tok_ab 0.113 (n 1596)
    injected:reduce:EVENT:c3-5   mse 0.9933 sign 0.587 n    322 | aux 0.2971 life 0.188 atk 0.201 tok_atk 0.149 tok_ab 0.152 (n 231)
    injected:reduce:EVENT:c6+    mse 0.3011 sign 0.887 n    177 | aux 0.2060 life 0.084 atk 0.069 tok_atk 0.054 tok_ab 0.053 (n 139)
    injected:reduce:ON_ATTACK:c0-2 mse 0.5167 sign 0.819 n    421 | aux 0.3307 life 0.142 atk 0.123 tok_atk 0.122 tok_ab 0.132 (n 304)
    injected:reduce:ON_ATTACK:c3-5 mse 0.7007 sign 0.733 n   1237 | aux 0.4248 life 0.188 atk 0.182 tok_atk 0.169 tok_ab 0.127 (n 861)
    injected:reduce:ON_ATTACK:c6+ mse 0.6412 sign 0.785 n    791 | aux 0.3670 life 0.233 atk 0.146 tok_atk 0.135 tok_ab 0.156 (n 560)
    injected:reduce:ON_PLAY:c0-2 mse 0.0487 sign 1.000 n    205 | aux 0.3053 life 0.201 atk 0.264 tok_atk 0.260 tok_ab 0.177 (n 152)
    injected:reduce:ON_PLAY:c3-5 mse 0.9357 sign 0.646 n    742 | aux 0.4621 life 0.221 atk 0.146 tok_atk 0.184 tok_ab 0.121 (n 473)
    injected:reduce:ON_PLAY:c6+  mse 0.1681 sign 0.986 n    142 | aux 0.4335 life 0.093 atk 0.126 tok_atk 0.123 tok_ab 0.203 (n 94)
    injected:reduce:OTHER:c0-2   mse 0.3089 sign 0.946 n    168 | aux 0.2309 life 0.230 atk 0.123 tok_atk 0.173 tok_ab 0.098 (n 131)
    injected:reduce:OTHER:c6+    mse 0.2865 sign 0.940 n    215 | aux 0.3639 life 0.311 atk 0.150 tok_atk 0.166 tok_ab 0.183 (n 153)
    injected:reduce:TRIGGER:c0-2 mse 0.6716 sign 0.707 n    413 | aux 0.3603 life 0.160 atk 0.163 tok_atk 0.108 tok_ab 0.107 (n 253)
    injected:reduce:TRIGGER:c3-5 mse 0.3883 sign 0.812 n    234 | aux 0.4164 life 0.392 atk 0.158 tok_atk 0.186 tok_ab 0.158 (n 131)
    injected:trash:ACTIVATE_MAIN:c3-5 mse 0.2453 sign 0.877 n    130 | aux 0.3834 life 0.097 atk 0.330 tok_atk 0.195 tok_ab 0.034 (n 75)
    injected:trash:ACTIVATE_MAIN:c6+ mse 0.6764 sign 0.712 n    490 | aux 0.6128 life 0.152 atk 0.213 tok_atk 0.132 tok_ab 0.082 (n 285)
    injected:trash:ON_ATTACK:c3-5 mse 1.0902 sign 0.577 n    568 | aux 0.4872 life 0.271 atk 0.305 tok_atk 0.202 tok_ab 0.135 (n 377)
    injected:trash:ON_PLAY:c6+   mse 1.1244 sign 0.566 n    175 | aux 0.3369 life 0.225 atk 0.293 tok_atk 0.216 tok_ab 0.209 (n 113)
    colors:BLACK                 mse 0.5403 sign 0.802 n   4819 | aux 0.4620 life 0.186 atk 0.203 tok_atk 0.176 tok_ab 0.132 (n 3238)
    colors:BLUE                  mse 0.6206 sign 0.774 n   5547 | aux 0.3875 life 0.202 atk 0.196 tok_atk 0.177 tok_ab 0.126 (n 3842)
    colors:GREEN                 mse 0.5041 sign 0.829 n   4803 | aux 0.4073 life 0.217 atk 0.188 tok_atk 0.162 tok_ab 0.099 (n 3217)
    colors:PURPLE                mse 0.5066 sign 0.817 n   4770 | aux 0.3470 life 0.197 atk 0.190 tok_atk 0.153 tok_ab 0.106 (n 3295)
    colors:RED                   mse 0.5408 sign 0.807 n   4664 | aux 0.3231 life 0.212 atk 0.171 tok_atk 0.139 tok_ab 0.102 (n 3195)
    colors:YELLOW                mse 0.6264 sign 0.774 n   3778 | aux 0.4278 life 0.227 atk 0.201 tok_atk 0.168 tok_ab 0.127 (n 2555)
    after_removal                mse 0.4691 sign 0.840 n    495 | aux 0.4200 life 0.248 atk 0.234 tok_atk 0.211 tok_ab 0.125 (n 380)
    not_removal                  mse 0.5278 sign 0.811 n  18880 | aux 0.3954 life 0.206 atk 0.195 tok_atk 0.165 tok_ab 0.117 (n 12833)
  nrel_r7.npz
    all                          mse 0.5265 sign 0.810 n  19375 | aux 0.3657 life 0.202 atk 0.182 tok_atk 0.160 tok_ab 0.106 (n 13213)
    turn1-4                      mse 0.8151 sign 0.684 n   2542 | aux 0.2590 life 0.116 atk 0.102 tok_atk 0.106 tok_ab 0.069 (n 2542)
    turn5-8                      mse 0.6354 sign 0.774 n   6044 | aux 0.3657 life 0.222 atk 0.190 tok_atk 0.153 tok_ab 0.102 (n 5876)
    turn9-99                     mse 0.3849 sign 0.866 n  10515 | aux 0.4372 life 0.235 atk 0.225 tok_atk 0.205 tok_ab 0.134 (n 4521)
    injected:KO:ACTIVATE_MAIN:c0-2 mse 0.1824 sign 0.973 n    292 | aux 0.3266 life 0.231 atk 0.096 tok_atk 0.108 tok_ab 0.104 (n 213)
    injected:KO:ACTIVATE_MAIN:c3-5 mse 0.6896 sign 0.758 n   1209 | aux 0.4027 life 0.213 atk 0.101 tok_atk 0.117 tok_ab 0.110 (n 836)
    injected:KO:ACTIVATE_MAIN:c6+ mse 0.1275 sign 0.966 n    349 | aux 0.3011 life 0.168 atk 0.160 tok_atk 0.140 tok_ab 0.071 (n 246)
    injected:KO:COUNTER:c0-2     mse 0.7413 sign 0.715 n    137 | aux 0.4629 life 0.135 atk 0.062 tok_atk 0.107 tok_ab 0.137 (n 92)
    injected:KO:COUNTER:c3-5     mse 0.5101 sign 0.783 n    106 | aux 0.2413 life 0.231 atk 0.248 tok_atk 0.124 tok_ab 0.074 (n 70)
    injected:KO:EVENT:c0-2       mse 0.3906 sign 0.862 n   1416 | aux 0.3481 life 0.210 atk 0.217 tok_atk 0.188 tok_ab 0.095 (n 951)
    injected:KO:EVENT:c3-5       mse 0.6263 sign 0.755 n   1794 | aux 0.3321 life 0.243 atk 0.137 tok_atk 0.117 tok_ab 0.101 (n 1190)
    injected:KO:EVENT:c6+        mse 0.3445 sign 0.870 n    331 | aux 0.2748 life 0.100 atk 0.103 tok_atk 0.064 tok_ab 0.084 (n 251)
    injected:KO:ON_ATTACK:c0-2   mse 1.0317 sign 0.583 n    206 | aux 0.4423 life 0.136 atk 0.235 tok_atk 0.185 tok_ab 0.038 (n 147)
    injected:KO:ON_ATTACK:c3-5   mse 0.4342 sign 0.840 n   1421 | aux 0.3151 life 0.189 atk 0.158 tok_atk 0.146 tok_ab 0.114 (n 969)
    injected:KO:ON_ATTACK:c6+    mse 0.5410 sign 0.839 n    137 | aux 0.2386 life 0.175 atk 0.113 tok_atk 0.097 tok_ab 0.059 (n 102)
    injected:KO:ON_PLAY:c3-5     mse 0.4101 sign 0.856 n   1618 | aux 0.3647 life 0.203 atk 0.167 tok_atk 0.156 tok_ab 0.087 (n 1092)
    injected:KO:ON_PLAY:c6+      mse 0.2654 sign 0.936 n    188 | aux 0.3290 life 0.131 atk 0.194 tok_atk 0.182 tok_ab 0.138 (n 138)
    injected:KO:OTHER:c3-5       mse 0.3680 sign 0.870 n    185 | aux 0.3159 life 0.259 atk 0.138 tok_atk 0.128 tok_ab 0.101 (n 143)
    injected:KO:TRIGGER:c0-2     mse 0.5679 sign 0.776 n   1578 | aux 0.3691 life 0.201 atk 0.168 tok_atk 0.139 tok_ab 0.106 (n 1036)
    injected:KO:TRIGGER:c3-5     mse 0.6357 sign 0.782 n   1488 | aux 0.4026 life 0.229 atk 0.148 tok_atk 0.131 tok_ab 0.116 (n 1028)
    injected:KO:TRIGGER:c6+      mse 0.1694 sign 0.950 n    299 | aux 0.2512 life 0.085 atk 0.081 tok_atk 0.075 tok_ab 0.081 (n 209)
    injected:bounce:EVENT:c0-2   mse 0.0269 sign 1.000 n    251 | aux 0.3382 life 0.143 atk 0.208 tok_atk 0.215 tok_ab 0.093 (n 167)
    injected:bounce:EVENT:c3-5   mse 0.2296 sign 0.934 n    409 | aux 0.3422 life 0.127 atk 0.184 tok_atk 0.174 tok_ab 0.081 (n 308)
    injected:bounce:ON_ATTACK:c0-2 mse 0.4951 sign 0.805 n    261 | aux 0.3297 life 0.145 atk 0.117 tok_atk 0.162 tok_ab 0.100 (n 173)
    injected:bounce:ON_ATTACK:c3-5 mse 0.2798 sign 0.909 n    463 | aux 0.3096 life 0.131 atk 0.123 tok_atk 0.117 tok_ab 0.046 (n 273)
    injected:bounce:ON_PLAY:c0-2 mse 0.5358 sign 0.827 n    196 | aux 0.2947 life 0.177 atk 0.161 tok_atk 0.137 tok_ab 0.139 (n 114)
    injected:bounce:ON_PLAY:c3-5 mse 0.5076 sign 0.822 n    828 | aux 0.3528 life 0.213 atk 0.218 tok_atk 0.143 tok_ab 0.064 (n 560)
    injected:bounce:ON_PLAY:c6+  mse 0.4496 sign 0.862 n    232 | aux 0.3624 life 0.112 atk 0.283 tok_atk 0.225 tok_ab 0.115 (n 186)
    injected:bounce:OTHER:c3-5   mse 0.2561 sign 0.927 n    586 | aux 0.3150 life 0.157 atk 0.162 tok_atk 0.152 tok_ab 0.079 (n 398)
    injected:bounce:TRIGGER:c0-2 mse 0.6529 sign 0.798 n    173 | aux 0.3184 life 0.131 atk 0.230 tok_atk 0.185 tok_ab 0.155 (n 133)
    injected:deck:ACTIVATE_MAIN:c3-5 mse 0.3033 sign 0.908 n    422 | aux 0.4049 life 0.133 atk 0.198 tok_atk 0.216 tok_ab 0.080 (n 284)
    injected:deck:COUNTER:c0-2   mse 0.0438 sign 1.000 n     54 | aux 0.3576 life 0.406 atk 0.063 tok_atk 0.150 tok_ab 0.074 (n 40)
    injected:deck:EVENT:c0-2     mse 0.2914 sign 0.904 n   1144 | aux 0.3370 life 0.207 atk 0.140 tok_atk 0.153 tok_ab 0.110 (n 909)
    injected:deck:EVENT:c3-5     mse 0.2684 sign 0.902 n   1079 | aux 0.3678 life 0.208 atk 0.174 tok_atk 0.142 tok_ab 0.107 (n 748)
    injected:deck:ON_ATTACK:c0-2 mse 0.4244 sign 0.799 n    224 | aux 0.2959 life 0.165 atk 0.143 tok_atk 0.098 tok_ab 0.088 (n 140)
    injected:deck:ON_ATTACK:c3-5 mse 0.0245 sign 1.000 n    171 | aux 0.4599 life 0.227 atk 0.113 tok_atk 0.073 tok_ab 0.139 (n 132)
    injected:deck:ON_PLAY:c0-2   mse 0.7220 sign 0.623 n     69 | aux 0.2056 life 0.083 atk 0.127 tok_atk 0.085 tok_ab 0.068 (n 36)
    injected:deck:ON_PLAY:c3-5   mse 0.7284 sign 0.730 n   1022 | aux 0.4445 life 0.300 atk 0.173 tok_atk 0.182 tok_ab 0.128 (n 723)
    injected:deck:ON_PLAY:c6+    mse 0.2624 sign 0.918 n    318 | aux 0.3573 life 0.224 atk 0.135 tok_atk 0.176 tok_ab 0.095 (n 253)
    injected:deck:OTHER:c3-5     mse 1.0670 sign 0.668 n    319 | aux 0.5092 life 0.418 atk 0.175 tok_atk 0.201 tok_ab 0.134 (n 233)
    injected:deck:TRIGGER:c3-5   mse 0.2835 sign 0.897 n    436 | aux 0.3851 life 0.252 atk 0.196 tok_atk 0.154 tok_ab 0.089 (n 343)
    injected:deck:TRIGGER:c6+    mse 0.0422 sign 0.994 n    166 | aux 0.4713 life 0.150 atk 0.215 tok_atk 0.183 tok_ab 0.170 (n 122)
    injected:lock:ACTIVATE_MAIN:c0-2 mse 0.7498 sign 0.744 n    407 | aux 0.3385 life 0.179 atk 0.193 tok_atk 0.160 tok_ab 0.078 (n 279)
    injected:lock:ACTIVATE_MAIN:c3-5 mse 0.6105 sign 0.786 n   1690 | aux 0.3775 life 0.158 atk 0.218 tok_atk 0.175 tok_ab 0.113 (n 1146)
    injected:lock:ACTIVATE_MAIN:c6+ mse 0.6445 sign 0.755 n    934 | aux 0.3363 life 0.235 atk 0.180 tok_atk 0.176 tok_ab 0.106 (n 655)
    injected:lock:COUNTER:c0-2   mse 0.9193 sign 0.668 n    217 | aux 0.2894 life 0.124 atk 0.133 tok_atk 0.112 tok_ab 0.073 (n 139)
    injected:lock:COUNTER:c3-5   mse 0.7224 sign 0.684 n     57 | aux 0.2146 life 0.264 atk 0.224 tok_atk 0.131 tok_ab 0.074 (n 36)
    injected:lock:EVENT:c0-2     mse 0.4364 sign 0.831 n   1731 | aux 0.3632 life 0.196 atk 0.153 tok_atk 0.149 tok_ab 0.113 (n 1225)
    injected:lock:EVENT:c3-5     mse 0.8120 sign 0.671 n    441 | aux 0.2582 life 0.187 atk 0.198 tok_atk 0.172 tok_ab 0.096 (n 264)
    injected:lock:ON_ATTACK:c0-2 mse 0.7127 sign 0.732 n    325 | aux 0.3697 life 0.196 atk 0.211 tok_atk 0.169 tok_ab 0.069 (n 215)
    injected:lock:ON_ATTACK:c3-5 mse 0.6035 sign 0.791 n    903 | aux 0.4052 life 0.242 atk 0.265 tok_atk 0.196 tok_ab 0.087 (n 591)
    injected:lock:ON_PLAY:c0-2   mse 0.0544 sign 1.000 n    117 | aux 0.3580 life 0.116 atk 0.164 tok_atk 0.135 tok_ab 0.142 (n 68)
    injected:lock:ON_PLAY:c3-5   mse 0.6617 sign 0.788 n    925 | aux 0.4052 life 0.163 atk 0.248 tok_atk 0.211 tok_ab 0.096 (n 612)
    injected:lock:ON_PLAY:c6+    mse 0.9101 sign 0.672 n    545 | aux 0.3622 life 0.176 atk 0.188 tok_atk 0.164 tok_ab 0.107 (n 373)
    injected:lock:OTHER:c0-2     mse 0.2092 sign 0.973 n     74 | aux 0.6885 life 0.428 atk 0.174 tok_atk 0.183 tok_ab 0.095 (n 58)
    injected:lock:OTHER:c3-5     mse 0.8487 sign 0.683 n    271 | aux 0.3240 life 0.158 atk 0.237 tok_atk 0.225 tok_ab 0.094 (n 196)
    injected:lock:OTHER:c6+      mse 0.5473 sign 0.742 n     62 | aux 0.2175 life 0.310 atk 0.138 tok_atk 0.151 tok_ab 0.100 (n 31)
    injected:lock:TRIGGER:c0-2   mse 0.5964 sign 0.800 n    867 | aux 0.3412 life 0.245 atk 0.138 tok_atk 0.123 tok_ab 0.147 (n 647)
    injected:lock:TRIGGER:c3-5   mse 0.6747 sign 0.739 n    664 | aux 0.3235 life 0.206 atk 0.175 tok_atk 0.179 tok_ab 0.101 (n 446)
    injected:lock:TRIGGER:c6+    mse 1.0339 sign 0.468 n     77 | aux 0.2765 life 0.119 atk 0.029 tok_atk 0.075 tok_ab 0.079 (n 50)
    injected:reduce:ACTIVATE_MAIN:c0-2 mse 0.3005 sign 0.886 n    959 | aux 0.3509 life 0.181 atk 0.170 tok_atk 0.147 tok_ab 0.130 (n 617)
    injected:reduce:ACTIVATE_MAIN:c3-5 mse 0.1687 sign 0.950 n    822 | aux 0.3397 life 0.181 atk 0.116 tok_atk 0.116 tok_ab 0.091 (n 525)
    injected:reduce:ACTIVATE_MAIN:c6+ mse 0.4198 sign 0.869 n    122 | aux 0.2234 life 0.344 atk 0.049 tok_atk 0.077 tok_ab 0.056 (n 63)
    injected:reduce:COUNTER:c0-2 mse 0.1180 sign 0.972 n    725 | aux 0.3435 life 0.173 atk 0.158 tok_atk 0.158 tok_ab 0.077 (n 487)
    injected:reduce:EVENT:c0-2   mse 0.4297 sign 0.841 n   2367 | aux 0.3919 life 0.193 atk 0.149 tok_atk 0.139 tok_ab 0.110 (n 1596)
    injected:reduce:EVENT:c3-5   mse 1.1349 sign 0.540 n    322 | aux 0.3249 life 0.264 atk 0.221 tok_atk 0.148 tok_ab 0.117 (n 231)
    injected:reduce:EVENT:c6+    mse 0.1922 sign 0.949 n    177 | aux 0.1899 life 0.071 atk 0.057 tok_atk 0.050 tok_ab 0.052 (n 139)
    injected:reduce:ON_ATTACK:c0-2 mse 0.5202 sign 0.800 n    421 | aux 0.3261 life 0.152 atk 0.107 tok_atk 0.114 tok_ab 0.117 (n 304)
    injected:reduce:ON_ATTACK:c3-5 mse 0.7156 sign 0.715 n   1237 | aux 0.3939 life 0.177 atk 0.165 tok_atk 0.164 tok_ab 0.126 (n 861)
    injected:reduce:ON_ATTACK:c6+ mse 0.6753 sign 0.770 n    791 | aux 0.3677 life 0.217 atk 0.146 tok_atk 0.127 tok_ab 0.152 (n 560)
    injected:reduce:ON_PLAY:c0-2 mse 0.0387 sign 0.990 n    205 | aux 0.2836 life 0.206 atk 0.222 tok_atk 0.270 tok_ab 0.160 (n 152)
    injected:reduce:ON_PLAY:c3-5 mse 0.8735 sign 0.685 n    742 | aux 0.4089 life 0.211 atk 0.125 tok_atk 0.180 tok_ab 0.116 (n 473)
    injected:reduce:ON_PLAY:c6+  mse 0.2176 sign 0.930 n    142 | aux 0.4418 life 0.086 atk 0.129 tok_atk 0.110 tok_ab 0.251 (n 94)
    injected:reduce:OTHER:c0-2   mse 0.1330 sign 1.000 n    168 | aux 0.2238 life 0.228 atk 0.086 tok_atk 0.132 tok_ab 0.094 (n 131)
    injected:reduce:OTHER:c6+    mse 0.3280 sign 0.907 n    215 | aux 0.3741 life 0.264 atk 0.156 tok_atk 0.151 tok_ab 0.152 (n 153)
    injected:reduce:TRIGGER:c0-2 mse 0.7444 sign 0.709 n    413 | aux 0.3600 life 0.179 atk 0.142 tok_atk 0.098 tok_ab 0.103 (n 253)
    injected:reduce:TRIGGER:c3-5 mse 0.3699 sign 0.833 n    234 | aux 0.4009 life 0.349 atk 0.166 tok_atk 0.192 tok_ab 0.142 (n 131)
    injected:trash:ACTIVATE_MAIN:c3-5 mse 0.1231 sign 0.962 n    130 | aux 0.3838 life 0.111 atk 0.292 tok_atk 0.195 tok_ab 0.029 (n 75)
    injected:trash:ACTIVATE_MAIN:c6+ mse 0.6349 sign 0.751 n    490 | aux 0.4638 life 0.146 atk 0.164 tok_atk 0.131 tok_ab 0.064 (n 285)
    injected:trash:ON_ATTACK:c3-5 mse 1.1326 sign 0.540 n    568 | aux 0.4006 life 0.282 atk 0.268 tok_atk 0.194 tok_ab 0.105 (n 377)
    injected:trash:ON_PLAY:c6+   mse 1.2168 sign 0.526 n    175 | aux 0.3562 life 0.290 atk 0.292 tok_atk 0.206 tok_ab 0.169 (n 113)
    colors:BLACK                 mse 0.5592 sign 0.795 n   4819 | aux 0.4047 life 0.187 atk 0.181 tok_atk 0.169 tok_ab 0.120 (n 3238)
    colors:BLUE                  mse 0.5959 sign 0.780 n   5547 | aux 0.3743 life 0.200 atk 0.185 tok_atk 0.166 tok_ab 0.114 (n 3842)
    colors:GREEN                 mse 0.5458 sign 0.807 n   4803 | aux 0.3501 life 0.214 atk 0.171 tok_atk 0.158 tok_ab 0.089 (n 3217)
    colors:PURPLE                mse 0.5219 sign 0.801 n   4770 | aux 0.3384 life 0.188 atk 0.188 tok_atk 0.148 tok_ab 0.095 (n 3295)
    colors:RED                   mse 0.5252 sign 0.821 n   4664 | aux 0.3068 life 0.205 atk 0.165 tok_atk 0.134 tok_ab 0.095 (n 3195)
    colors:YELLOW                mse 0.5846 sign 0.789 n   3778 | aux 0.3855 life 0.217 atk 0.176 tok_atk 0.164 tok_ab 0.112 (n 2555)
    after_removal                mse 0.4553 sign 0.836 n    495 | aux 0.3959 life 0.243 atk 0.228 tok_atk 0.202 tok_ab 0.114 (n 380)
    not_removal                  mse 0.5283 sign 0.810 n  18880 | aux 0.3648 life 0.201 atk 0.180 tok_atk 0.159 tok_ab 0.105 (n 12833)
  nrel_r9.npz
    all                          mse 0.5205 sign 0.814 n  19375 | aux 0.3707 life 0.203 atk 0.190 tok_atk 0.160 tok_ab 0.107 (n 13213)
    turn1-4                      mse 0.8214 sign 0.695 n   2542 | aux 0.2571 life 0.115 atk 0.099 tok_atk 0.105 tok_ab 0.068 (n 2542)
    turn5-8                      mse 0.6243 sign 0.777 n   6044 | aux 0.3738 life 0.227 atk 0.204 tok_atk 0.153 tok_ab 0.104 (n 5876)
    turn9-99                     mse 0.3785 sign 0.868 n  10515 | aux 0.4426 life 0.232 atk 0.233 tok_atk 0.206 tok_ab 0.137 (n 4521)
    injected:KO:ACTIVATE_MAIN:c0-2 mse 0.1705 sign 0.979 n    292 | aux 0.3221 life 0.226 atk 0.093 tok_atk 0.110 tok_ab 0.112 (n 213)
    injected:KO:ACTIVATE_MAIN:c3-5 mse 0.6653 sign 0.795 n   1209 | aux 0.4074 life 0.194 atk 0.122 tok_atk 0.120 tok_ab 0.106 (n 836)
    injected:KO:ACTIVATE_MAIN:c6+ mse 0.1072 sign 0.974 n    349 | aux 0.3042 life 0.168 atk 0.153 tok_atk 0.146 tok_ab 0.081 (n 246)
    injected:KO:COUNTER:c0-2     mse 0.6204 sign 0.774 n    137 | aux 0.4677 life 0.130 atk 0.065 tok_atk 0.100 tok_ab 0.126 (n 92)
    injected:KO:COUNTER:c3-5     mse 0.4907 sign 0.774 n    106 | aux 0.2453 life 0.228 atk 0.249 tok_atk 0.117 tok_ab 0.078 (n 70)
    injected:KO:EVENT:c0-2       mse 0.3617 sign 0.868 n   1416 | aux 0.3491 life 0.216 atk 0.222 tok_atk 0.190 tok_ab 0.096 (n 951)
    injected:KO:EVENT:c3-5       mse 0.5653 sign 0.780 n   1794 | aux 0.3364 life 0.246 atk 0.141 tok_atk 0.116 tok_ab 0.101 (n 1190)
    injected:KO:EVENT:c6+        mse 0.2688 sign 0.921 n    331 | aux 0.2741 life 0.102 atk 0.112 tok_atk 0.068 tok_ab 0.086 (n 251)
    injected:KO:ON_ATTACK:c0-2   mse 0.9422 sign 0.578 n    206 | aux 0.4418 life 0.145 atk 0.226 tok_atk 0.187 tok_ab 0.040 (n 147)
    injected:KO:ON_ATTACK:c3-5   mse 0.4304 sign 0.847 n   1421 | aux 0.3195 life 0.205 atk 0.169 tok_atk 0.148 tok_ab 0.109 (n 969)
    injected:KO:ON_ATTACK:c6+    mse 0.7500 sign 0.672 n    137 | aux 0.2443 life 0.175 atk 0.118 tok_atk 0.095 tok_ab 0.062 (n 102)
    injected:KO:ON_PLAY:c3-5     mse 0.4055 sign 0.860 n   1618 | aux 0.3695 life 0.211 atk 0.179 tok_atk 0.154 tok_ab 0.088 (n 1092)
    injected:KO:ON_PLAY:c6+      mse 0.2173 sign 0.957 n    188 | aux 0.3210 life 0.115 atk 0.153 tok_atk 0.184 tok_ab 0.136 (n 138)
    injected:KO:OTHER:c3-5       mse 0.2871 sign 0.914 n    185 | aux 0.3181 life 0.243 atk 0.150 tok_atk 0.131 tok_ab 0.100 (n 143)
    injected:KO:TRIGGER:c0-2     mse 0.5771 sign 0.756 n   1578 | aux 0.3737 life 0.201 atk 0.170 tok_atk 0.137 tok_ab 0.104 (n 1036)
    injected:KO:TRIGGER:c3-5     mse 0.6332 sign 0.788 n   1488 | aux 0.4120 life 0.221 atk 0.164 tok_atk 0.133 tok_ab 0.115 (n 1028)
    injected:KO:TRIGGER:c6+      mse 0.1755 sign 0.960 n    299 | aux 0.2529 life 0.090 atk 0.094 tok_atk 0.081 tok_ab 0.082 (n 209)
    injected:bounce:EVENT:c0-2   mse 0.0172 sign 1.000 n    251 | aux 0.3299 life 0.132 atk 0.226 tok_atk 0.222 tok_ab 0.094 (n 167)
    injected:bounce:EVENT:c3-5   mse 0.2681 sign 0.907 n    409 | aux 0.3390 life 0.124 atk 0.192 tok_atk 0.177 tok_ab 0.080 (n 308)
    injected:bounce:ON_ATTACK:c0-2 mse 0.5093 sign 0.808 n    261 | aux 0.3216 life 0.139 atk 0.110 tok_atk 0.159 tok_ab 0.099 (n 173)
    injected:bounce:ON_ATTACK:c3-5 mse 0.2824 sign 0.933 n    463 | aux 0.3146 life 0.130 atk 0.119 tok_atk 0.115 tok_ab 0.048 (n 273)
    injected:bounce:ON_PLAY:c0-2 mse 0.5253 sign 0.837 n    196 | aux 0.2910 life 0.170 atk 0.143 tok_atk 0.143 tok_ab 0.139 (n 114)
    injected:bounce:ON_PLAY:c3-5 mse 0.4847 sign 0.838 n    828 | aux 0.3581 life 0.216 atk 0.216 tok_atk 0.142 tok_ab 0.066 (n 560)
    injected:bounce:ON_PLAY:c6+  mse 0.4372 sign 0.892 n    232 | aux 0.3634 life 0.126 atk 0.304 tok_atk 0.226 tok_ab 0.116 (n 186)
    injected:bounce:OTHER:c3-5   mse 0.2620 sign 0.940 n    586 | aux 0.3161 life 0.164 atk 0.161 tok_atk 0.146 tok_ab 0.080 (n 398)
    injected:bounce:TRIGGER:c0-2 mse 0.6194 sign 0.850 n    173 | aux 0.3126 life 0.148 atk 0.231 tok_atk 0.187 tok_ab 0.156 (n 133)
    injected:deck:ACTIVATE_MAIN:c3-5 mse 0.3409 sign 0.886 n    422 | aux 0.3978 life 0.154 atk 0.219 tok_atk 0.221 tok_ab 0.077 (n 284)
    injected:deck:COUNTER:c0-2   mse 0.0725 sign 0.981 n     54 | aux 0.3767 life 0.408 atk 0.057 tok_atk 0.146 tok_ab 0.093 (n 40)
    injected:deck:EVENT:c0-2     mse 0.2993 sign 0.894 n   1144 | aux 0.3365 life 0.211 atk 0.152 tok_atk 0.153 tok_ab 0.115 (n 909)
    injected:deck:EVENT:c3-5     mse 0.2827 sign 0.892 n   1079 | aux 0.3638 life 0.210 atk 0.175 tok_atk 0.140 tok_ab 0.108 (n 748)
    injected:deck:ON_ATTACK:c0-2 mse 0.4457 sign 0.750 n    224 | aux 0.2960 life 0.174 atk 0.123 tok_atk 0.098 tok_ab 0.091 (n 140)
    injected:deck:ON_ATTACK:c3-5 mse 0.0410 sign 1.000 n    171 | aux 0.4836 life 0.218 atk 0.152 tok_atk 0.072 tok_ab 0.143 (n 132)
    injected:deck:ON_PLAY:c0-2   mse 0.7392 sign 0.536 n     69 | aux 0.2099 life 0.073 atk 0.084 tok_atk 0.089 tok_ab 0.075 (n 36)
    injected:deck:ON_PLAY:c3-5   mse 0.7746 sign 0.730 n   1022 | aux 0.4435 life 0.286 atk 0.191 tok_atk 0.180 tok_ab 0.130 (n 723)
    injected:deck:ON_PLAY:c6+    mse 0.2673 sign 0.915 n    318 | aux 0.3610 life 0.235 atk 0.136 tok_atk 0.180 tok_ab 0.103 (n 253)
    injected:deck:OTHER:c3-5     mse 1.2381 sign 0.646 n    319 | aux 0.5366 life 0.377 atk 0.210 tok_atk 0.199 tok_ab 0.130 (n 233)
    injected:deck:TRIGGER:c3-5   mse 0.3203 sign 0.874 n    436 | aux 0.3912 life 0.258 atk 0.200 tok_atk 0.152 tok_ab 0.090 (n 343)
    injected:deck:TRIGGER:c6+    mse 0.0331 sign 0.994 n    166 | aux 0.4834 life 0.157 atk 0.298 tok_atk 0.182 tok_ab 0.178 (n 122)
    injected:lock:ACTIVATE_MAIN:c0-2 mse 0.7807 sign 0.703 n    407 | aux 0.3476 life 0.182 atk 0.197 tok_atk 0.159 tok_ab 0.088 (n 279)
    injected:lock:ACTIVATE_MAIN:c3-5 mse 0.5819 sign 0.779 n   1690 | aux 0.3798 life 0.164 atk 0.232 tok_atk 0.176 tok_ab 0.119 (n 1146)
    injected:lock:ACTIVATE_MAIN:c6+ mse 0.6133 sign 0.766 n    934 | aux 0.3326 life 0.232 atk 0.181 tok_atk 0.174 tok_ab 0.109 (n 655)
    injected:lock:COUNTER:c0-2   mse 0.9756 sign 0.641 n    217 | aux 0.2991 life 0.118 atk 0.172 tok_atk 0.108 tok_ab 0.076 (n 139)
    injected:lock:COUNTER:c3-5   mse 0.6965 sign 0.649 n     57 | aux 0.2120 life 0.248 atk 0.216 tok_atk 0.119 tok_ab 0.075 (n 36)
    injected:lock:EVENT:c0-2     mse 0.4551 sign 0.839 n   1731 | aux 0.3663 life 0.194 atk 0.153 tok_atk 0.150 tok_ab 0.114 (n 1225)
    injected:lock:EVENT:c3-5     mse 0.8317 sign 0.669 n    441 | aux 0.2575 life 0.186 atk 0.212 tok_atk 0.168 tok_ab 0.095 (n 264)
    injected:lock:ON_ATTACK:c0-2 mse 0.6867 sign 0.729 n    325 | aux 0.3715 life 0.199 atk 0.204 tok_atk 0.173 tok_ab 0.065 (n 215)
    injected:lock:ON_ATTACK:c3-5 mse 0.4995 sign 0.836 n    903 | aux 0.3981 life 0.223 atk 0.259 tok_atk 0.196 tok_ab 0.087 (n 591)
    injected:lock:ON_PLAY:c0-2   mse 0.0845 sign 1.000 n    117 | aux 0.3581 life 0.116 atk 0.152 tok_atk 0.135 tok_ab 0.150 (n 68)
    injected:lock:ON_PLAY:c3-5   mse 0.6183 sign 0.800 n    925 | aux 0.4043 life 0.163 atk 0.260 tok_atk 0.211 tok_ab 0.093 (n 612)
    injected:lock:ON_PLAY:c6+    mse 0.9030 sign 0.661 n    545 | aux 0.3686 life 0.181 atk 0.205 tok_atk 0.168 tok_ab 0.114 (n 373)
    injected:lock:OTHER:c0-2     mse 0.1883 sign 1.000 n     74 | aux 0.6807 life 0.351 atk 0.141 tok_atk 0.190 tok_ab 0.092 (n 58)
    injected:lock:OTHER:c3-5     mse 0.7966 sign 0.742 n    271 | aux 0.3302 life 0.172 atk 0.278 tok_atk 0.230 tok_ab 0.094 (n 196)
    injected:lock:OTHER:c6+      mse 0.6405 sign 0.710 n     62 | aux 0.2199 life 0.333 atk 0.107 tok_atk 0.155 tok_ab 0.096 (n 31)
    injected:lock:TRIGGER:c0-2   mse 0.5887 sign 0.817 n    867 | aux 0.3441 life 0.246 atk 0.140 tok_atk 0.125 tok_ab 0.150 (n 647)
    injected:lock:TRIGGER:c3-5   mse 0.6368 sign 0.756 n    664 | aux 0.3205 life 0.202 atk 0.163 tok_atk 0.177 tok_ab 0.097 (n 446)
    injected:lock:TRIGGER:c6+    mse 1.3664 sign 0.364 n     77 | aux 0.2850 life 0.131 atk 0.047 tok_atk 0.069 tok_ab 0.064 (n 50)
    injected:reduce:ACTIVATE_MAIN:c0-2 mse 0.2991 sign 0.886 n    959 | aux 0.3499 life 0.193 atk 0.188 tok_atk 0.142 tok_ab 0.132 (n 617)
    injected:reduce:ACTIVATE_MAIN:c3-5 mse 0.1838 sign 0.960 n    822 | aux 0.3497 life 0.180 atk 0.132 tok_atk 0.117 tok_ab 0.091 (n 525)
    injected:reduce:ACTIVATE_MAIN:c6+ mse 0.2955 sign 0.926 n    122 | aux 0.2177 life 0.358 atk 0.049 tok_atk 0.080 tok_ab 0.048 (n 63)
    injected:reduce:COUNTER:c0-2 mse 0.1074 sign 0.974 n    725 | aux 0.3513 life 0.174 atk 0.178 tok_atk 0.165 tok_ab 0.079 (n 487)
    injected:reduce:EVENT:c0-2   mse 0.4261 sign 0.835 n   2367 | aux 0.3998 life 0.194 atk 0.162 tok_atk 0.140 tok_ab 0.107 (n 1596)
    injected:reduce:EVENT:c3-5   mse 0.9333 sign 0.615 n    322 | aux 0.3270 life 0.260 atk 0.213 tok_atk 0.149 tok_ab 0.130 (n 231)
    injected:reduce:EVENT:c6+    mse 0.1991 sign 0.955 n    177 | aux 0.1953 life 0.078 atk 0.063 tok_atk 0.056 tok_ab 0.055 (n 139)
    injected:reduce:ON_ATTACK:c0-2 mse 0.4002 sign 0.876 n    421 | aux 0.3251 life 0.145 atk 0.117 tok_atk 0.111 tok_ab 0.119 (n 304)
    injected:reduce:ON_ATTACK:c3-5 mse 0.7423 sign 0.709 n   1237 | aux 0.3990 life 0.185 atk 0.168 tok_atk 0.167 tok_ab 0.124 (n 861)
    injected:reduce:ON_ATTACK:c6+ mse 0.6528 sign 0.795 n    791 | aux 0.3587 life 0.213 atk 0.153 tok_atk 0.128 tok_ab 0.147 (n 560)
    injected:reduce:ON_PLAY:c0-2 mse 0.0439 sign 0.995 n    205 | aux 0.2927 life 0.222 atk 0.253 tok_atk 0.266 tok_ab 0.163 (n 152)
    injected:reduce:ON_PLAY:c3-5 mse 0.9349 sign 0.670 n    742 | aux 0.4170 life 0.215 atk 0.142 tok_atk 0.187 tok_ab 0.112 (n 473)
    injected:reduce:ON_PLAY:c6+  mse 0.1769 sign 0.972 n    142 | aux 0.4513 life 0.114 atk 0.164 tok_atk 0.111 tok_ab 0.244 (n 94)
    injected:reduce:OTHER:c0-2   mse 0.1640 sign 1.000 n    168 | aux 0.2150 life 0.231 atk 0.082 tok_atk 0.125 tok_ab 0.085 (n 131)
    injected:reduce:OTHER:c6+    mse 0.2008 sign 0.972 n    215 | aux 0.3571 life 0.256 atk 0.140 tok_atk 0.150 tok_ab 0.149 (n 153)
    injected:reduce:TRIGGER:c0-2 mse 0.6555 sign 0.726 n    413 | aux 0.3609 life 0.175 atk 0.162 tok_atk 0.099 tok_ab 0.102 (n 253)
    injected:reduce:TRIGGER:c3-5 mse 0.4336 sign 0.821 n    234 | aux 0.4022 life 0.358 atk 0.198 tok_atk 0.190 tok_ab 0.148 (n 131)
    injected:trash:ACTIVATE_MAIN:c3-5 mse 0.1094 sign 0.985 n    130 | aux 0.3841 life 0.108 atk 0.347 tok_atk 0.191 tok_ab 0.027 (n 75)
    injected:trash:ACTIVATE_MAIN:c6+ mse 0.6796 sign 0.727 n    490 | aux 0.5142 life 0.146 atk 0.197 tok_atk 0.127 tok_ab 0.066 (n 285)
    injected:trash:ON_ATTACK:c3-5 mse 1.0332 sign 0.590 n    568 | aux 0.4295 life 0.289 atk 0.299 tok_atk 0.192 tok_ab 0.116 (n 377)
    injected:trash:ON_PLAY:c6+   mse 1.0781 sign 0.554 n    175 | aux 0.3717 life 0.310 atk 0.310 tok_atk 0.211 tok_ab 0.185 (n 113)
    colors:BLACK                 mse 0.5313 sign 0.806 n   4819 | aux 0.4179 life 0.190 atk 0.195 tok_atk 0.168 tok_ab 0.120 (n 3238)
    colors:BLUE                  mse 0.5863 sign 0.781 n   5547 | aux 0.3760 life 0.203 atk 0.191 tok_atk 0.167 tok_ab 0.117 (n 3842)
    colors:GREEN                 mse 0.5156 sign 0.822 n   4803 | aux 0.3629 life 0.217 atk 0.180 tok_atk 0.158 tok_ab 0.090 (n 3217)
    colors:PURPLE                mse 0.5274 sign 0.804 n   4770 | aux 0.3383 life 0.190 atk 0.192 tok_atk 0.147 tok_ab 0.099 (n 3295)
    colors:RED                   mse 0.5248 sign 0.818 n   4664 | aux 0.3116 life 0.209 atk 0.168 tok_atk 0.134 tok_ab 0.097 (n 3195)
    colors:YELLOW                mse 0.6110 sign 0.789 n   3778 | aux 0.3918 life 0.212 atk 0.185 tok_atk 0.164 tok_ab 0.111 (n 2555)
    after_removal                mse 0.4393 sign 0.844 n    495 | aux 0.4010 life 0.245 atk 0.246 tok_atk 0.202 tok_ab 0.116 (n 380)
    not_removal                  mse 0.5226 sign 0.814 n  18880 | aux 0.3698 life 0.202 atk 0.188 tok_atk 0.159 tok_ab 0.107 (n 12833)
  nrel_r9h.npz
    all                          mse 0.5174 sign 0.811 n  19375 | aux 0.3733 life 0.204 atk 0.186 tok_atk 0.161 tok_ab 0.107 (n 13213)
    turn1-4                      mse 0.8071 sign 0.685 n   2542 | aux 0.2571 life 0.116 atk 0.100 tok_atk 0.108 tok_ab 0.070 (n 2542)
    turn5-8                      mse 0.6210 sign 0.769 n   6044 | aux 0.3755 life 0.224 atk 0.193 tok_atk 0.154 tok_ab 0.104 (n 5876)
    turn9-99                     mse 0.3782 sign 0.870 n  10515 | aux 0.4480 life 0.240 atk 0.235 tok_atk 0.205 tok_ab 0.136 (n 4521)
    injected:KO:ACTIVATE_MAIN:c0-2 mse 0.2246 sign 0.955 n    292 | aux 0.3204 life 0.222 atk 0.098 tok_atk 0.112 tok_ab 0.099 (n 213)
    injected:KO:ACTIVATE_MAIN:c3-5 mse 0.6070 sign 0.769 n   1209 | aux 0.4010 life 0.211 atk 0.113 tok_atk 0.118 tok_ab 0.110 (n 836)
    injected:KO:ACTIVATE_MAIN:c6+ mse 0.1432 sign 0.948 n    349 | aux 0.3045 life 0.167 atk 0.165 tok_atk 0.145 tok_ab 0.078 (n 246)
    injected:KO:COUNTER:c0-2     mse 0.6281 sign 0.752 n    137 | aux 0.4810 life 0.158 atk 0.076 tok_atk 0.122 tok_ab 0.127 (n 92)
    injected:KO:COUNTER:c3-5     mse 0.5452 sign 0.755 n    106 | aux 0.2376 life 0.231 atk 0.274 tok_atk 0.129 tok_ab 0.077 (n 70)
    injected:KO:EVENT:c0-2       mse 0.3804 sign 0.871 n   1416 | aux 0.3501 life 0.212 atk 0.227 tok_atk 0.192 tok_ab 0.101 (n 951)
    injected:KO:EVENT:c3-5       mse 0.5545 sign 0.779 n   1794 | aux 0.3328 life 0.236 atk 0.140 tok_atk 0.119 tok_ab 0.102 (n 1190)
    injected:KO:EVENT:c6+        mse 0.2971 sign 0.909 n    331 | aux 0.2760 life 0.107 atk 0.102 tok_atk 0.065 tok_ab 0.084 (n 251)
    injected:KO:ON_ATTACK:c0-2   mse 0.9308 sign 0.592 n    206 | aux 0.4519 life 0.131 atk 0.243 tok_atk 0.192 tok_ab 0.043 (n 147)
    injected:KO:ON_ATTACK:c3-5   mse 0.4117 sign 0.852 n   1421 | aux 0.3168 life 0.204 atk 0.172 tok_atk 0.147 tok_ab 0.116 (n 969)
    injected:KO:ON_ATTACK:c6+    mse 0.7277 sign 0.730 n    137 | aux 0.2447 life 0.184 atk 0.127 tok_atk 0.099 tok_ab 0.069 (n 102)
    injected:KO:ON_PLAY:c3-5     mse 0.3804 sign 0.863 n   1618 | aux 0.3700 life 0.204 atk 0.168 tok_atk 0.155 tok_ab 0.086 (n 1092)
    injected:KO:ON_PLAY:c6+      mse 0.2990 sign 0.915 n    188 | aux 0.3274 life 0.128 atk 0.160 tok_atk 0.185 tok_ab 0.140 (n 138)
    injected:KO:OTHER:c3-5       mse 0.3802 sign 0.854 n    185 | aux 0.3180 life 0.251 atk 0.149 tok_atk 0.131 tok_ab 0.098 (n 143)
    injected:KO:TRIGGER:c0-2     mse 0.5679 sign 0.766 n   1578 | aux 0.3761 life 0.202 atk 0.168 tok_atk 0.141 tok_ab 0.106 (n 1036)
    injected:KO:TRIGGER:c3-5     mse 0.5744 sign 0.794 n   1488 | aux 0.4135 life 0.228 atk 0.157 tok_atk 0.134 tok_ab 0.120 (n 1028)
    injected:KO:TRIGGER:c6+      mse 0.1971 sign 0.936 n    299 | aux 0.2490 life 0.093 atk 0.081 tok_atk 0.074 tok_ab 0.079 (n 209)
    injected:bounce:EVENT:c0-2   mse 0.0226 sign 1.000 n    251 | aux 0.3465 life 0.139 atk 0.205 tok_atk 0.213 tok_ab 0.099 (n 167)
    injected:bounce:EVENT:c3-5   mse 0.3347 sign 0.880 n    409 | aux 0.3485 life 0.123 atk 0.181 tok_atk 0.173 tok_ab 0.078 (n 308)
    injected:bounce:ON_ATTACK:c0-2 mse 0.5061 sign 0.812 n    261 | aux 0.3365 life 0.152 atk 0.116 tok_atk 0.163 tok_ab 0.095 (n 173)
    injected:bounce:ON_ATTACK:c3-5 mse 0.2905 sign 0.920 n    463 | aux 0.3130 life 0.130 atk 0.108 tok_atk 0.118 tok_ab 0.045 (n 273)
    injected:bounce:ON_PLAY:c0-2 mse 0.4835 sign 0.867 n    196 | aux 0.3015 life 0.161 atk 0.171 tok_atk 0.136 tok_ab 0.139 (n 114)
    injected:bounce:ON_PLAY:c3-5 mse 0.4596 sign 0.850 n    828 | aux 0.3557 life 0.210 atk 0.203 tok_atk 0.143 tok_ab 0.067 (n 560)
    injected:bounce:ON_PLAY:c6+  mse 0.6041 sign 0.802 n    232 | aux 0.3707 life 0.125 atk 0.284 tok_atk 0.219 tok_ab 0.110 (n 186)
    injected:bounce:OTHER:c3-5   mse 0.2635 sign 0.935 n    586 | aux 0.3154 life 0.151 atk 0.164 tok_atk 0.153 tok_ab 0.081 (n 398)
    injected:bounce:TRIGGER:c0-2 mse 0.7092 sign 0.786 n    173 | aux 0.3189 life 0.132 atk 0.228 tok_atk 0.179 tok_ab 0.151 (n 133)
    injected:deck:ACTIVATE_MAIN:c3-5 mse 0.3122 sign 0.910 n    422 | aux 0.3956 life 0.152 atk 0.189 tok_atk 0.217 tok_ab 0.078 (n 284)
    injected:deck:COUNTER:c0-2   mse 0.0875 sign 1.000 n     54 | aux 0.3482 life 0.403 atk 0.062 tok_atk 0.150 tok_ab 0.082 (n 40)
    injected:deck:EVENT:c0-2     mse 0.3377 sign 0.876 n   1144 | aux 0.3420 life 0.210 atk 0.138 tok_atk 0.156 tok_ab 0.109 (n 909)
    injected:deck:EVENT:c3-5     mse 0.2813 sign 0.898 n   1079 | aux 0.3705 life 0.208 atk 0.177 tok_atk 0.146 tok_ab 0.107 (n 748)
    injected:deck:ON_ATTACK:c0-2 mse 0.4456 sign 0.781 n    224 | aux 0.3090 life 0.182 atk 0.162 tok_atk 0.099 tok_ab 0.090 (n 140)
    injected:deck:ON_ATTACK:c3-5 mse 0.0324 sign 1.000 n    171 | aux 0.4500 life 0.223 atk 0.112 tok_atk 0.082 tok_ab 0.153 (n 132)
    injected:deck:ON_PLAY:c0-2   mse 0.6758 sign 0.652 n     69 | aux 0.1978 life 0.106 atk 0.120 tok_atk 0.086 tok_ab 0.063 (n 36)
    injected:deck:ON_PLAY:c3-5   mse 0.7170 sign 0.725 n   1022 | aux 0.4429 life 0.293 atk 0.169 tok_atk 0.184 tok_ab 0.129 (n 723)
    injected:deck:ON_PLAY:c6+    mse 0.2494 sign 0.921 n    318 | aux 0.3611 life 0.231 atk 0.140 tok_atk 0.174 tok_ab 0.090 (n 253)
    injected:deck:OTHER:c3-5     mse 0.9197 sign 0.668 n    319 | aux 0.5685 life 0.419 atk 0.205 tok_atk 0.200 tok_ab 0.134 (n 233)
    injected:deck:TRIGGER:c3-5   mse 0.3180 sign 0.869 n    436 | aux 0.3911 life 0.256 atk 0.195 tok_atk 0.156 tok_ab 0.089 (n 343)
    injected:deck:TRIGGER:c6+    mse 0.0270 sign 1.000 n    166 | aux 0.4496 life 0.150 atk 0.233 tok_atk 0.187 tok_ab 0.187 (n 122)
    injected:lock:ACTIVATE_MAIN:c0-2 mse 0.7622 sign 0.730 n    407 | aux 0.3471 life 0.190 atk 0.204 tok_atk 0.160 tok_ab 0.082 (n 279)
    injected:lock:ACTIVATE_MAIN:c3-5 mse 0.6249 sign 0.769 n   1690 | aux 0.3768 life 0.168 atk 0.213 tok_atk 0.177 tok_ab 0.116 (n 1146)
    injected:lock:ACTIVATE_MAIN:c6+ mse 0.6606 sign 0.736 n    934 | aux 0.3357 life 0.244 atk 0.193 tok_atk 0.178 tok_ab 0.112 (n 655)
    injected:lock:COUNTER:c0-2   mse 0.9769 sign 0.631 n    217 | aux 0.2781 life 0.113 atk 0.146 tok_atk 0.109 tok_ab 0.075 (n 139)
    injected:lock:COUNTER:c3-5   mse 0.7246 sign 0.649 n     57 | aux 0.2038 life 0.256 atk 0.278 tok_atk 0.134 tok_ab 0.069 (n 36)
    injected:lock:EVENT:c0-2     mse 0.4556 sign 0.824 n   1731 | aux 0.3663 life 0.192 atk 0.169 tok_atk 0.150 tok_ab 0.112 (n 1225)
    injected:lock:EVENT:c3-5     mse 0.7053 sign 0.705 n    441 | aux 0.2563 life 0.179 atk 0.201 tok_atk 0.165 tok_ab 0.097 (n 264)
    injected:lock:ON_ATTACK:c0-2 mse 0.7117 sign 0.726 n    325 | aux 0.3770 life 0.191 atk 0.204 tok_atk 0.173 tok_ab 0.074 (n 215)
    injected:lock:ON_ATTACK:c3-5 mse 0.5349 sign 0.815 n    903 | aux 0.3977 life 0.229 atk 0.265 tok_atk 0.192 tok_ab 0.089 (n 591)
    injected:lock:ON_PLAY:c0-2   mse 0.0833 sign 1.000 n    117 | aux 0.3673 life 0.116 atk 0.174 tok_atk 0.137 tok_ab 0.146 (n 68)
    injected:lock:ON_PLAY:c3-5   mse 0.6321 sign 0.800 n    925 | aux 0.4044 life 0.169 atk 0.231 tok_atk 0.210 tok_ab 0.098 (n 612)
    injected:lock:ON_PLAY:c6+    mse 0.9299 sign 0.662 n    545 | aux 0.3639 life 0.182 atk 0.196 tok_atk 0.162 tok_ab 0.112 (n 373)
    injected:lock:OTHER:c0-2     mse 0.1360 sign 1.000 n     74 | aux 0.6815 life 0.348 atk 0.161 tok_atk 0.181 tok_ab 0.093 (n 58)
    injected:lock:OTHER:c3-5     mse 0.8914 sign 0.697 n    271 | aux 0.3251 life 0.165 atk 0.237 tok_atk 0.222 tok_ab 0.098 (n 196)
    injected:lock:OTHER:c6+      mse 0.4509 sign 0.823 n     62 | aux 0.2195 life 0.306 atk 0.144 tok_atk 0.158 tok_ab 0.108 (n 31)
    injected:lock:TRIGGER:c0-2   mse 0.6340 sign 0.794 n    867 | aux 0.3451 life 0.241 atk 0.149 tok_atk 0.124 tok_ab 0.143 (n 647)
    injected:lock:TRIGGER:c3-5   mse 0.6067 sign 0.761 n    664 | aux 0.3169 life 0.196 atk 0.170 tok_atk 0.178 tok_ab 0.100 (n 446)
    injected:lock:TRIGGER:c6+    mse 1.0971 sign 0.429 n     77 | aux 0.2745 life 0.127 atk 0.023 tok_atk 0.076 tok_ab 0.072 (n 50)
    injected:reduce:ACTIVATE_MAIN:c0-2 mse 0.2719 sign 0.903 n    959 | aux 0.3510 life 0.197 atk 0.189 tok_atk 0.145 tok_ab 0.130 (n 617)
    injected:reduce:ACTIVATE_MAIN:c3-5 mse 0.1798 sign 0.950 n    822 | aux 0.3685 life 0.186 atk 0.114 tok_atk 0.119 tok_ab 0.094 (n 525)
    injected:reduce:ACTIVATE_MAIN:c6+ mse 0.2910 sign 0.910 n    122 | aux 0.2159 life 0.348 atk 0.053 tok_atk 0.082 tok_ab 0.069 (n 63)
    injected:reduce:COUNTER:c0-2 mse 0.1197 sign 0.971 n    725 | aux 0.3408 life 0.179 atk 0.166 tok_atk 0.159 tok_ab 0.077 (n 487)
    injected:reduce:EVENT:c0-2   mse 0.4278 sign 0.830 n   2367 | aux 0.4018 life 0.195 atk 0.157 tok_atk 0.141 tok_ab 0.107 (n 1596)
    injected:reduce:EVENT:c3-5   mse 1.0255 sign 0.590 n    322 | aux 0.3245 life 0.250 atk 0.221 tok_atk 0.149 tok_ab 0.134 (n 231)
    injected:reduce:EVENT:c6+    mse 0.2307 sign 0.915 n    177 | aux 0.1910 life 0.084 atk 0.046 tok_atk 0.052 tok_ab 0.052 (n 139)
    injected:reduce:ON_ATTACK:c0-2 mse 0.4266 sign 0.860 n    421 | aux 0.3346 life 0.149 atk 0.117 tok_atk 0.118 tok_ab 0.118 (n 304)
    injected:reduce:ON_ATTACK:c3-5 mse 0.6847 sign 0.720 n   1237 | aux 0.4028 life 0.189 atk 0.176 tok_atk 0.163 tok_ab 0.118 (n 861)
    injected:reduce:ON_ATTACK:c6+ mse 0.6690 sign 0.776 n    791 | aux 0.3626 life 0.232 atk 0.145 tok_atk 0.130 tok_ab 0.148 (n 560)
    injected:reduce:ON_PLAY:c0-2 mse 0.0427 sign 0.985 n    205 | aux 0.2897 life 0.214 atk 0.238 tok_atk 0.261 tok_ab 0.157 (n 152)
    injected:reduce:ON_PLAY:c3-5 mse 0.8330 sign 0.675 n    742 | aux 0.4190 life 0.217 atk 0.135 tok_atk 0.179 tok_ab 0.109 (n 473)
    injected:reduce:ON_PLAY:c6+  mse 0.1862 sign 0.965 n    142 | aux 0.4375 life 0.123 atk 0.136 tok_atk 0.110 tok_ab 0.228 (n 94)
    injected:reduce:OTHER:c0-2   mse 0.2039 sign 0.964 n    168 | aux 0.2264 life 0.217 atk 0.111 tok_atk 0.143 tok_ab 0.095 (n 131)
    injected:reduce:OTHER:c6+    mse 0.3127 sign 0.944 n    215 | aux 0.3759 life 0.276 atk 0.145 tok_atk 0.153 tok_ab 0.151 (n 153)
    injected:reduce:TRIGGER:c0-2 mse 0.6701 sign 0.709 n    413 | aux 0.3559 life 0.177 atk 0.136 tok_atk 0.102 tok_ab 0.102 (n 253)
    injected:reduce:TRIGGER:c3-5 mse 0.3463 sign 0.863 n    234 | aux 0.3939 life 0.353 atk 0.153 tok_atk 0.183 tok_ab 0.141 (n 131)
    injected:trash:ACTIVATE_MAIN:c3-5 mse 0.1400 sign 0.938 n    130 | aux 0.3780 life 0.123 atk 0.290 tok_atk 0.184 tok_ab 0.025 (n 75)
    injected:trash:ACTIVATE_MAIN:c6+ mse 0.6228 sign 0.741 n    490 | aux 0.5302 life 0.154 atk 0.173 tok_atk 0.126 tok_ab 0.062 (n 285)
    injected:trash:ON_ATTACK:c3-5 mse 1.0472 sign 0.595 n    568 | aux 0.4351 life 0.287 atk 0.273 tok_atk 0.194 tok_ab 0.115 (n 377)
    injected:trash:ON_PLAY:c6+   mse 1.1960 sign 0.560 n    175 | aux 0.3557 life 0.294 atk 0.288 tok_atk 0.210 tok_ab 0.196 (n 113)
    colors:BLACK                 mse 0.5174 sign 0.809 n   4819 | aux 0.4263 life 0.193 atk 0.188 tok_atk 0.169 tok_ab 0.122 (n 3238)
    colors:BLUE                  mse 0.6028 sign 0.777 n   5547 | aux 0.3776 life 0.205 atk 0.185 tok_atk 0.167 tok_ab 0.115 (n 3842)
    colors:GREEN                 mse 0.5183 sign 0.816 n   4803 | aux 0.3703 life 0.210 atk 0.178 tok_atk 0.158 tok_ab 0.090 (n 3217)
    colors:PURPLE                mse 0.5288 sign 0.799 n   4770 | aux 0.3373 life 0.188 atk 0.190 tok_atk 0.149 tok_ab 0.098 (n 3295)
    colors:RED                   mse 0.5263 sign 0.812 n   4664 | aux 0.3108 life 0.208 atk 0.168 tok_atk 0.135 tok_ab 0.096 (n 3195)
    colors:YELLOW                mse 0.5581 sign 0.792 n   3778 | aux 0.3935 life 0.216 atk 0.181 tok_atk 0.165 tok_ab 0.115 (n 2555)
    after_removal                mse 0.4491 sign 0.834 n    495 | aux 0.3983 life 0.243 atk 0.223 tok_atk 0.203 tok_ab 0.118 (n 380)
    not_removal                  mse 0.5192 sign 0.811 n  18880 | aux 0.3726 life 0.203 atk 0.185 tok_atk 0.159 tok_ab 0.107 (n 12833)
  80s
  → /root/band_r9/band_r9_w32.json
N_REL_BAND {"rows": 19375, "src": ["/root/n32_wave/w01/n_records/n32_w01", "/root/n32_wave/w02/n_records/n32_w02"], "out": "/root/band_r9/band_r9_w32.json", "buckets": 89, "nets": {"start.npz": {"v_mse": 0.5263126848046884, "v_sign": 0.8120774193548387, "n": 19375, "aux": {"opp_turn_my_life_lost": 0.20726029574871063, "opp_turn_attacks": 0.1961219161748886, "opp_turn_effects": 1.067959189414978, "my_turn_opp_life_lost": 0.2614494860172272, "my_turn_attacks": 0.2990865409374237, "my_turn_effects": 1.3186217546463013, "next_my_board_power": 0.0631309375166893, "next_opp_board_power": 0.0820406824350357, "next_my_board_n": 0.22723565995693207, "next_opp_board_n": 0.238360196352005, "tok_attacked": 0.16616186499595642, "tok_life_pushed": 0.030881065875291824, "tok_ability": 0.11683756113052368, "n": 13213}}, "nrel_r7.npz": {"v_mse": 0.5264539035133706, "v_sign": 0.8103225806451613, "n": 19375, "aux": {"opp_turn_my_life_lost": 0.2018318623304367, "opp_turn_attacks": 0.18171274662017822, "opp_turn_effects": 0.9702950119972229, "my_turn_opp_life_lost": 0.25776955485343933, "my_turn_attacks": 0.2917027771472931, "my_turn_effects": 1.1816004514694214, "next_my_board_power": 0.06124062091112137, "next_opp_board_power": 0.0745869129896164, "next_my_board_n": 0.217230886220932, "next_opp_board_n": 0.21855495870113373, "tok_attacked": 0.1599569171667099, "tok_life_pushed": 0.03055897355079651, "tok_ability": 0.10559658706188202, "n": 13213}}, "nrel_r9.npz": {"v_mse": 0.5204564936041626, "v_sign": 0.8142967741935484, "n": 19375, "aux": {"opp_turn_my_life_lost": 0.20281700789928436, "opp_turn_attacks": 0.18969081342220306, "opp_turn_effects": 0.9766610860824585, "my_turn_opp_life_lost": 0.25808700919151306, "my_turn_attacks": 0.2920186221599579, "my_turn_effects": 1.20100736618042, "next_my_board_power": 0.06279301643371582, "next_opp_board_power": 0.07589372992515564, "next_my_board_n": 0.2264270931482315, "next_opp_board_n": 0.2214263677597046, "tok_attacked": 0.1598089188337326, "tok_life_pushed": 0.03059227205812931, "tok_ability": 0.1071876809000969, "n": 13213}}, "nrel_r9h.npz": {"v_mse": 0.5174167849406769, "v_sign": 0.8112, "n": 19375, "aux": {"opp_turn_my_life_lost": 0.2038598358631134, "opp_turn_attacks": 0.18626168370246887, "opp_turn_effects": 0.9913874864578247, "my_turn_opp_life_lost": 0.2588481307029724, "my_turn_attacks": 0.2957211434841156, "my_turn_effects": 1.2208209037780762, "next_my_board_power": 0.0603637732565403, "next_opp_board_power": 0.07612444460391998, "next_my_board_n": 0.21698768436908722, "next_opp_board_n": 0.22306504845619202, "tok_attacked": 0.16069413721561432, "tok_life_pushed": 0.030656838789582253, "tok_ability": 0.10738509148359299, "n": 13213}}}, "policy": {"start.npz": {"points": 7937, "top1_visits": 0.5728864810381756, "ce_visits": 1.8447839976318299, "top1_q_improved": 0.46113140985258916, "ce_q_improved": 1.8787707454749405, "gate": {"rows": 2352, "p_mass_removal": 0.23664141722615042, "argmax_removal": 0.2389455782312925, "data_chose_removal": 0.24702380952380953}}, "nrel_r7.npz": {"points": 7937, "top1_visits": 0.5863676452059973, "ce_visits": 1.8346712921043329, "top1_q_improved": 0.4759984880937382, "ce_q_improved": 1.8569512883466663, "gate": {"rows": 2352, "p_mass_removal": 0.2360579709605184, "argmax_removal": 0.24064625850340135, "data_chose_removal": 0.24702380952380953}}, "nrel_r9.npz": {"points": 7937, "top1_visits": 0.5887614967871992, "ce_visits": 1.8324761802368865, "top1_q_improved": 0.47637646465919115, "ce_q_improved": 1.850224394649286, "gate": {"rows": 2352, "p_mass_removal": 0.23527168160517806, "argmax_removal": 0.23171768707482993, "data_chose_removal": 0.24702380952380953}}, "nrel_r9h.npz": {"points": 7937, "top1_visits": 0.5819579186090462, "ce_visits": 1.837367994472604, "top1_q_improved": 0.4709588005543656, "ce_q_improved": 1.8631423759087966, "gate": {"rows": 2352, "p_mass_removal": 0.23783790618383174, "argmax_removal": 0.23937074829931973, "data_chose_removal": 0.24702380952380953}}}}
