行 922309・対局 6353（57s）
対局 6353・自席ターン 81590
状態の分布（L=lethal_margin・T=threat_margin）: {'L+1|T+1': 1018, 'L+1|T-1': 552, 'L+1|T0': 834, 'L+1|T<=-2': 646, 'L+1|T>=+2': 1385, 'L-1|T+1': 1556, 'L-1|T-1': 1541, 'L-1|T0': 1570, 'L-1|T<=-2': 2273, 'L-1|T>=+2': 2106, 'L0|T+1': 1357, 'L0|T-1': 917, 'L0|T0': 1191, 'L0|T<=-2': 1128, 'L0|T>=+2': 2036, 'L<=-2|T+1': 2773, 'L<=-2|T-1': 6309, 'L<=-2|T0': 4434, 'L<=-2|T<=-2': 41313, 'L<=-2|T>=+2': 2268, 'L>=+2|T+1': 988, 'L>=+2|T-1': 537, 'L>=+2|T0': 826, 'L>=+2|T<=-2': 540, 'L>=+2|T>=+2': 1492}
lethal_only: 4320 ターン
  attempted 0.863 [0.853,0.873] n 4320  defended 0.373 [0.359,0.388] n 4320  won_now 0.288 [0.275,0.302] n 4320  died_next 0.008 [0.005,0.010] n 4320  winrate 0.873 [0.863,0.883] n 4320
    attempted      winrate 0.889 [0.879,0.899] n 3728  won_now 0.333 [0.317,0.348] n 3728  died_next 0.008 [0.005,0.011] n 3728
    not_attempted  winrate 0.777 [0.743,0.811] n 592  won_now 0.008 [0.001,0.016] n 592  died_next 0.007 [0.000,0.013] n 592
    defended       winrate 0.798 [0.779,0.818] n 1612  won_now 0.053 [0.042,0.064] n 1612  died_next 0.011 [0.006,0.016] n 1612
    not_defended   winrate 0.918 [0.908,0.928] n 2708  won_now 0.428 [0.410,0.447] n 2708  died_next 0.006 [0.003,0.009] n 2708
    face_only      winrate 0.918 [0.908,0.929] n 2693  won_now 0.431 [0.412,0.449] n 2693  died_next 0.006 [0.003,0.009] n 2693
    by_opp_hand/h0-1   turns   381  attempted 0.845 [0.809,0.881] n 381  defended 0.339 [0.291,0.386] n 381  winrate 0.974 [0.958,0.990] n 381
    by_opp_hand/h2-3   turns  1032  attempted 0.874 [0.854,0.894] n 1032  defended 0.305 [0.277,0.333] n 1032  winrate 0.952 [0.938,0.965] n 1032
    by_opp_hand/h4+    turns  2907  attempted 0.861 [0.849,0.874] n 2907  defended 0.402 [0.384,0.420] n 2907  winrate 0.832 [0.819,0.846] n 2907
    by_turn/t5-8   turns   704  attempted 0.730 [0.697,0.763] n 704  defended 0.555 [0.519,0.592] n 704  winrate 0.689 [0.655,0.723] n 704
    by_turn/t9+    turns  3616  attempted 0.889 [0.879,0.899] n 3616  defended 0.338 [0.322,0.353] n 3616  winrate 0.909 [0.900,0.919] n 3616
    by_z/win    turns  3773  attempted 0.878 [0.868,0.889] n 3773  defended 0.341 [0.326,0.356] n 3773
    by_z/lose   turns   547  attempted 0.759 [0.723,0.795] n 547  defended 0.594 [0.553,0.635] n 547
threat_only: 14707 ターン
  attempted 0.564 [0.556,0.572] n 14707  defended 0.744 [0.737,0.751] n 14707  won_now 0.006 [0.005,0.007] n 14707  died_next 0.240 [0.234,0.247] n 14707  winrate 0.306 [0.298,0.313] n 14707
    attempted      winrate 0.321 [0.311,0.331] n 8301  won_now 0.011 [0.008,0.013] n 8301  died_next 0.266 [0.256,0.275] n 8301
    not_attempted  winrate 0.286 [0.275,0.297] n 6406  won_now 0.000 [0.000,0.000] n 6406  died_next 0.207 [0.198,0.217] n 6406
    defended       winrate 0.300 [0.292,0.309] n 10939  won_now 0.003 [0.002,0.004] n 10939  died_next 0.226 [0.218,0.233] n 10939
    not_defended   winrate 0.322 [0.307,0.337] n 3768  won_now 0.014 [0.010,0.018] n 3768  died_next 0.284 [0.269,0.298] n 3768
    face_only      winrate 0.330 [0.314,0.345] n 3622  won_now 0.015 [0.011,0.019] n 3622  died_next 0.282 [0.267,0.296] n 3622
    by_my_hand/h0-1   turns   401  attempted 0.696 [0.651,0.741] n 401  defended 0.601 [0.553,0.649] n 401  winrate 0.142 [0.108,0.176] n 401
    by_my_hand/h2-3   turns  2425  attempted 0.602 [0.583,0.622] n 2425  defended 0.716 [0.698,0.734] n 2425  winrate 0.212 [0.196,0.229] n 2425
    by_my_hand/h4+    turns 11881  attempted 0.552 [0.543,0.561] n 11881  defended 0.754 [0.747,0.762] n 11881  winrate 0.330 [0.322,0.339] n 11881
    by_turn/t1-4   turns    21  attempted 0.429 [0.217,0.640] n 21  defended 0.571 [0.360,0.783] n 21  winrate 0.429 [0.217,0.640] n 21
    by_turn/t5-8   turns  3931  attempted 0.465 [0.450,0.481] n 3931  defended 0.773 [0.760,0.786] n 3931  winrate 0.358 [0.343,0.373] n 3931
    by_turn/t9+    turns 10755  attempted 0.601 [0.592,0.610] n 10755  defended 0.733 [0.725,0.742] n 10755  winrate 0.286 [0.278,0.295] n 10755
    by_z/win    turns  4496  attempted 0.593 [0.578,0.607] n 4496  defended 0.730 [0.717,0.743] n 4496
    by_z/lose   turns 10211  attempted 0.552 [0.542,0.562] n 10211  defended 0.750 [0.741,0.758] n 10211
both: 11127 ターン
  attempted 0.897 [0.891,0.902] n 11127  defended 0.391 [0.382,0.400] n 11127  won_now 0.450 [0.441,0.459] n 11127  died_next 0.247 [0.239,0.255] n 11127  winrate 0.675 [0.666,0.683] n 11127
    attempted      winrate 0.703 [0.694,0.712] n 9978  won_now 0.500 [0.490,0.510] n 9978  died_next 0.236 [0.228,0.244] n 9978
    not_attempted  winrate 0.432 [0.403,0.460] n 1149  won_now 0.015 [0.008,0.022] n 1149  died_next 0.339 [0.311,0.366] n 1149
    defended       winrate 0.450 [0.435,0.464] n 4348  won_now 0.075 [0.067,0.082] n 4348  died_next 0.394 [0.380,0.409] n 4348
    not_defended   winrate 0.819 [0.810,0.828] n 6779  won_now 0.691 [0.680,0.702] n 6779  died_next 0.152 [0.143,0.160] n 6779
    face_only      winrate 0.820 [0.811,0.829] n 6765  won_now 0.692 [0.681,0.703] n 6765  died_next 0.151 [0.143,0.160] n 6765
    by_opp_hand/h0-1   turns   915  attempted 0.885 [0.865,0.906] n 915  defended 0.263 [0.235,0.292] n 915  winrate 0.836 [0.812,0.860] n 915
    by_opp_hand/h2-3   turns  2816  attempted 0.910 [0.900,0.921] n 2816  defended 0.333 [0.316,0.351] n 2816  winrate 0.757 [0.742,0.773] n 2816
    by_opp_hand/h4+    turns  7396  attempted 0.893 [0.886,0.900] n 7396  defended 0.428 [0.417,0.440] n 7396  winrate 0.623 [0.612,0.634] n 7396
    by_turn/t5-8   turns   307  attempted 0.749 [0.701,0.798] n 307  defended 0.697 [0.646,0.748] n 307  winrate 0.541 [0.485,0.596] n 307
    by_turn/t9+    turns 10820  attempted 0.901 [0.895,0.907] n 10820  defended 0.382 [0.373,0.391] n 10820  winrate 0.679 [0.670,0.687] n 10820
    by_z/win    turns  7508  attempted 0.934 [0.928,0.940] n 7508  defended 0.260 [0.250,0.270] n 7508
    by_z/lose   turns  3619  attempted 0.820 [0.807,0.832] n 3619  defended 0.661 [0.646,0.677] n 3619
neither: 51436 ターン  attempted 0.473 [0.469,0.477] n 51436  defended 0.431 [0.426,0.435] n 51436
lethal_by_margin: {'0': (6629, 0.806, 0.163), '+1': (4435, 0.92, 0.435), '>=+2': (4383, 0.977, 0.74)}
見逃し（リーサル圏で attempted でない）0.113 [0.108,0.118] n 15447  win 0.085 [0.080,0.090] n 11281  lose 0.188 [0.177,0.200] n 4166
無謀（被リーサル圏で face だけ）0.246 [0.239,0.253] n 14707
守り guard_rate 0.719（相手ターン 54533）  by_turn {t1-4: 0.739, t5-8: 0.729, t9+: 0.709}  by_life {life1: 0.821, life2: 0.771, life3: 0.728, life4: 0.675, life5: 0.669}  by_z {win: 0.756, lose: 0.677}
  57.3s
  → /root/pd/rs_w28.json
