holdout 行 19375（seed%7==0・2s）
  [policy] start.npz top1_visits 0.573 ce_visits 1.845 top1_q_improved 0.461 ce_q_improved 1.879 | gate mass 0.237 argmax 0.239 data 0.247 (n 2352)
  [policy] nrel_r7.npz top1_visits 0.586 ce_visits 1.835 top1_q_improved 0.476 ce_q_improved 1.857 | gate mass 0.236 argmax 0.241 data 0.247 (n 2352)
  [policy] nrel_r8.npz top1_visits 0.584 ce_visits 1.835 top1_q_improved 0.475 ce_q_improved 1.858 | gate mass 0.236 argmax 0.242 data 0.247 (n 2352)
  [policy] 13s
  start.npz
    all                          mse 0.5263 sign 0.812 n  19375 | aux 0.3961 life 0.207 atk 0.196 tok_atk 0.166 tok_ab 0.117 (n 13213)
    turn1-4                      mse 0.8153 sign 0.696 n   2542 | aux 0.2749 life 0.120 atk 0.111 tok_atk 0.107 tok_ab 0.076 (n 2542)
    turn5-8                      mse 0.6341 sign 0.769 n   6044 | aux 0.3995 life 0.228 atk 0.202 tok_atk 0.161 tok_ab 0.114 (n 5876)
    turn9-99                     mse 0.3848 sign 0.868 n  10515 | aux 0.4731 life 0.242 atk 0.247 tok_atk 0.210 tok_ab 0.147 (n 4521)
    injected:KO:ACTIVATE_MAIN:c0-2 mse 0.2150 sign 0.973 n    292 | aux 0.3239 life 0.231 atk 0.103 tok_atk 0.112 tok_ab 0.096 (n 213)
    injected:KO:ACTIVATE_MAIN:c3-5 mse 0.5669 sign 0.812 n   1209 | aux 0.4164 life 0.203 atk 0.130 tok_atk 0.122 tok_ab 0.120 (n 836)
    injected:KO:ACTIVATE_MAIN:c6+ mse 0.1577 sign 0.946 n    349 | aux 0.3335 life 0.196 atk 0.168 tok_atk 0.159 tok_ab 0.081 (n 246)
    injected:KO:COUNTER:c0-2     mse 0.3714 sign 0.891 n    137 | aux 0.5549 life 0.154 atk 0.076 tok_atk 0.108 tok_ab 0.155 (n 92)
    injected:KO:COUNTER:c3-5     mse 0.5072 sign 0.774 n    106 | aux 0.2499 life 0.274 atk 0.271 tok_atk 0.143 tok_ab 0.078 (n 70)
    injected:KO:EVENT:c0-2       mse 0.3721 sign 0.886 n   1416 | aux 0.3681 life 0.215 atk 0.240 tok_atk 0.201 tok_ab 0.112 (n 951)
    injected:KO:EVENT:c3-5       mse 0.5319 sign 0.798 n   1794 | aux 0.3344 life 0.234 atk 0.143 tok_atk 0.125 tok_ab 0.112 (n 1190)
    injected:KO:EVENT:c6+        mse 0.3313 sign 0.900 n    331 | aux 0.2864 life 0.094 atk 0.125 tok_atk 0.068 tok_ab 0.093 (n 251)
    injected:KO:ON_ATTACK:c0-2   mse 0.7324 sign 0.714 n    206 | aux 0.5038 life 0.122 atk 0.236 tok_atk 0.194 tok_ab 0.052 (n 147)
    injected:KO:ON_ATTACK:c3-5   mse 0.3659 sign 0.886 n   1421 | aux 0.3357 life 0.211 atk 0.186 tok_atk 0.151 tok_ab 0.126 (n 969)
    injected:KO:ON_ATTACK:c6+    mse 0.6127 sign 0.818 n    137 | aux 0.2445 life 0.197 atk 0.114 tok_atk 0.098 tok_ab 0.082 (n 102)
    injected:KO:ON_PLAY:c3-5     mse 0.3738 sign 0.864 n   1618 | aux 0.3954 life 0.208 atk 0.170 tok_atk 0.161 tok_ab 0.093 (n 1092)
    injected:KO:ON_PLAY:c6+      mse 0.4428 sign 0.846 n    188 | aux 0.3574 life 0.136 atk 0.135 tok_atk 0.189 tok_ab 0.153 (n 138)
    injected:KO:OTHER:c3-5       mse 0.4435 sign 0.849 n    185 | aux 0.3347 life 0.275 atk 0.156 tok_atk 0.136 tok_ab 0.090 (n 143)
    injected:KO:TRIGGER:c0-2     mse 0.4920 sign 0.810 n   1578 | aux 0.3926 life 0.200 atk 0.170 tok_atk 0.144 tok_ab 0.111 (n 1036)
    injected:KO:TRIGGER:c3-5     mse 0.5677 sign 0.806 n   1488 | aux 0.4564 life 0.222 atk 0.188 tok_atk 0.137 tok_ab 0.136 (n 1028)
    injected:KO:TRIGGER:c6+      mse 0.2610 sign 0.923 n    299 | aux 0.2685 life 0.087 atk 0.099 tok_atk 0.078 tok_ab 0.086 (n 209)
    injected:bounce:EVENT:c0-2   mse 0.0309 sign 1.000 n    251 | aux 0.3577 life 0.152 atk 0.190 tok_atk 0.223 tok_ab 0.104 (n 167)
    injected:bounce:EVENT:c3-5   mse 0.3871 sign 0.834 n    409 | aux 0.3447 life 0.131 atk 0.168 tok_atk 0.184 tok_ab 0.090 (n 308)
    injected:bounce:ON_ATTACK:c0-2 mse 0.4182 sign 0.885 n    261 | aux 0.3217 life 0.178 atk 0.130 tok_atk 0.175 tok_ab 0.116 (n 173)
    injected:bounce:ON_ATTACK:c3-5 mse 0.2712 sign 0.933 n    463 | aux 0.3114 life 0.134 atk 0.103 tok_atk 0.128 tok_ab 0.055 (n 273)
    injected:bounce:ON_PLAY:c0-2 mse 0.4337 sign 0.903 n    196 | aux 0.3005 life 0.194 atk 0.190 tok_atk 0.153 tok_ab 0.145 (n 114)
    injected:bounce:ON_PLAY:c3-5 mse 0.4277 sign 0.839 n    828 | aux 0.3665 life 0.215 atk 0.194 tok_atk 0.149 tok_ab 0.077 (n 560)
    injected:bounce:ON_PLAY:c6+  mse 0.4416 sign 0.892 n    232 | aux 0.3756 life 0.118 atk 0.305 tok_atk 0.238 tok_ab 0.142 (n 186)
    injected:bounce:OTHER:c3-5   mse 0.2664 sign 0.942 n    586 | aux 0.3317 life 0.150 atk 0.164 tok_atk 0.169 tok_ab 0.086 (n 398)
    injected:bounce:TRIGGER:c0-2 mse 0.6583 sign 0.838 n    173 | aux 0.3306 life 0.137 atk 0.265 tok_atk 0.199 tok_ab 0.191 (n 133)
    injected:deck:ACTIVATE_MAIN:c3-5 mse 0.3325 sign 0.896 n    422 | aux 0.4032 life 0.146 atk 0.210 tok_atk 0.231 tok_ab 0.092 (n 284)
    injected:deck:COUNTER:c0-2   mse 0.1077 sign 0.981 n     54 | aux 0.3604 life 0.410 atk 0.040 tok_atk 0.160 tok_ab 0.095 (n 40)
    injected:deck:EVENT:c0-2     mse 0.3718 sign 0.866 n   1144 | aux 0.3485 life 0.204 atk 0.159 tok_atk 0.161 tok_ab 0.118 (n 909)
    injected:deck:EVENT:c3-5     mse 0.2753 sign 0.898 n   1079 | aux 0.3766 life 0.221 atk 0.173 tok_atk 0.150 tok_ab 0.115 (n 748)
    injected:deck:ON_ATTACK:c0-2 mse 0.4112 sign 0.790 n    224 | aux 0.3152 life 0.171 atk 0.169 tok_atk 0.098 tok_ab 0.099 (n 140)
    injected:deck:ON_ATTACK:c3-5 mse 0.0985 sign 0.982 n    171 | aux 0.4787 life 0.263 atk 0.153 tok_atk 0.069 tok_ab 0.174 (n 132)
    injected:deck:ON_PLAY:c0-2   mse 0.6736 sign 0.638 n     69 | aux 0.2077 life 0.098 atk 0.104 tok_atk 0.091 tok_ab 0.065 (n 36)
    injected:deck:ON_PLAY:c3-5   mse 0.7788 sign 0.701 n   1022 | aux 0.4511 life 0.286 atk 0.191 tok_atk 0.193 tok_ab 0.148 (n 723)
    injected:deck:ON_PLAY:c6+    mse 0.2334 sign 0.921 n    318 | aux 0.3963 life 0.224 atk 0.133 tok_atk 0.174 tok_ab 0.101 (n 253)
    injected:deck:OTHER:c3-5     mse 0.8989 sign 0.696 n    319 | aux 0.7695 life 0.448 atk 0.262 tok_atk 0.206 tok_ab 0.183 (n 233)
    injected:deck:TRIGGER:c3-5   mse 0.2794 sign 0.897 n    436 | aux 0.4143 life 0.264 atk 0.182 tok_atk 0.158 tok_ab 0.094 (n 343)
    injected:deck:TRIGGER:c6+    mse 0.0254 sign 1.000 n    166 | aux 0.4930 life 0.193 atk 0.303 tok_atk 0.179 tok_ab 0.202 (n 122)
    injected:lock:ACTIVATE_MAIN:c0-2 mse 0.8049 sign 0.740 n    407 | aux 0.3624 life 0.189 atk 0.220 tok_atk 0.167 tok_ab 0.095 (n 279)
    injected:lock:ACTIVATE_MAIN:c3-5 mse 0.6861 sign 0.741 n   1690 | aux 0.3884 life 0.162 atk 0.237 tok_atk 0.184 tok_ab 0.125 (n 1146)
    injected:lock:ACTIVATE_MAIN:c6+ mse 0.6568 sign 0.760 n    934 | aux 0.3469 life 0.238 atk 0.191 tok_atk 0.184 tok_ab 0.121 (n 655)
    injected:lock:COUNTER:c0-2   mse 1.0387 sign 0.627 n    217 | aux 0.3003 life 0.123 atk 0.201 tok_atk 0.107 tok_ab 0.079 (n 139)
    injected:lock:COUNTER:c3-5   mse 0.6485 sign 0.702 n     57 | aux 0.2088 life 0.299 atk 0.275 tok_atk 0.165 tok_ab 0.070 (n 36)
    injected:lock:EVENT:c0-2     mse 0.4550 sign 0.838 n   1731 | aux 0.3841 life 0.201 atk 0.176 tok_atk 0.152 tok_ab 0.120 (n 1225)
    injected:lock:EVENT:c3-5     mse 0.6074 sign 0.755 n    441 | aux 0.2616 life 0.205 atk 0.203 tok_atk 0.177 tok_ab 0.108 (n 264)
    injected:lock:ON_ATTACK:c0-2 mse 0.6727 sign 0.763 n    325 | aux 0.3846 life 0.197 atk 0.210 tok_atk 0.174 tok_ab 0.080 (n 215)
    injected:lock:ON_ATTACK:c3-5 mse 0.5722 sign 0.823 n    903 | aux 0.4289 life 0.244 atk 0.258 tok_atk 0.198 tok_ab 0.097 (n 591)
    injected:lock:ON_PLAY:c0-2   mse 0.0583 sign 1.000 n    117 | aux 0.3775 life 0.127 atk 0.189 tok_atk 0.135 tok_ab 0.139 (n 68)
    injected:lock:ON_PLAY:c3-5   mse 0.6741 sign 0.786 n    925 | aux 0.4230 life 0.158 atk 0.252 tok_atk 0.215 tok_ab 0.112 (n 612)
    injected:lock:ON_PLAY:c6+    mse 0.9179 sign 0.646 n    545 | aux 0.3785 life 0.182 atk 0.226 tok_atk 0.174 tok_ab 0.118 (n 373)
    injected:lock:OTHER:c0-2     mse 0.2982 sign 0.959 n     74 | aux 0.7039 life 0.441 atk 0.191 tok_atk 0.180 tok_ab 0.146 (n 58)
    injected:lock:OTHER:c3-5     mse 0.9725 sign 0.675 n    271 | aux 0.3430 life 0.167 atk 0.278 tok_atk 0.235 tok_ab 0.117 (n 196)
    injected:lock:OTHER:c6+      mse 0.4228 sign 0.839 n     62 | aux 0.2443 life 0.313 atk 0.124 tok_atk 0.157 tok_ab 0.106 (n 31)
    injected:lock:TRIGGER:c0-2   mse 0.6209 sign 0.799 n    867 | aux 0.3570 life 0.235 atk 0.160 tok_atk 0.128 tok_ab 0.151 (n 647)
    injected:lock:TRIGGER:c3-5   mse 0.5988 sign 0.750 n    664 | aux 0.3293 life 0.212 atk 0.155 tok_atk 0.178 tok_ab 0.113 (n 446)
    injected:lock:TRIGGER:c6+    mse 0.8516 sign 0.675 n     77 | aux 0.2600 life 0.116 atk 0.037 tok_atk 0.075 tok_ab 0.101 (n 50)
    injected:reduce:ACTIVATE_MAIN:c0-2 mse 0.3069 sign 0.898 n    959 | aux 0.3755 life 0.195 atk 0.195 tok_atk 0.154 tok_ab 0.135 (n 617)
    injected:reduce:ACTIVATE_MAIN:c3-5 mse 0.2037 sign 0.957 n    822 | aux 0.4542 life 0.205 atk 0.131 tok_atk 0.120 tok_ab 0.108 (n 525)
    injected:reduce:ACTIVATE_MAIN:c6+ mse 0.2637 sign 0.951 n    122 | aux 0.2287 life 0.408 atk 0.065 tok_atk 0.074 tok_ab 0.089 (n 63)
    injected:reduce:COUNTER:c0-2 mse 0.1285 sign 0.967 n    725 | aux 0.3602 life 0.202 atk 0.180 tok_atk 0.166 tok_ab 0.077 (n 487)
    injected:reduce:EVENT:c0-2   mse 0.4039 sign 0.847 n   2367 | aux 0.4214 life 0.203 atk 0.170 tok_atk 0.145 tok_ab 0.113 (n 1596)
    injected:reduce:EVENT:c3-5   mse 0.9933 sign 0.587 n    322 | aux 0.2971 life 0.188 atk 0.201 tok_atk 0.149 tok_ab 0.152 (n 231)
    injected:reduce:EVENT:c6+    mse 0.3011 sign 0.887 n    177 | aux 0.2060 life 0.084 atk 0.069 tok_atk 0.054 tok_ab 0.053 (n 139)
    injected:reduce:ON_ATTACK:c0-2 mse 0.5167 sign 0.819 n    421 | aux 0.3307 life 0.142 atk 0.123 tok_atk 0.122 tok_ab 0.132 (n 304)
    injected:reduce:ON_ATTACK:c3-5 mse 0.7007 sign 0.733 n   1237 | aux 0.4248 life 0.188 atk 0.182 tok_atk 0.169 tok_ab 0.127 (n 861)
    injected:reduce:ON_ATTACK:c6+ mse 0.6412 sign 0.785 n    791 | aux 0.3670 life 0.233 atk 0.146 tok_atk 0.135 tok_ab 0.156 (n 560)
    injected:reduce:ON_PLAY:c0-2 mse 0.0487 sign 1.000 n    205 | aux 0.3053 life 0.201 atk 0.264 tok_atk 0.260 tok_ab 0.177 (n 152)
    injected:reduce:ON_PLAY:c3-5 mse 0.9357 sign 0.646 n    742 | aux 0.4621 life 0.221 atk 0.146 tok_atk 0.184 tok_ab 0.121 (n 473)
    injected:reduce:ON_PLAY:c6+  mse 0.1681 sign 0.986 n    142 | aux 0.4335 life 0.093 atk 0.126 tok_atk 0.123 tok_ab 0.203 (n 94)
    injected:reduce:OTHER:c0-2   mse 0.3089 sign 0.946 n    168 | aux 0.2309 life 0.230 atk 0.123 tok_atk 0.173 tok_ab 0.098 (n 131)
    injected:reduce:OTHER:c6+    mse 0.2865 sign 0.940 n    215 | aux 0.3639 life 0.311 atk 0.150 tok_atk 0.166 tok_ab 0.183 (n 153)
    injected:reduce:TRIGGER:c0-2 mse 0.6716 sign 0.707 n    413 | aux 0.3603 life 0.160 atk 0.163 tok_atk 0.108 tok_ab 0.107 (n 253)
    injected:reduce:TRIGGER:c3-5 mse 0.3883 sign 0.812 n    234 | aux 0.4164 life 0.392 atk 0.158 tok_atk 0.186 tok_ab 0.158 (n 131)
    injected:trash:ACTIVATE_MAIN:c3-5 mse 0.2453 sign 0.877 n    130 | aux 0.3834 life 0.097 atk 0.330 tok_atk 0.195 tok_ab 0.034 (n 75)
    injected:trash:ACTIVATE_MAIN:c6+ mse 0.6764 sign 0.712 n    490 | aux 0.6128 life 0.152 atk 0.213 tok_atk 0.132 tok_ab 0.082 (n 285)
    injected:trash:ON_ATTACK:c3-5 mse 1.0902 sign 0.577 n    568 | aux 0.4872 life 0.271 atk 0.305 tok_atk 0.202 tok_ab 0.135 (n 377)
    injected:trash:ON_PLAY:c6+   mse 1.1244 sign 0.566 n    175 | aux 0.3369 life 0.225 atk 0.293 tok_atk 0.216 tok_ab 0.209 (n 113)
    colors:BLACK                 mse 0.5403 sign 0.802 n   4819 | aux 0.4620 life 0.186 atk 0.203 tok_atk 0.176 tok_ab 0.132 (n 3238)
    colors:BLUE                  mse 0.6206 sign 0.774 n   5547 | aux 0.3875 life 0.202 atk 0.196 tok_atk 0.177 tok_ab 0.126 (n 3842)
    colors:GREEN                 mse 0.5041 sign 0.829 n   4803 | aux 0.4073 life 0.217 atk 0.188 tok_atk 0.162 tok_ab 0.099 (n 3217)
    colors:PURPLE                mse 0.5066 sign 0.817 n   4770 | aux 0.3470 life 0.197 atk 0.190 tok_atk 0.153 tok_ab 0.106 (n 3295)
    colors:RED                   mse 0.5408 sign 0.807 n   4664 | aux 0.3231 life 0.212 atk 0.171 tok_atk 0.139 tok_ab 0.102 (n 3195)
    colors:YELLOW                mse 0.6264 sign 0.774 n   3778 | aux 0.4278 life 0.227 atk 0.201 tok_atk 0.168 tok_ab 0.127 (n 2555)
    after_removal                mse 0.4691 sign 0.840 n    495 | aux 0.4200 life 0.248 atk 0.234 tok_atk 0.211 tok_ab 0.125 (n 380)
    not_removal                  mse 0.5278 sign 0.811 n  18880 | aux 0.3954 life 0.206 atk 0.195 tok_atk 0.165 tok_ab 0.117 (n 12833)
  nrel_r7.npz
    all                          mse 0.5265 sign 0.810 n  19375 | aux 0.3657 life 0.202 atk 0.182 tok_atk 0.160 tok_ab 0.106 (n 13213)
    turn1-4                      mse 0.8151 sign 0.684 n   2542 | aux 0.2590 life 0.116 atk 0.102 tok_atk 0.106 tok_ab 0.069 (n 2542)
    turn5-8                      mse 0.6354 sign 0.774 n   6044 | aux 0.3657 life 0.222 atk 0.190 tok_atk 0.153 tok_ab 0.102 (n 5876)
    turn9-99                     mse 0.3849 sign 0.866 n  10515 | aux 0.4372 life 0.235 atk 0.225 tok_atk 0.205 tok_ab 0.134 (n 4521)
    injected:KO:ACTIVATE_MAIN:c0-2 mse 0.1824 sign 0.973 n    292 | aux 0.3266 life 0.231 atk 0.096 tok_atk 0.108 tok_ab 0.104 (n 213)
    injected:KO:ACTIVATE_MAIN:c3-5 mse 0.6896 sign 0.758 n   1209 | aux 0.4027 life 0.213 atk 0.101 tok_atk 0.117 tok_ab 0.110 (n 836)
    injected:KO:ACTIVATE_MAIN:c6+ mse 0.1275 sign 0.966 n    349 | aux 0.3011 life 0.168 atk 0.160 tok_atk 0.140 tok_ab 0.071 (n 246)
    injected:KO:COUNTER:c0-2     mse 0.7413 sign 0.715 n    137 | aux 0.4629 life 0.135 atk 0.062 tok_atk 0.107 tok_ab 0.137 (n 92)
    injected:KO:COUNTER:c3-5     mse 0.5101 sign 0.783 n    106 | aux 0.2413 life 0.231 atk 0.248 tok_atk 0.124 tok_ab 0.074 (n 70)
    injected:KO:EVENT:c0-2       mse 0.3906 sign 0.862 n   1416 | aux 0.3481 life 0.210 atk 0.217 tok_atk 0.188 tok_ab 0.095 (n 951)
    injected:KO:EVENT:c3-5       mse 0.6263 sign 0.755 n   1794 | aux 0.3321 life 0.243 atk 0.137 tok_atk 0.117 tok_ab 0.101 (n 1190)
    injected:KO:EVENT:c6+        mse 0.3445 sign 0.870 n    331 | aux 0.2748 life 0.100 atk 0.103 tok_atk 0.064 tok_ab 0.084 (n 251)
    injected:KO:ON_ATTACK:c0-2   mse 1.0317 sign 0.583 n    206 | aux 0.4423 life 0.136 atk 0.235 tok_atk 0.185 tok_ab 0.038 (n 147)
    injected:KO:ON_ATTACK:c3-5   mse 0.4342 sign 0.840 n   1421 | aux 0.3151 life 0.189 atk 0.158 tok_atk 0.146 tok_ab 0.114 (n 969)
    injected:KO:ON_ATTACK:c6+    mse 0.5410 sign 0.839 n    137 | aux 0.2386 life 0.175 atk 0.113 tok_atk 0.097 tok_ab 0.059 (n 102)
    injected:KO:ON_PLAY:c3-5     mse 0.4101 sign 0.856 n   1618 | aux 0.3647 life 0.203 atk 0.167 tok_atk 0.156 tok_ab 0.087 (n 1092)
    injected:KO:ON_PLAY:c6+      mse 0.2654 sign 0.936 n    188 | aux 0.3290 life 0.131 atk 0.194 tok_atk 0.182 tok_ab 0.138 (n 138)
    injected:KO:OTHER:c3-5       mse 0.3680 sign 0.870 n    185 | aux 0.3159 life 0.259 atk 0.138 tok_atk 0.128 tok_ab 0.101 (n 143)
    injected:KO:TRIGGER:c0-2     mse 0.5679 sign 0.776 n   1578 | aux 0.3691 life 0.201 atk 0.168 tok_atk 0.139 tok_ab 0.106 (n 1036)
    injected:KO:TRIGGER:c3-5     mse 0.6357 sign 0.782 n   1488 | aux 0.4026 life 0.229 atk 0.148 tok_atk 0.131 tok_ab 0.116 (n 1028)
    injected:KO:TRIGGER:c6+      mse 0.1694 sign 0.950 n    299 | aux 0.2512 life 0.085 atk 0.081 tok_atk 0.075 tok_ab 0.081 (n 209)
    injected:bounce:EVENT:c0-2   mse 0.0269 sign 1.000 n    251 | aux 0.3382 life 0.143 atk 0.208 tok_atk 0.215 tok_ab 0.093 (n 167)
    injected:bounce:EVENT:c3-5   mse 0.2296 sign 0.934 n    409 | aux 0.3422 life 0.127 atk 0.184 tok_atk 0.174 tok_ab 0.081 (n 308)
    injected:bounce:ON_ATTACK:c0-2 mse 0.4951 sign 0.805 n    261 | aux 0.3297 life 0.145 atk 0.117 tok_atk 0.162 tok_ab 0.100 (n 173)
    injected:bounce:ON_ATTACK:c3-5 mse 0.2798 sign 0.909 n    463 | aux 0.3096 life 0.131 atk 0.123 tok_atk 0.117 tok_ab 0.046 (n 273)
    injected:bounce:ON_PLAY:c0-2 mse 0.5358 sign 0.827 n    196 | aux 0.2947 life 0.177 atk 0.161 tok_atk 0.137 tok_ab 0.139 (n 114)
    injected:bounce:ON_PLAY:c3-5 mse 0.5076 sign 0.822 n    828 | aux 0.3528 life 0.213 atk 0.218 tok_atk 0.143 tok_ab 0.064 (n 560)
    injected:bounce:ON_PLAY:c6+  mse 0.4496 sign 0.862 n    232 | aux 0.3624 life 0.112 atk 0.283 tok_atk 0.225 tok_ab 0.115 (n 186)
    injected:bounce:OTHER:c3-5   mse 0.2561 sign 0.927 n    586 | aux 0.3150 life 0.157 atk 0.162 tok_atk 0.152 tok_ab 0.079 (n 398)
    injected:bounce:TRIGGER:c0-2 mse 0.6529 sign 0.798 n    173 | aux 0.3184 life 0.131 atk 0.230 tok_atk 0.185 tok_ab 0.155 (n 133)
    injected:deck:ACTIVATE_MAIN:c3-5 mse 0.3033 sign 0.908 n    422 | aux 0.4049 life 0.133 atk 0.198 tok_atk 0.216 tok_ab 0.080 (n 284)
    injected:deck:COUNTER:c0-2   mse 0.0438 sign 1.000 n     54 | aux 0.3576 life 0.406 atk 0.063 tok_atk 0.150 tok_ab 0.074 (n 40)
    injected:deck:EVENT:c0-2     mse 0.2914 sign 0.904 n   1144 | aux 0.3370 life 0.207 atk 0.140 tok_atk 0.153 tok_ab 0.110 (n 909)
    injected:deck:EVENT:c3-5     mse 0.2684 sign 0.902 n   1079 | aux 0.3678 life 0.208 atk 0.174 tok_atk 0.142 tok_ab 0.107 (n 748)
    injected:deck:ON_ATTACK:c0-2 mse 0.4244 sign 0.799 n    224 | aux 0.2959 life 0.165 atk 0.143 tok_atk 0.098 tok_ab 0.088 (n 140)
    injected:deck:ON_ATTACK:c3-5 mse 0.0245 sign 1.000 n    171 | aux 0.4599 life 0.227 atk 0.113 tok_atk 0.073 tok_ab 0.139 (n 132)
    injected:deck:ON_PLAY:c0-2   mse 0.7220 sign 0.623 n     69 | aux 0.2056 life 0.083 atk 0.127 tok_atk 0.085 tok_ab 0.068 (n 36)
    injected:deck:ON_PLAY:c3-5   mse 0.7284 sign 0.730 n   1022 | aux 0.4445 life 0.300 atk 0.173 tok_atk 0.182 tok_ab 0.128 (n 723)
    injected:deck:ON_PLAY:c6+    mse 0.2624 sign 0.918 n    318 | aux 0.3573 life 0.224 atk 0.135 tok_atk 0.176 tok_ab 0.095 (n 253)
    injected:deck:OTHER:c3-5     mse 1.0670 sign 0.668 n    319 | aux 0.5092 life 0.418 atk 0.175 tok_atk 0.201 tok_ab 0.134 (n 233)
    injected:deck:TRIGGER:c3-5   mse 0.2835 sign 0.897 n    436 | aux 0.3851 life 0.252 atk 0.196 tok_atk 0.154 tok_ab 0.089 (n 343)
    injected:deck:TRIGGER:c6+    mse 0.0422 sign 0.994 n    166 | aux 0.4713 life 0.150 atk 0.215 tok_atk 0.183 tok_ab 0.170 (n 122)
    injected:lock:ACTIVATE_MAIN:c0-2 mse 0.7498 sign 0.744 n    407 | aux 0.3385 life 0.179 atk 0.193 tok_atk 0.160 tok_ab 0.078 (n 279)
    injected:lock:ACTIVATE_MAIN:c3-5 mse 0.6105 sign 0.786 n   1690 | aux 0.3775 life 0.158 atk 0.218 tok_atk 0.175 tok_ab 0.113 (n 1146)
    injected:lock:ACTIVATE_MAIN:c6+ mse 0.6445 sign 0.755 n    934 | aux 0.3363 life 0.235 atk 0.180 tok_atk 0.176 tok_ab 0.106 (n 655)
    injected:lock:COUNTER:c0-2   mse 0.9193 sign 0.668 n    217 | aux 0.2894 life 0.124 atk 0.133 tok_atk 0.112 tok_ab 0.073 (n 139)
    injected:lock:COUNTER:c3-5   mse 0.7224 sign 0.684 n     57 | aux 0.2146 life 0.264 atk 0.224 tok_atk 0.131 tok_ab 0.074 (n 36)
    injected:lock:EVENT:c0-2     mse 0.4364 sign 0.831 n   1731 | aux 0.3632 life 0.196 atk 0.153 tok_atk 0.149 tok_ab 0.113 (n 1225)
    injected:lock:EVENT:c3-5     mse 0.8120 sign 0.671 n    441 | aux 0.2582 life 0.187 atk 0.198 tok_atk 0.172 tok_ab 0.096 (n 264)
    injected:lock:ON_ATTACK:c0-2 mse 0.7127 sign 0.732 n    325 | aux 0.3697 life 0.196 atk 0.211 tok_atk 0.169 tok_ab 0.069 (n 215)
    injected:lock:ON_ATTACK:c3-5 mse 0.6035 sign 0.791 n    903 | aux 0.4052 life 0.242 atk 0.265 tok_atk 0.196 tok_ab 0.087 (n 591)
    injected:lock:ON_PLAY:c0-2   mse 0.0544 sign 1.000 n    117 | aux 0.3580 life 0.116 atk 0.164 tok_atk 0.135 tok_ab 0.142 (n 68)
    injected:lock:ON_PLAY:c3-5   mse 0.6617 sign 0.788 n    925 | aux 0.4052 life 0.163 atk 0.248 tok_atk 0.211 tok_ab 0.096 (n 612)
    injected:lock:ON_PLAY:c6+    mse 0.9101 sign 0.672 n    545 | aux 0.3622 life 0.176 atk 0.188 tok_atk 0.164 tok_ab 0.107 (n 373)
    injected:lock:OTHER:c0-2     mse 0.2092 sign 0.973 n     74 | aux 0.6885 life 0.428 atk 0.174 tok_atk 0.183 tok_ab 0.095 (n 58)
    injected:lock:OTHER:c3-5     mse 0.8487 sign 0.683 n    271 | aux 0.3240 life 0.158 atk 0.237 tok_atk 0.225 tok_ab 0.094 (n 196)
    injected:lock:OTHER:c6+      mse 0.5473 sign 0.742 n     62 | aux 0.2175 life 0.310 atk 0.138 tok_atk 0.151 tok_ab 0.100 (n 31)
    injected:lock:TRIGGER:c0-2   mse 0.5964 sign 0.800 n    867 | aux 0.3412 life 0.245 atk 0.138 tok_atk 0.123 tok_ab 0.147 (n 647)
    injected:lock:TRIGGER:c3-5   mse 0.6747 sign 0.739 n    664 | aux 0.3235 life 0.206 atk 0.175 tok_atk 0.179 tok_ab 0.101 (n 446)
    injected:lock:TRIGGER:c6+    mse 1.0339 sign 0.468 n     77 | aux 0.2765 life 0.119 atk 0.029 tok_atk 0.075 tok_ab 0.079 (n 50)
    injected:reduce:ACTIVATE_MAIN:c0-2 mse 0.3005 sign 0.886 n    959 | aux 0.3509 life 0.181 atk 0.170 tok_atk 0.147 tok_ab 0.130 (n 617)
    injected:reduce:ACTIVATE_MAIN:c3-5 mse 0.1687 sign 0.950 n    822 | aux 0.3397 life 0.181 atk 0.116 tok_atk 0.116 tok_ab 0.091 (n 525)
    injected:reduce:ACTIVATE_MAIN:c6+ mse 0.4198 sign 0.869 n    122 | aux 0.2234 life 0.344 atk 0.049 tok_atk 0.077 tok_ab 0.056 (n 63)
    injected:reduce:COUNTER:c0-2 mse 0.1180 sign 0.972 n    725 | aux 0.3435 life 0.173 atk 0.158 tok_atk 0.158 tok_ab 0.077 (n 487)
    injected:reduce:EVENT:c0-2   mse 0.4297 sign 0.841 n   2367 | aux 0.3919 life 0.193 atk 0.149 tok_atk 0.139 tok_ab 0.110 (n 1596)
    injected:reduce:EVENT:c3-5   mse 1.1349 sign 0.540 n    322 | aux 0.3249 life 0.264 atk 0.221 tok_atk 0.148 tok_ab 0.117 (n 231)
    injected:reduce:EVENT:c6+    mse 0.1922 sign 0.949 n    177 | aux 0.1899 life 0.071 atk 0.057 tok_atk 0.050 tok_ab 0.052 (n 139)
    injected:reduce:ON_ATTACK:c0-2 mse 0.5202 sign 0.800 n    421 | aux 0.3261 life 0.152 atk 0.107 tok_atk 0.114 tok_ab 0.117 (n 304)
    injected:reduce:ON_ATTACK:c3-5 mse 0.7156 sign 0.715 n   1237 | aux 0.3939 life 0.177 atk 0.165 tok_atk 0.164 tok_ab 0.126 (n 861)
    injected:reduce:ON_ATTACK:c6+ mse 0.6753 sign 0.770 n    791 | aux 0.3677 life 0.217 atk 0.146 tok_atk 0.127 tok_ab 0.152 (n 560)
    injected:reduce:ON_PLAY:c0-2 mse 0.0387 sign 0.990 n    205 | aux 0.2836 life 0.206 atk 0.222 tok_atk 0.270 tok_ab 0.160 (n 152)
    injected:reduce:ON_PLAY:c3-5 mse 0.8735 sign 0.685 n    742 | aux 0.4089 life 0.211 atk 0.125 tok_atk 0.180 tok_ab 0.116 (n 473)
    injected:reduce:ON_PLAY:c6+  mse 0.2176 sign 0.930 n    142 | aux 0.4418 life 0.086 atk 0.129 tok_atk 0.110 tok_ab 0.251 (n 94)
    injected:reduce:OTHER:c0-2   mse 0.1330 sign 1.000 n    168 | aux 0.2238 life 0.228 atk 0.086 tok_atk 0.132 tok_ab 0.094 (n 131)
    injected:reduce:OTHER:c6+    mse 0.3280 sign 0.907 n    215 | aux 0.3741 life 0.264 atk 0.156 tok_atk 0.151 tok_ab 0.152 (n 153)
    injected:reduce:TRIGGER:c0-2 mse 0.7444 sign 0.709 n    413 | aux 0.3600 life 0.179 atk 0.142 tok_atk 0.098 tok_ab 0.103 (n 253)
    injected:reduce:TRIGGER:c3-5 mse 0.3699 sign 0.833 n    234 | aux 0.4009 life 0.349 atk 0.166 tok_atk 0.192 tok_ab 0.142 (n 131)
    injected:trash:ACTIVATE_MAIN:c3-5 mse 0.1231 sign 0.962 n    130 | aux 0.3838 life 0.111 atk 0.292 tok_atk 0.195 tok_ab 0.029 (n 75)
    injected:trash:ACTIVATE_MAIN:c6+ mse 0.6349 sign 0.751 n    490 | aux 0.4638 life 0.146 atk 0.164 tok_atk 0.131 tok_ab 0.064 (n 285)
    injected:trash:ON_ATTACK:c3-5 mse 1.1326 sign 0.540 n    568 | aux 0.4006 life 0.282 atk 0.268 tok_atk 0.194 tok_ab 0.105 (n 377)
    injected:trash:ON_PLAY:c6+   mse 1.2168 sign 0.526 n    175 | aux 0.3562 life 0.290 atk 0.292 tok_atk 0.206 tok_ab 0.169 (n 113)
    colors:BLACK                 mse 0.5592 sign 0.795 n   4819 | aux 0.4047 life 0.187 atk 0.181 tok_atk 0.169 tok_ab 0.120 (n 3238)
    colors:BLUE                  mse 0.5959 sign 0.780 n   5547 | aux 0.3743 life 0.200 atk 0.185 tok_atk 0.166 tok_ab 0.114 (n 3842)
    colors:GREEN                 mse 0.5458 sign 0.807 n   4803 | aux 0.3501 life 0.214 atk 0.171 tok_atk 0.158 tok_ab 0.089 (n 3217)
    colors:PURPLE                mse 0.5219 sign 0.801 n   4770 | aux 0.3384 life 0.188 atk 0.188 tok_atk 0.148 tok_ab 0.095 (n 3295)
    colors:RED                   mse 0.5252 sign 0.821 n   4664 | aux 0.3068 life 0.205 atk 0.165 tok_atk 0.134 tok_ab 0.095 (n 3195)
    colors:YELLOW                mse 0.5846 sign 0.789 n   3778 | aux 0.3855 life 0.217 atk 0.176 tok_atk 0.164 tok_ab 0.112 (n 2555)
    after_removal                mse 0.4553 sign 0.836 n    495 | aux 0.3959 life 0.243 atk 0.228 tok_atk 0.202 tok_ab 0.114 (n 380)
    not_removal                  mse 0.5283 sign 0.810 n  18880 | aux 0.3648 life 0.201 atk 0.180 tok_atk 0.159 tok_ab 0.105 (n 12833)
  nrel_r8.npz
    all                          mse 0.5300 sign 0.808 n  19375 | aux 0.3670 life 0.202 atk 0.184 tok_atk 0.160 tok_ab 0.106 (n 13213)
    turn1-4                      mse 0.8176 sign 0.688 n   2542 | aux 0.2601 life 0.117 atk 0.105 tok_atk 0.106 tok_ab 0.069 (n 2542)
    turn5-8                      mse 0.6391 sign 0.765 n   6044 | aux 0.3670 life 0.223 atk 0.192 tok_atk 0.153 tok_ab 0.102 (n 5876)
    turn9-99                     mse 0.3886 sign 0.865 n  10515 | aux 0.4389 life 0.235 atk 0.228 tok_atk 0.206 tok_ab 0.134 (n 4521)
    injected:KO:ACTIVATE_MAIN:c0-2 mse 0.1801 sign 0.969 n    292 | aux 0.3286 life 0.231 atk 0.095 tok_atk 0.108 tok_ab 0.111 (n 213)
    injected:KO:ACTIVATE_MAIN:c3-5 mse 0.7163 sign 0.746 n   1209 | aux 0.4042 life 0.209 atk 0.107 tok_atk 0.119 tok_ab 0.111 (n 836)
    injected:KO:ACTIVATE_MAIN:c6+ mse 0.1208 sign 0.971 n    349 | aux 0.3034 life 0.166 atk 0.163 tok_atk 0.140 tok_ab 0.071 (n 246)
    injected:KO:COUNTER:c0-2     mse 0.8014 sign 0.701 n    137 | aux 0.4724 life 0.148 atk 0.069 tok_atk 0.106 tok_ab 0.137 (n 92)
    injected:KO:COUNTER:c3-5     mse 0.4853 sign 0.792 n    106 | aux 0.2445 life 0.241 atk 0.248 tok_atk 0.123 tok_ab 0.078 (n 70)
    injected:KO:EVENT:c0-2       mse 0.3714 sign 0.871 n   1416 | aux 0.3491 life 0.209 atk 0.217 tok_atk 0.188 tok_ab 0.094 (n 951)
    injected:KO:EVENT:c3-5       mse 0.6142 sign 0.761 n   1794 | aux 0.3321 life 0.241 atk 0.138 tok_atk 0.116 tok_ab 0.100 (n 1190)
    injected:KO:EVENT:c6+        mse 0.3300 sign 0.870 n    331 | aux 0.2771 life 0.103 atk 0.105 tok_atk 0.066 tok_ab 0.084 (n 251)
    injected:KO:ON_ATTACK:c0-2   mse 1.0471 sign 0.578 n    206 | aux 0.4373 life 0.130 atk 0.235 tok_atk 0.186 tok_ab 0.038 (n 147)
    injected:KO:ON_ATTACK:c3-5   mse 0.4445 sign 0.833 n   1421 | aux 0.3160 life 0.189 atk 0.158 tok_atk 0.146 tok_ab 0.113 (n 969)
    injected:KO:ON_ATTACK:c6+    mse 0.5181 sign 0.861 n    137 | aux 0.2379 life 0.177 atk 0.118 tok_atk 0.099 tok_ab 0.056 (n 102)
    injected:KO:ON_PLAY:c3-5     mse 0.4219 sign 0.848 n   1618 | aux 0.3665 life 0.203 atk 0.170 tok_atk 0.157 tok_ab 0.087 (n 1092)
    injected:KO:ON_PLAY:c6+      mse 0.2915 sign 0.926 n    188 | aux 0.3348 life 0.136 atk 0.212 tok_atk 0.181 tok_ab 0.134 (n 138)
    injected:KO:OTHER:c3-5       mse 0.3668 sign 0.881 n    185 | aux 0.3168 life 0.259 atk 0.134 tok_atk 0.130 tok_ab 0.100 (n 143)
    injected:KO:TRIGGER:c0-2     mse 0.5639 sign 0.781 n   1578 | aux 0.3681 life 0.201 atk 0.168 tok_atk 0.138 tok_ab 0.106 (n 1036)
    injected:KO:TRIGGER:c3-5     mse 0.6294 sign 0.788 n   1488 | aux 0.4041 life 0.225 atk 0.148 tok_atk 0.131 tok_ab 0.115 (n 1028)
    injected:KO:TRIGGER:c6+      mse 0.1615 sign 0.957 n    299 | aux 0.2526 life 0.088 atk 0.082 tok_atk 0.077 tok_ab 0.080 (n 209)
    injected:bounce:EVENT:c0-2   mse 0.0297 sign 1.000 n    251 | aux 0.3398 life 0.147 atk 0.217 tok_atk 0.217 tok_ab 0.092 (n 167)
    injected:bounce:EVENT:c3-5   mse 0.2692 sign 0.902 n    409 | aux 0.3433 life 0.130 atk 0.193 tok_atk 0.177 tok_ab 0.081 (n 308)
    injected:bounce:ON_ATTACK:c0-2 mse 0.4870 sign 0.816 n    261 | aux 0.3336 life 0.149 atk 0.127 tok_atk 0.161 tok_ab 0.098 (n 173)
    injected:bounce:ON_ATTACK:c3-5 mse 0.2685 sign 0.909 n    463 | aux 0.3119 life 0.131 atk 0.125 tok_atk 0.118 tok_ab 0.047 (n 273)
    injected:bounce:ON_PLAY:c0-2 mse 0.5087 sign 0.842 n    196 | aux 0.2964 life 0.174 atk 0.162 tok_atk 0.135 tok_ab 0.138 (n 114)
    injected:bounce:ON_PLAY:c3-5 mse 0.5197 sign 0.814 n    828 | aux 0.3536 life 0.212 atk 0.219 tok_atk 0.143 tok_ab 0.064 (n 560)
    injected:bounce:ON_PLAY:c6+  mse 0.4542 sign 0.866 n    232 | aux 0.3667 life 0.116 atk 0.301 tok_atk 0.224 tok_ab 0.112 (n 186)
    injected:bounce:OTHER:c3-5   mse 0.2491 sign 0.927 n    586 | aux 0.3147 life 0.156 atk 0.165 tok_atk 0.153 tok_ab 0.081 (n 398)
    injected:bounce:TRIGGER:c0-2 mse 0.6499 sign 0.815 n    173 | aux 0.3171 life 0.134 atk 0.237 tok_atk 0.185 tok_ab 0.153 (n 133)
    injected:deck:ACTIVATE_MAIN:c3-5 mse 0.3145 sign 0.903 n    422 | aux 0.4058 life 0.136 atk 0.204 tok_atk 0.216 tok_ab 0.077 (n 284)
    injected:deck:COUNTER:c0-2   mse 0.0469 sign 1.000 n     54 | aux 0.3544 life 0.398 atk 0.067 tok_atk 0.149 tok_ab 0.075 (n 40)
    injected:deck:EVENT:c0-2     mse 0.2891 sign 0.909 n   1144 | aux 0.3392 life 0.210 atk 0.143 tok_atk 0.154 tok_ab 0.110 (n 909)
    injected:deck:EVENT:c3-5     mse 0.2691 sign 0.905 n   1079 | aux 0.3703 life 0.211 atk 0.180 tok_atk 0.142 tok_ab 0.108 (n 748)
    injected:deck:ON_ATTACK:c0-2 mse 0.4527 sign 0.786 n    224 | aux 0.2994 life 0.168 atk 0.145 tok_atk 0.097 tok_ab 0.088 (n 140)
    injected:deck:ON_ATTACK:c3-5 mse 0.0260 sign 1.000 n    171 | aux 0.4702 life 0.227 atk 0.130 tok_atk 0.071 tok_ab 0.137 (n 132)
    injected:deck:ON_PLAY:c0-2   mse 0.7859 sign 0.609 n     69 | aux 0.2210 life 0.084 atk 0.134 tok_atk 0.085 tok_ab 0.063 (n 36)
    injected:deck:ON_PLAY:c3-5   mse 0.7203 sign 0.747 n   1022 | aux 0.4472 life 0.296 atk 0.180 tok_atk 0.184 tok_ab 0.129 (n 723)
    injected:deck:ON_PLAY:c6+    mse 0.2618 sign 0.921 n    318 | aux 0.3602 life 0.226 atk 0.140 tok_atk 0.176 tok_ab 0.093 (n 253)
    injected:deck:OTHER:c3-5     mse 1.0899 sign 0.665 n    319 | aux 0.5132 life 0.407 atk 0.177 tok_atk 0.202 tok_ab 0.135 (n 233)
    injected:deck:TRIGGER:c3-5   mse 0.2841 sign 0.894 n    436 | aux 0.3867 life 0.254 atk 0.199 tok_atk 0.154 tok_ab 0.090 (n 343)
    injected:deck:TRIGGER:c6+    mse 0.0455 sign 0.988 n    166 | aux 0.4774 life 0.148 atk 0.225 tok_atk 0.182 tok_ab 0.170 (n 122)
    injected:lock:ACTIVATE_MAIN:c0-2 mse 0.7573 sign 0.744 n    407 | aux 0.3407 life 0.177 atk 0.195 tok_atk 0.160 tok_ab 0.079 (n 279)
    injected:lock:ACTIVATE_MAIN:c3-5 mse 0.6125 sign 0.778 n   1690 | aux 0.3775 life 0.157 atk 0.220 tok_atk 0.175 tok_ab 0.113 (n 1146)
    injected:lock:ACTIVATE_MAIN:c6+ mse 0.6507 sign 0.748 n    934 | aux 0.3378 life 0.233 atk 0.182 tok_atk 0.177 tok_ab 0.105 (n 655)
    injected:lock:COUNTER:c0-2   mse 0.9365 sign 0.654 n    217 | aux 0.2882 life 0.124 atk 0.136 tok_atk 0.110 tok_ab 0.073 (n 139)
    injected:lock:COUNTER:c3-5   mse 0.6655 sign 0.702 n     57 | aux 0.2179 life 0.273 atk 0.225 tok_atk 0.127 tok_ab 0.077 (n 36)
    injected:lock:EVENT:c0-2     mse 0.4452 sign 0.827 n   1731 | aux 0.3649 life 0.197 atk 0.158 tok_atk 0.150 tok_ab 0.114 (n 1225)
    injected:lock:EVENT:c3-5     mse 0.8043 sign 0.667 n    441 | aux 0.2568 life 0.188 atk 0.198 tok_atk 0.170 tok_ab 0.098 (n 264)
    injected:lock:ON_ATTACK:c0-2 mse 0.7076 sign 0.729 n    325 | aux 0.3734 life 0.193 atk 0.213 tok_atk 0.169 tok_ab 0.069 (n 215)
    injected:lock:ON_ATTACK:c3-5 mse 0.6352 sign 0.780 n    903 | aux 0.4052 life 0.241 atk 0.274 tok_atk 0.195 tok_ab 0.087 (n 591)
    injected:lock:ON_PLAY:c0-2   mse 0.0463 sign 1.000 n    117 | aux 0.3580 life 0.110 atk 0.164 tok_atk 0.138 tok_ab 0.143 (n 68)
    injected:lock:ON_PLAY:c3-5   mse 0.6754 sign 0.775 n    925 | aux 0.4071 life 0.163 atk 0.252 tok_atk 0.210 tok_ab 0.096 (n 612)
    injected:lock:ON_PLAY:c6+    mse 0.8874 sign 0.677 n    545 | aux 0.3612 life 0.171 atk 0.187 tok_atk 0.164 tok_ab 0.107 (n 373)
    injected:lock:OTHER:c0-2     mse 0.2165 sign 0.986 n     74 | aux 0.7032 life 0.434 atk 0.181 tok_atk 0.184 tok_ab 0.100 (n 58)
    injected:lock:OTHER:c3-5     mse 0.8470 sign 0.653 n    271 | aux 0.3221 life 0.161 atk 0.236 tok_atk 0.224 tok_ab 0.095 (n 196)
    injected:lock:OTHER:c6+      mse 0.5955 sign 0.742 n     62 | aux 0.2178 life 0.307 atk 0.144 tok_atk 0.151 tok_ab 0.096 (n 31)
    injected:lock:TRIGGER:c0-2   mse 0.6056 sign 0.798 n    867 | aux 0.3431 life 0.245 atk 0.142 tok_atk 0.124 tok_ab 0.148 (n 647)
    injected:lock:TRIGGER:c3-5   mse 0.6649 sign 0.745 n    664 | aux 0.3243 life 0.206 atk 0.184 tok_atk 0.178 tok_ab 0.100 (n 446)
    injected:lock:TRIGGER:c6+    mse 0.9951 sign 0.519 n     77 | aux 0.2716 life 0.109 atk 0.026 tok_atk 0.072 tok_ab 0.070 (n 50)
    injected:reduce:ACTIVATE_MAIN:c0-2 mse 0.3049 sign 0.885 n    959 | aux 0.3536 life 0.186 atk 0.172 tok_atk 0.147 tok_ab 0.131 (n 617)
    injected:reduce:ACTIVATE_MAIN:c3-5 mse 0.1663 sign 0.946 n    822 | aux 0.3400 life 0.180 atk 0.114 tok_atk 0.117 tok_ab 0.091 (n 525)
    injected:reduce:ACTIVATE_MAIN:c6+ mse 0.4606 sign 0.844 n    122 | aux 0.2243 life 0.347 atk 0.052 tok_atk 0.076 tok_ab 0.052 (n 63)
    injected:reduce:COUNTER:c0-2 mse 0.1143 sign 0.977 n    725 | aux 0.3459 life 0.172 atk 0.163 tok_atk 0.159 tok_ab 0.078 (n 487)
    injected:reduce:EVENT:c0-2   mse 0.4325 sign 0.841 n   2367 | aux 0.3932 life 0.193 atk 0.152 tok_atk 0.140 tok_ab 0.109 (n 1596)
    injected:reduce:EVENT:c3-5   mse 1.1406 sign 0.540 n    322 | aux 0.3238 life 0.251 atk 0.219 tok_atk 0.147 tok_ab 0.114 (n 231)
    injected:reduce:EVENT:c6+    mse 0.1901 sign 0.949 n    177 | aux 0.1923 life 0.076 atk 0.058 tok_atk 0.051 tok_ab 0.053 (n 139)
    injected:reduce:ON_ATTACK:c0-2 mse 0.5410 sign 0.796 n    421 | aux 0.3248 life 0.148 atk 0.108 tok_atk 0.114 tok_ab 0.118 (n 304)
    injected:reduce:ON_ATTACK:c3-5 mse 0.7449 sign 0.698 n   1237 | aux 0.3964 life 0.181 atk 0.165 tok_atk 0.163 tok_ab 0.126 (n 861)
    injected:reduce:ON_ATTACK:c6+ mse 0.6924 sign 0.765 n    791 | aux 0.3689 life 0.217 atk 0.151 tok_atk 0.127 tok_ab 0.149 (n 560)
    injected:reduce:ON_PLAY:c0-2 mse 0.0383 sign 0.990 n    205 | aux 0.2891 life 0.203 atk 0.222 tok_atk 0.272 tok_ab 0.164 (n 152)
    injected:reduce:ON_PLAY:c3-5 mse 0.9053 sign 0.662 n    742 | aux 0.4130 life 0.210 atk 0.127 tok_atk 0.181 tok_ab 0.114 (n 473)
    injected:reduce:ON_PLAY:c6+  mse 0.1958 sign 0.937 n    142 | aux 0.4438 life 0.091 atk 0.122 tok_atk 0.111 tok_ab 0.253 (n 94)
    injected:reduce:OTHER:c0-2   mse 0.1436 sign 1.000 n    168 | aux 0.2234 life 0.227 atk 0.086 tok_atk 0.133 tok_ab 0.094 (n 131)
    injected:reduce:OTHER:c6+    mse 0.3175 sign 0.921 n    215 | aux 0.3784 life 0.267 atk 0.163 tok_atk 0.150 tok_ab 0.150 (n 153)
    injected:reduce:TRIGGER:c0-2 mse 0.7318 sign 0.719 n    413 | aux 0.3589 life 0.178 atk 0.142 tok_atk 0.099 tok_ab 0.100 (n 253)
    injected:reduce:TRIGGER:c3-5 mse 0.3591 sign 0.859 n    234 | aux 0.4012 life 0.347 atk 0.171 tok_atk 0.189 tok_ab 0.143 (n 131)
    injected:trash:ACTIVATE_MAIN:c3-5 mse 0.1127 sign 0.985 n    130 | aux 0.3860 life 0.111 atk 0.291 tok_atk 0.195 tok_ab 0.030 (n 75)
    injected:trash:ACTIVATE_MAIN:c6+ mse 0.6280 sign 0.759 n    490 | aux 0.4647 life 0.143 atk 0.166 tok_atk 0.132 tok_ab 0.064 (n 285)
    injected:trash:ON_ATTACK:c3-5 mse 1.1167 sign 0.553 n    568 | aux 0.4037 life 0.278 atk 0.270 tok_atk 0.193 tok_ab 0.105 (n 377)
    injected:trash:ON_PLAY:c6+   mse 1.2043 sign 0.537 n    175 | aux 0.3505 life 0.275 atk 0.288 tok_atk 0.206 tok_ab 0.165 (n 113)
    colors:BLACK                 mse 0.5613 sign 0.792 n   4819 | aux 0.4055 life 0.187 atk 0.182 tok_atk 0.170 tok_ab 0.120 (n 3238)
    colors:BLUE                  mse 0.5993 sign 0.775 n   5547 | aux 0.3757 life 0.200 atk 0.188 tok_atk 0.167 tok_ab 0.114 (n 3842)
    colors:GREEN                 mse 0.5422 sign 0.805 n   4803 | aux 0.3507 life 0.212 atk 0.172 tok_atk 0.159 tok_ab 0.090 (n 3217)
    colors:PURPLE                mse 0.5263 sign 0.801 n   4770 | aux 0.3392 life 0.190 atk 0.193 tok_atk 0.148 tok_ab 0.095 (n 3295)
    colors:RED                   mse 0.5243 sign 0.818 n   4664 | aux 0.3077 life 0.205 atk 0.166 tok_atk 0.134 tok_ab 0.095 (n 3195)
    colors:YELLOW                mse 0.5970 sign 0.785 n   3778 | aux 0.3885 life 0.217 atk 0.179 tok_atk 0.164 tok_ab 0.112 (n 2555)
    after_removal                mse 0.4567 sign 0.832 n    495 | aux 0.3966 life 0.243 atk 0.230 tok_atk 0.203 tok_ab 0.115 (n 380)
    not_removal                  mse 0.5319 sign 0.807 n  18880 | aux 0.3661 life 0.201 atk 0.183 tok_atk 0.159 tok_ab 0.105 (n 12833)
  78s
  → /root/band_r8/band_r8_w32.json
N_REL_BAND {"rows": 19375, "src": ["/root/n32_wave/w01/n_records/n32_w01", "/root/n32_wave/w02/n_records/n32_w02"], "out": "/root/band_r8/band_r8_w32.json", "buckets": 89, "nets": {"start.npz": {"v_mse": 0.5263126848046884, "v_sign": 0.8120774193548387, "n": 19375, "aux": {"opp_turn_my_life_lost": 0.20726029574871063, "opp_turn_attacks": 0.1961219161748886, "opp_turn_effects": 1.067959189414978, "my_turn_opp_life_lost": 0.2614494860172272, "my_turn_attacks": 0.2990865409374237, "my_turn_effects": 1.3186217546463013, "next_my_board_power": 0.0631309375166893, "next_opp_board_power": 0.0820406824350357, "next_my_board_n": 0.22723565995693207, "next_opp_board_n": 0.238360196352005, "tok_attacked": 0.16616186499595642, "tok_life_pushed": 0.030881065875291824, "tok_ability": 0.11683756113052368, "n": 13213}}, "nrel_r7.npz": {"v_mse": 0.5264539035133706, "v_sign": 0.8103225806451613, "n": 19375, "aux": {"opp_turn_my_life_lost": 0.2018318623304367, "opp_turn_attacks": 0.18171274662017822, "opp_turn_effects": 0.9702950119972229, "my_turn_opp_life_lost": 0.25776955485343933, "my_turn_attacks": 0.2917027771472931, "my_turn_effects": 1.1816004514694214, "next_my_board_power": 0.06124062091112137, "next_opp_board_power": 0.0745869129896164, "next_my_board_n": 0.217230886220932, "next_opp_board_n": 0.21855495870113373, "tok_attacked": 0.1599569171667099, "tok_life_pushed": 0.03055897355079651, "tok_ability": 0.10559658706188202, "n": 13213}}, "nrel_r8.npz": {"v_mse": 0.5300145485173875, "v_sign": 0.8076387096774194, "n": 19375, "aux": {"opp_turn_my_life_lost": 0.2022465020418167, "opp_turn_attacks": 0.18445737659931183, "opp_turn_effects": 0.9733593463897705, "my_turn_opp_life_lost": 0.259143590927124, "my_turn_attacks": 0.2927447259426117, "my_turn_effects": 1.1829428672790527, "next_my_board_power": 0.06166177988052368, "next_opp_board_power": 0.07499058544635773, "next_my_board_n": 0.21820983290672302, "next_opp_board_n": 0.22033461928367615, "tok_attacked": 0.160352885723114, "tok_life_pushed": 0.03059251978993416, "tok_ability": 0.10569606721401215, "n": 13213}}}, "policy": {"start.npz": {"points": 7937, "top1_visits": 0.5728864810381756, "ce_visits": 1.8447839976318299, "top1_q_improved": 0.46113140985258916, "ce_q_improved": 1.8787707454749405, "gate": {"rows": 2352, "p_mass_removal": 0.23664141722615042, "argmax_removal": 0.2389455782312925, "data_chose_removal": 0.24702380952380953}}, "nrel_r7.npz": {"points": 7937, "top1_visits": 0.5863676452059973, "ce_visits": 1.8346712921043329, "top1_q_improved": 0.4759984880937382, "ce_q_improved": 1.8569512883466663, "gate": {"rows": 2352, "p_mass_removal": 0.2360579709605184, "argmax_removal": 0.24064625850340135, "data_chose_removal": 0.24702380952380953}}, "nrel_r8.npz": {"points": 7937, "top1_visits": 0.5837218092478267, "ce_visits": 1.8350467683687097, "top1_q_improved": 0.4753685271513166, "ce_q_improved": 1.8579904405899788, "gate": {"rows": 2352, "p_mass_removal": 0.23580248634139675, "argmax_removal": 0.241921768707483, "data_chose_removal": 0.24702380952380953}}}}
