holdout 行 19467（seed%7==0・2s）
  [policy] start.npz top1_visits 0.625 ce_visits 1.755 top1_q_improved 0.496 ce_q_improved 1.742 | gate mass 0.262 argmax 0.269 data 0.272 (n 2568)
  [policy] nrel_r7.npz top1_visits 0.626 ce_visits 1.755 top1_q_improved 0.498 ce_q_improved 1.733 | gate mass 0.262 argmax 0.273 data 0.272 (n 2568)
  [policy] nrel_r8.npz top1_visits 0.624 ce_visits 1.755 top1_q_improved 0.497 ce_q_improved 1.734 | gate mass 0.262 argmax 0.275 data 0.272 (n 2568)
  [policy] 13s
  start.npz
    all                          mse 0.5155 sign 0.814 n  19467 | aux 0.3698 life 0.197 atk 0.189 tok_atk 0.150 tok_ab 0.119 (n 13345)
    turn1-4                      mse 0.7704 sign 0.692 n   2583 | aux 0.2900 life 0.114 atk 0.118 tok_atk 0.108 tok_ab 0.089 (n 2583)
    turn5-8                      mse 0.6512 sign 0.762 n   6240 | aux 0.3731 life 0.213 atk 0.205 tok_atk 0.146 tok_ab 0.127 (n 5899)
    turn9-99                     mse 0.3624 sign 0.880 n  10370 | aux 0.4224 life 0.236 atk 0.218 tok_atk 0.182 tok_ab 0.130 (n 4589)
    injected:KO:ACTIVATE_MAIN:c0-2 mse 0.6339 sign 0.765 n    476 | aux 0.3683 life 0.252 atk 0.210 tok_atk 0.175 tok_ab 0.120 (n 309)
    injected:KO:ACTIVATE_MAIN:c3-5 mse 0.5576 sign 0.808 n    595 | aux 0.4029 life 0.215 atk 0.140 tok_atk 0.105 tok_ab 0.120 (n 395)
    injected:KO:ACTIVATE_MAIN:c6+ mse 0.5479 sign 0.820 n    189 | aux 0.2476 life 0.151 atk 0.103 tok_atk 0.070 tok_ab 0.100 (n 127)
    injected:KO:COUNTER:c0-2     mse 0.5814 sign 0.810 n    153 | aux 0.2464 life 0.096 atk 0.113 tok_atk 0.056 tok_ab 0.138 (n 103)
    injected:KO:COUNTER:c3-5     mse 0.3034 sign 0.903 n    216 | aux 0.3081 life 0.076 atk 0.171 tok_atk 0.134 tok_ab 0.101 (n 138)
    injected:KO:EVENT:c0-2       mse 0.6091 sign 0.796 n   1237 | aux 0.3373 life 0.171 atk 0.265 tok_atk 0.166 tok_ab 0.086 (n 921)
    injected:KO:EVENT:c3-5       mse 0.4560 sign 0.854 n   1973 | aux 0.3444 life 0.197 atk 0.202 tok_atk 0.136 tok_ab 0.080 (n 1347)
    injected:KO:EVENT:c6+        mse 0.6541 sign 0.767 n    442 | aux 0.4089 life 0.184 atk 0.146 tok_atk 0.159 tok_ab 0.108 (n 313)
    injected:KO:ON_ATTACK:c0-2   mse 0.3409 sign 0.899 n    356 | aux 0.3197 life 0.154 atk 0.206 tok_atk 0.157 tok_ab 0.088 (n 212)
    injected:KO:ON_ATTACK:c3-5   mse 0.3352 sign 0.878 n   1673 | aux 0.3205 life 0.165 atk 0.188 tok_atk 0.182 tok_ab 0.138 (n 1163)
    injected:KO:ON_ATTACK:c6+    mse 0.2438 sign 0.883 n    274 | aux 0.2678 life 0.155 atk 0.055 tok_atk 0.065 tok_ab 0.052 (n 188)
    injected:KO:ON_PLAY:c3-5     mse 0.5441 sign 0.787 n   1724 | aux 0.3790 life 0.180 atk 0.151 tok_atk 0.143 tok_ab 0.125 (n 1155)
    injected:KO:ON_PLAY:c6+      mse 0.3467 sign 0.901 n    283 | aux 0.2790 life 0.278 atk 0.244 tok_atk 0.151 tok_ab 0.139 (n 186)
    injected:KO:OTHER:c3-5       mse 0.4104 sign 0.854 n    390 | aux 0.3007 life 0.224 atk 0.082 tok_atk 0.115 tok_ab 0.137 (n 243)
    injected:KO:TRIGGER:c0-2     mse 0.6798 sign 0.768 n   1393 | aux 0.3885 life 0.194 atk 0.190 tok_atk 0.129 tok_ab 0.113 (n 1010)
    injected:KO:TRIGGER:c3-5     mse 0.5716 sign 0.799 n   1432 | aux 0.3888 life 0.170 atk 0.188 tok_atk 0.132 tok_ab 0.090 (n 971)
    injected:KO:TRIGGER:c6+      mse 0.2708 sign 0.921 n    277 | aux 0.3277 life 0.333 atk 0.289 tok_atk 0.171 tok_ab 0.083 (n 186)
    injected:bounce:COUNTER:c0-2 mse 0.0146 sign 1.000 n     48 | aux 0.1903 life 0.302 atk 0.149 tok_atk 0.068 tok_ab 0.270 (n 31)
    injected:bounce:EVENT:c0-2   mse 0.5162 sign 0.809 n    199 | aux 0.4201 life 0.100 atk 0.079 tok_atk 0.054 tok_ab 0.120 (n 142)
    injected:bounce:EVENT:c3-5   mse 0.1012 sign 0.996 n    265 | aux 0.3297 life 0.153 atk 0.144 tok_atk 0.115 tok_ab 0.126 (n 175)
    injected:bounce:ON_ATTACK:c0-2 mse 0.3657 sign 0.909 n    264 | aux 0.3168 life 0.167 atk 0.192 tok_atk 0.203 tok_ab 0.125 (n 200)
    injected:bounce:ON_ATTACK:c3-5 mse 0.8679 sign 0.645 n    386 | aux 0.3932 life 0.274 atk 0.204 tok_atk 0.132 tok_ab 0.082 (n 251)
    injected:bounce:ON_PLAY:c0-2 mse 0.2877 sign 0.895 n    751 | aux 0.3799 life 0.201 atk 0.216 tok_atk 0.177 tok_ab 0.145 (n 558)
    injected:bounce:ON_PLAY:c3-5 mse 0.3479 sign 0.882 n    492 | aux 0.3364 life 0.119 atk 0.141 tok_atk 0.132 tok_ab 0.090 (n 314)
    injected:bounce:ON_PLAY:c6+  mse 0.2783 sign 0.944 n    391 | aux 0.4168 life 0.111 atk 0.236 tok_atk 0.146 tok_ab 0.089 (n 266)
    injected:bounce:OTHER:c0-2   mse 0.3412 sign 0.859 n    142 | aux 0.3524 life 0.173 atk 0.055 tok_atk 0.101 tok_ab 0.121 (n 96)
    injected:bounce:OTHER:c3-5   mse 0.7699 sign 0.699 n    475 | aux 0.3084 life 0.197 atk 0.145 tok_atk 0.113 tok_ab 0.099 (n 299)
    injected:bounce:TRIGGER:c0-2 mse 0.2458 sign 0.952 n    186 | aux 0.4015 life 0.167 atk 0.233 tok_atk 0.151 tok_ab 0.176 (n 155)
    injected:deck:COUNTER:c0-2   mse 0.2002 sign 0.980 n     51 | aux 0.3280 life 0.661 atk 0.343 tok_atk 0.219 tok_ab 0.182 (n 31)
    injected:deck:EVENT:c0-2     mse 0.5833 sign 0.777 n    547 | aux 0.3582 life 0.225 atk 0.151 tok_atk 0.153 tok_ab 0.118 (n 396)
    injected:deck:EVENT:c3-5     mse 0.2787 sign 0.893 n    475 | aux 0.3147 life 0.139 atk 0.141 tok_atk 0.143 tok_ab 0.077 (n 332)
    injected:deck:ON_ATTACK:c0-2 mse 0.1475 sign 0.975 n    473 | aux 0.4453 life 0.130 atk 0.295 tok_atk 0.192 tok_ab 0.159 (n 354)
    injected:deck:ON_PLAY:c0-2   mse 0.1393 sign 0.963 n    214 | aux 0.4051 life 0.153 atk 0.090 tok_atk 0.120 tok_ab 0.124 (n 168)
    injected:deck:ON_PLAY:c3-5   mse 0.1992 sign 0.942 n    483 | aux 0.3340 life 0.170 atk 0.132 tok_atk 0.119 tok_ab 0.109 (n 300)
    injected:deck:ON_PLAY:c6+    mse 0.4961 sign 0.816 n    391 | aux 0.4244 life 0.106 atk 0.164 tok_atk 0.137 tok_ab 0.120 (n 273)
    injected:deck:TRIGGER:c3-5   mse 0.3031 sign 0.871 n    278 | aux 0.2950 life 0.167 atk 0.142 tok_atk 0.139 tok_ab 0.094 (n 204)
    injected:deck:TRIGGER:c6+    mse 0.1152 sign 0.948 n    116 | aux 0.3907 life 0.187 atk 0.144 tok_atk 0.142 tok_ab 0.092 (n 82)
    injected:lock:ACTIVATE_MAIN:c0-2 mse 0.4857 sign 0.786 n    215 | aux 0.5311 life 0.139 atk 0.164 tok_atk 0.107 tok_ab 0.177 (n 157)
    injected:lock:ACTIVATE_MAIN:c3-5 mse 0.5317 sign 0.790 n   2045 | aux 0.3713 life 0.204 atk 0.200 tok_atk 0.138 tok_ab 0.123 (n 1367)
    injected:lock:ACTIVATE_MAIN:c6+ mse 0.5740 sign 0.769 n    863 | aux 0.3607 life 0.223 atk 0.168 tok_atk 0.135 tok_ab 0.120 (n 596)
    injected:lock:COUNTER:c0-2   mse 0.7772 sign 0.725 n     80 | aux 0.2604 life 0.215 atk 0.209 tok_atk 0.112 tok_ab 0.012 (n 66)
    injected:lock:COUNTER:c3-5   mse 0.4405 sign 0.853 n    143 | aux 0.2301 life 0.075 atk 0.166 tok_atk 0.143 tok_ab 0.090 (n 94)
    injected:lock:EVENT:c0-2     mse 0.3721 sign 0.875 n   1425 | aux 0.3614 life 0.221 atk 0.212 tok_atk 0.175 tok_ab 0.099 (n 960)
    injected:lock:EVENT:c3-5     mse 0.7876 sign 0.717 n    630 | aux 0.3120 life 0.132 atk 0.129 tok_atk 0.114 tok_ab 0.095 (n 434)
    injected:lock:ON_ATTACK:c0-2 mse 0.8665 sign 0.702 n    309 | aux 0.3069 life 0.231 atk 0.135 tok_atk 0.142 tok_ab 0.088 (n 189)
    injected:lock:ON_ATTACK:c3-5 mse 0.4625 sign 0.860 n    951 | aux 0.3017 life 0.217 atk 0.220 tok_atk 0.154 tok_ab 0.098 (n 633)
    injected:lock:ON_ATTACK:c6+  mse 0.2788 sign 0.962 n     53 | aux 0.2655 life 0.414 atk 0.061 tok_atk 0.026 tok_ab 0.068 (n 35)
    injected:lock:ON_PLAY:c0-2   mse 0.9866 sign 0.676 n    244 | aux 0.3477 life 0.285 atk 0.242 tok_atk 0.206 tok_ab 0.165 (n 177)
    injected:lock:ON_PLAY:c3-5   mse 0.5186 sign 0.815 n    908 | aux 0.3218 life 0.230 atk 0.167 tok_atk 0.144 tok_ab 0.123 (n 610)
    injected:lock:ON_PLAY:c6+    mse 0.4215 sign 0.831 n    680 | aux 0.3453 life 0.235 atk 0.236 tok_atk 0.138 tok_ab 0.152 (n 417)
    injected:lock:OTHER:c0-2     mse 0.1854 sign 0.955 n     66 | aux 0.3444 life 0.068 atk 0.437 tok_atk 0.299 tok_ab 0.224 (n 33)
    injected:lock:OTHER:c3-5     mse 2.0593 sign 0.279 n     43 | aux 0.1999 life 0.400 atk 0.273 tok_atk 0.091 tok_ab 0.017 (n 19)
    injected:lock:OTHER:c6+      mse 0.6839 sign 0.751 n    209 | aux 0.3872 life 0.122 atk 0.384 tok_atk 0.284 tok_ab 0.169 (n 145)
    injected:lock:TRIGGER:c0-2   mse 0.6167 sign 0.763 n    868 | aux 0.3435 life 0.221 atk 0.226 tok_atk 0.177 tok_ab 0.078 (n 607)
    injected:lock:TRIGGER:c3-5   mse 1.1453 sign 0.673 n    309 | aux 0.3395 life 0.209 atk 0.124 tok_atk 0.076 tok_ab 0.089 (n 214)
    injected:lock:TRIGGER:c6+    mse 0.7241 sign 0.663 n    184 | aux 0.2908 life 0.128 atk 0.078 tok_atk 0.071 tok_ab 0.111 (n 128)
    injected:reduce:ACTIVATE_MAIN:c0-2 mse 0.5318 sign 0.797 n   1905 | aux 0.3704 life 0.215 atk 0.151 tok_atk 0.127 tok_ab 0.108 (n 1327)
    injected:reduce:ACTIVATE_MAIN:c3-5 mse 0.7645 sign 0.713 n    703 | aux 0.4190 life 0.241 atk 0.159 tok_atk 0.121 tok_ab 0.122 (n 480)
    injected:reduce:ACTIVATE_MAIN:c6+ mse 0.0913 sign 1.000 n     73 | aux 0.3872 life 0.356 atk 0.165 tok_atk 0.121 tok_ab 0.126 (n 47)
    injected:reduce:COUNTER:c0-2 mse 0.3291 sign 0.871 n    675 | aux 0.2692 life 0.171 atk 0.179 tok_atk 0.135 tok_ab 0.114 (n 464)
    injected:reduce:COUNTER:c3-5 mse 1.3215 sign 0.577 n    156 | aux 0.3746 life 0.145 atk 0.099 tok_atk 0.111 tok_ab 0.061 (n 112)
    injected:reduce:EVENT:c0-2   mse 0.4298 sign 0.857 n   2381 | aux 0.3495 life 0.181 atk 0.193 tok_atk 0.157 tok_ab 0.097 (n 1663)
    injected:reduce:EVENT:c3-5   mse 0.9489 sign 0.672 n    454 | aux 0.3464 life 0.227 atk 0.131 tok_atk 0.151 tok_ab 0.068 (n 326)
    injected:reduce:EVENT:c6+    mse 0.3303 sign 0.983 n    121 | aux 0.2202 life 0.178 atk 0.068 tok_atk 0.099 tok_ab 0.061 (n 95)
    injected:reduce:ON_ATTACK:c0-2 mse 0.3464 sign 0.879 n    692 | aux 0.3921 life 0.138 atk 0.184 tok_atk 0.158 tok_ab 0.158 (n 472)
    injected:reduce:ON_ATTACK:c3-5 mse 0.2708 sign 0.911 n   1084 | aux 0.3608 life 0.205 atk 0.199 tok_atk 0.172 tok_ab 0.130 (n 753)
    injected:reduce:ON_ATTACK:c6+ mse 0.6960 sign 0.737 n    570 | aux 0.3234 life 0.149 atk 0.143 tok_atk 0.096 tok_ab 0.108 (n 384)
    injected:reduce:ON_PLAY:c0-2 mse 0.5299 sign 0.777 n    341 | aux 0.3972 life 0.185 atk 0.178 tok_atk 0.118 tok_ab 0.178 (n 217)
    injected:reduce:ON_PLAY:c3-5 mse 0.6074 sign 0.722 n    324 | aux 0.3765 life 0.199 atk 0.252 tok_atk 0.193 tok_ab 0.197 (n 225)
    injected:reduce:ON_PLAY:c6+  mse 1.6975 sign 0.339 n    180 | aux 0.2960 life 0.232 atk 0.136 tok_atk 0.073 tok_ab 0.114 (n 119)
    injected:reduce:OTHER:c0-2   mse 1.8766 sign 0.048 n     62 | aux 0.3199 life 0.098 atk 0.034 tok_atk 0.029 tok_ab 0.213 (n 45)
    injected:reduce:OTHER:c6+    mse 0.3411 sign 0.883 n    360 | aux 0.3820 life 0.154 atk 0.236 tok_atk 0.148 tok_ab 0.149 (n 235)
    injected:reduce:TRIGGER:c0-2 mse 0.7023 sign 0.734 n    757 | aux 0.3223 life 0.165 atk 0.186 tok_atk 0.162 tok_ab 0.127 (n 538)
    injected:reduce:TRIGGER:c3-5 mse 0.2710 sign 0.908 n    391 | aux 0.3905 life 0.125 atk 0.122 tok_atk 0.111 tok_ab 0.070 (n 240)
    injected:trash:ACTIVATE_MAIN:c3-5 mse 0.7133 sign 0.695 n     82 | aux 0.4900 life 0.258 atk 0.518 tok_atk 0.407 tok_ab 0.298 (n 53)
    injected:trash:ACTIVATE_MAIN:c6+ mse 0.2429 sign 0.942 n    191 | aux 0.5949 life 0.147 atk 0.179 tok_atk 0.136 tok_ab 0.112 (n 121)
    injected:trash:ON_ATTACK:c3-5 mse 0.0713 sign 0.996 n    224 | aux 0.4721 life 0.103 atk 0.150 tok_atk 0.124 tok_ab 0.220 (n 153)
    injected:trash:ON_PLAY:c6+   mse 0.3456 sign 0.880 n    309 | aux 0.5949 life 0.137 atk 0.273 tok_atk 0.212 tok_ab 0.128 (n 179)
    colors:BLACK                 mse 0.5395 sign 0.809 n   4425 | aux 0.4002 life 0.203 atk 0.178 tok_atk 0.140 tok_ab 0.113 (n 3024)
    colors:BLUE                  mse 0.4112 sign 0.846 n   5705 | aux 0.3788 life 0.178 atk 0.196 tok_atk 0.155 tok_ab 0.134 (n 3968)
    colors:GREEN                 mse 0.6336 sign 0.775 n   5290 | aux 0.3694 life 0.207 atk 0.178 tok_atk 0.148 tok_ab 0.105 (n 3599)
    colors:PURPLE                mse 0.5025 sign 0.813 n   4352 | aux 0.3412 life 0.211 atk 0.188 tok_atk 0.154 tok_ab 0.120 (n 3023)
    colors:RED                   mse 0.5070 sign 0.819 n   4954 | aux 0.3302 life 0.181 atk 0.157 tok_atk 0.136 tok_ab 0.120 (n 3430)
    colors:YELLOW                mse 0.5922 sign 0.791 n   3432 | aux 0.3790 life 0.209 atk 0.184 tok_atk 0.137 tok_ab 0.109 (n 2269)
    after_removal                mse 0.5458 sign 0.806 n    578 | aux 0.4074 life 0.236 atk 0.241 tok_atk 0.194 tok_ab 0.134 (n 459)
    not_removal                  mse 0.5146 sign 0.815 n  18889 | aux 0.3684 life 0.196 atk 0.187 tok_atk 0.149 tok_ab 0.118 (n 12886)
  nrel_r7.npz
    all                          mse 0.5268 sign 0.811 n  19467 | aux 0.3468 life 0.194 atk 0.180 tok_atk 0.144 tok_ab 0.106 (n 13345)
    turn1-4                      mse 0.7903 sign 0.692 n   2583 | aux 0.2754 life 0.113 atk 0.115 tok_atk 0.104 tok_ab 0.083 (n 2583)
    turn5-8                      mse 0.6662 sign 0.762 n   6240 | aux 0.3507 life 0.209 atk 0.193 tok_atk 0.143 tok_ab 0.111 (n 5899)
    turn9-99                     mse 0.3700 sign 0.874 n  10370 | aux 0.3933 life 0.232 atk 0.211 tok_atk 0.174 tok_ab 0.115 (n 4589)
    injected:KO:ACTIVATE_MAIN:c0-2 mse 0.6441 sign 0.752 n    476 | aux 0.3627 life 0.250 atk 0.207 tok_atk 0.159 tok_ab 0.094 (n 309)
    injected:KO:ACTIVATE_MAIN:c3-5 mse 0.6783 sign 0.741 n    595 | aux 0.3826 life 0.210 atk 0.129 tok_atk 0.097 tok_ab 0.105 (n 395)
    injected:KO:ACTIVATE_MAIN:c6+ mse 0.6222 sign 0.762 n    189 | aux 0.2411 life 0.153 atk 0.091 tok_atk 0.071 tok_ab 0.077 (n 127)
    injected:KO:COUNTER:c0-2     mse 0.6454 sign 0.797 n    153 | aux 0.2526 life 0.106 atk 0.107 tok_atk 0.051 tok_ab 0.125 (n 103)
    injected:KO:COUNTER:c3-5     mse 0.2384 sign 0.912 n    216 | aux 0.3093 life 0.068 atk 0.164 tok_atk 0.117 tok_ab 0.098 (n 138)
    injected:KO:EVENT:c0-2       mse 0.5897 sign 0.798 n   1237 | aux 0.3362 life 0.170 atk 0.256 tok_atk 0.161 tok_ab 0.074 (n 921)
    injected:KO:EVENT:c3-5       mse 0.5025 sign 0.833 n   1973 | aux 0.3125 life 0.191 atk 0.198 tok_atk 0.129 tok_ab 0.073 (n 1347)
    injected:KO:EVENT:c6+        mse 0.6829 sign 0.695 n    442 | aux 0.3863 life 0.193 atk 0.156 tok_atk 0.158 tok_ab 0.116 (n 313)
    injected:KO:ON_ATTACK:c0-2   mse 0.4666 sign 0.848 n    356 | aux 0.3233 life 0.152 atk 0.165 tok_atk 0.154 tok_ab 0.070 (n 212)
    injected:KO:ON_ATTACK:c3-5   mse 0.3365 sign 0.864 n   1673 | aux 0.3274 life 0.177 atk 0.186 tok_atk 0.170 tok_ab 0.119 (n 1163)
    injected:KO:ON_ATTACK:c6+    mse 0.2216 sign 0.891 n    274 | aux 0.2757 life 0.169 atk 0.070 tok_atk 0.066 tok_ab 0.056 (n 188)
    injected:KO:ON_PLAY:c3-5     mse 0.5114 sign 0.810 n   1724 | aux 0.3586 life 0.172 atk 0.134 tok_atk 0.136 tok_ab 0.115 (n 1155)
    injected:KO:ON_PLAY:c6+      mse 0.2749 sign 0.912 n    283 | aux 0.2550 life 0.253 atk 0.225 tok_atk 0.148 tok_ab 0.119 (n 186)
    injected:KO:OTHER:c3-5       mse 0.3424 sign 0.895 n    390 | aux 0.3106 life 0.242 atk 0.097 tok_atk 0.111 tok_ab 0.115 (n 243)
    injected:KO:TRIGGER:c0-2     mse 0.7060 sign 0.757 n   1393 | aux 0.3648 life 0.187 atk 0.185 tok_atk 0.123 tok_ab 0.110 (n 1010)
    injected:KO:TRIGGER:c3-5     mse 0.6698 sign 0.767 n   1432 | aux 0.3669 life 0.166 atk 0.171 tok_atk 0.126 tok_ab 0.080 (n 971)
    injected:KO:TRIGGER:c6+      mse 0.3055 sign 0.906 n    277 | aux 0.2941 life 0.288 atk 0.263 tok_atk 0.180 tok_ab 0.084 (n 186)
    injected:bounce:COUNTER:c0-2 mse 0.0186 sign 1.000 n     48 | aux 0.2113 life 0.311 atk 0.149 tok_atk 0.075 tok_ab 0.191 (n 31)
    injected:bounce:EVENT:c0-2   mse 0.5632 sign 0.779 n    199 | aux 0.4006 life 0.103 atk 0.051 tok_atk 0.054 tok_ab 0.097 (n 142)
    injected:bounce:EVENT:c3-5   mse 0.1667 sign 0.970 n    265 | aux 0.3262 life 0.143 atk 0.129 tok_atk 0.114 tok_ab 0.101 (n 175)
    injected:bounce:ON_ATTACK:c0-2 mse 0.1915 sign 0.996 n    264 | aux 0.3061 life 0.188 atk 0.199 tok_atk 0.175 tok_ab 0.122 (n 200)
    injected:bounce:ON_ATTACK:c3-5 mse 0.8590 sign 0.645 n    386 | aux 0.3599 life 0.261 atk 0.176 tok_atk 0.128 tok_ab 0.076 (n 251)
    injected:bounce:ON_PLAY:c0-2 mse 0.2820 sign 0.917 n    751 | aux 0.3676 life 0.196 atk 0.201 tok_atk 0.161 tok_ab 0.128 (n 558)
    injected:bounce:ON_PLAY:c3-5 mse 0.3128 sign 0.909 n    492 | aux 0.3139 life 0.137 atk 0.136 tok_atk 0.122 tok_ab 0.077 (n 314)
    injected:bounce:ON_PLAY:c6+  mse 0.1823 sign 0.982 n    391 | aux 0.3821 life 0.107 atk 0.230 tok_atk 0.142 tok_ab 0.088 (n 266)
    injected:bounce:OTHER:c0-2   mse 0.2371 sign 0.979 n    142 | aux 0.3343 life 0.190 atk 0.079 tok_atk 0.095 tok_ab 0.103 (n 96)
    injected:bounce:OTHER:c3-5   mse 0.7617 sign 0.703 n    475 | aux 0.3061 life 0.178 atk 0.135 tok_atk 0.109 tok_ab 0.090 (n 299)
    injected:bounce:TRIGGER:c0-2 mse 0.1440 sign 0.995 n    186 | aux 0.4220 life 0.161 atk 0.268 tok_atk 0.137 tok_ab 0.181 (n 155)
    injected:deck:COUNTER:c0-2   mse 0.2507 sign 0.961 n     51 | aux 0.2938 life 0.612 atk 0.288 tok_atk 0.202 tok_ab 0.154 (n 31)
    injected:deck:EVENT:c0-2     mse 0.5808 sign 0.755 n    547 | aux 0.3579 life 0.216 atk 0.167 tok_atk 0.157 tok_ab 0.101 (n 396)
    injected:deck:EVENT:c3-5     mse 0.2690 sign 0.893 n    475 | aux 0.3009 life 0.126 atk 0.117 tok_atk 0.137 tok_ab 0.078 (n 332)
    injected:deck:ON_ATTACK:c0-2 mse 0.2330 sign 0.930 n    473 | aux 0.4550 life 0.126 atk 0.299 tok_atk 0.181 tok_ab 0.130 (n 354)
    injected:deck:ON_PLAY:c0-2   mse 0.1413 sign 0.944 n    214 | aux 0.3877 life 0.161 atk 0.068 tok_atk 0.121 tok_ab 0.101 (n 168)
    injected:deck:ON_PLAY:c3-5   mse 0.2012 sign 0.928 n    483 | aux 0.3326 life 0.181 atk 0.144 tok_atk 0.117 tok_ab 0.092 (n 300)
    injected:deck:ON_PLAY:c6+    mse 0.6184 sign 0.757 n    391 | aux 0.4225 life 0.112 atk 0.174 tok_atk 0.134 tok_ab 0.116 (n 273)
    injected:deck:TRIGGER:c3-5   mse 0.3265 sign 0.863 n    278 | aux 0.2865 life 0.141 atk 0.122 tok_atk 0.139 tok_ab 0.089 (n 204)
    injected:deck:TRIGGER:c6+    mse 0.1212 sign 0.940 n    116 | aux 0.3846 life 0.195 atk 0.143 tok_atk 0.141 tok_ab 0.109 (n 82)
    injected:lock:ACTIVATE_MAIN:c0-2 mse 0.4220 sign 0.874 n    215 | aux 0.4643 life 0.142 atk 0.092 tok_atk 0.109 tok_ab 0.161 (n 157)
    injected:lock:ACTIVATE_MAIN:c3-5 mse 0.5493 sign 0.792 n   2045 | aux 0.3468 life 0.199 atk 0.180 tok_atk 0.131 tok_ab 0.105 (n 1367)
    injected:lock:ACTIVATE_MAIN:c6+ mse 0.6920 sign 0.764 n    863 | aux 0.3458 life 0.222 atk 0.157 tok_atk 0.129 tok_ab 0.097 (n 596)
    injected:lock:COUNTER:c0-2   mse 0.8487 sign 0.675 n     80 | aux 0.2418 life 0.172 atk 0.215 tok_atk 0.128 tok_ab 0.012 (n 66)
    injected:lock:COUNTER:c3-5   mse 0.3415 sign 0.867 n    143 | aux 0.2374 life 0.067 atk 0.164 tok_atk 0.132 tok_ab 0.081 (n 94)
    injected:lock:EVENT:c0-2     mse 0.3720 sign 0.862 n   1425 | aux 0.3525 life 0.217 atk 0.207 tok_atk 0.172 tok_ab 0.091 (n 960)
    injected:lock:EVENT:c3-5     mse 0.7927 sign 0.725 n    630 | aux 0.2664 life 0.125 atk 0.126 tok_atk 0.107 tok_ab 0.101 (n 434)
    injected:lock:ON_ATTACK:c0-2 mse 1.0809 sign 0.618 n    309 | aux 0.3207 life 0.236 atk 0.131 tok_atk 0.131 tok_ab 0.064 (n 189)
    injected:lock:ON_ATTACK:c3-5 mse 0.6163 sign 0.799 n    951 | aux 0.3019 life 0.226 atk 0.202 tok_atk 0.140 tok_ab 0.083 (n 633)
    injected:lock:ON_ATTACK:c6+  mse 0.1947 sign 1.000 n     53 | aux 0.2541 life 0.366 atk 0.038 tok_atk 0.019 tok_ab 0.054 (n 35)
    injected:lock:ON_PLAY:c0-2   mse 0.9188 sign 0.709 n    244 | aux 0.3287 life 0.255 atk 0.232 tok_atk 0.188 tok_ab 0.171 (n 177)
    injected:lock:ON_PLAY:c3-5   mse 0.5784 sign 0.791 n    908 | aux 0.3192 life 0.217 atk 0.158 tok_atk 0.142 tok_ab 0.106 (n 610)
    injected:lock:ON_PLAY:c6+    mse 0.4788 sign 0.835 n    680 | aux 0.3190 life 0.232 atk 0.195 tok_atk 0.136 tok_ab 0.134 (n 417)
    injected:lock:OTHER:c0-2     mse 0.1364 sign 0.970 n     66 | aux 0.3630 life 0.087 atk 0.389 tok_atk 0.307 tok_ab 0.234 (n 33)
    injected:lock:OTHER:c3-5     mse 1.8900 sign 0.395 n     43 | aux 0.1805 life 0.410 atk 0.204 tok_atk 0.071 tok_ab 0.005 (n 19)
    injected:lock:OTHER:c6+      mse 0.6732 sign 0.775 n    209 | aux 0.3848 life 0.108 atk 0.374 tok_atk 0.271 tok_ab 0.163 (n 145)
    injected:lock:TRIGGER:c0-2   mse 0.7046 sign 0.726 n    868 | aux 0.3439 life 0.222 atk 0.267 tok_atk 0.175 tok_ab 0.068 (n 607)
    injected:lock:TRIGGER:c3-5   mse 1.1092 sign 0.693 n    309 | aux 0.2577 life 0.195 atk 0.096 tok_atk 0.079 tok_ab 0.112 (n 214)
    injected:lock:TRIGGER:c6+    mse 0.8144 sign 0.674 n    184 | aux 0.3038 life 0.153 atk 0.069 tok_atk 0.067 tok_ab 0.106 (n 128)
    injected:reduce:ACTIVATE_MAIN:c0-2 mse 0.5751 sign 0.790 n   1905 | aux 0.3478 life 0.209 atk 0.136 tok_atk 0.120 tok_ab 0.091 (n 1327)
    injected:reduce:ACTIVATE_MAIN:c3-5 mse 0.9313 sign 0.627 n    703 | aux 0.4081 life 0.236 atk 0.143 tok_atk 0.117 tok_ab 0.097 (n 480)
    injected:reduce:ACTIVATE_MAIN:c6+ mse 0.0869 sign 1.000 n     73 | aux 0.3704 life 0.346 atk 0.156 tok_atk 0.111 tok_ab 0.104 (n 47)
    injected:reduce:COUNTER:c0-2 mse 0.3734 sign 0.861 n    675 | aux 0.2638 life 0.167 atk 0.169 tok_atk 0.129 tok_ab 0.098 (n 464)
    injected:reduce:COUNTER:c3-5 mse 1.6915 sign 0.462 n    156 | aux 0.3769 life 0.163 atk 0.076 tok_atk 0.106 tok_ab 0.058 (n 112)
    injected:reduce:EVENT:c0-2   mse 0.4026 sign 0.858 n   2381 | aux 0.3218 life 0.177 atk 0.200 tok_atk 0.149 tok_ab 0.088 (n 1663)
    injected:reduce:EVENT:c3-5   mse 0.9317 sign 0.676 n    454 | aux 0.3449 life 0.236 atk 0.102 tok_atk 0.145 tok_ab 0.064 (n 326)
    injected:reduce:EVENT:c6+    mse 0.1824 sign 1.000 n    121 | aux 0.2027 life 0.198 atk 0.081 tok_atk 0.095 tok_ab 0.073 (n 95)
    injected:reduce:ON_ATTACK:c0-2 mse 0.3406 sign 0.876 n    692 | aux 0.3904 life 0.135 atk 0.176 tok_atk 0.149 tok_ab 0.137 (n 472)
    injected:reduce:ON_ATTACK:c3-5 mse 0.2535 sign 0.913 n   1084 | aux 0.3610 life 0.237 atk 0.195 tok_atk 0.163 tok_ab 0.117 (n 753)
    injected:reduce:ON_ATTACK:c6+ mse 0.8129 sign 0.688 n    570 | aux 0.3256 life 0.169 atk 0.133 tok_atk 0.096 tok_ab 0.097 (n 384)
    injected:reduce:ON_PLAY:c0-2 mse 0.3704 sign 0.877 n    341 | aux 0.3817 life 0.192 atk 0.179 tok_atk 0.107 tok_ab 0.157 (n 217)
    injected:reduce:ON_PLAY:c3-5 mse 0.6376 sign 0.735 n    324 | aux 0.3956 life 0.225 atk 0.248 tok_atk 0.173 tok_ab 0.201 (n 225)
    injected:reduce:ON_PLAY:c6+  mse 1.8037 sign 0.350 n    180 | aux 0.2896 life 0.244 atk 0.155 tok_atk 0.075 tok_ab 0.105 (n 119)
    injected:reduce:OTHER:c0-2   mse 2.1095 sign 0.081 n     62 | aux 0.3084 life 0.119 atk 0.018 tok_atk 0.030 tok_ab 0.201 (n 45)
    injected:reduce:OTHER:c6+    mse 0.5086 sign 0.797 n    360 | aux 0.3837 life 0.155 atk 0.210 tok_atk 0.140 tok_ab 0.144 (n 235)
    injected:reduce:TRIGGER:c0-2 mse 0.7324 sign 0.745 n    757 | aux 0.3218 life 0.153 atk 0.166 tok_atk 0.155 tok_ab 0.111 (n 538)
    injected:reduce:TRIGGER:c3-5 mse 0.2041 sign 0.934 n    391 | aux 0.3854 life 0.138 atk 0.126 tok_atk 0.108 tok_ab 0.075 (n 240)
    injected:trash:ACTIVATE_MAIN:c3-5 mse 0.6917 sign 0.732 n     82 | aux 0.5594 life 0.278 atk 0.521 tok_atk 0.336 tok_ab 0.293 (n 53)
    injected:trash:ACTIVATE_MAIN:c6+ mse 0.2162 sign 0.953 n    191 | aux 0.3015 life 0.177 atk 0.196 tok_atk 0.135 tok_ab 0.106 (n 121)
    injected:trash:ON_ATTACK:c3-5 mse 0.0747 sign 0.996 n    224 | aux 0.4262 life 0.108 atk 0.106 tok_atk 0.118 tok_ab 0.176 (n 153)
    injected:trash:ON_PLAY:c6+   mse 0.3221 sign 0.900 n    309 | aux 0.3996 life 0.143 atk 0.251 tok_atk 0.185 tok_ab 0.120 (n 179)
    colors:BLACK                 mse 0.5944 sign 0.800 n   4425 | aux 0.3588 life 0.201 atk 0.165 tok_atk 0.135 tok_ab 0.097 (n 3024)
    colors:BLUE                  mse 0.4004 sign 0.857 n   5705 | aux 0.3524 life 0.176 atk 0.194 tok_atk 0.146 tok_ab 0.117 (n 3968)
    colors:GREEN                 mse 0.6577 sign 0.764 n   5290 | aux 0.3297 life 0.206 atk 0.165 tok_atk 0.142 tok_ab 0.091 (n 3599)
    colors:PURPLE                mse 0.4852 sign 0.824 n   4352 | aux 0.3199 life 0.200 atk 0.173 tok_atk 0.150 tok_ab 0.107 (n 3023)
    colors:RED                   mse 0.5078 sign 0.813 n   4954 | aux 0.3256 life 0.180 atk 0.149 tok_atk 0.129 tok_ab 0.108 (n 3430)
    colors:YELLOW                mse 0.6102 sign 0.780 n   3432 | aux 0.3691 life 0.208 atk 0.188 tok_atk 0.134 tok_ab 0.102 (n 2269)
    after_removal                mse 0.5457 sign 0.817 n    578 | aux 0.3966 life 0.233 atk 0.233 tok_atk 0.185 tok_ab 0.119 (n 459)
    not_removal                  mse 0.5263 sign 0.811 n  18889 | aux 0.3450 life 0.193 atk 0.179 tok_atk 0.143 tok_ab 0.105 (n 12886)
  nrel_r8.npz
    all                          mse 0.5252 sign 0.814 n  19467 | aux 0.3475 life 0.194 atk 0.181 tok_atk 0.145 tok_ab 0.106 (n 13345)
    turn1-4                      mse 0.7829 sign 0.700 n   2583 | aux 0.2767 life 0.113 atk 0.116 tok_atk 0.105 tok_ab 0.083 (n 2583)
    turn5-8                      mse 0.6647 sign 0.765 n   6240 | aux 0.3511 life 0.210 atk 0.194 tok_atk 0.143 tok_ab 0.112 (n 5899)
    turn9-99                     mse 0.3697 sign 0.876 n  10370 | aux 0.3939 life 0.232 atk 0.211 tok_atk 0.174 tok_ab 0.116 (n 4589)
    injected:KO:ACTIVATE_MAIN:c0-2 mse 0.6424 sign 0.761 n    476 | aux 0.3614 life 0.251 atk 0.205 tok_atk 0.160 tok_ab 0.097 (n 309)
    injected:KO:ACTIVATE_MAIN:c3-5 mse 0.6994 sign 0.734 n    595 | aux 0.3837 life 0.211 atk 0.128 tok_atk 0.099 tok_ab 0.104 (n 395)
    injected:KO:ACTIVATE_MAIN:c6+ mse 0.6273 sign 0.778 n    189 | aux 0.2437 life 0.150 atk 0.095 tok_atk 0.071 tok_ab 0.078 (n 127)
    injected:KO:COUNTER:c0-2     mse 0.6512 sign 0.791 n    153 | aux 0.2534 life 0.105 atk 0.099 tok_atk 0.051 tok_ab 0.126 (n 103)
    injected:KO:COUNTER:c3-5     mse 0.2415 sign 0.917 n    216 | aux 0.3070 life 0.068 atk 0.161 tok_atk 0.118 tok_ab 0.100 (n 138)
    injected:KO:EVENT:c0-2       mse 0.5939 sign 0.802 n   1237 | aux 0.3363 life 0.173 atk 0.255 tok_atk 0.161 tok_ab 0.076 (n 921)
    injected:KO:EVENT:c3-5       mse 0.5045 sign 0.831 n   1973 | aux 0.3124 life 0.192 atk 0.200 tok_atk 0.130 tok_ab 0.073 (n 1347)
    injected:KO:EVENT:c6+        mse 0.6994 sign 0.686 n    442 | aux 0.3887 life 0.193 atk 0.160 tok_atk 0.160 tok_ab 0.116 (n 313)
    injected:KO:ON_ATTACK:c0-2   mse 0.4452 sign 0.843 n    356 | aux 0.3207 life 0.152 atk 0.165 tok_atk 0.156 tok_ab 0.067 (n 212)
    injected:KO:ON_ATTACK:c3-5   mse 0.3343 sign 0.867 n   1673 | aux 0.3282 life 0.175 atk 0.187 tok_atk 0.171 tok_ab 0.120 (n 1163)
    injected:KO:ON_ATTACK:c6+    mse 0.2222 sign 0.891 n    274 | aux 0.2746 life 0.166 atk 0.070 tok_atk 0.067 tok_ab 0.058 (n 188)
    injected:KO:ON_PLAY:c3-5     mse 0.5202 sign 0.807 n   1724 | aux 0.3605 life 0.172 atk 0.136 tok_atk 0.136 tok_ab 0.115 (n 1155)
    injected:KO:ON_PLAY:c6+      mse 0.2581 sign 0.933 n    283 | aux 0.2589 life 0.261 atk 0.236 tok_atk 0.147 tok_ab 0.121 (n 186)
    injected:KO:OTHER:c3-5       mse 0.3426 sign 0.895 n    390 | aux 0.3100 life 0.239 atk 0.093 tok_atk 0.109 tok_ab 0.115 (n 243)
    injected:KO:TRIGGER:c0-2     mse 0.7010 sign 0.762 n   1393 | aux 0.3676 life 0.188 atk 0.189 tok_atk 0.124 tok_ab 0.112 (n 1010)
    injected:KO:TRIGGER:c3-5     mse 0.6774 sign 0.766 n   1432 | aux 0.3698 life 0.166 atk 0.174 tok_atk 0.127 tok_ab 0.080 (n 971)
    injected:KO:TRIGGER:c6+      mse 0.3093 sign 0.906 n    277 | aux 0.2946 life 0.290 atk 0.266 tok_atk 0.181 tok_ab 0.082 (n 186)
    injected:bounce:COUNTER:c0-2 mse 0.0191 sign 1.000 n     48 | aux 0.2081 life 0.311 atk 0.153 tok_atk 0.075 tok_ab 0.187 (n 31)
    injected:bounce:EVENT:c0-2   mse 0.5609 sign 0.789 n    199 | aux 0.4013 life 0.103 atk 0.053 tok_atk 0.054 tok_ab 0.097 (n 142)
    injected:bounce:EVENT:c3-5   mse 0.1479 sign 0.977 n    265 | aux 0.3275 life 0.139 atk 0.128 tok_atk 0.114 tok_ab 0.102 (n 175)
    injected:bounce:ON_ATTACK:c0-2 mse 0.2118 sign 0.992 n    264 | aux 0.3061 life 0.186 atk 0.187 tok_atk 0.174 tok_ab 0.122 (n 200)
    injected:bounce:ON_ATTACK:c3-5 mse 0.8604 sign 0.653 n    386 | aux 0.3558 life 0.260 atk 0.181 tok_atk 0.128 tok_ab 0.076 (n 251)
    injected:bounce:ON_PLAY:c0-2 mse 0.2945 sign 0.919 n    751 | aux 0.3700 life 0.193 atk 0.203 tok_atk 0.161 tok_ab 0.127 (n 558)
    injected:bounce:ON_PLAY:c3-5 mse 0.3219 sign 0.911 n    492 | aux 0.3129 life 0.134 atk 0.136 tok_atk 0.120 tok_ab 0.077 (n 314)
    injected:bounce:ON_PLAY:c6+  mse 0.1906 sign 0.980 n    391 | aux 0.3840 life 0.109 atk 0.225 tok_atk 0.143 tok_ab 0.089 (n 266)
    injected:bounce:OTHER:c0-2   mse 0.2330 sign 0.986 n    142 | aux 0.3313 life 0.192 atk 0.079 tok_atk 0.094 tok_ab 0.105 (n 96)
    injected:bounce:OTHER:c3-5   mse 0.7596 sign 0.712 n    475 | aux 0.3032 life 0.177 atk 0.138 tok_atk 0.108 tok_ab 0.090 (n 299)
    injected:bounce:TRIGGER:c0-2 mse 0.1672 sign 0.995 n    186 | aux 0.4309 life 0.165 atk 0.284 tok_atk 0.136 tok_ab 0.179 (n 155)
    injected:deck:COUNTER:c0-2   mse 0.2136 sign 0.961 n     51 | aux 0.2937 life 0.634 atk 0.283 tok_atk 0.198 tok_ab 0.152 (n 31)
    injected:deck:EVENT:c0-2     mse 0.5792 sign 0.762 n    547 | aux 0.3587 life 0.217 atk 0.163 tok_atk 0.155 tok_ab 0.099 (n 396)
    injected:deck:EVENT:c3-5     mse 0.2678 sign 0.888 n    475 | aux 0.3037 life 0.126 atk 0.118 tok_atk 0.137 tok_ab 0.077 (n 332)
    injected:deck:ON_ATTACK:c0-2 mse 0.2242 sign 0.932 n    473 | aux 0.4622 life 0.123 atk 0.309 tok_atk 0.182 tok_ab 0.130 (n 354)
    injected:deck:ON_PLAY:c0-2   mse 0.1481 sign 0.944 n    214 | aux 0.3860 life 0.153 atk 0.071 tok_atk 0.121 tok_ab 0.100 (n 168)
    injected:deck:ON_PLAY:c3-5   mse 0.2086 sign 0.934 n    483 | aux 0.3298 life 0.179 atk 0.141 tok_atk 0.118 tok_ab 0.093 (n 300)
    injected:deck:ON_PLAY:c6+    mse 0.6207 sign 0.752 n    391 | aux 0.4284 life 0.111 atk 0.186 tok_atk 0.134 tok_ab 0.115 (n 273)
    injected:deck:TRIGGER:c3-5   mse 0.3228 sign 0.853 n    278 | aux 0.2916 life 0.147 atk 0.128 tok_atk 0.140 tok_ab 0.088 (n 204)
    injected:deck:TRIGGER:c6+    mse 0.1221 sign 0.948 n    116 | aux 0.3831 life 0.192 atk 0.140 tok_atk 0.142 tok_ab 0.115 (n 82)
    injected:lock:ACTIVATE_MAIN:c0-2 mse 0.4199 sign 0.874 n    215 | aux 0.4763 life 0.144 atk 0.092 tok_atk 0.109 tok_ab 0.162 (n 157)
    injected:lock:ACTIVATE_MAIN:c3-5 mse 0.5512 sign 0.789 n   2045 | aux 0.3475 life 0.198 atk 0.180 tok_atk 0.131 tok_ab 0.105 (n 1367)
    injected:lock:ACTIVATE_MAIN:c6+ mse 0.6862 sign 0.760 n    863 | aux 0.3487 life 0.223 atk 0.156 tok_atk 0.129 tok_ab 0.099 (n 596)
    injected:lock:COUNTER:c0-2   mse 0.8540 sign 0.675 n     80 | aux 0.2442 life 0.187 atk 0.221 tok_atk 0.128 tok_ab 0.013 (n 66)
    injected:lock:COUNTER:c3-5   mse 0.3469 sign 0.874 n    143 | aux 0.2353 life 0.068 atk 0.163 tok_atk 0.133 tok_ab 0.083 (n 94)
    injected:lock:EVENT:c0-2     mse 0.3791 sign 0.866 n   1425 | aux 0.3532 life 0.219 atk 0.209 tok_atk 0.173 tok_ab 0.091 (n 960)
    injected:lock:EVENT:c3-5     mse 0.8017 sign 0.725 n    630 | aux 0.2675 life 0.125 atk 0.125 tok_atk 0.107 tok_ab 0.104 (n 434)
    injected:lock:ON_ATTACK:c0-2 mse 1.0558 sign 0.612 n    309 | aux 0.3196 life 0.235 atk 0.127 tok_atk 0.133 tok_ab 0.062 (n 189)
    injected:lock:ON_ATTACK:c3-5 mse 0.5967 sign 0.807 n    951 | aux 0.3005 life 0.229 atk 0.203 tok_atk 0.140 tok_ab 0.085 (n 633)
    injected:lock:ON_ATTACK:c6+  mse 0.1937 sign 0.981 n     53 | aux 0.2500 life 0.370 atk 0.037 tok_atk 0.020 tok_ab 0.057 (n 35)
    injected:lock:ON_PLAY:c0-2   mse 0.9328 sign 0.701 n    244 | aux 0.3303 life 0.257 atk 0.235 tok_atk 0.188 tok_ab 0.174 (n 177)
    injected:lock:ON_PLAY:c3-5   mse 0.5644 sign 0.803 n    908 | aux 0.3213 life 0.219 atk 0.157 tok_atk 0.141 tok_ab 0.107 (n 610)
    injected:lock:ON_PLAY:c6+    mse 0.4766 sign 0.838 n    680 | aux 0.3204 life 0.236 atk 0.203 tok_atk 0.136 tok_ab 0.135 (n 417)
    injected:lock:OTHER:c0-2     mse 0.1468 sign 0.970 n     66 | aux 0.3627 life 0.083 atk 0.403 tok_atk 0.307 tok_ab 0.231 (n 33)
    injected:lock:OTHER:c3-5     mse 1.8193 sign 0.419 n     43 | aux 0.1767 life 0.419 atk 0.191 tok_atk 0.072 tok_ab 0.005 (n 19)
    injected:lock:OTHER:c6+      mse 0.7087 sign 0.761 n    209 | aux 0.3914 life 0.110 atk 0.373 tok_atk 0.270 tok_ab 0.165 (n 145)
    injected:lock:TRIGGER:c0-2   mse 0.7050 sign 0.732 n    868 | aux 0.3453 life 0.226 atk 0.266 tok_atk 0.174 tok_ab 0.070 (n 607)
    injected:lock:TRIGGER:c3-5   mse 1.1108 sign 0.693 n    309 | aux 0.2604 life 0.199 atk 0.098 tok_atk 0.079 tok_ab 0.114 (n 214)
    injected:lock:TRIGGER:c6+    mse 0.8030 sign 0.690 n    184 | aux 0.3010 life 0.151 atk 0.073 tok_atk 0.067 tok_ab 0.107 (n 128)
    injected:reduce:ACTIVATE_MAIN:c0-2 mse 0.5694 sign 0.794 n   1905 | aux 0.3499 life 0.209 atk 0.139 tok_atk 0.121 tok_ab 0.092 (n 1327)
    injected:reduce:ACTIVATE_MAIN:c3-5 mse 0.9214 sign 0.639 n    703 | aux 0.4089 life 0.240 atk 0.148 tok_atk 0.118 tok_ab 0.096 (n 480)
    injected:reduce:ACTIVATE_MAIN:c6+ mse 0.0760 sign 1.000 n     73 | aux 0.3757 life 0.344 atk 0.171 tok_atk 0.112 tok_ab 0.107 (n 47)
    injected:reduce:COUNTER:c0-2 mse 0.3767 sign 0.856 n    675 | aux 0.2645 life 0.168 atk 0.168 tok_atk 0.130 tok_ab 0.098 (n 464)
    injected:reduce:COUNTER:c3-5 mse 1.6844 sign 0.468 n    156 | aux 0.3763 life 0.165 atk 0.083 tok_atk 0.107 tok_ab 0.056 (n 112)
    injected:reduce:EVENT:c0-2   mse 0.4027 sign 0.860 n   2381 | aux 0.3228 life 0.178 atk 0.203 tok_atk 0.150 tok_ab 0.088 (n 1663)
    injected:reduce:EVENT:c3-5   mse 0.9482 sign 0.667 n    454 | aux 0.3435 life 0.240 atk 0.102 tok_atk 0.146 tok_ab 0.066 (n 326)
    injected:reduce:EVENT:c6+    mse 0.1839 sign 1.000 n    121 | aux 0.2030 life 0.193 atk 0.082 tok_atk 0.097 tok_ab 0.073 (n 95)
    injected:reduce:ON_ATTACK:c0-2 mse 0.3405 sign 0.877 n    692 | aux 0.3919 life 0.135 atk 0.176 tok_atk 0.150 tok_ab 0.136 (n 472)
    injected:reduce:ON_ATTACK:c3-5 mse 0.2461 sign 0.915 n   1084 | aux 0.3612 life 0.236 atk 0.196 tok_atk 0.163 tok_ab 0.118 (n 753)
    injected:reduce:ON_ATTACK:c6+ mse 0.7959 sign 0.696 n    570 | aux 0.3261 life 0.163 atk 0.134 tok_atk 0.096 tok_ab 0.100 (n 384)
    injected:reduce:ON_PLAY:c0-2 mse 0.3832 sign 0.874 n    341 | aux 0.3863 life 0.190 atk 0.181 tok_atk 0.108 tok_ab 0.155 (n 217)
    injected:reduce:ON_PLAY:c3-5 mse 0.6343 sign 0.741 n    324 | aux 0.3973 life 0.220 atk 0.249 tok_atk 0.177 tok_ab 0.207 (n 225)
    injected:reduce:ON_PLAY:c6+  mse 1.7821 sign 0.372 n    180 | aux 0.2927 life 0.246 atk 0.159 tok_atk 0.075 tok_ab 0.105 (n 119)
    injected:reduce:OTHER:c0-2   mse 2.0617 sign 0.129 n     62 | aux 0.3024 life 0.116 atk 0.015 tok_atk 0.030 tok_ab 0.210 (n 45)
    injected:reduce:OTHER:c6+    mse 0.4752 sign 0.811 n    360 | aux 0.3880 life 0.153 atk 0.206 tok_atk 0.140 tok_ab 0.149 (n 235)
    injected:reduce:TRIGGER:c0-2 mse 0.7346 sign 0.745 n    757 | aux 0.3204 life 0.155 atk 0.170 tok_atk 0.156 tok_ab 0.110 (n 538)
    injected:reduce:TRIGGER:c3-5 mse 0.2053 sign 0.939 n    391 | aux 0.3826 life 0.135 atk 0.125 tok_atk 0.109 tok_ab 0.076 (n 240)
    injected:trash:ACTIVATE_MAIN:c3-5 mse 0.7061 sign 0.707 n     82 | aux 0.5633 life 0.272 atk 0.517 tok_atk 0.349 tok_ab 0.301 (n 53)
    injected:trash:ACTIVATE_MAIN:c6+ mse 0.2148 sign 0.963 n    191 | aux 0.3056 life 0.175 atk 0.207 tok_atk 0.135 tok_ab 0.107 (n 121)
    injected:trash:ON_ATTACK:c3-5 mse 0.0795 sign 0.996 n    224 | aux 0.4277 life 0.106 atk 0.104 tok_atk 0.120 tok_ab 0.170 (n 153)
    injected:trash:ON_PLAY:c6+   mse 0.3259 sign 0.900 n    309 | aux 0.4001 life 0.141 atk 0.255 tok_atk 0.190 tok_ab 0.122 (n 179)
    colors:BLACK                 mse 0.5945 sign 0.801 n   4425 | aux 0.3597 life 0.202 atk 0.166 tok_atk 0.136 tok_ab 0.097 (n 3024)
    colors:BLUE                  mse 0.3998 sign 0.860 n   5705 | aux 0.3540 life 0.175 atk 0.196 tok_atk 0.147 tok_ab 0.116 (n 3968)
    colors:GREEN                 mse 0.6582 sign 0.766 n   5290 | aux 0.3294 life 0.206 atk 0.166 tok_atk 0.143 tok_ab 0.092 (n 3599)
    colors:PURPLE                mse 0.4861 sign 0.825 n   4352 | aux 0.3205 life 0.201 atk 0.176 tok_atk 0.150 tok_ab 0.107 (n 3023)
    colors:RED                   mse 0.5029 sign 0.816 n   4954 | aux 0.3258 life 0.179 atk 0.151 tok_atk 0.129 tok_ab 0.109 (n 3430)
    colors:YELLOW                mse 0.6109 sign 0.785 n   3432 | aux 0.3697 life 0.209 atk 0.186 tok_atk 0.134 tok_ab 0.102 (n 2269)
    after_removal                mse 0.5355 sign 0.817 n    578 | aux 0.3977 life 0.234 atk 0.233 tok_atk 0.185 tok_ab 0.120 (n 459)
    not_removal                  mse 0.5249 sign 0.814 n  18889 | aux 0.3457 life 0.193 atk 0.180 tok_atk 0.143 tok_ab 0.105 (n 12886)
  82s
  → /root/band_r8/band_r8_w30.json
N_REL_BAND {"rows": 19467, "src": ["/root/n30_wave/w01/n_records/n30_w01", "/root/n30_wave/w02/n_records/n30_w02"], "out": "/root/band_r8/band_r8_w30.json", "buckets": 90, "nets": {"start.npz": {"v_mse": 0.5155001935078082, "v_sign": 0.81445523193096, "n": 19467, "aux": {"opp_turn_my_life_lost": 0.19732283055782318, "opp_turn_attacks": 0.18878184258937836, "opp_turn_effects": 0.9778234958648682, "my_turn_opp_life_lost": 0.252236932516098, "my_turn_attacks": 0.29214414954185486, "my_turn_effects": 1.2394593954086304, "next_my_board_power": 0.062313683331012726, "next_opp_board_power": 0.07457932829856873, "next_my_board_n": 0.20124685764312744, "next_opp_board_n": 0.21171186864376068, "tok_attacked": 0.1502702683210373, "tok_life_pushed": 0.029677048325538635, "tok_ability": 0.11882743239402771, "n": 13345}}, "nrel_r7.npz": {"v_mse": 0.5268451710850761, "v_sign": 0.811373092926491, "n": 19467, "aux": {"opp_turn_my_life_lost": 0.1943822056055069, "opp_turn_attacks": 0.18043123185634613, "opp_turn_effects": 0.90544193983078, "my_turn_opp_life_lost": 0.24858441948890686, "my_turn_attacks": 0.28539034724235535, "my_turn_effects": 1.1284812688827515, "next_my_board_power": 0.05970584601163864, "next_opp_board_power": 0.06987772136926651, "next_my_board_n": 0.19607752561569214, "next_opp_board_n": 0.19966921210289001, "tok_attacked": 0.14444926381111145, "tok_life_pushed": 0.029292654246091843, "tok_ability": 0.10551388561725616, "n": 13345}}, "nrel_r8.npz": {"v_mse": 0.5252332788219706, "v_sign": 0.8142497559973289, "n": 19467, "aux": {"opp_turn_my_life_lost": 0.19446969032287598, "opp_turn_attacks": 0.18138505518436432, "opp_turn_effects": 0.9080992341041565, "my_turn_opp_life_lost": 0.24895426630973816, "my_turn_attacks": 0.2859937250614166, "my_turn_effects": 1.1295957565307617, "next_my_board_power": 0.05998045951128006, "next_opp_board_power": 0.07040297240018845, "next_my_board_n": 0.1957491934299469, "next_opp_board_n": 0.19995708763599396, "tok_attacked": 0.14473995566368103, "tok_life_pushed": 0.029284706339240074, "tok_ability": 0.10592757910490036, "n": 13345}}}, "policy": {"start.npz": {"points": 7783, "top1_visits": 0.6254657587048695, "ce_visits": 1.7550082039468533, "top1_q_improved": 0.49582423230116923, "ce_q_improved": 1.7423294363422535, "gate": {"rows": 2568, "p_mass_removal": 0.2620051608691853, "argmax_removal": 0.26869158878504673, "data_chose_removal": 0.2718068535825545}}, "nrel_r7.npz": {"points": 7783, "top1_visits": 0.6259796993447256, "ce_visits": 1.7550667766799937, "top1_q_improved": 0.4978799948605936, "ce_q_improved": 1.7333511495657603, "gate": {"rows": 2568, "p_mass_removal": 0.26213646294281234, "argmax_removal": 0.2733644859813084, "data_chose_removal": 0.2718068535825545}}, "nrel_r8.npz": {"points": 7783, "top1_visits": 0.6237954516253372, "ce_visits": 1.7554191149216942, "top1_q_improved": 0.4973660542207375, "ce_q_improved": 1.7340446098687394, "gate": {"rows": 2568, "p_mass_removal": 0.26213365389879434, "argmax_removal": 0.27453271028037385, "data_chose_removal": 0.2718068535825545}}}}
