holdout 行 139382（seed%7==0・19s）
  [policy] nrel_r3.npz top1_visits 0.601 ce_visits 1.808 top1_q_improved 0.624 ce_q_improved 1.508 | gate mass 0.260 argmax 0.257 data 0.254 (n 6686)
  [policy] nrel_r4b.npz top1_visits 0.623 ce_visits 1.756 top1_q_improved 0.617 ce_q_improved 1.535 | gate mass 0.259 argmax 0.248 data 0.254 (n 6686)
  [policy] nrel_r4q.npz top1_visits 0.628 ce_visits 1.883 top1_q_improved 0.636 ce_q_improved 1.433 | gate mass 0.253 argmax 0.244 data 0.254 (n 6686)
  [policy] 149s
  nrel_r3.npz
    all                          mse 0.5327 sign 0.804 n 139382
    turn1-4                      mse 0.7723 sign 0.707 n  17646
    turn5-8                      mse 0.6427 sign 0.763 n  43438
    turn9-99                     mse 0.4074 sign 0.853 n  76380
    injected:KO:ACTIVATE_MAIN:c0-2 mse 0.4205 sign 0.856 n   2276
    injected:KO:ACTIVATE_MAIN:c3-5 mse 0.5288 sign 0.802 n   5427
    injected:KO:ACTIVATE_MAIN:c6+ mse 0.4741 sign 0.839 n   2779
    injected:KO:COUNTER:c0-2     mse 0.2663 sign 0.896 n   1707
    injected:KO:COUNTER:c3-5     mse 0.2983 sign 0.888 n   1107
    injected:KO:EVENT:c0-2       mse 0.6047 sign 0.781 n   8643
    injected:KO:EVENT:c3-5       mse 0.5536 sign 0.792 n  14451
    injected:KO:EVENT:c6+        mse 0.4835 sign 0.828 n   2633
    injected:KO:ON_ATTACK:c0-2   mse 0.6769 sign 0.727 n   1845
    injected:KO:ON_ATTACK:c3-5   mse 0.5356 sign 0.805 n  10262
    injected:KO:ON_ATTACK:c6+    mse 0.3911 sign 0.868 n   1495
    injected:KO:ON_PLAY:c3-5     mse 0.6113 sign 0.772 n   9928
    injected:KO:ON_PLAY:c6+      mse 0.5624 sign 0.785 n   1331
    injected:KO:OTHER:c3-5       mse 0.4261 sign 0.850 n   2209
    injected:KO:TRIGGER:c0-2     mse 0.4986 sign 0.818 n  11800
    injected:KO:TRIGGER:c3-5     mse 0.4864 sign 0.820 n  11216
    injected:KO:TRIGGER:c6+      mse 0.2747 sign 0.917 n   1504
    injected:bounce:COUNTER:c0-2 mse 0.4311 sign 0.864 n    686
    injected:bounce:EVENT:c0-2   mse 0.3731 sign 0.867 n   1363
    injected:bounce:EVENT:c3-5   mse 0.5046 sign 0.817 n   4068
    injected:bounce:ON_ATTACK:c0-2 mse 0.6089 sign 0.775 n   2583
    injected:bounce:ON_ATTACK:c3-5 mse 0.5124 sign 0.812 n   3518
    injected:bounce:ON_PLAY:c0-2 mse 0.7634 sign 0.709 n   1243
    injected:bounce:ON_PLAY:c3-5 mse 0.5066 sign 0.818 n   4569
    injected:bounce:ON_PLAY:c6+  mse 0.3084 sign 0.914 n   1623
    injected:bounce:OTHER:c0-2   mse 0.6588 sign 0.703 n    411
    injected:bounce:OTHER:c3-5   mse 0.4889 sign 0.817 n   3401
    injected:bounce:TRIGGER:c0-2 mse 0.5928 sign 0.799 n   1072
    injected:deck:ACTIVATE_MAIN:c3-5 mse 0.3912 sign 0.884 n    525
    injected:deck:COUNTER:c0-2   mse 0.8809 sign 0.624 n    647
    injected:deck:EVENT:c0-2     mse 0.5272 sign 0.806 n   6225
    injected:deck:EVENT:c3-5     mse 0.5602 sign 0.798 n   5921
    injected:deck:ON_ATTACK:c0-2 mse 0.5207 sign 0.806 n   2442
    injected:deck:ON_ATTACK:c3-5 mse 0.5104 sign 0.805 n   1490
    injected:deck:ON_PLAY:c0-2   mse 0.4034 sign 0.859 n   1386
    injected:deck:ON_PLAY:c3-5   mse 0.5122 sign 0.804 n   5851
    injected:deck:ON_PLAY:c6+    mse 0.5200 sign 0.814 n   2998
    injected:deck:OTHER:c3-5     mse 0.5235 sign 0.800 n    710
    injected:deck:OTHER:c6+      mse 0.4092 sign 0.834 n    692
    injected:deck:TRIGGER:c3-5   mse 0.6773 sign 0.764 n   3088
    injected:deck:TRIGGER:c6+    mse 0.3622 sign 0.897 n    780
    injected:lock:ACTIVATE_MAIN:c0-2 mse 0.6162 sign 0.770 n   2215
    injected:lock:ACTIVATE_MAIN:c3-5 mse 0.5979 sign 0.780 n  12186
    injected:lock:ACTIVATE_MAIN:c6+ mse 0.6306 sign 0.757 n   3816
    injected:lock:COUNTER:c0-2   mse 0.7698 sign 0.719 n   1729
    injected:lock:COUNTER:c3-5   mse 0.4707 sign 0.799 n    379
    injected:lock:EVENT:c0-2     mse 0.5041 sign 0.819 n  10647
    injected:lock:EVENT:c3-5     mse 0.5881 sign 0.790 n   4857
    injected:lock:ON_ATTACK:c0-2 mse 0.4263 sign 0.854 n   1736
    injected:lock:ON_ATTACK:c3-5 mse 0.5360 sign 0.806 n   7807
    injected:lock:ON_ATTACK:c6+  mse 0.4977 sign 0.807 n    326
    injected:lock:ON_PLAY:c0-2   mse 0.6037 sign 0.752 n    894
    injected:lock:ON_PLAY:c3-5   mse 0.5743 sign 0.791 n  10085
    injected:lock:ON_PLAY:c6+    mse 0.5435 sign 0.800 n   5540
    injected:lock:OTHER:c0-2     mse 0.5724 sign 0.714 n    441
    injected:lock:OTHER:c3-5     mse 0.6373 sign 0.768 n   2166
    injected:lock:OTHER:c6+      mse 0.5987 sign 0.749 n    894
    injected:lock:TRIGGER:c0-2   mse 0.6111 sign 0.773 n   5834
    injected:lock:TRIGGER:c3-5   mse 0.5893 sign 0.792 n   5685
    injected:lock:TRIGGER:c6+    mse 0.6228 sign 0.785 n   1577
    injected:reduce:ACTIVATE_MAIN:c0-2 mse 0.4261 sign 0.847 n   9622
    injected:reduce:ACTIVATE_MAIN:c3-5 mse 0.5444 sign 0.810 n   5037
    injected:reduce:ACTIVATE_MAIN:c6+ mse 0.5379 sign 0.776 n    763
    injected:reduce:COUNTER:c0-2 mse 0.5650 sign 0.794 n   4468
    injected:reduce:COUNTER:c3-5 mse 0.4501 sign 0.818 n   1932
    injected:reduce:EVENT:c0-2   mse 0.5018 sign 0.819 n  14696
    injected:reduce:EVENT:c3-5   mse 0.4780 sign 0.814 n   3872
    injected:reduce:EVENT:c6+    mse 0.3253 sign 0.900 n   1034
    injected:reduce:ON_ATTACK:c0-2 mse 0.6650 sign 0.745 n   5034
    injected:reduce:ON_ATTACK:c3-5 mse 0.5627 sign 0.795 n  10332
    injected:reduce:ON_ATTACK:c6+ mse 0.5020 sign 0.829 n   3986
    injected:reduce:ON_PLAY:c0-2 mse 0.4475 sign 0.831 n   2290
    injected:reduce:ON_PLAY:c3-5 mse 0.5479 sign 0.796 n   2540
    injected:reduce:ON_PLAY:c6+  mse 0.6230 sign 0.791 n    870
    injected:reduce:OTHER:c0-2   mse 0.6508 sign 0.782 n   1438
    injected:reduce:OTHER:c6+    mse 0.6045 sign 0.774 n   1418
    injected:reduce:TRIGGER:c0-2 mse 0.4926 sign 0.824 n   4598
    injected:reduce:TRIGGER:c3-5 mse 0.5237 sign 0.813 n   1789
    injected:reduce:TRIGGER:c6+  mse 0.1350 sign 0.960 n    325
    injected:trash:ACTIVATE_MAIN:c3-5 mse 0.7033 sign 0.684 n    561
    injected:trash:ACTIVATE_MAIN:c6+ mse 0.5368 sign 0.818 n   2390
    injected:trash:ON_ATTACK:c3-5 mse 0.6954 sign 0.742 n   3048
    injected:trash:ON_PLAY:c6+   mse 0.7606 sign 0.714 n   1981
    colors:BLACK                 mse 0.5448 sign 0.803 n  32999
    colors:BLUE                  mse 0.4997 sign 0.818 n  38348
    colors:GREEN                 mse 0.5821 sign 0.784 n  33255
    colors:PURPLE                mse 0.5292 sign 0.808 n  32312
    colors:RED                   mse 0.5140 sign 0.809 n  39943
    colors:YELLOW                mse 0.5829 sign 0.781 n  29181
    after_removal                mse 0.6244 sign 0.770 n   3806
    not_removal                  mse 0.5301 sign 0.805 n 135576
  nrel_r4b.npz
    all                          mse 0.5198 sign 0.811 n 139382 | aux 0.3863 life 0.213 atk 0.215 tok_atk 0.170 tok_ab 0.133 (n 97587)
    turn1-4                      mse 0.7599 sign 0.715 n  17646 | aux 0.2808 life 0.118 atk 0.139 tok_atk 0.119 tok_ab 0.091 (n 17646)
    turn5-8                      mse 0.6271 sign 0.771 n  43438 | aux 0.3979 life 0.223 atk 0.219 tok_atk 0.162 tok_ab 0.138 (n 41764)
    turn9-99                     mse 0.3959 sign 0.858 n  76380 | aux 0.4350 life 0.260 atk 0.258 tok_atk 0.205 tok_ab 0.153 (n 36259)
    injected:KO:ACTIVATE_MAIN:c0-2 mse 0.4169 sign 0.856 n   2276 | aux 0.3590 life 0.199 atk 0.236 tok_atk 0.182 tok_ab 0.165 (n 1525)
    injected:KO:ACTIVATE_MAIN:c3-5 mse 0.5391 sign 0.796 n   5427 | aux 0.3809 life 0.215 atk 0.221 tok_atk 0.181 tok_ab 0.125 (n 3836)
    injected:KO:ACTIVATE_MAIN:c6+ mse 0.4611 sign 0.843 n   2779 | aux 0.3647 life 0.217 atk 0.198 tok_atk 0.170 tok_ab 0.179 (n 1932)
    injected:KO:COUNTER:c0-2     mse 0.2492 sign 0.916 n   1707 | aux 0.5057 life 0.202 atk 0.241 tok_atk 0.175 tok_ab 0.132 (n 1222)
    injected:KO:COUNTER:c3-5     mse 0.3361 sign 0.888 n   1107 | aux 0.3280 life 0.231 atk 0.198 tok_atk 0.171 tok_ab 0.150 (n 797)
    injected:KO:EVENT:c0-2       mse 0.5937 sign 0.784 n   8643 | aux 0.3755 life 0.216 atk 0.214 tok_atk 0.170 tok_ab 0.134 (n 6138)
    injected:KO:EVENT:c3-5       mse 0.5275 sign 0.803 n  14451 | aux 0.3712 life 0.207 atk 0.202 tok_atk 0.179 tok_ab 0.126 (n 10290)
    injected:KO:EVENT:c6+        mse 0.4345 sign 0.837 n   2633 | aux 0.3260 life 0.173 atk 0.183 tok_atk 0.169 tok_ab 0.093 (n 1802)
    injected:KO:ON_ATTACK:c0-2   mse 0.6492 sign 0.750 n   1845 | aux 0.3749 life 0.181 atk 0.198 tok_atk 0.160 tok_ab 0.150 (n 1218)
    injected:KO:ON_ATTACK:c3-5   mse 0.5240 sign 0.813 n  10262 | aux 0.3924 life 0.198 atk 0.218 tok_atk 0.159 tok_ab 0.135 (n 6984)
    injected:KO:ON_ATTACK:c6+    mse 0.3985 sign 0.850 n   1495 | aux 0.3764 life 0.179 atk 0.213 tok_atk 0.166 tok_ab 0.126 (n 1014)
    injected:KO:ON_PLAY:c3-5     mse 0.5800 sign 0.785 n   9928 | aux 0.3631 life 0.196 atk 0.213 tok_atk 0.160 tok_ab 0.123 (n 6653)
    injected:KO:ON_PLAY:c6+      mse 0.5278 sign 0.779 n   1331 | aux 0.3420 life 0.186 atk 0.242 tok_atk 0.203 tok_ab 0.092 (n 939)
    injected:KO:OTHER:c3-5       mse 0.3941 sign 0.857 n   2209 | aux 0.3662 life 0.187 atk 0.173 tok_atk 0.130 tok_ab 0.132 (n 1584)
    injected:KO:TRIGGER:c0-2     mse 0.4796 sign 0.827 n  11800 | aux 0.3986 life 0.212 atk 0.207 tok_atk 0.171 tok_ab 0.127 (n 8326)
    injected:KO:TRIGGER:c3-5     mse 0.4750 sign 0.825 n  11216 | aux 0.3684 life 0.217 atk 0.211 tok_atk 0.182 tok_ab 0.127 (n 8074)
    injected:KO:TRIGGER:c6+      mse 0.2808 sign 0.912 n   1504 | aux 0.3256 life 0.182 atk 0.182 tok_atk 0.168 tok_ab 0.090 (n 995)
    injected:bounce:COUNTER:c0-2 mse 0.4571 sign 0.851 n    686 | aux 0.3213 life 0.234 atk 0.262 tok_atk 0.196 tok_ab 0.162 (n 502)
    injected:bounce:EVENT:c0-2   mse 0.3018 sign 0.899 n   1363 | aux 0.4898 life 0.165 atk 0.162 tok_atk 0.130 tok_ab 0.167 (n 987)
    injected:bounce:EVENT:c3-5   mse 0.4957 sign 0.824 n   4068 | aux 0.3809 life 0.213 atk 0.212 tok_atk 0.176 tok_ab 0.140 (n 2994)
    injected:bounce:ON_ATTACK:c0-2 mse 0.5885 sign 0.775 n   2583 | aux 0.4223 life 0.216 atk 0.226 tok_atk 0.178 tok_ab 0.139 (n 1837)
    injected:bounce:ON_ATTACK:c3-5 mse 0.5458 sign 0.809 n   3518 | aux 0.3642 life 0.215 atk 0.210 tok_atk 0.166 tok_ab 0.126 (n 2507)
    injected:bounce:ON_PLAY:c0-2 mse 0.7853 sign 0.687 n   1243 | aux 0.3789 life 0.233 atk 0.214 tok_atk 0.176 tok_ab 0.127 (n 886)
    injected:bounce:ON_PLAY:c3-5 mse 0.4977 sign 0.819 n   4569 | aux 0.3566 life 0.210 atk 0.207 tok_atk 0.162 tok_ab 0.102 (n 3189)
    injected:bounce:ON_PLAY:c6+  mse 0.2673 sign 0.923 n   1623 | aux 0.3929 life 0.249 atk 0.231 tok_atk 0.187 tok_ab 0.118 (n 1193)
    injected:bounce:OTHER:c0-2   mse 0.5275 sign 0.779 n    411 | aux 0.5844 life 0.244 atk 0.209 tok_atk 0.159 tok_ab 0.227 (n 322)
    injected:bounce:OTHER:c3-5   mse 0.5119 sign 0.811 n   3401 | aux 0.3949 life 0.224 atk 0.223 tok_atk 0.171 tok_ab 0.114 (n 2408)
    injected:bounce:TRIGGER:c0-2 mse 0.5368 sign 0.805 n   1072 | aux 0.3769 life 0.225 atk 0.227 tok_atk 0.152 tok_ab 0.136 (n 834)
    injected:deck:ACTIVATE_MAIN:c3-5 mse 0.4128 sign 0.869 n    525 | aux 0.4165 life 0.276 atk 0.240 tok_atk 0.166 tok_ab 0.107 (n 358)
    injected:deck:COUNTER:c0-2   mse 0.8732 sign 0.646 n    647 | aux 0.4084 life 0.222 atk 0.255 tok_atk 0.210 tok_ab 0.118 (n 485)
    injected:deck:EVENT:c0-2     mse 0.4952 sign 0.823 n   6225 | aux 0.3969 life 0.227 atk 0.219 tok_atk 0.168 tok_ab 0.138 (n 4443)
    injected:deck:EVENT:c3-5     mse 0.5105 sign 0.821 n   5921 | aux 0.4004 life 0.211 atk 0.196 tok_atk 0.159 tok_ab 0.149 (n 4286)
    injected:deck:ON_ATTACK:c0-2 mse 0.5546 sign 0.799 n   2442 | aux 0.3716 life 0.192 atk 0.202 tok_atk 0.159 tok_ab 0.160 (n 1752)
    injected:deck:ON_ATTACK:c3-5 mse 0.5903 sign 0.772 n   1490 | aux 0.4067 life 0.219 atk 0.233 tok_atk 0.174 tok_ab 0.125 (n 1052)
    injected:deck:ON_PLAY:c0-2   mse 0.3681 sign 0.873 n   1386 | aux 0.3812 life 0.223 atk 0.273 tok_atk 0.189 tok_ab 0.115 (n 985)
    injected:deck:ON_PLAY:c3-5   mse 0.5086 sign 0.808 n   5851 | aux 0.3422 life 0.207 atk 0.218 tok_atk 0.171 tok_ab 0.133 (n 4184)
    injected:deck:ON_PLAY:c6+    mse 0.4516 sign 0.838 n   2998 | aux 0.4165 life 0.207 atk 0.195 tok_atk 0.154 tok_ab 0.136 (n 2086)
    injected:deck:OTHER:c3-5     mse 0.4390 sign 0.841 n    710 | aux 0.3917 life 0.178 atk 0.191 tok_atk 0.158 tok_ab 0.115 (n 458)
    injected:deck:OTHER:c6+      mse 0.3840 sign 0.848 n    692 | aux 0.3177 life 0.203 atk 0.167 tok_atk 0.152 tok_ab 0.205 (n 549)
    injected:deck:TRIGGER:c3-5   mse 0.5883 sign 0.794 n   3088 | aux 0.3997 life 0.187 atk 0.195 tok_atk 0.164 tok_ab 0.142 (n 2172)
    injected:deck:TRIGGER:c6+    mse 0.3287 sign 0.897 n    780 | aux 0.3643 life 0.200 atk 0.345 tok_atk 0.244 tok_ab 0.210 (n 554)
    injected:lock:ACTIVATE_MAIN:c0-2 mse 0.5770 sign 0.785 n   2215 | aux 0.3925 life 0.234 atk 0.230 tok_atk 0.190 tok_ab 0.163 (n 1459)
    injected:lock:ACTIVATE_MAIN:c3-5 mse 0.6206 sign 0.766 n  12186 | aux 0.3703 life 0.224 atk 0.218 tok_atk 0.178 tok_ab 0.137 (n 8560)
    injected:lock:ACTIVATE_MAIN:c6+ mse 0.5641 sign 0.778 n   3816 | aux 0.4044 life 0.276 atk 0.213 tok_atk 0.156 tok_ab 0.103 (n 2692)
    injected:lock:COUNTER:c0-2   mse 0.8144 sign 0.709 n   1729 | aux 0.3589 life 0.211 atk 0.244 tok_atk 0.175 tok_ab 0.146 (n 1230)
    injected:lock:COUNTER:c3-5   mse 0.6209 sign 0.773 n    379 | aux 0.3430 life 0.253 atk 0.266 tok_atk 0.180 tok_ab 0.157 (n 270)
    injected:lock:EVENT:c0-2     mse 0.5110 sign 0.816 n  10647 | aux 0.4158 life 0.218 atk 0.219 tok_atk 0.177 tok_ab 0.133 (n 7545)
    injected:lock:EVENT:c3-5     mse 0.5546 sign 0.805 n   4857 | aux 0.3763 life 0.228 atk 0.234 tok_atk 0.179 tok_ab 0.122 (n 3414)
    injected:lock:ON_ATTACK:c0-2 mse 0.4137 sign 0.840 n   1736 | aux 0.4256 life 0.177 atk 0.225 tok_atk 0.143 tok_ab 0.094 (n 1202)
    injected:lock:ON_ATTACK:c3-5 mse 0.4996 sign 0.816 n   7807 | aux 0.3838 life 0.217 atk 0.208 tok_atk 0.154 tok_ab 0.127 (n 5493)
    injected:lock:ON_ATTACK:c6+  mse 0.5143 sign 0.816 n    326 | aux 0.3068 life 0.237 atk 0.253 tok_atk 0.111 tok_ab 0.074 (n 210)
    injected:lock:ON_PLAY:c0-2   mse 0.6969 sign 0.740 n    894 | aux 0.4509 life 0.196 atk 0.182 tok_atk 0.144 tok_ab 0.131 (n 629)
    injected:lock:ON_PLAY:c3-5   mse 0.5637 sign 0.800 n  10085 | aux 0.4214 life 0.212 atk 0.214 tok_atk 0.175 tok_ab 0.119 (n 7082)
    injected:lock:ON_PLAY:c6+    mse 0.4918 sign 0.816 n   5540 | aux 0.3951 life 0.192 atk 0.216 tok_atk 0.179 tok_ab 0.117 (n 3907)
    injected:lock:OTHER:c0-2     mse 0.4831 sign 0.791 n    441 | aux 0.3185 life 0.188 atk 0.165 tok_atk 0.168 tok_ab 0.144 (n 309)
    injected:lock:OTHER:c3-5     mse 0.6512 sign 0.765 n   2166 | aux 0.3532 life 0.192 atk 0.185 tok_atk 0.157 tok_ab 0.129 (n 1445)
    injected:lock:OTHER:c6+      mse 0.6441 sign 0.754 n    894 | aux 0.3478 life 0.220 atk 0.196 tok_atk 0.151 tok_ab 0.069 (n 588)
    injected:lock:TRIGGER:c0-2   mse 0.6280 sign 0.765 n   5834 | aux 0.3940 life 0.203 atk 0.217 tok_atk 0.181 tok_ab 0.122 (n 4128)
    injected:lock:TRIGGER:c3-5   mse 0.5799 sign 0.792 n   5685 | aux 0.3609 life 0.224 atk 0.231 tok_atk 0.185 tok_ab 0.129 (n 4007)
    injected:lock:TRIGGER:c6+    mse 0.5909 sign 0.787 n   1577 | aux 0.3701 life 0.221 atk 0.255 tok_atk 0.223 tok_ab 0.133 (n 1069)
    injected:reduce:ACTIVATE_MAIN:c0-2 mse 0.4243 sign 0.847 n   9622 | aux 0.3809 life 0.214 atk 0.222 tok_atk 0.175 tok_ab 0.136 (n 6884)
    injected:reduce:ACTIVATE_MAIN:c3-5 mse 0.5304 sign 0.815 n   5037 | aux 0.3579 life 0.192 atk 0.204 tok_atk 0.171 tok_ab 0.135 (n 3546)
    injected:reduce:ACTIVATE_MAIN:c6+ mse 0.4863 sign 0.809 n    763 | aux 0.4448 life 0.212 atk 0.249 tok_atk 0.152 tok_ab 0.169 (n 522)
    injected:reduce:COUNTER:c0-2 mse 0.5422 sign 0.804 n   4468 | aux 0.3859 life 0.195 atk 0.203 tok_atk 0.148 tok_ab 0.132 (n 3124)
    injected:reduce:COUNTER:c3-5 mse 0.4093 sign 0.845 n   1932 | aux 0.3411 life 0.184 atk 0.241 tok_atk 0.164 tok_ab 0.094 (n 1412)
    injected:reduce:EVENT:c0-2   mse 0.4820 sign 0.827 n  14696 | aux 0.3991 life 0.199 atk 0.199 tok_atk 0.163 tok_ab 0.130 (n 10242)
    injected:reduce:EVENT:c3-5   mse 0.4419 sign 0.831 n   3872 | aux 0.3617 life 0.210 atk 0.222 tok_atk 0.178 tok_ab 0.119 (n 2901)
    injected:reduce:EVENT:c6+    mse 0.3170 sign 0.904 n   1034 | aux 0.3179 life 0.149 atk 0.147 tok_atk 0.148 tok_ab 0.071 (n 733)
    injected:reduce:ON_ATTACK:c0-2 mse 0.6333 sign 0.762 n   5034 | aux 0.3724 life 0.213 atk 0.196 tok_atk 0.162 tok_ab 0.126 (n 3538)
    injected:reduce:ON_ATTACK:c3-5 mse 0.5646 sign 0.796 n  10332 | aux 0.4149 life 0.214 atk 0.207 tok_atk 0.169 tok_ab 0.133 (n 7261)
    injected:reduce:ON_ATTACK:c6+ mse 0.5220 sign 0.807 n   3986 | aux 0.3947 life 0.208 atk 0.210 tok_atk 0.169 tok_ab 0.131 (n 2730)
    injected:reduce:ON_PLAY:c0-2 mse 0.4214 sign 0.834 n   2290 | aux 0.3652 life 0.180 atk 0.247 tok_atk 0.192 tok_ab 0.125 (n 1603)
    injected:reduce:ON_PLAY:c3-5 mse 0.5510 sign 0.804 n   2540 | aux 0.4088 life 0.177 atk 0.242 tok_atk 0.185 tok_ab 0.133 (n 1769)
    injected:reduce:ON_PLAY:c6+  mse 0.6916 sign 0.745 n    870 | aux 0.3943 life 0.250 atk 0.256 tok_atk 0.177 tok_ab 0.084 (n 625)
    injected:reduce:OTHER:c0-2   mse 0.6103 sign 0.784 n   1438 | aux 0.4508 life 0.280 atk 0.230 tok_atk 0.157 tok_ab 0.094 (n 961)
    injected:reduce:OTHER:c6+    mse 0.6106 sign 0.772 n   1418 | aux 0.3897 life 0.214 atk 0.182 tok_atk 0.165 tok_ab 0.149 (n 977)
    injected:reduce:TRIGGER:c0-2 mse 0.5201 sign 0.815 n   4598 | aux 0.3323 life 0.193 atk 0.202 tok_atk 0.159 tok_ab 0.120 (n 3103)
    injected:reduce:TRIGGER:c3-5 mse 0.5668 sign 0.802 n   1789 | aux 0.3473 life 0.205 atk 0.238 tok_atk 0.174 tok_ab 0.140 (n 1249)
    injected:reduce:TRIGGER:c6+  mse 0.1054 sign 0.982 n    325 | aux 0.3545 life 0.226 atk 0.171 tok_atk 0.137 tok_ab 0.112 (n 245)
    injected:trash:ACTIVATE_MAIN:c3-5 mse 0.6462 sign 0.747 n    561 | aux 0.4320 life 0.212 atk 0.300 tok_atk 0.182 tok_ab 0.128 (n 402)
    injected:trash:ACTIVATE_MAIN:c6+ mse 0.5725 sign 0.799 n   2390 | aux 0.5103 life 0.185 atk 0.192 tok_atk 0.177 tok_ab 0.140 (n 1668)
    injected:trash:ON_ATTACK:c3-5 mse 0.7283 sign 0.721 n   3048 | aux 0.4559 life 0.226 atk 0.192 tok_atk 0.166 tok_ab 0.135 (n 2182)
    injected:trash:ON_PLAY:c6+   mse 0.7291 sign 0.726 n   1981 | aux 0.4582 life 0.222 atk 0.199 tok_atk 0.168 tok_ab 0.120 (n 1456)
    colors:BLACK                 mse 0.5302 sign 0.806 n  32999 | aux 0.4394 life 0.219 atk 0.203 tok_atk 0.165 tok_ab 0.133 (n 23273)
    colors:BLUE                  mse 0.4791 sign 0.828 n  38348 | aux 0.3862 life 0.213 atk 0.212 tok_atk 0.164 tok_ab 0.135 (n 27276)
    colors:GREEN                 mse 0.5767 sign 0.786 n  33255 | aux 0.4144 life 0.209 atk 0.211 tok_atk 0.172 tok_ab 0.127 (n 23063)
    colors:PURPLE                mse 0.5149 sign 0.814 n  32312 | aux 0.3770 life 0.212 atk 0.213 tok_atk 0.164 tok_ab 0.136 (n 22654)
    colors:RED                   mse 0.5066 sign 0.816 n  39943 | aux 0.3502 life 0.198 atk 0.204 tok_atk 0.169 tok_ab 0.131 (n 28089)
    colors:YELLOW                mse 0.5745 sign 0.787 n  29181 | aux 0.3675 life 0.219 atk 0.240 tok_atk 0.184 tok_ab 0.135 (n 20415)
    after_removal                mse 0.6217 sign 0.777 n   3806 | aux 0.4262 life 0.233 atk 0.250 tok_atk 0.212 tok_ab 0.133 (n 3130)
    not_removal                  mse 0.5170 sign 0.812 n 135576 | aux 0.3849 life 0.213 atk 0.214 tok_atk 0.169 tok_ab 0.133 (n 94457)
  nrel_r4q.npz
    all                          mse 0.5178 sign 0.811 n 139382 | aux 0.3838 life 0.214 atk 0.203 tok_atk 0.162 tok_ab 0.123 (n 97587)
    turn1-4                      mse 0.7600 sign 0.712 n  17646 | aux 0.2775 life 0.116 atk 0.127 tok_atk 0.112 tok_ab 0.085 (n 17646)
    turn5-8                      mse 0.6234 sign 0.773 n  43438 | aux 0.3960 life 0.223 atk 0.209 tok_atk 0.154 tok_ab 0.126 (n 41764)
    turn9-99                     mse 0.3943 sign 0.859 n  76380 | aux 0.4325 life 0.262 atk 0.243 tok_atk 0.198 tok_ab 0.142 (n 36259)
    injected:KO:ACTIVATE_MAIN:c0-2 mse 0.4237 sign 0.859 n   2276 | aux 0.3510 life 0.204 atk 0.221 tok_atk 0.178 tok_ab 0.151 (n 1525)
    injected:KO:ACTIVATE_MAIN:c3-5 mse 0.5355 sign 0.800 n   5427 | aux 0.3764 life 0.216 atk 0.202 tok_atk 0.173 tok_ab 0.114 (n 3836)
    injected:KO:ACTIVATE_MAIN:c6+ mse 0.4736 sign 0.841 n   2779 | aux 0.3618 life 0.216 atk 0.186 tok_atk 0.160 tok_ab 0.165 (n 1932)
    injected:KO:COUNTER:c0-2     mse 0.2444 sign 0.910 n   1707 | aux 0.5037 life 0.200 atk 0.243 tok_atk 0.165 tok_ab 0.128 (n 1222)
    injected:KO:COUNTER:c3-5     mse 0.3630 sign 0.876 n   1107 | aux 0.3242 life 0.232 atk 0.195 tok_atk 0.162 tok_ab 0.150 (n 797)
    injected:KO:EVENT:c0-2       mse 0.5908 sign 0.788 n   8643 | aux 0.3709 life 0.215 atk 0.203 tok_atk 0.162 tok_ab 0.126 (n 6138)
    injected:KO:EVENT:c3-5       mse 0.5201 sign 0.805 n  14451 | aux 0.3682 life 0.209 atk 0.193 tok_atk 0.169 tok_ab 0.117 (n 10290)
    injected:KO:EVENT:c6+        mse 0.4330 sign 0.833 n   2633 | aux 0.3270 life 0.173 atk 0.180 tok_atk 0.159 tok_ab 0.086 (n 1802)
    injected:KO:ON_ATTACK:c0-2   mse 0.7007 sign 0.727 n   1845 | aux 0.3706 life 0.182 atk 0.192 tok_atk 0.152 tok_ab 0.139 (n 1218)
    injected:KO:ON_ATTACK:c3-5   mse 0.5227 sign 0.810 n  10262 | aux 0.3881 life 0.196 atk 0.204 tok_atk 0.153 tok_ab 0.124 (n 6984)
    injected:KO:ON_ATTACK:c6+    mse 0.3842 sign 0.861 n   1495 | aux 0.3799 life 0.186 atk 0.223 tok_atk 0.153 tok_ab 0.117 (n 1014)
    injected:KO:ON_PLAY:c3-5     mse 0.5991 sign 0.779 n   9928 | aux 0.3623 life 0.198 atk 0.204 tok_atk 0.152 tok_ab 0.116 (n 6653)
    injected:KO:ON_PLAY:c6+      mse 0.5120 sign 0.796 n   1331 | aux 0.3433 life 0.188 atk 0.253 tok_atk 0.192 tok_ab 0.082 (n 939)
    injected:KO:OTHER:c3-5       mse 0.4163 sign 0.849 n   2209 | aux 0.3646 life 0.179 atk 0.156 tok_atk 0.120 tok_ab 0.125 (n 1584)
    injected:KO:TRIGGER:c0-2     mse 0.4727 sign 0.826 n  11800 | aux 0.3959 life 0.212 atk 0.198 tok_atk 0.162 tok_ab 0.117 (n 8326)
    injected:KO:TRIGGER:c3-5     mse 0.4619 sign 0.833 n  11216 | aux 0.3646 life 0.220 atk 0.197 tok_atk 0.175 tok_ab 0.119 (n 8074)
    injected:KO:TRIGGER:c6+      mse 0.2949 sign 0.900 n   1504 | aux 0.3213 life 0.180 atk 0.172 tok_atk 0.156 tok_ab 0.081 (n 995)
    injected:bounce:COUNTER:c0-2 mse 0.4698 sign 0.843 n    686 | aux 0.3208 life 0.231 atk 0.273 tok_atk 0.186 tok_ab 0.148 (n 502)
    injected:bounce:EVENT:c0-2   mse 0.3184 sign 0.895 n   1363 | aux 0.4856 life 0.160 atk 0.157 tok_atk 0.120 tok_ab 0.153 (n 987)
    injected:bounce:EVENT:c3-5   mse 0.4958 sign 0.826 n   4068 | aux 0.3805 life 0.213 atk 0.217 tok_atk 0.168 tok_ab 0.128 (n 2994)
    injected:bounce:ON_ATTACK:c0-2 mse 0.5812 sign 0.779 n   2583 | aux 0.4182 life 0.213 atk 0.204 tok_atk 0.168 tok_ab 0.130 (n 1837)
    injected:bounce:ON_ATTACK:c3-5 mse 0.5693 sign 0.797 n   3518 | aux 0.3663 life 0.208 atk 0.196 tok_atk 0.154 tok_ab 0.123 (n 2507)
    injected:bounce:ON_PLAY:c0-2 mse 0.7795 sign 0.703 n   1243 | aux 0.3745 life 0.228 atk 0.194 tok_atk 0.165 tok_ab 0.110 (n 886)
    injected:bounce:ON_PLAY:c3-5 mse 0.5151 sign 0.810 n   4569 | aux 0.3590 life 0.213 atk 0.196 tok_atk 0.152 tok_ab 0.095 (n 3189)
    injected:bounce:ON_PLAY:c6+  mse 0.2620 sign 0.911 n   1623 | aux 0.3890 life 0.241 atk 0.225 tok_atk 0.174 tok_ab 0.104 (n 1193)
    injected:bounce:OTHER:c0-2   mse 0.4944 sign 0.805 n    411 | aux 0.5805 life 0.246 atk 0.194 tok_atk 0.148 tok_ab 0.200 (n 322)
    injected:bounce:OTHER:c3-5   mse 0.5348 sign 0.797 n   3401 | aux 0.3958 life 0.220 atk 0.207 tok_atk 0.159 tok_ab 0.104 (n 2408)
    injected:bounce:TRIGGER:c0-2 mse 0.4993 sign 0.817 n   1072 | aux 0.3796 life 0.237 atk 0.224 tok_atk 0.144 tok_ab 0.127 (n 834)
    injected:deck:ACTIVATE_MAIN:c3-5 mse 0.4163 sign 0.870 n    525 | aux 0.4176 life 0.289 atk 0.216 tok_atk 0.156 tok_ab 0.107 (n 358)
    injected:deck:COUNTER:c0-2   mse 0.8432 sign 0.655 n    647 | aux 0.4121 life 0.214 atk 0.227 tok_atk 0.210 tok_ab 0.112 (n 485)
    injected:deck:EVENT:c0-2     mse 0.4901 sign 0.828 n   6225 | aux 0.3974 life 0.225 atk 0.210 tok_atk 0.162 tok_ab 0.126 (n 4443)
    injected:deck:EVENT:c3-5     mse 0.5021 sign 0.820 n   5921 | aux 0.3977 life 0.209 atk 0.191 tok_atk 0.152 tok_ab 0.138 (n 4286)
    injected:deck:ON_ATTACK:c0-2 mse 0.5612 sign 0.792 n   2442 | aux 0.3668 life 0.189 atk 0.197 tok_atk 0.153 tok_ab 0.152 (n 1752)
    injected:deck:ON_ATTACK:c3-5 mse 0.5637 sign 0.787 n   1490 | aux 0.4040 life 0.218 atk 0.199 tok_atk 0.167 tok_ab 0.119 (n 1052)
    injected:deck:ON_PLAY:c0-2   mse 0.4095 sign 0.848 n   1386 | aux 0.3784 life 0.215 atk 0.260 tok_atk 0.179 tok_ab 0.109 (n 985)
    injected:deck:ON_PLAY:c3-5   mse 0.5081 sign 0.808 n   5851 | aux 0.3421 life 0.208 atk 0.215 tok_atk 0.162 tok_ab 0.121 (n 4184)
    injected:deck:ON_PLAY:c6+    mse 0.4165 sign 0.856 n   2998 | aux 0.4198 life 0.206 atk 0.191 tok_atk 0.146 tok_ab 0.125 (n 2086)
    injected:deck:OTHER:c3-5     mse 0.4550 sign 0.823 n    710 | aux 0.3927 life 0.172 atk 0.188 tok_atk 0.153 tok_ab 0.109 (n 458)
    injected:deck:OTHER:c6+      mse 0.3321 sign 0.887 n    692 | aux 0.3209 life 0.211 atk 0.180 tok_atk 0.149 tok_ab 0.200 (n 549)
    injected:deck:TRIGGER:c3-5   mse 0.5673 sign 0.799 n   3088 | aux 0.3984 life 0.186 atk 0.195 tok_atk 0.157 tok_ab 0.133 (n 2172)
    injected:deck:TRIGGER:c6+    mse 0.3206 sign 0.897 n    780 | aux 0.3614 life 0.196 atk 0.319 tok_atk 0.239 tok_ab 0.197 (n 554)
    injected:lock:ACTIVATE_MAIN:c0-2 mse 0.5619 sign 0.797 n   2215 | aux 0.3887 life 0.235 atk 0.226 tok_atk 0.183 tok_ab 0.152 (n 1459)
    injected:lock:ACTIVATE_MAIN:c3-5 mse 0.6321 sign 0.768 n  12186 | aux 0.3667 life 0.225 atk 0.205 tok_atk 0.172 tok_ab 0.127 (n 8560)
    injected:lock:ACTIVATE_MAIN:c6+ mse 0.5318 sign 0.791 n   3816 | aux 0.3996 life 0.281 atk 0.199 tok_atk 0.147 tok_ab 0.096 (n 2692)
    injected:lock:COUNTER:c0-2   mse 0.7812 sign 0.730 n   1729 | aux 0.3537 life 0.215 atk 0.221 tok_atk 0.166 tok_ab 0.135 (n 1230)
    injected:lock:COUNTER:c3-5   mse 0.6738 sign 0.755 n    379 | aux 0.3394 life 0.244 atk 0.275 tok_atk 0.171 tok_ab 0.156 (n 270)
    injected:lock:EVENT:c0-2     mse 0.4960 sign 0.826 n  10647 | aux 0.4118 life 0.219 atk 0.206 tok_atk 0.168 tok_ab 0.121 (n 7545)
    injected:lock:EVENT:c3-5     mse 0.5586 sign 0.797 n   4857 | aux 0.3755 life 0.227 atk 0.232 tok_atk 0.174 tok_ab 0.115 (n 3414)
    injected:lock:ON_ATTACK:c0-2 mse 0.4223 sign 0.840 n   1736 | aux 0.4211 life 0.174 atk 0.217 tok_atk 0.134 tok_ab 0.083 (n 1202)
    injected:lock:ON_ATTACK:c3-5 mse 0.4871 sign 0.820 n   7807 | aux 0.3808 life 0.215 atk 0.203 tok_atk 0.145 tok_ab 0.114 (n 5493)
    injected:lock:ON_ATTACK:c6+  mse 0.4742 sign 0.828 n    326 | aux 0.3014 life 0.254 atk 0.175 tok_atk 0.106 tok_ab 0.079 (n 210)
    injected:lock:ON_PLAY:c0-2   mse 0.6952 sign 0.726 n    894 | aux 0.4472 life 0.201 atk 0.188 tok_atk 0.137 tok_ab 0.113 (n 629)
    injected:lock:ON_PLAY:c3-5   mse 0.5699 sign 0.794 n  10085 | aux 0.4185 life 0.210 atk 0.204 tok_atk 0.168 tok_ab 0.109 (n 7082)
    injected:lock:ON_PLAY:c6+    mse 0.5007 sign 0.810 n   5540 | aux 0.3935 life 0.192 atk 0.207 tok_atk 0.171 tok_ab 0.105 (n 3907)
    injected:lock:OTHER:c0-2     mse 0.5609 sign 0.746 n    441 | aux 0.3219 life 0.183 atk 0.163 tok_atk 0.164 tok_ab 0.138 (n 309)
    injected:lock:OTHER:c3-5     mse 0.6729 sign 0.760 n   2166 | aux 0.3483 life 0.193 atk 0.180 tok_atk 0.146 tok_ab 0.115 (n 1445)
    injected:lock:OTHER:c6+      mse 0.6295 sign 0.758 n    894 | aux 0.3428 life 0.212 atk 0.199 tok_atk 0.143 tok_ab 0.066 (n 588)
    injected:lock:TRIGGER:c0-2   mse 0.6153 sign 0.774 n   5834 | aux 0.3929 life 0.206 atk 0.206 tok_atk 0.170 tok_ab 0.110 (n 4128)
    injected:lock:TRIGGER:c3-5   mse 0.5812 sign 0.794 n   5685 | aux 0.3603 life 0.229 atk 0.222 tok_atk 0.177 tok_ab 0.119 (n 4007)
    injected:lock:TRIGGER:c6+    mse 0.5857 sign 0.778 n   1577 | aux 0.3727 life 0.222 atk 0.251 tok_atk 0.215 tok_ab 0.123 (n 1069)
    injected:reduce:ACTIVATE_MAIN:c0-2 mse 0.4086 sign 0.859 n   9622 | aux 0.3789 life 0.215 atk 0.211 tok_atk 0.165 tok_ab 0.125 (n 6884)
    injected:reduce:ACTIVATE_MAIN:c3-5 mse 0.5211 sign 0.819 n   5037 | aux 0.3565 life 0.197 atk 0.192 tok_atk 0.159 tok_ab 0.126 (n 3546)
    injected:reduce:ACTIVATE_MAIN:c6+ mse 0.4833 sign 0.813 n    763 | aux 0.4500 life 0.208 atk 0.258 tok_atk 0.146 tok_ab 0.178 (n 522)
    injected:reduce:COUNTER:c0-2 mse 0.5316 sign 0.808 n   4468 | aux 0.3825 life 0.193 atk 0.195 tok_atk 0.139 tok_ab 0.121 (n 3124)
    injected:reduce:COUNTER:c3-5 mse 0.3634 sign 0.854 n   1932 | aux 0.3365 life 0.184 atk 0.204 tok_atk 0.157 tok_ab 0.088 (n 1412)
    injected:reduce:EVENT:c0-2   mse 0.4824 sign 0.823 n  14696 | aux 0.3961 life 0.200 atk 0.184 tok_atk 0.155 tok_ab 0.123 (n 10242)
    injected:reduce:EVENT:c3-5   mse 0.4098 sign 0.837 n   3872 | aux 0.3578 life 0.208 atk 0.192 tok_atk 0.171 tok_ab 0.114 (n 2901)
    injected:reduce:EVENT:c6+    mse 0.3113 sign 0.891 n   1034 | aux 0.3193 life 0.142 atk 0.141 tok_atk 0.139 tok_ab 0.063 (n 733)
    injected:reduce:ON_ATTACK:c0-2 mse 0.6174 sign 0.770 n   5034 | aux 0.3666 life 0.213 atk 0.189 tok_atk 0.154 tok_ab 0.118 (n 3538)
    injected:reduce:ON_ATTACK:c3-5 mse 0.5738 sign 0.791 n  10332 | aux 0.4113 life 0.215 atk 0.194 tok_atk 0.160 tok_ab 0.121 (n 7261)
    injected:reduce:ON_ATTACK:c6+ mse 0.5207 sign 0.815 n   3986 | aux 0.3920 life 0.204 atk 0.202 tok_atk 0.161 tok_ab 0.122 (n 2730)
    injected:reduce:ON_PLAY:c0-2 mse 0.4220 sign 0.836 n   2290 | aux 0.3611 life 0.191 atk 0.232 tok_atk 0.183 tok_ab 0.111 (n 1603)
    injected:reduce:ON_PLAY:c3-5 mse 0.5694 sign 0.803 n   2540 | aux 0.4056 life 0.173 atk 0.219 tok_atk 0.178 tok_ab 0.121 (n 1769)
    injected:reduce:ON_PLAY:c6+  mse 0.6517 sign 0.779 n    870 | aux 0.3880 life 0.257 atk 0.248 tok_atk 0.175 tok_ab 0.078 (n 625)
    injected:reduce:OTHER:c0-2   mse 0.6278 sign 0.787 n   1438 | aux 0.4526 life 0.292 atk 0.208 tok_atk 0.149 tok_ab 0.089 (n 961)
    injected:reduce:OTHER:c6+    mse 0.6017 sign 0.778 n   1418 | aux 0.3925 life 0.212 atk 0.186 tok_atk 0.155 tok_ab 0.143 (n 977)
    injected:reduce:TRIGGER:c0-2 mse 0.5234 sign 0.811 n   4598 | aux 0.3294 life 0.193 atk 0.192 tok_atk 0.148 tok_ab 0.113 (n 3103)
    injected:reduce:TRIGGER:c3-5 mse 0.5698 sign 0.786 n   1789 | aux 0.3367 life 0.206 atk 0.219 tok_atk 0.163 tok_ab 0.132 (n 1249)
    injected:reduce:TRIGGER:c6+  mse 0.1204 sign 0.969 n    325 | aux 0.3585 life 0.229 atk 0.156 tok_atk 0.130 tok_ab 0.106 (n 245)
    injected:trash:ACTIVATE_MAIN:c3-5 mse 0.6047 sign 0.763 n    561 | aux 0.4158 life 0.183 atk 0.269 tok_atk 0.176 tok_ab 0.115 (n 402)
    injected:trash:ACTIVATE_MAIN:c6+ mse 0.5791 sign 0.795 n   2390 | aux 0.5008 life 0.178 atk 0.183 tok_atk 0.168 tok_ab 0.126 (n 1668)
    injected:trash:ON_ATTACK:c3-5 mse 0.7264 sign 0.720 n   3048 | aux 0.4450 life 0.215 atk 0.171 tok_atk 0.160 tok_ab 0.122 (n 2182)
    injected:trash:ON_PLAY:c6+   mse 0.7315 sign 0.726 n   1981 | aux 0.4448 life 0.209 atk 0.161 tok_atk 0.162 tok_ab 0.107 (n 1456)
    colors:BLACK                 mse 0.5299 sign 0.806 n  32999 | aux 0.4366 life 0.220 atk 0.190 tok_atk 0.156 tok_ab 0.122 (n 23273)
    colors:BLUE                  mse 0.4812 sign 0.826 n  38348 | aux 0.3842 life 0.212 atk 0.202 tok_atk 0.156 tok_ab 0.124 (n 27276)
    colors:GREEN                 mse 0.5692 sign 0.791 n  33255 | aux 0.4126 life 0.210 atk 0.203 tok_atk 0.162 tok_ab 0.117 (n 23063)
    colors:PURPLE                mse 0.5025 sign 0.819 n  32312 | aux 0.3746 life 0.212 atk 0.202 tok_atk 0.157 tok_ab 0.125 (n 22654)
    colors:RED                   mse 0.5042 sign 0.816 n  39943 | aux 0.3474 life 0.199 atk 0.189 tok_atk 0.160 tok_ab 0.122 (n 28089)
    colors:YELLOW                mse 0.5695 sign 0.789 n  29181 | aux 0.3657 life 0.220 atk 0.225 tok_atk 0.176 tok_ab 0.124 (n 20415)
    after_removal                mse 0.6119 sign 0.780 n   3806 | aux 0.4255 life 0.236 atk 0.248 tok_atk 0.206 tok_ab 0.126 (n 3130)
    not_removal                  mse 0.5151 sign 0.812 n 135576 | aux 0.3824 life 0.213 atk 0.202 tok_atk 0.160 tok_ab 0.123 (n 94457)
  493s
  → /root/band_w29.json
N_REL_BAND {"rows": 139382, "src": ["/root/n29_wave/w*/n_records/n29_w*"], "out": "/root/band_w29.json", "buckets": 95, "nets": {"nrel_r3.npz": {"v_mse": 0.532666184792196, "v_sign": 0.8042358410698656, "n": 139382}, "nrel_r4b.npz": {"v_mse": 0.5198184109483005, "v_sign": 0.8105565998479, "n": 139382, "aux": {"opp_turn_my_life_lost": 0.21316087245941162, "opp_turn_attacks": 0.21507228910923004, "opp_turn_effects": 1.0143990516662598, "my_turn_opp_life_lost": 0.25715306401252747, "my_turn_attacks": 0.29192715883255005, "my_turn_effects": 1.2742027044296265, "next_my_board_power": 0.06423453241586685, "next_opp_board_power": 0.08442492038011551, "next_my_board_n": 0.22448447346687317, "next_opp_board_n": 0.22366753220558167, "tok_attacked": 0.17000766098499298, "tok_life_pushed": 0.030188653618097305, "tok_ability": 0.1333947479724884, "n": 97587}}, "nrel_r4q.npz": {"v_mse": 0.5177728944876623, "v_sign": 0.8110014205564564, "n": 139382, "aux": {"opp_turn_my_life_lost": 0.21386279165744781, "opp_turn_attacks": 0.20326866209506989, "opp_turn_effects": 1.01433527469635, "my_turn_opp_life_lost": 0.2570306360721588, "my_turn_attacks": 0.29145166277885437, "my_turn_effects": 1.2634813785552979, "next_my_board_power": 0.06360989063978195, "next_opp_board_power": 0.08409210294485092, "next_my_board_n": 0.22469249367713928, "next_opp_board_n": 0.22203049063682556, "tok_attacked": 0.16187076270580292, "tok_life_pushed": 0.03001748025417328, "tok_ability": 0.12305299192667007, "n": 97587}}}, "policy": {"nrel_r3.npz": {"points": 20000, "top1_visits": 0.60085, "ce_visits": 1.807600944519043, "top1_q_improved": 0.62375, "ce_q_improved": 1.5075974948883057, "gate": {"rows": 6686, "p_mass_removal": 0.2595281016124497, "argmax_removal": 0.25665569847442415, "data_chose_removal": 0.25381393957523185}}, "nrel_r4b.npz": {"points": 20000, "top1_visits": 0.6231, "ce_visits": 1.7558120643615722, "top1_q_improved": 0.6165, "ce_q_improved": 1.5350760152816771, "gate": {"rows": 6686, "p_mass_removal": 0.2592370977700017, "argmax_removal": 0.24813042177684713, "data_chose_removal": 0.25381393957523185}}, "nrel_r4q.npz": {"points": 20000, "top1_visits": 0.6278, "ce_visits": 1.882989697265625, "top1_q_improved": 0.6357, "ce_q_improved": 1.433273480987549, "gate": {"rows": 6686, "p_mass_removal": 0.25286713676381783, "argmax_removal": 0.2442416990726892, "data_chose_removal": 0.25381393957523185}}}}
