行 974297・対局 6719（45s）
対局 6719・自席ターン 87354
状態の分布（L=lethal_margin・T=threat_margin）: {'L+1|T+1': 888, 'L+1|T-1': 664, 'L+1|T0': 965, 'L+1|T<=-2': 762, 'L+1|T>=+2': 880, 'L-1|T+1': 1650, 'L-1|T-1': 1725, 'L-1|T0': 1792, 'L-1|T<=-2': 2410, 'L-1|T>=+2': 2027, 'L0|T+1': 1362, 'L0|T-1': 1206, 'L0|T0': 1382, 'L0|T<=-2': 1407, 'L0|T>=+2': 1540, 'L<=-2|T+1': 3176, 'L<=-2|T-1': 6867, 'L<=-2|T0': 4999, 'L<=-2|T<=-2': 45236, 'L<=-2|T>=+2': 2990, 'L>=+2|T+1': 711, 'L>=+2|T-1': 544, 'L>=+2|T0': 852, 'L>=+2|T<=-2': 599, 'L>=+2|T>=+2': 720}
lethal_only: 5182 ターン
  attempted 0.673 [0.660,0.686] n 5182  defended 0.344 [0.331,0.357] n 5182  won_now 0.406 [0.393,0.419] n 5182  died_next 0.007 [0.004,0.009] n 5182  winrate 0.899 [0.890,0.907] n 5182
    attempted      winrate 0.950 [0.943,0.957] n 3488  won_now 0.597 [0.581,0.613] n 3488  died_next 0.004 [0.002,0.006] n 3488
    not_attempted  winrate 0.793 [0.773,0.812] n 1694  won_now 0.013 [0.008,0.018] n 1694  died_next 0.011 [0.006,0.016] n 1694
    defended       winrate 0.831 [0.814,0.849] n 1783  won_now 0.057 [0.046,0.067] n 1783  died_next 0.008 [0.004,0.013] n 1783
    not_defended   winrate 0.934 [0.926,0.942] n 3399  won_now 0.589 [0.573,0.606] n 3399  died_next 0.006 [0.003,0.008] n 3399
    face_only      winrate 0.935 [0.927,0.943] n 3384  won_now 0.592 [0.575,0.608] n 3384  died_next 0.005 [0.003,0.008] n 3384
    by_opp_hand/h0-1   turns   566  attempted 0.754 [0.719,0.790] n 566  defended 0.207 [0.173,0.240] n 566  winrate 0.975 [0.962,0.988] n 566
    by_opp_hand/h2-3   turns  1426  attempted 0.738 [0.716,0.761] n 1426  defended 0.289 [0.265,0.312] n 1426  winrate 0.950 [0.939,0.961] n 1426
    by_opp_hand/h4+    turns  3190  attempted 0.629 [0.613,0.646] n 3190  defended 0.393 [0.376,0.410] n 3190  winrate 0.862 [0.850,0.874] n 3190
    by_turn/t5-8   turns   647  attempted 0.294 [0.259,0.329] n 647  defended 0.552 [0.513,0.590] n 647  winrate 0.706 [0.671,0.741] n 647
    by_turn/t9+    turns  4535  attempted 0.727 [0.714,0.740] n 4535  defended 0.314 [0.301,0.328] n 4535  winrate 0.926 [0.919,0.934] n 4535
    by_z/win    turns  4657  attempted 0.712 [0.699,0.725] n 4657  defended 0.318 [0.305,0.332] n 4657
    by_z/lose   turns   525  attempted 0.331 [0.291,0.372] n 525  defended 0.573 [0.531,0.616] n 525
threat_only: 16634 ターン
  attempted 0.365 [0.358,0.373] n 16634  defended 0.755 [0.749,0.762] n 16634  won_now 0.010 [0.008,0.011] n 16634  died_next 0.279 [0.272,0.286] n 16634  winrate 0.290 [0.284,0.297] n 16634
    attempted      winrate 0.311 [0.300,0.323] n 6075  won_now 0.026 [0.022,0.030] n 6075  died_next 0.329 [0.317,0.341] n 6075
    not_attempted  winrate 0.278 [0.270,0.287] n 10559  won_now 0.000 [-0.000,0.000] n 10559  died_next 0.250 [0.242,0.259] n 10559
    defended       winrate 0.297 [0.289,0.305] n 12563  won_now 0.006 [0.004,0.007] n 12563  died_next 0.254 [0.247,0.262] n 12563
    not_defended   winrate 0.269 [0.255,0.283] n 4071  won_now 0.023 [0.018,0.027] n 4071  died_next 0.355 [0.340,0.369] n 4071
    face_only      winrate 0.279 [0.265,0.294] n 3876  won_now 0.024 [0.019,0.029] n 3876  died_next 0.353 [0.338,0.368] n 3876
    by_my_hand/h0-1   turns   676  attempted 0.467 [0.430,0.505] n 676  defended 0.590 [0.553,0.627] n 676  winrate 0.160 [0.132,0.187] n 676
    by_my_hand/h2-3   turns  3536  attempted 0.384 [0.368,0.400] n 3536  defended 0.719 [0.704,0.733] n 3536  winrate 0.196 [0.183,0.209] n 3536
    by_my_hand/h4+    turns 12422  attempted 0.354 [0.346,0.363] n 12422  defended 0.775 [0.767,0.782] n 12422  winrate 0.324 [0.316,0.333] n 12422
    by_turn/t1-4   turns    19  attempted 0.158 [-0.006,0.322] n 19  defended 0.316 [0.107,0.525] n 19  winrate 0.316 [0.107,0.525] n 19
    by_turn/t5-8   turns  3974  attempted 0.324 [0.309,0.338] n 3974  defended 0.783 [0.770,0.795] n 3974  winrate 0.356 [0.341,0.371] n 3974
    by_turn/t9+    turns 12641  attempted 0.379 [0.370,0.387] n 12641  defended 0.747 [0.740,0.755] n 12641  winrate 0.270 [0.262,0.278] n 12641
    by_z/win    turns  4831  attempted 0.392 [0.378,0.405] n 4831  defended 0.773 [0.762,0.785] n 4831
    by_z/lose   turns 11803  attempted 0.354 [0.346,0.363] n 11803  defended 0.748 [0.740,0.756] n 11803
both: 9300 ターン
  attempted 0.705 [0.696,0.714] n 9300  defended 0.393 [0.383,0.403] n 9300  won_now 0.475 [0.465,0.485] n 9300  died_next 0.213 [0.205,0.222] n 9300  winrate 0.703 [0.693,0.712] n 9300
    attempted      winrate 0.804 [0.794,0.814] n 6558  won_now 0.670 [0.658,0.681] n 6558  died_next 0.165 [0.156,0.174] n 6558
    not_attempted  winrate 0.460 [0.442,0.479] n 2742  won_now 0.009 [0.006,0.013] n 2742  died_next 0.329 [0.312,0.347] n 2742
    defended       winrate 0.467 [0.451,0.483] n 3655  won_now 0.045 [0.039,0.052] n 3655  died_next 0.369 [0.353,0.384] n 3655
    not_defended   winrate 0.855 [0.846,0.864] n 5645  won_now 0.753 [0.742,0.765] n 5645  died_next 0.113 [0.104,0.121] n 5645
    face_only      winrate 0.856 [0.847,0.865] n 5626  won_now 0.756 [0.745,0.767] n 5626  died_next 0.112 [0.104,0.121] n 5626
    by_opp_hand/h0-1   turns  1039  attempted 0.764 [0.738,0.790] n 1039  defended 0.249 [0.223,0.276] n 1039  winrate 0.865 [0.844,0.886] n 1039
    by_opp_hand/h2-3   turns  2581  attempted 0.715 [0.698,0.733] n 2581  defended 0.361 [0.343,0.380] n 2581  winrate 0.768 [0.752,0.784] n 2581
    by_opp_hand/h4+    turns  5680  attempted 0.690 [0.678,0.702] n 5680  defended 0.434 [0.421,0.447] n 5680  winrate 0.643 [0.631,0.656] n 5680
    by_turn/t5-8   turns   317  attempted 0.249 [0.202,0.297] n 317  defended 0.691 [0.640,0.742] n 317  winrate 0.492 [0.437,0.547] n 317
    by_turn/t9+    turns  8983  attempted 0.721 [0.712,0.731] n 8983  defended 0.383 [0.372,0.393] n 8983  winrate 0.710 [0.701,0.719] n 8983
    by_z/win    turns  6534  attempted 0.807 [0.797,0.816] n 6534  defended 0.261 [0.251,0.272] n 6534
    by_z/lose   turns  2766  attempted 0.465 [0.446,0.484] n 2766  defended 0.704 [0.687,0.721] n 2766
neither: 56238 ターン  attempted 0.422 [0.418,0.426] n 56238  defended 0.443 [0.439,0.447] n 56238
lethal_by_margin: {'0': (6897, 0.502, 0.224), '+1': (4159, 0.808, 0.535), '>=+2': (3426, 0.941, 0.803)}
見逃し（リーサル圏で attempted でない）0.306 [0.299,0.314] n 14482  win 0.233 [0.225,0.241] n 11191  lose 0.556 [0.539,0.573] n 3291
無謀（被リーサル圏で face だけ）0.233 [0.227,0.239] n 16634
守り guard_rate 0.536（相手ターン 54833）  by_turn {t1-4: 0.620, t5-8: 0.571, t9+: 0.481}  by_life {life1: 0.664, life2: 0.539, life3: 0.504, life4: 0.528, life5: 0.528}  by_z {win: 0.566, lose: 0.508}
  超過パワー別（不明 26）: p<=0: n10378 guard 0.713 平均 -21 wr 0.519  p1-2k: n30477 guard 0.531 平均 +1704 wr 0.490  p3-4k: n9254 guard 0.433 平均 +3390 wr 0.481  p5k+: n4698 guard 0.419 平均 +6967 wr 0.583
    p<=0   × ライフ: life1:0.766(n291)  life2:0.697(n749)  life3:0.665(n2001)  life4:0.741(n6383)  life5:0.699(n6123)
    p1-2k  × ライフ: life1:0.721(n2845)  life2:0.562(n8343)  life3:0.519(n15158)  life4:0.511(n17638)  life5:0.481(n9196)
    p3-4k  × ライフ: life1:0.664(n940)  life2:0.504(n2828)  life3:0.430(n4306)  life4:0.381(n5176)  life5:0.342(n2431)
    p5k+   × ライフ: life1:0.485(n1091)  life2:0.418(n1723)  life3:0.394(n2208)  life4:0.359(n1723)  life5:0.320(n747)
  45.4s
  → /root/race_atk/rs_atk_w29.json
