手の監査 段2: 容疑者12点／7局・世界6・選択肢上限3・sims=160
  seed 505002@85 攻撃: regret +0.000 （選択肢3）
  seed 505007@22 起動メイン: 飽和 （選択肢3）
  seed 505000@44 ターン終了: regret +0.167 （選択肢3）
  seed 505000@82 ドン付与: 飽和 （選択肢3）
  seed 505005@60 ドン付与: 飽和 （選択肢3）
  seed 505003@9 展開: 飽和 （選択肢3）
  seed 505004@2 マリガン: regret +0.000 （選択肢2）
  seed 505004@103 攻撃: regret +0.000 （選択肢3）
  seed 505001@2 マリガン: regret +0.000 （選択肢2）
  seed 505001@8 展開: 飽和 （選択肢3）
  seed 505001@49 ターン終了: 飽和 （選択肢3）
  seed 505001@151 起動メイン: regret +0.000 （選択肢3）

カテゴリ別の平均 regret（n / 飽和 / 未測定）:
  ターン終了      regret=0.1667  n=1  飽和=1  未測定=0
  攻撃         regret=0.0  n=2  飽和=0  未測定=0
  起動メイン      regret=0.0  n=1  飽和=1  未測定=0
  ドン付与       regret=None  n=0  飽和=2  未測定=0
  展開         regret=None  n=0  飽和=2  未測定=0
  マリガン       regret=0.0  n=2  飽和=0  未測定=0

regret 上位（段3の裁定候補）:
  +0.167 seed 505000@44 ターン終了 打={'action_type': 'TURN_END'} 最良={'action_type': 'PLAY', 'card': 'EB02-041'}

結果 -> /tmp/move_audit_shard5/regret.jsonl（seed ごとに逐次書き出し済み）
MOVE_REGRET_DONE {"measured": 12, "saturated": 6}
