  seed 710001@5 T3: プラン6本 z範囲 [+0.19,+0.61] 301s
  seed 710004@9 T3: プラン6本 z範囲 [+0.13,+0.43] 379s
  seed 710005@5 T3: プラン6本 z範囲 [-0.32,-0.14] 447s
  seed 710002@7 T3: プラン6本 z範囲 [+0.32,+0.82] 411s
  seed 710000@6 T3: プラン6本 z範囲 [+0.08,+0.80] 629s
  seed 710004@43 T8: プラン6本 z範囲 [-1.00,-0.95] 529s
  seed 710000@46 T7: skip（有効6本・幅0.000） 313s
  seed 710004@111 T14: skip（有効6本・幅0.000） 71s
  seed 710000@101 T11: skip（有効6本・幅0.000） 63s
  seed 710005@58 T8: skip（有効6本・幅0.028） 659s
  seed 710005@126 T13: プラン6本 z範囲 [-1.00,+1.00] 99s
  seed 710002@46 T8: skip（有効6本・幅0.047） 796s
  seed 710002@120 T13: プラン6本 z範囲 [-1.00,+0.33] 115s
  seed 710006@5 T3: プラン6本 z範囲 [+0.46,+0.91] 290s
  seed 710003@5 T3: プラン6本 z範囲 [+0.30,+0.82] 1580s
  seed 710007@8 T3: プラン6本 z範囲 [+0.16,+0.57] 630s
  seed 710001@45 T8: プラン6本 z範囲 [+0.53,+1.00] 1494s
  seed 710008@5 T3: プラン6本 z範囲 [-0.62,+0.15] 480s
  seed 710001@106 T14: skip（有効6本・幅0.000） 152s
  seed 710009@7 T3: プラン6本 z範囲 [+0.79,+0.84] 634s
  seed 710006@44 T8: プラン6本 z範囲 [-1.00,+0.58] 753s
  seed 710006@128 T14: プラン6本 z範囲 [+0.33,+1.00] 36s
  seed 710007@38 T7: プラン6本 z範囲 [+0.89,+1.00] 769s
  seed 710007@101 T11: skip（有効6本・幅0.000） 131s
  seed 710010@7 T3: プラン6本 z範囲 [-0.84,-0.24] 577s
  seed 710003@67 T8: プラン6本 z範囲 [-1.00,-0.33] 1183s
  seed 710011@5 T3: プラン6本 z範囲 [+0.68,+0.82] 621s
  seed 710003@158 T14: skip（有効6本・幅0.000） 337s
  seed 710012@8 T3: プラン6本 z範囲 [-0.89,-0.75] 514s
  seed 710010@45 T7: skip（有効6本・幅0.000） 850s
  seed 710010@110 T11: skip（有効6本・幅0.000） 40s
  seed 710013@5 T3: プラン6本 z範囲 [-0.88,-0.71] 406s
  seed 710011@47 T8: プラン6本 z範囲 [-1.00,-0.28] 1448s
  seed 710013@25 T6: プラン6本 z範囲 [+0.01,+1.00] 756s
  seed 710011@128 T13: skip（有効6本・幅0.000） 10s
  seed 710014@9 T3: プラン6本 z範囲 [+0.35,+0.77] 921s
  seed 710012@39 T7: skip（有効6本・幅0.028） 1340s
  seed 710013@68 T10: プラン6本 z範囲 [-0.33,+1.00] 217s
  seed 710015@8 T3: プラン6本 z範囲 [-0.44,+0.18] 336s
  seed 710008@41 T7: プラン6本 z範囲 [-0.43,-0.06] 3092s
  seed 710009@46 T8: skip（有効6本・幅0.005） 2898s
  seed 710009@144 T13: skip（有効6本・幅0.000） 0s
  seed 710008@106 T11: skip（有効6本・幅0.000） 307s
  seed 710012@101 T12: プラン6本 z範囲 [-1.00,+1.00] 811s
  seed 710016@6 T3: プラン6本 z範囲 [-0.51,+0.20] 720s
  seed 710014@40 T7: プラン6本 z範囲 [-1.00,+0.37] 1042s
  seed 710015@47 T8: プラン6本 z範囲 [-0.94,-0.73] 744s
  seed 710014@94 T11: プラン6本 z範囲 [-0.33,+1.00] 74s
  seed 710018@5 T3: skip（有効6本・幅0.024） 462s
  seed 710017@8 T3: プラン6本 z範囲 [-0.25,+0.44] 679s
  seed 710015@129 T14: プラン6本 z範囲 [-1.00,+0.33] 570s
  seed 710016@61 T8: プラン6本 z範囲 [-0.81,+0.35] 747s
  seed 710016@140 T14: skip（有効6本・幅0.000） 25s
  seed 710020@8 T3: プラン6本 z範囲 [-0.90,-0.77] 479s
  seed 710019@6 T3: プラン6本 z範囲 [-0.86,-0.09] 800s
  seed 710022@7 T3: プラン6本 z範囲 [+0.56,+0.86] 514s
  seed 710021@6 T3: プラン6本 z範囲 [-0.88,-0.82] 718s
  seed 710019@58 T8: プラン6本 z範囲 [-0.99,+1.00] 730s
  seed 710019@138 T13: プラン6本 z範囲 [-1.00,+1.00] 23s
  seed 710018@36 T7: プラン6本 z範囲 [+0.80,+1.00] 1264s
  seed 710018@109 T11: skip（有効6本・幅0.000） 176s
  seed 710023@10 T3: プラン5本 z範囲 [-0.83,-0.66] 214s
  seed 710017@53 T8: プラン6本 z範囲 [+0.26,+1.00] 1701s
  seed 710017@133 T13: プラン6本 z範囲 [-0.33,+1.00] 94s
  seed 710022@45 T7: プラン6本 z範囲 [-0.93,+0.86] 1120s
  seed 710022@89 T11: プラン6本 z範囲 [+0.33,+1.00] 238s
  seed 710020@40 T7: skip（有効6本・幅0.007） 1928s
  seed 710024@6 T3: プラン6本 z範囲 [-0.79,-0.40] 732s
  seed 710020@121 T12: プラン6本 z範囲 [-0.33,+1.00] 67s
  seed 710023@38 T7: プラン5本 z範囲 [-0.95,-0.50] 942s
  seed 710023@106 T12: skip（有効6本・幅0.000） 78s
  seed 710021@29 T7: プラン6本 z範囲 [-0.91,-0.37] 1850s
  seed 710025@8 T3: プラン6本 z範囲 [-0.86,-0.28] 1076s
  seed 710027@7 T3: プラン6本 z範囲 [+0.12,+0.67] 871s
  seed 710026@6 T3: プラン6本 z範囲 [-0.78,-0.32] 1059s
  seed 710024@54 T8: プラン6本 z範囲 [-0.56,+1.00] 1195s
  seed 710024@131 T14: skip（有効6本・幅0.000） 77s
  seed 710028@9 T3: プラン6本 z範囲 [-0.28,+0.15] 1062s
  seed 710021@103 T12: プラン6本 z範囲 [+0.33,+1.00] 841s
  seed 710028@59 T7: プラン6本 z範囲 [-1.00,+0.33] 487s
  seed 710025@56 T8: プラン6本 z範囲 [-0.93,+0.40] 1106s
  seed 710025@162 T14: skip（有効6本・幅0.000） 1s
  seed 710029@7 T3: プラン6本 z範囲 [+0.37,+0.90] 566s
  seed 710028@127 T11: プラン6本 z範囲 [-1.00,+1.00] 148s
  seed 710030@6 T3: プラン5本 z範囲 [-0.50,+0.65] 442s
  seed 710027@35 T7: プラン6本 z範囲 [-0.95,-0.21] 1513s
  seed 710026@39 T7: プラン6本 z範囲 [-1.00,-0.32] 1483s
  seed 710026@141 T12: skip（有効6本・幅0.000） 0s
  seed 710027@100 T12: プラン6本 z範囲 [-1.00,+1.00] 150s
  seed 710034: InvariantError: invariant violation(s) at step 115: [('TEMP_ZONE_LEAK', 'p1: temp_zone not empty
  seed 710031@7 T3: プラン6本 z範囲 [+0.48,+0.87] 920s
  seed 710032@9 T3: プラン6本 z範囲 [+0.14,+0.89] 804s
  seed 710030@41 T8: プラン6本 z範囲 [-0.83,+1.00] 990s
  seed 710030@134 T14: skip（有効6本・幅0.000） 133s
  seed 710033@9 T3: プラン6本 z範囲 [-0.08,+0.65] 597s
  seed 710035@5 T3: プラン6本 z範囲 [-0.18,+0.43] 654s
  seed 710031@35 T7: skip（有効6本・幅0.000） 800s
  seed 710031@112 T11: プラン6本 z範囲 [-1.00,+0.33] 54s
  seed 710037@10 T3: プラン6本 z範囲 [+0.60,+0.76] 580s
  seed 710033@63 T8: プラン6本 z範囲 [-1.00,-0.09] 1183s
  seed 710036@8 T3: プラン6本 z範囲 [+0.05,+0.48] 1352s
  seed 710035@36 T7: プラン6本 z範囲 [+0.42,+0.97] 1220s
  seed 710033@153 T14: プラン6本 z範囲 [+0.33,+1.00] 315s
  seed 710035@90 T11: skip（有効6本・幅0.000） 164s
  seed 710029@36 T7: プラン6本 z範囲 [-0.88,+0.59] 3042s
  seed 710029@106 T11: プラン6本 z範囲 [-1.00,+0.33] 187s
  seed 710032@35 T7: プラン6本 z範囲 [-1.00,-0.02] 2290s
  seed 710032@119 T12: skip（有効6本・幅0.000） 15s
  seed 710039@7 T3: プラン6本 z範囲 [-0.12,+0.62] 354s
  seed 710038@6 T3: プラン6本 z範囲 [-0.87,+0.09] 454s
  seed 710037@57 T8: プラン6本 z範囲 [-1.00,+1.00] 1112s
  seed 710037@155 T14: skip（有効6本・幅0.000） 39s
  seed 710039@40 T7: プラン6本 z範囲 [-0.99,+1.00] 328s
  seed 710039@121 T12: プラン6本 z範囲 [-0.33,+1.00] 26s
  seed 710038@27 T6: プラン6本 z範囲 [+0.74,+0.87] 1073s
  seed 710036@28 T6: プラン6本 z範囲 [-0.99,-0.91] 2284s
  seed 710036@81 T10: プラン6本 z範囲 [-1.00,+0.33] 196s
  seed 710038@90 T10: プラン6本 z範囲 [-1.00,+0.33] 744s
PLAN_CF2_DONE rows=531 groups=89 errors=1 shards=9 -> /home/user/plancf2_s0
