手の監査 段2: 容疑者12点／4局・世界6・選択肢上限3・sims=160
  seed 501002@1 マリガン: 飽和 （選択肢2）
  seed 501000@1 マリガン: regret +0.000 （選択肢2）
  seed 501000@4 展開: regret +0.167 （選択肢3）
  seed 501000@30 ドン付与: regret +0.167 （選択肢3）
  seed 501003@35 ターン終了: regret +0.000 （選択肢2）
  seed 501003@58 起動メイン: regret +0.000 （選択肢3）
  seed 501003@73 起動メイン: regret +0.167 （選択肢3）
  seed 501003@84 ターン終了: regret +0.167 （選択肢3）
  seed 501003@118 攻撃: regret +0.000 （選択肢3）
  seed 501001@7 ドン付与: regret +0.333 （選択肢3）
  seed 501001@11 展開: regret +0.000 （選択肢3）
  seed 501001@95 攻撃: regret +0.333 （選択肢3）

カテゴリ別の平均 regret（n / 飽和 / 未測定）:
  ドン付与       regret=0.25  n=2  飽和=0  未測定=0
  攻撃         regret=0.1666  n=2  飽和=0  未測定=0
  展開         regret=0.0833  n=2  飽和=0  未測定=0
  ターン終了      regret=0.0833  n=2  飽和=0  未測定=0
  起動メイン      regret=0.0833  n=2  飽和=0  未測定=0
  マリガン       regret=0.0  n=1  飽和=1  未測定=0

regret 上位（段3の裁定候補）:
  +0.333 seed 501001@7 ドン付与 打={'action_type': 'ATTACH_DON', 'card': 'OP02-001'} 最良={'action_type': 'PLAY', 'card': 'OP16-021'}
  +0.333 seed 501001@95 攻撃 打={'action_type': 'ATTACK', 'card': 'EB01-021', 'targets': ['OP02-011']} 最良={'action_type': 'PLAY', 'card': 'EB01-036'}
  +0.167 seed 501003@73 起動メイン 打={'action_type': 'ACTIVATE_MAIN', 'card': 'PRB01-001'} 最良={'action_type': 'PLAY', 'card': 'ST01-017'}
  +0.167 seed 501003@84 ターン終了 打={'action_type': 'TURN_END'} 最良={'action_type': 'PLAY', 'card': 'ST01-017'}
  +0.167 seed 501000@4 展開 打={'action_type': 'PLAY', 'card': 'OP07-041'} 最良={'action_type': 'TURN_END'}
  +0.167 seed 501000@30 ドン付与 打={'action_type': 'ATTACH_DON', 'card': 'OP14-041'} 最良={'action_type': 'PLAY', 'card': 'OP14-105'}

結果 -> /tmp/move_audit_shard1/regret.jsonl（seed ごとに逐次書き出し済み）
MOVE_REGRET_DONE {"measured": 12, "saturated": 1}
